 luafar3

 Timestamp is 5c3fd73d (Thu Jan 17 04:15:41 2019)

 Preferred load address is 10000000

 Start         Length     Name                   Class
 0001:00000000 00000004H .CRT$XCA                CODE
 0001:00000004 00000004H .CRT$XCZ                CODE
 0001:00000008 00000004H .CRT$XIA                CODE
 0001:0000000c 0000000cH .CRT$XIC                CODE
 0001:00000018 00000004H .CRT$XIZ                CODE
 0001:0000001c 00000004H .CRT$XPA                CODE
 0001:00000020 0000000cH .CRT$XPX                CODE
 0001:0000002c 00000004H .CRT$XPXA               CODE
 0001:00000030 00000004H .CRT$XPZ                CODE
 0001:00000034 00000004H .CRT$XTA                CODE
 0001:00000038 00000008H .CRT$XTZ                CODE
 0001:0000003c 00000000H .gfids$y                CODE
 0001:00000040 000155e0H .rdata                  CODE
 0001:00015620 00000000H .rdata$r                CODE
 0001:00015620 0000000cH .rdata$sxdata           CODE
 0001:0001562c 00000278H .rdata$zzzdbg           CODE
 0001:000158a4 00000004H .rtc$IAA                CODE
 0001:000158a8 00000004H .rtc$IZZ                CODE
 0001:000158ac 00000004H .rtc$TAA                CODE
 0001:000158b0 00000010H .rtc$TZZ                CODE
 0001:000158c0 0003a120H .text$mn                CODE
 0001:0004f9dc 00000000H .text$x                 CODE
 0001:0004f9e0 00000040H .text$yd                CODE
 0001:0004fa20 00000810H .xdata$x                CODE
 0001:00050230 0000049cH .edata                  CODE
 0002:00000000 00004e80H .data                   DATA
 0002:00004e80 00000000H .data$r                 DATA
 0002:00004e80 00000af0H .bss                    DATA
 0003:00000000 0000037cH .idata$5                DATA
 0003:0000037c 00000004H .00cfg                  DATA
 0003:00000380 00000078H .idata$2                DATA
 0003:000003f8 00000014H .idata$3                DATA
 0003:0000040c 0000037cH .idata$4                DATA
 0003:00000788 00000f56H .idata$6                DATA
 0004:00000000 00000060H .rsrc$01                DATA
 0004:00000060 00000358H .rsrc$02                DATA

  Address         Publics by Value              Rva+Base       Lib:Object

 0000:00000000       ___enclave_config          00000000     <absolute>
 0000:00000000       __except_list              00000000     <absolute>
 0000:00000000       ___guard_fids_count        00000000     <absolute>
 0000:00000000       ___guard_longjmp_count     00000000     <absolute>
 0000:00000000       ___hybrid_code_map         00000000     <absolute>
 0000:00000000       ___guard_longjmp_table     00000000     <absolute>
 0000:00000000       ___guard_iat_table         00000000     <absolute>
 0000:00000000       ___guard_iat_count         00000000     <absolute>
 0000:00000000       ___hybrid_auxiliary_iat    00000000     <absolute>
 0000:00000000       ___dynamic_value_reloc_table 00000000     <absolute>
 0000:00000000       ___guard_fids_table        00000000     <absolute>
 0000:00000000       ___hybrid_code_map_count   00000000     <absolute>
 0000:00000003       ___safe_se_handler_count   00000003     <absolute>
 0000:00000100       ___guard_flags             00000100     <absolute>
 0000:00000000       ___ImageBase               10000000     <linker-defined>
 0001:00000000       ___xc_a                    10001000     LIBCMT:initializers.obj
 0001:00000004       ___xc_z                    10001004     LIBCMT:initializers.obj
 0001:00000008       ___xi_a                    10001008     LIBCMT:initializers.obj
 0001:0000000c       ___acrt_stdio_initializer  1000100c     libucrt:stdio_initializer.obj
 0001:00000010       ___acrt_multibyte_initializer 10001010     libucrt:multibyte_initializer.obj
 0001:00000014       ___acrt_tran_sse2_initializer 10001014     libucrt:sse2_initializer.obj
 0001:00000018       ___xi_z                    10001018     LIBCMT:initializers.obj
 0001:0000001c       ___xp_a                    1000101c     LIBCMT:initializers.obj
 0001:00000020       ___acrt_locale_terminator  10001020     libucrt:locale_initializer.obj
 0001:00000024       ___acrt_tmpfile_terminator 10001024     libucrt:tmpfile_initializer.obj
 0001:00000028       ___dcrt_console_output_terminator 10001028     libucrt:console_output_initializer.obj
 0001:0000002c       ___acrt_stdio_terminator   1000102c     libucrt:stdio_initializer.obj
 0001:00000030       ___xp_z                    10001030     LIBCMT:initializers.obj
 0001:00000034       ___xt_a                    10001034     LIBCMT:initializers.obj
 0001:00000038       ___xt_z                    10001038     LIBCMT:initializers.obj
 0001:00000040       _metatable_name            10001040     bit64.obj
 0001:00000138       ??_C@_04JAOJMBA@bnot?$AA@  10001138     bit64.obj
 0001:00000140       ??_C@_04BKGNPECA@band?$AA@ 10001140     bit64.obj
 0001:00000148       ??_C@_03BBBGIIAC@bor?$AA@  10001148     bit64.obj
 0001:0000014c       ??_C@_04CKCGDDNF@bxor?$AA@ 1000114c     bit64.obj
 0001:00000154       ??_C@_06ELFGPGBK@lshift?$AA@ 10001154     bit64.obj
 0001:0000015c       ??_C@_06HMLHBBIJ@rshift?$AA@ 1000115c     bit64.obj
 0001:00000164       ??_C@_07JILILBLL@arshift?$AA@ 10001164     bit64.obj
 0001:0000016c       ??_C@_03CLCAEGCJ@new?$AA@  1000116c     bit64.obj
 0001:00000170       ??_C@_03BDGOHNNK@add?$AA@  10001170     bit64.obj
 0001:00000174       ??_C@_03KCMAIMAP@sub?$AA@  10001174     bit64.obj
 0001:00000178       ??_C@_03IMIFIBCN@mul?$AA@  10001178     bit64.obj
 0001:0000017c       ??_C@_03FEJMGOGI@div?$AA@  1000117c     bit64.obj
 0001:00000180       ??_C@_03FFONCNID@mod?$AA@  10001180     bit64.obj
 0001:00000184       ??_C@_02HIIGGHJB@eq?$AA@   10001184     bit64.obj
 0001:00000188       ??_C@_02KCAKIFL@lt?$AA@    10001188     bit64.obj
 0001:0000018c       ??_C@_02FJPJILEL@le?$AA@   1000118c     bit64.obj
 0001:00000190       ??_C@_04GPMDFGEJ@type?$AA@ 10001190     bit64.obj
 0001:00000198       ??_C@_05MEHDOBFN@__add?$AA@ 10001198     bit64.obj
 0001:000001a0       ??_C@_05HFNNBAII@__sub?$AA@ 100011a0     bit64.obj
 0001:000001a8       ??_C@_05FLJIBNKK@__mul?$AA@ 100011a8     bit64.obj
 0001:000001b0       ??_C@_05IDIBPCOP@__div?$AA@ 100011b0     bit64.obj
 0001:000001b8       ??_C@_05ICPALBAE@__mod?$AA@ 100011b8     bit64.obj
 0001:000001c0       ??_C@_05MHFNBPAK@__unm?$AA@ 100011c0     bit64.obj
 0001:000001c8       ??_C@_04GIMIAOHA@__eq?$AA@ 100011c8     bit64.obj
 0001:000001d0       ??_C@_04BKGOMBLK@__lt?$AA@ 100011d0     bit64.obj
 0001:000001d8       ??_C@_04EJLHOCKK@__le?$AA@ 100011d8     bit64.obj
 0001:000001e0       ??_C@_0L@HDFPAPPH@__tostring?$AA@ 100011e0     bit64.obj
 0001:000001ec       ??_C@_09GPALILFO@bad?5int64?$AA@ 100011ec     bit64.obj
 0001:000001f8       ??_C@_05LLAMLEHD@?$CFI64d?$AA@ 100011f8     bit64.obj
 0001:00000200       ??_C@_05OALCLICP@bit64?$AA@ 10001200     bit64.obj
 0001:00000208       __real@433fffffffffffff    10001208     bit64.obj
 0001:00000a98       _COLLECTOR_FD              10001a98     exported.obj
 0001:00000aac       _COLLECTOR_OPI             10001aac     exported.obj
 0001:00000ac4       _COLLECTOR_PI              10001ac4     exported.obj
 0001:00000adc       _KEY_OBJECT                10001adc     exported.obj
 0001:00000ae4       ??_C@_05GFCDIDHO@debug?$AA@ 10001ae4     exported.obj
 0001:00000aec       ??_C@_09GPFEECNC@traceback?$AA@ 10001aec     exported.obj
 0001:00000af8       ??_C@_06NKNNMLDJ@export?$AA@ 10001af8     exported.obj
 0001:00000b00       ??_C@_07PCNKBAGB@OnError?$AA@ 10001b00     exported.obj
 0001:00000b08       ??_C@_0N@NJMIGDDL@CreationTime?$AA@ 10001b08     exported.obj
 0001:00000b18       ??_C@_0P@MFHPCDDH@LastAccessTime?$AA@ 10001b18     exported.obj
 0001:00000b28       ??_C@_0O@FCFNCAHK@LastWriteTime?$AA@ 10001b28     exported.obj
 0001:00000b38       ??_C@_0L@FCILKIIG@ChangeTime?$AA@ 10001b38     exported.obj
 0001:00000b44       ??_C@_08BHIEONMC@FileSize?$AA@ 10001b44     exported.obj
 0001:00000b50       ??_C@_0P@JBACEJLL@AllocationSize?$AA@ 10001b50     exported.obj
 0001:00000b60       ??_C@_05BOOEKJH@Flags?$AA@ 10001b60     exported.obj
 0001:00000b68       ??_C@_0O@DLGJHFNH@NumberOfLinks?$AA@ 10001b68     exported.obj
 0001:00000b78       ??_C@_05MHNOECFO@CRC32?$AA@ 10001b78     exported.obj
 0001:00000b80       ??_C@_08FDCJCDOL@FileName?$AA@ 10001b80     exported.obj
 0001:00000b8c       ??_C@_0BC@COCBGKAE@AlternateFileName?$AA@ 10001b8c     exported.obj
 0001:00000ba0       ??_C@_0M@OHKMKKDH@Description?$AA@ 10001ba0     exported.obj
 0001:00000bac       ??_C@_05HDCNEILF@Owner?$AA@ 10001bac     exported.obj
 0001:00000bb4       ??_C@_0BB@OKGMKOG@CustomColumnData?$AA@ 10001bb4     exported.obj
 0001:00000bc8       ??_C@_11LOCGONAA@?$AA?$AA@ 10001bc8     exported.obj
 0001:00000bcc       ??_C@_08JNHPECBG@UserData?$AA@ 10001bcc     exported.obj
 0001:00000bd8       ??_C@_0M@DFMHDHBL@GetFindData?$AA@ 10001bd8     exported.obj
 0001:00000be4       ??_C@_08FFPEEIHA@GetFiles?$AA@ 10001be4     exported.obj
 0001:00000bf0       ??_C@_0BC@IECOKJFL@GetFiles?4DestPath?$AA@ 10001bf0     exported.obj
 0001:00000c04       ??_C@_05LFOKGKBN@?$DMboot?$AA@ 10001c04     exported.obj
 0001:00000c0c       ??_C@_15CBMDENPJ@?$AA?4?$AA?9?$AA?$AA@ 10001c0c     exported.obj
 0001:00000c14       ??_C@_07KNEGBPNO@package?$AA@ 10001c14     exported.obj
 0001:00000c1c       ??_C@_07GCEAJMEA@preload?$AA@ 10001c1c     exported.obj
 0001:00000c24       ??_C@_19BCNABNAK@?$AA?4?$AAl?$AAu?$AAa?$AA?$AA@ 10001c24     exported.obj
 0001:00000c30       ??_C@_13BPINEIPE@?$AAr?$AA?$AA@ 10001c30     exported.obj
 0001:00000c34       ??_C@_1DC@PABHCCON@?$AAD?$AAe?$AAf?$AAa?$AAu?$AAl?$AAt?$AA?5?$AAs?$AAc?$AAr?$AAi?$AAp?$AAt?$AA?5?$AAn?$AAo?$AAt?$AA?5?$AAf?$AAo?$AAu?$AAn?$AAd?$AA?$AA@ 10001c34     exported.obj
 0001:00000c68       ??_C@_03JEOKDCFP@far?$AA@  10001c68     exported.obj
 0001:00000c6c       ??_C@_0BE@HCPAIELH@ReloadDefaultScript?$AA@ 10001c6c     exported.obj
 0001:00000c80       ??_C@_0L@OCPPMCCK@StructSize?$AA@ 10001c80     exported.obj
 0001:00000c8c       ??_C@_06LBMCOACO@Buffer?$AA@ 10001c8c     exported.obj
 0001:00000c94       ??_C@_06EPIAKPGD@OpMode?$AA@ 10001c94     exported.obj
 0001:00000c9c       ??_C@_07GDADDFBD@Analyse?$AA@ 10001c9c     exported.obj
 0001:00000ca4       ??_C@_0BB@CKIGBGLB@GetOpenPanelInfo?$AA@ 10001ca4     exported.obj
 0001:00000cb8       ??_C@_08KDMNIFGM@FreeSize?$AA@ 10001cb8     exported.obj
 0001:00000cc4       ??_C@_08PAJOMFPO@HostFile?$AA@ 10001cc4     exported.obj
 0001:00000cd0       ??_C@_06IBPEEEAJ@CurDir?$AA@ 10001cd0     exported.obj
 0001:00000cd8       ??_C@_06PEPCFMNJ@Format?$AA@ 10001cd8     exported.obj
 0001:00000ce0       ??_C@_0L@CMHIOLLB@PanelTitle?$AA@ 10001ce0     exported.obj
 0001:00000cec       ??_C@_09PMEOAIAA@InfoLines?$AA@ 10001cec     exported.obj
 0001:00000cf8       ??_C@_0BA@BLCGOCOG@InfoLinesNumber?$AA@ 10001cf8     exported.obj
 0001:00000d08       ??_C@_04OJAHODMC@Text?$AA@ 10001d08     exported.obj
 0001:00000d10       ??_C@_04DICKPMGH@Data?$AA@ 10001d10     exported.obj
 0001:00000d18       ??_C@_0L@FPEHOFAI@DescrFiles?$AA@ 10001d18     exported.obj
 0001:00000d24       ??_C@_0BA@BBOGKOKF@PanelModesArray?$AA@ 10001d24     exported.obj
 0001:00000d34       ??_C@_0BB@LFNABPEF@PanelModesNumber?$AA@ 10001d34     exported.obj
 0001:00000d48       ??_C@_0M@KDJPJFOF@ColumnTypes?$AA@ 10001d48     exported.obj
 0001:00000d54       ??_C@_0N@ILFJPGHI@ColumnWidths?$AA@ 10001d54     exported.obj
 0001:00000d64       ??_C@_0BC@KELOOKNK@StatusColumnTypes?$AA@ 10001d64     exported.obj
 0001:00000d78       ??_C@_0BD@DNDIPKDK@StatusColumnWidths?$AA@ 10001d78     exported.obj
 0001:00000d8c       ??_C@_0N@EHCEJHEE@ColumnTitles?$AA@ 10001d8c     exported.obj
 0001:00000d9c       ??_C@_0P@BEEDPJDK@StartPanelMode?$AA@ 10001d9c     exported.obj
 0001:00000dac       ??_C@_0O@NIFKFGBJ@StartSortMode?$AA@ 10001dac     exported.obj
 0001:00000dbc       ??_C@_0P@KMACBLNK@StartSortOrder?$AA@ 10001dbc     exported.obj
 0001:00000dcc       ??_C@_06ONGFDHIA@KeyBar?$AA@ 10001dcc     exported.obj
 0001:00000dd4       ??_C@_0P@PKDBPEJI@VirtualKeyCode?$AA@ 10001dd4     exported.obj
 0001:00000de4       ??_C@_0BA@MFFHAKP@ControlKeyState?$AA@ 10001de4     exported.obj
 0001:00000df4       ??_C@_08DGDJEKCP@LongText?$AA@ 10001df4     exported.obj
 0001:00000e00       ??_C@_0N@IHDKLODA@ShortcutData?$AA@ 10001e00     exported.obj
 0001:00000e10       ??_C@_05HIFJDKLD@array?$AA@ 10001e10     exported.obj
 0001:00000e18       ??_C@_01EFFIKLCJ@n?$AA@    10001e18     exported.obj
 0001:00000e1a       ??_C@_00CNPNBAHC@?$AA@     10001e1a     exported.obj
 0001:00000e1c       ??_C@_04DNCDCIAE@Open?$AA@ 10001e1c     exported.obj
 0001:00000e24       ??_C@_04OPJIDECA@hDlg?$AA@ 10001e24     exported.obj
 0001:00000e2c       ??_C@_06BNNOMDLO@Handle?$AA@ 10001e2c     exported.obj
 0001:00000e34       ??_C@_05LNOAKADA@panel?$AA@ 10001e34     exported.obj
 0001:00000e3c       ??_C@_0L@JMPDJFBN@ClosePanel?$AA@ 10001e3c     exported.obj
 0001:00000e48       ??_C@_07MBOMJGGF@Compare?$AA@ 10001e48     exported.obj
 0001:00000e50       ??_C@_09NANCCILE@Configure?$AA@ 10001e50     exported.obj
 0001:00000e5c       ??_C@_0M@MMKKMEFA@DeleteFiles?$AA@ 10001e5c     exported.obj
 0001:00000e68       ??_C@_0O@GLLEDHJA@MakeDirectory?$AA@ 10001e68     exported.obj
 0001:00000e78       ??_C@_0BD@PJNONGDB@MakeDirectory?4Name?$AA@ 10001e78     exported.obj
 0001:00000e8c       ??_C@_0BC@COPMJGBI@ProcessPanelEvent?$AA@ 10001e8c     exported.obj
 0001:00000ea0       ??_C@_0BA@DPJAKFGC@ProcessHostFile?$AA@ 10001ea0     exported.obj
 0001:00000eb0       ??_C@_0BC@HOBKGBBM@ProcessPanelInput?$AA@ 10001eb0     exported.obj
 0001:00000ec4       ??_C@_08OBOOFGOD@PutFiles?$AA@ 10001ec4     exported.obj
 0001:00000ed0       ??_C@_0N@KCFEBPAO@SetDirectory?$AA@ 10001ed0     exported.obj
 0001:00000ee0       ??_C@_0M@PNOHHCCH@SetFindList?$AA@ 10001ee0     exported.obj
 0001:00000eec       ??_C@_07EACELFAO@ExitFAR?$AA@ 10001eec     exported.obj
 0001:00000ef4       ??_C@_0O@OBCKADMD@GetPluginInfo?$AA@ 10001ef4     exported.obj
 0001:00000f04       ??_C@_0O@GDMHGAFH@CommandPrefix?$AA@ 10001f04     exported.obj
 0001:00000f14       ??_C@_0O@PHBKMNMJ@DiskMenuGuids?$AA@ 10001f14     exported.obj
 0001:00000f24       ??_C@_0BA@NLBDFPEO@DiskMenuStrings?$AA@ 10001f24     exported.obj
 0001:00000f34       ??_C@_0BA@FOMPNLJF@PluginMenuGuids?$AA@ 10001f34     exported.obj
 0001:00000f44       ??_C@_0BC@DJMJFBJC@PluginMenuStrings?$AA@ 10001f44     exported.obj
 0001:00000f58       ??_C@_0BC@ILBHAHCH@PluginConfigGuids?$AA@ 10001f58     exported.obj
 0001:00000f6c       ??_C@_0BE@GAFPNGIP@PluginConfigStrings?$AA@ 10001f6c     exported.obj
 0001:00000f80       ??_C@_0BD@DECJPBBK@ProcessEditorInput?$AA@ 10001f80     exported.obj
 0001:00000f94       ??_C@_0BD@GEMPAGBO@ProcessEditorEvent?$AA@ 10001f94     exported.obj
 0001:00000fa8       ??_C@_04KOACHJEN@Type?$AA@ 10001fa8     exported.obj
 0001:00000fb0       ??_C@_0N@EKPHGDMI@StringNumber?$AA@ 10001fb0     exported.obj
 0001:00000fc0       ??_C@_07MOCFLHCN@FileEOL?$AA@ 10001fc0     exported.obj
 0001:00000fc8       ??_C@_08DOHJINHB@CodePage?$AA@ 10001fc8     exported.obj
 0001:00000fd4       ??_C@_0BD@GGKMLEJG@ProcessViewerEvent?$AA@ 10001fd4     exported.obj
 0001:00000fe8       ??_C@_0BD@FNHBEIC@ProcessDialogEvent?$AA@ 10001fe8     exported.obj
 0001:00000ffc       ??_C@_06CPBJDKAC@Param2?$AA@ 10001ffc     exported.obj
 0001:00001004       ??_C@_06EDEGJMB@Param1?$AA@ 10002004     exported.obj
 0001:0000100c       ??_C@_03MLMOILGK@Msg?$AA@  1000200c     exported.obj
 0001:00001010       ??_C@_0BE@LHJGGGHN@ProcessSynchroEvent?$AA@ 10002010     exported.obj
 0001:00001024       ??_C@_0BB@PHIEFGHD@GetContentFields?$AA@ 10002024     exported.obj
 0001:00001038       ??_C@_0P@DPJDPMPI@GetContentData?$AA@ 10002038     exported.obj
 0001:00001048       ??_C@_0N@DDJEHLKE@?$DM_globalinfo?$AA@ 10002048     exported.obj
 0001:00001058       ??_C@_1CA@IBKDMBNJ@?$AA_?$AAg?$AAl?$AAo?$AAb?$AAa?$AAl?$AAi?$AAn?$AAf?$AAo?$AA?4?$AAl?$AAu?$AAa?$AA?$AA@ 10002058     exported.obj
 0001:00001078       ??_C@_0O@GJMOPLGM@GetGlobalInfo?$AA@ 10002078     exported.obj
 0001:00001088       ??_C@_0O@CALOEOI@MinFarVersion?$AA@ 10002088     exported.obj
 0001:00001098       ??_C@_07NGFJPNPN@Version?$AA@ 10002098     exported.obj
 0001:000010a0       ??_C@_04MJHIICBJ@Guid?$AA@ 100020a0     exported.obj
 0001:000010a8       ??_C@_05PABKJLOM@Title?$AA@ 100020a8     exported.obj
 0001:000010b0       ??_C@_06HHECMMLE@Author?$AA@ 100020b0     exported.obj
 0001:000010b8       ??_C@_0BE@DONMOPMJ@ProcessConsoleInput?$AA@ 100020b8     exported.obj
 0001:000010d0       __real@43e0000000000000    100020d0     exported.obj
 0001:000010d8       __real@bff0000000000000    100020d8     exported.obj
 0001:00001960       _Vals                      10002960     flags.obj
 0001:00002fa8       ??_C@_0BI@IDKIJMME@FARMANAGERVERSION_MAJOR?$AA@ 10003fa8     flags.obj
 0001:00002fc0       ??_C@_0BI@DMLKEAFC@FARMANAGERVERSION_MINOR?$AA@ 10003fc0     flags.obj
 0001:00002fd8       ??_C@_0BL@NMALNAFP@FARMANAGERVERSION_REVISION?$AA@ 10003fd8     flags.obj
 0001:00002ff4       ??_C@_0BI@OLPFLLDD@FARMANAGERVERSION_BUILD?$AA@ 10003ff4     flags.obj
 0001:0000300c       ??_C@_0BI@MOOFLFPC@FARMANAGERVERSION_STAGE?$AA@ 1000400c     flags.obj
 0001:00003024       ??_C@_0L@MIDBGFJO@CP_UNICODE?$AA@ 10004024     flags.obj
 0001:00003030       ??_C@_0O@MNMCMEJH@CP_REVERSEBOM?$AA@ 10004030     flags.obj
 0001:00003040       ??_C@_0L@JDNPCEDH@CP_DEFAULT?$AA@ 10004040     flags.obj
 0001:0000304c       ??_C@_0M@OMCMFJHA@CP_REDETECT?$AA@ 1000404c     flags.obj
 0001:00003058       ??_C@_09MNAPNKKC@INDEXMASK?$AA@ 10004058     flags.obj
 0001:00003064       ??_C@_09BLFIDJLF@COLORMASK?$AA@ 10004064     flags.obj
 0001:00003070       ??_C@_09ENNBLPJC@ALPHAMASK?$AA@ 10004070     flags.obj
 0001:0000307c       ??_C@_0L@EHFOPLFD@PANEL_NONE?$AA@ 1000407c     flags.obj
 0001:00003088       ??_C@_0N@LPMKALBG@PANEL_ACTIVE?$AA@ 10004088     flags.obj
 0001:00003098       ??_C@_0O@HPKEABPN@PANEL_PASSIVE?$AA@ 10004098     flags.obj
 0001:000030a8       ??_C@_0L@GOEBPENN@PANEL_STOP?$AA@ 100040a8     flags.obj
 0001:000030b4       ??_C@_0N@HLIFAAPJ@EEREDRAW_ALL?$AA@ 100040b4     flags.obj
 0001:000030c4       ??_C@_0P@NHNDIKJ@CURRENT_EDITOR?$AA@ 100040c4     flags.obj
 0001:000030d4       ??_C@_0BN@PPNDCHHA@EDITOR_COLOR_NORMAL_PRIORITY?$AA@ 100040d4     flags.obj
 0001:000030f4       ??_C@_07MGGAEAFF@DI_TEXT?$AA@ 100040f4     flags.obj
 0001:000030fc       ??_C@_08HODBDEHE@DI_VTEXT?$AA@ 100040fc     flags.obj
 0001:00003108       ??_C@_0N@IGKKGFMF@DI_SINGLEBOX?$AA@ 10004108     flags.obj
 0001:00003118       ??_C@_0N@EDCLIEAE@DI_DOUBLEBOX?$AA@ 10004118     flags.obj
 0001:00003128       ??_C@_07DOLIFAEF@DI_EDIT?$AA@ 10004128     flags.obj
 0001:00003130       ??_C@_0L@EOMEIIFM@DI_PSWEDIT?$AA@ 10004130     flags.obj
 0001:0000313c       ??_C@_0L@MGOIMBKF@DI_FIXEDIT?$AA@ 1000413c     flags.obj
 0001:00003148       ??_C@_09GGAEMAPJ@DI_BUTTON?$AA@ 10004148     flags.obj
 0001:00003154       ??_C@_0M@MHFHGPHJ@DI_CHECKBOX?$AA@ 10004154     flags.obj
 0001:00003160       ??_C@_0P@GIPCGMBE@DI_RADIOBUTTON?$AA@ 10004160     flags.obj
 0001:00003170       ??_C@_0M@MAKBFNGC@DI_COMBOBOX?$AA@ 10004170     flags.obj
 0001:0000317c       ??_C@_0L@ONDMPPPO@DI_LISTBOX?$AA@ 1000417c     flags.obj
 0001:00003188       ??_C@_0P@GDJDPEIK@DI_USERCONTROL?$AA@ 10004188     flags.obj
 0001:00003198       ??_C@_08KAEGOLOB@DM_FIRST?$AA@ 10004198     flags.obj
 0001:000031a4       ??_C@_08MJMBFJHA@DM_CLOSE?$AA@ 100041a4     flags.obj
 0001:000031b0       ??_C@_09KLJOCKAA@DM_ENABLE?$AA@ 100041b0     flags.obj
 0001:000031bc       ??_C@_0BA@KAMJGFDG@DM_ENABLEREDRAW?$AA@ 100041bc     flags.obj
 0001:000031cc       ??_C@_0O@FKGMMKLP@DM_GETDLGDATA?$AA@ 100041cc     flags.obj
 0001:000031dc       ??_C@_0O@HEGKCPOI@DM_GETDLGITEM?$AA@ 100041dc     flags.obj
 0001:000031ec       ??_C@_0O@BEHCGMCL@DM_GETDLGRECT?$AA@ 100041ec     flags.obj
 0001:000031fc       ??_C@_0L@ELBDNLFO@DM_GETTEXT?$AA@ 100041fc     flags.obj
 0001:00003208       ??_C@_06IKGPEGEJ@DM_KEY?$AA@ 10004208     flags.obj
 0001:00003210       ??_C@_0O@DIPLLJEH@DM_MOVEDIALOG?$AA@ 10004210     flags.obj
 0001:00003220       ??_C@_0O@EEEDHNPG@DM_SETDLGDATA?$AA@ 10004220     flags.obj
 0001:00003230       ??_C@_0O@GKEFJIKB@DM_SETDLGITEM?$AA@ 10004230     flags.obj
 0001:00003240       ??_C@_0M@GOFGHDFK@DM_SETFOCUS?$AA@ 10004240     flags.obj
 0001:0000324c       ??_C@_09ILPFEDOM@DM_REDRAW?$AA@ 1000424c     flags.obj
 0001:00003258       ??_C@_0L@LDOCOEIP@DM_SETTEXT?$AA@ 10004258     flags.obj
 0001:00003264       ??_C@_0BE@LABEAIPD@DM_SETMAXTEXTLENGTH?$AA@ 10004264     flags.obj
 0001:00003278       ??_C@_0O@BIFKIPIP@DM_SHOWDIALOG?$AA@ 10004278     flags.obj
 0001:00003288       ??_C@_0M@JPHKGACH@DM_GETFOCUS?$AA@ 10004288     flags.obj
 0001:00003294       ??_C@_0BA@NLMONBKJ@DM_GETCURSORPOS?$AA@ 10004294     flags.obj
 0001:000032a4       ??_C@_0BA@KPHABNOF@DM_SETCURSORPOS?$AA@ 100042a4     flags.obj
 0001:000032b4       ??_C@_0O@LGEKFPKK@DM_SETTEXTPTR?$AA@ 100042b4     flags.obj
 0001:000032c4       ??_C@_0M@NCOJHJKI@DM_SHOWITEM?$AA@ 100042c4     flags.obj
 0001:000032d0       ??_C@_0O@GKKCFHIM@DM_ADDHISTORY?$AA@ 100042d0     flags.obj
 0001:000032e0       ??_C@_0M@MCEMDFMD@DM_GETCHECK?$AA@ 100042e0     flags.obj
 0001:000032ec       ??_C@_0M@DDGACGLO@DM_SETCHECK?$AA@ 100042ec     flags.obj
 0001:000032f8       ??_C@_0N@MEGOPFGK@DM_SET3STATE?$AA@ 100042f8     flags.obj
 0001:00003308       ??_C@_0M@GEPBDDNC@DM_LISTSORT?$AA@ 10004308     flags.obj
 0001:00003314       ??_C@_0P@NFJNHAKH@DM_LISTGETITEM?$AA@ 10004314     flags.obj
 0001:00003324       ??_C@_0BB@EEIMACNO@DM_LISTGETCURPOS?$AA@ 10004324     flags.obj
 0001:00003338       ??_C@_0BB@GKMJCDEM@DM_LISTSETCURPOS?$AA@ 10004338     flags.obj
 0001:0000334c       ??_C@_0O@NOPCAHGJ@DM_LISTDELETE?$AA@ 1000434c     flags.obj
 0001:0000335c       ??_C@_0L@BMEAECNG@DM_LISTADD?$AA@ 1000435c     flags.obj
 0001:00003368       ??_C@_0O@HBHDMHP@DM_LISTADDSTR?$AA@ 10004368     flags.obj
 0001:00003378       ??_C@_0O@PDFCNPKN@DM_LISTUPDATE?$AA@ 10004378     flags.obj
 0001:00003388       ??_C@_0O@GAAGMJJL@DM_LISTINSERT?$AA@ 10004388     flags.obj
 0001:00003398       ??_C@_0BC@MIFCLOBD@DM_LISTFINDSTRING?$AA@ 10004398     flags.obj
 0001:000033ac       ??_C@_0M@EEAEBLKC@DM_LISTINFO?$AA@ 100043ac     flags.obj
 0001:000033b8       ??_C@_0P@PLJLJFPA@DM_LISTGETDATA?$AA@ 100043b8     flags.obj
 0001:000033c8       ??_C@_0P@DGKKKCB@DM_LISTSETDATA?$AA@ 100043c8     flags.obj
 0001:000033d8       ??_C@_0BB@CELMNLLN@DM_LISTSETTITLES?$AA@ 100043d8     flags.obj
 0001:000033ec       ??_C@_0BB@KPJPKCP@DM_LISTGETTITLES?$AA@ 100043ec     flags.obj
 0001:00003400       ??_C@_0BA@ICDJCFLE@DM_RESIZEDIALOG?$AA@ 10004400     flags.obj
 0001:00003410       ??_C@_0BD@CNGGHGJF@DM_SETITEMPOSITION?$AA@ 10004410     flags.obj
 0001:00003424       ??_C@_0BF@JMINBGBA@DM_GETDROPDOWNOPENED?$AA@ 10004424     flags.obj
 0001:0000343c       ??_C@_0BF@LJIGJNAO@DM_SETDROPDOWNOPENED?$AA@ 1000443c     flags.obj
 0001:00003454       ??_C@_0O@NPDKADMJ@DM_SETHISTORY?$AA@ 10004454     flags.obj
 0001:00003464       ??_C@_0BD@BPHAAEIM@DM_GETITEMPOSITION?$AA@ 10004464     flags.obj
 0001:00003478       ??_C@_0BC@BENFKLNH@DM_SETINPUTNOTIFY?$AA@ 10004478     flags.obj
 0001:0000348c       ??_C@_0BH@CFMLLNNM@DM_SETMOUSEEVENTNOTIFY?$AA@ 1000448c     flags.obj
 0001:000034a4       ??_C@_0BF@IAGIACOD@DM_EDITUNCHANGEDFLAG?$AA@ 100044a4     flags.obj
 0001:000034bc       ??_C@_0P@OJKNHIPN@DM_GETITEMDATA?$AA@ 100044bc     flags.obj
 0001:000034cc       ??_C@_0P@OGLDKOHO@DM_SETITEMDATA?$AA@ 100044cc     flags.obj
 0001:000034dc       ??_C@_0L@KNFAKFKE@DM_LISTSET?$AA@ 100044dc     flags.obj
 0001:000034e8       ??_C@_0BB@EPMFHAFO@DM_GETCURSORSIZE?$AA@ 100044e8     flags.obj
 0001:000034fc       ??_C@_0BB@DANLMDCJ@DM_SETCURSORSIZE?$AA@ 100044fc     flags.obj
 0001:00003510       ??_C@_0BD@LAOOKGHD@DM_LISTGETDATASIZE?$AA@ 10004510     flags.obj
 0001:00003524       ??_C@_0BA@BHGANJAP@DM_GETSELECTION?$AA@ 10004524     flags.obj
 0001:00003534       ??_C@_0BA@GDNOBFED@DM_SETSELECTION?$AA@ 10004534     flags.obj
 0001:00003544       ??_C@_0BD@FIHDGIGO@DM_GETEDITPOSITION?$AA@ 10004544     flags.obj
 0001:00003558       ??_C@_0BD@GKGFBKHH@DM_SETEDITPOSITION?$AA@ 10004558     flags.obj
 0001:0000356c       ??_C@_0BE@MCECGHBC@DM_SETCOMBOBOXEVENT?$AA@ 1000456c     flags.obj
 0001:00003580       ??_C@_0BE@KGBLNJKA@DM_GETCOMBOBOXEVENT?$AA@ 10004580     flags.obj
 0001:00003594       ??_C@_0BD@CJEPBACF@DM_GETCONSTTEXTPTR?$AA@ 10004594     flags.obj
 0001:000035a8       ??_C@_0BD@HOOHICEG@DM_GETDLGITEMSHORT?$AA@ 100045a8     flags.obj
 0001:000035bc       ??_C@_0BD@EMPBPAFP@DM_SETDLGITEMSHORT?$AA@ 100045bc     flags.obj
 0001:000035d0       ??_C@_0BB@GAPFMPKE@DM_GETDIALOGINFO?$AA@ 100045d0     flags.obj
 0001:000035e4       ??_C@_0BC@KJOLMFGG@DM_GETDIALOGTITLE?$AA@ 100045e4     flags.obj
 0001:000035f8       ??_C@_08COMJOMAC@DN_FIRST?$AA@ 100045f8     flags.obj
 0001:00003604       ??_C@_0M@NNNAPNMA@DN_BTNCLICK?$AA@ 10004604     flags.obj
 0001:00003610       ??_C@_0BC@MJFJAANN@DN_CTLCOLORDIALOG?$AA@ 10004610     flags.obj
 0001:00003624       ??_C@_0BD@HFGBIBBL@DN_CTLCOLORDLGITEM?$AA@ 10004624     flags.obj
 0001:00003638       ??_C@_0BD@JMFJPHPD@DN_CTLCOLORDLGLIST?$AA@ 10004638     flags.obj
 0001:0000364c       ??_C@_0O@NKBDPILK@DN_DRAWDIALOG?$AA@ 1000464c     flags.obj
 0001:0000365c       ??_C@_0P@KGKEDPBI@DN_DRAWDLGITEM?$AA@ 1000465c     flags.obj
 0001:0000366c       ??_C@_0O@JMKNGFLE@DN_EDITCHANGE?$AA@ 1000466c     flags.obj
 0001:0000367c       ??_C@_0N@OCGKCPJF@DN_ENTERIDLE?$AA@ 1000467c     flags.obj
 0001:0000368c       ??_C@_0M@JHFIBKOO@DN_GOTFOCUS?$AA@ 1000468c     flags.obj
 0001:00003698       ??_C@_07NJJEMKPA@DN_HELP?$AA@ 10004698     flags.obj
 0001:000036a0       ??_C@_09EDGJFAK@DN_HOTKEY?$AA@ 100046a0     flags.obj
 0001:000036ac       ??_C@_0O@BJECHBCA@DN_INITDIALOG?$AA@ 100046ac     flags.obj
 0001:000036bc       ??_C@_0N@CHLLLNBO@DN_KILLFOCUS?$AA@ 100046bc     flags.obj
 0001:000036cc       ??_C@_0O@CLPABIGO@DN_LISTCHANGE?$AA@ 100046cc     flags.obj
 0001:000036dc       ??_C@_0L@MLMFBHN@DN_DRAGGED?$AA@ 100046dc     flags.obj
 0001:000036e8       ??_C@_0BB@BOOOCAEG@DN_RESIZECONSOLE?$AA@ 100046e8     flags.obj
 0001:000036fc       ??_C@_0BC@FHPPFLKG@DN_DRAWDIALOGDONE?$AA@ 100046fc     flags.obj
 0001:00003710       ??_C@_0O@EONPBNNP@DN_LISTHOTKEY?$AA@ 10004710     flags.obj
 0001:00003720       ??_C@_08MDDLDGPO@DN_INPUT?$AA@ 10004720     flags.obj
 0001:0000372c       ??_C@_0BA@FGOGLDBC@DN_CONTROLINPUT?$AA@ 1000472c     flags.obj
 0001:0000373c       ??_C@_08EHEOFOJD@DN_CLOSE?$AA@ 1000473c     flags.obj
 0001:00003748       ??_C@_0M@POIFBPFN@DN_GETVALUE?$AA@ 10004748     flags.obj
 0001:00003754       ??_C@_0BC@MHCBFAAO@DN_DROPDOWNOPENED?$AA@ 10004754     flags.obj
 0001:00003768       ??_C@_0BD@NGEKAPIF@DN_DRAWDLGITEMDONE?$AA@ 10004768     flags.obj
 0001:0000377c       ??_C@_07DIJJNCBA@DM_USER?$AA@ 1000477c     flags.obj
 0001:00003784       ??_C@_0BB@HLBBGMAN@BSTATE_UNCHECKED?$AA@ 10004784     flags.obj
 0001:00003798       ??_C@_0P@FALAMPGP@BSTATE_CHECKED?$AA@ 10004798     flags.obj
 0001:000037a8       ??_C@_0O@KBIFGGHO@BSTATE_3STATE?$AA@ 100047a8     flags.obj
 0001:000037b8       ??_C@_0O@ILJOJGLD@BSTATE_TOGGLE?$AA@ 100047b8     flags.obj
 0001:000037c8       ??_C@_08PPADCPCM@CBET_KEY?$AA@ 100047c8     flags.obj
 0001:000037d4       ??_C@_0L@KHCLMGFJ@CBET_MOUSE?$AA@ 100047d4     flags.obj
 0001:000037e0       ??_C@_0BA@KNHGEBNE@PTYPE_FILEPANEL?$AA@ 100047e0     flags.obj
 0001:000037f0       ??_C@_0BA@LPPHNHIG@PTYPE_TREEPANEL?$AA@ 100047f0     flags.obj
 0001:00003800       ??_C@_0BB@JBINOKAI@PTYPE_QVIEWPANEL?$AA@ 10004800     flags.obj
 0001:00003814       ??_C@_0BA@NKMDEBG@PTYPE_INFOPANEL?$AA@ 10004814     flags.obj
 0001:00003824       ??_C@_0L@OPHJOKKE@SM_DEFAULT?$AA@ 10004824     flags.obj
 0001:00003830       ??_C@_0M@JGBFGGEA@SM_UNSORTED?$AA@ 10004830     flags.obj
 0001:0000383c       ??_C@_07KIFHAGIL@SM_NAME?$AA@ 1000483c     flags.obj
 0001:00003844       ??_C@_06GJJJNNFE@SM_EXT?$AA@ 10004844     flags.obj
 0001:0000384c       ??_C@_08FICJBKFN@SM_MTIME?$AA@ 1000484c     flags.obj
 0001:00003858       ??_C@_08GCCDHLCN@SM_CTIME?$AA@ 10004858     flags.obj
 0001:00003864       ??_C@_08CPOLNKCG@SM_ATIME?$AA@ 10004864     flags.obj
 0001:00003870       ??_C@_07OMPKMIKC@SM_SIZE?$AA@ 10004870     flags.obj
 0001:00003878       ??_C@_08BCBPOLMA@SM_DESCR?$AA@ 10004878     flags.obj
 0001:00003884       ??_C@_08MEAGCMBB@SM_OWNER?$AA@ 10004884     flags.obj
 0001:00003890       ??_C@_0BC@NKDBNAHD@SM_COMPRESSEDSIZE?$AA@ 10004890     flags.obj
 0001:000038a4       ??_C@_0M@PKNLKFI@SM_NUMLINKS?$AA@ 100048a4     flags.obj
 0001:000038b0       ??_C@_0O@CCKEKPHL@SM_NUMSTREAMS?$AA@ 100048b0     flags.obj
 0001:000038c0       ??_C@_0P@PKGMDPMD@SM_STREAMSSIZE?$AA@ 100048c0     flags.obj
 0001:000038d0       ??_C@_0M@OAFEBGNH@SM_FULLNAME?$AA@ 100048d0     flags.obj
 0001:000038dc       ??_C@_09KFKGJDHC@SM_CHTIME?$AA@ 100048dc     flags.obj
 0001:000038e8       ??_C@_08DOEDKINA@SM_COUNT?$AA@ 100048e8     flags.obj
 0001:000038f4       ??_C@_0P@FEMAMJLE@EEC_OPEN_ERROR?$AA@ 100048f4     flags.obj
 0001:00003904       ??_C@_0N@GLMELIKF@EEC_MODIFIED?$AA@ 10004904     flags.obj
 0001:00003914       ??_C@_0BB@HALKEFOL@EEC_NOT_MODIFIED?$AA@ 10004914     flags.obj
 0001:00003928       ??_C@_0BI@CNPFKHKO@EEC_LOADING_INTERRUPTED?$AA@ 10004928     flags.obj
 0001:00003940       ??_C@_0BK@PHBCABMB@ACTL_GETFARMANAGERVERSION?$AA@ 10004940     flags.obj
 0001:0000395c       ??_C@_0N@DPABJDML@ACTL_WAITKEY?$AA@ 1000495c     flags.obj
 0001:0000396c       ??_C@_0O@CEHHJAFD@ACTL_GETCOLOR?$AA@ 1000496c     flags.obj
 0001:0000397c       ??_C@_0BD@OKPAACIK@ACTL_GETARRAYCOLOR?$AA@ 1000497c     flags.obj
 0001:00003990       ??_C@_0BD@DIFEEKNN@ACTL_GETWINDOWINFO?$AA@ 10004990     flags.obj
 0001:000039a4       ??_C@_0BE@PJBIPKOD@ACTL_GETWINDOWCOUNT?$AA@ 100049a4     flags.obj
 0001:000039b8       ??_C@_0BG@MNKPOEEN@ACTL_SETCURRENTWINDOW?$AA@ 100049b8     flags.obj
 0001:000039d0       ??_C@_0M@IHHFGPPA@ACTL_COMMIT?$AA@ 100049d0     flags.obj
 0001:000039dc       ??_C@_0BA@CLHFKJJP@ACTL_GETFARHWND?$AA@ 100049dc     flags.obj
 0001:000039ec       ??_C@_0BD@JFOOLBPN@ACTL_SETARRAYCOLOR?$AA@ 100049ec     flags.obj
 0001:00003a00       ??_C@_0P@JECKFIA@ACTL_REDRAWALL?$AA@ 10004a00     flags.obj
 0001:00003a10       ??_C@_0N@DHPLJLHO@ACTL_SYNCHRO?$AA@ 10004a10     flags.obj
 0001:00003a20       ??_C@_0BG@IJPADENB@ACTL_SETPROGRESSSTATE?$AA@ 10004a20     flags.obj
 0001:00003a38       ??_C@_0BG@ICJFAPHK@ACTL_SETPROGRESSVALUE?$AA@ 10004a38     flags.obj
 0001:00003a50       ??_C@_09HNDBKLDC@ACTL_QUIT?$AA@ 10004a50     flags.obj
 0001:00003a5c       ??_C@_0BA@LJCPDIKK@ACTL_GETFARRECT?$AA@ 10004a5c     flags.obj
 0001:00003a6c       ??_C@_0BC@FELBEIDG@ACTL_GETCURSORPOS?$AA@ 10004a6c     flags.obj
 0001:00003a80       ??_C@_0BC@CAAPIEHK@ACTL_SETCURSORPOS?$AA@ 10004a80     flags.obj
 0001:00003a94       ??_C@_0BE@NPJGMDBM@ACTL_PROGRESSNOTIFY?$AA@ 10004a94     flags.obj
 0001:00003aa8       ??_C@_0BD@IPKOEBIA@ACTL_GETWINDOWTYPE?$AA@ 10004aa8     flags.obj
 0001:00003abc       ??_C@_09CEDFMINA@MSSC_POST?$AA@ 10004abc     flags.obj
 0001:00003ac8       ??_C@_0L@MOADGAEB@MSSC_CHECK?$AA@ 10004ac8     flags.obj
 0001:00003ad4       ??_C@_0BA@MMOAIEKP@MACROAREA_OTHER?$AA@ 10004ad4     flags.obj
 0001:00003ae4       ??_C@_0BA@DEBOOAEB@MACROAREA_SHELL?$AA@ 10004ae4     flags.obj
 0001:00003af4       ??_C@_0BB@JIMPEHCD@MACROAREA_VIEWER?$AA@ 10004af4     flags.obj
 0001:00003b08       ??_C@_0BB@KILFBFJH@MACROAREA_EDITOR?$AA@ 10004b08     flags.obj
 0001:00003b1c       ??_C@_0BB@CADENPFI@MACROAREA_DIALOG?$AA@ 10004b1c     flags.obj
 0001:00003b30       ??_C@_0BB@MLMLHIGE@MACROAREA_SEARCH?$AA@ 10004b30     flags.obj
 0001:00003b44       ??_C@_0BA@KKMKOLIK@MACROAREA_DISKS?$AA@ 10004b44     flags.obj
 0001:00003b54       ??_C@_0BD@IGOOIJP@MACROAREA_MAINMENU?$AA@ 10004b54     flags.obj
 0001:00003b68       ??_C@_0P@LFLMAHBF@MACROAREA_MENU?$AA@ 10004b68     flags.obj
 0001:00003b78       ??_C@_0P@DKPKIEO@MACROAREA_HELP?$AA@ 10004b78     flags.obj
 0001:00003b88       ??_C@_0BE@MDJPICHC@MACROAREA_INFOPANEL?$AA@ 10004b88     flags.obj
 0001:00003b9c       ??_C@_0BF@NLJMHMPP@MACROAREA_QVIEWPANEL?$AA@ 10004b9c     flags.obj
 0001:00003bb4       ??_C@_0BE@HBMEGBOC@MACROAREA_TREEPANEL?$AA@ 10004bb4     flags.obj
 0001:00003bc8       ??_C@_0BF@FCHKCGLL@MACROAREA_FINDFOLDER?$AA@ 10004bc8     flags.obj
 0001:00003be0       ??_C@_0BD@JCFMJGDE@MACROAREA_USERMENU?$AA@ 10004be0     flags.obj
 0001:00003bf4       ??_C@_0BO@OMLEPJPM@MACROAREA_SHELLAUTOCOMPLETION?$AA@ 10004bf4     flags.obj
 0001:00003c14       ??_C@_0BP@OIHAIGBK@MACROAREA_DIALOGAUTOCOMPLETION?$AA@ 10004c14     flags.obj
 0001:00003c34       ??_C@_0BC@EIJFKPMK@MACROAREA_GRABBER?$AA@ 10004c34     flags.obj
 0001:00003c48       ??_C@_0BC@GNLOCEJP@MACROAREA_DESKTOP?$AA@ 10004c48     flags.obj
 0001:00003c5c       ??_C@_0BB@JPEEDDOG@MACROAREA_COMMON?$AA@ 10004c5c     flags.obj
 0001:00003c70       ??_C@_0BD@DIKEKAIJ@MACROSTATE_NOMACRO?$AA@ 10004c70     flags.obj
 0001:00003c84       ??_C@_0BF@PCDEFEGP@MACROSTATE_EXECUTING?$AA@ 10004c84     flags.obj
 0001:00003c9c       ??_C@_0BM@EJOFDENO@MACROSTATE_EXECUTING_COMMON?$AA@ 10004c9c     flags.obj
 0001:00003cb8       ??_C@_0BF@BGODKPBB@MACROSTATE_RECORDING?$AA@ 10004cb8     flags.obj
 0001:00003cd0       ??_C@_0BM@OICPADFE@MACROSTATE_RECORDING_COMMON?$AA@ 10004cd0     flags.obj
 0001:00003cec       ??_C@_0N@CGFFMLBC@MPEC_SUCCESS?$AA@ 10004cec     flags.obj
 0001:00003cfc       ??_C@_0L@FJDDLDNN@MPEC_ERROR?$AA@ 10004cfc     flags.obj
 0001:00003d08       ??_C@_0N@IBOAADDD@FMVT_UNKNOWN?$AA@ 10004d08     flags.obj
 0001:00003d18       ??_C@_0N@BDMFKEKE@FMVT_INTEGER?$AA@ 10004d18     flags.obj
 0001:00003d28       ??_C@_0M@LFMLDDKI@FMVT_STRING?$AA@ 10004d28     flags.obj
 0001:00003d34       ??_C@_0M@CKDAIOEN@FMVT_DOUBLE?$AA@ 10004d34     flags.obj
 0001:00003d40       ??_C@_0N@MHKOBOGF@FMVT_BOOLEAN?$AA@ 10004d40     flags.obj
 0001:00003d50       ??_C@_0M@GKPDICDA@FMVT_BINARY?$AA@ 10004d50     flags.obj
 0001:00003d5c       ??_C@_0N@FMHCFNDF@FMVT_POINTER?$AA@ 10004d5c     flags.obj
 0001:00003d6c       ??_C@_08DDPDBBNO@FMVT_NIL?$AA@ 10004d6c     flags.obj
 0001:00003d78       ??_C@_0L@DJIKMOJA@FMVT_ARRAY?$AA@ 10004d78     flags.obj
 0001:00003d84       ??_C@_0L@PMDDFEBD@FMVT_PANEL?$AA@ 10004d84     flags.obj
 0001:00003d90       ??_C@_0O@DCGKMPOM@WTYPE_DESKTOP?$AA@ 10004d90     flags.obj
 0001:00003da0       ??_C@_0N@FNCFCPIG@WTYPE_PANELS?$AA@ 10004da0     flags.obj
 0001:00003db0       ??_C@_0N@EJKMDMBK@WTYPE_VIEWER?$AA@ 10004db0     flags.obj
 0001:00003dc0       ??_C@_0N@HJNGGOKO@WTYPE_EDITOR?$AA@ 10004dc0     flags.obj
 0001:00003dd0       ??_C@_0N@PBFHKEGB@WTYPE_DIALOG?$AA@ 10004dd0     flags.obj
 0001:00003de0       ??_C@_0M@OMKLELFA@WTYPE_VMENU?$AA@ 10004de0     flags.obj
 0001:00003dec       ??_C@_0L@BCEMNGOG@WTYPE_HELP?$AA@ 10004dec     flags.obj
 0001:00003df8       ??_C@_0P@MMIDEOJJ@WTYPE_COMBOBOX?$AA@ 10004df8     flags.obj
 0001:00003e08       ??_C@_0O@BHEBEELJ@WTYPE_GRABBER?$AA@ 10004e08     flags.obj
 0001:00003e18       ??_C@_0M@NFHHCILL@WTYPE_HMENU?$AA@ 10004e18     flags.obj
 0001:00003e24       ??_C@_0BA@IPEAOBGN@TBPS_NOPROGRESS?$AA@ 10004e24     flags.obj
 0001:00003e34       ??_C@_0BD@HMEHMDAL@TBPS_INDETERMINATE?$AA@ 10004e34     flags.obj
 0001:00003e48       ??_C@_0M@KHLNKPHE@TBPS_NORMAL?$AA@ 10004e48     flags.obj
 0001:00003e54       ??_C@_0L@DFDPCOFD@TBPS_ERROR?$AA@ 10004e54     flags.obj
 0001:00003e60       ??_C@_0M@GHGAPHPP@TBPS_PAUSED?$AA@ 10004e60     flags.obj
 0001:00003e6c       ??_C@_0O@MCNCFBLF@VSMT_VIEWMODE?$AA@ 10004e6c     flags.obj
 0001:00003e7c       ??_C@_09FLKONCNO@VSMT_WRAP?$AA@ 10004e7c     flags.obj
 0001:00003e88       ??_C@_0O@INKALKJK@VSMT_WORDWRAP?$AA@ 10004e88     flags.obj
 0001:00003e98       ??_C@_08FNEFFFEL@VMT_TEXT?$AA@ 10004e98     flags.obj
 0001:00003ea4       ??_C@_07FLIHDEDA@VMT_HEX?$AA@ 10004ea4     flags.obj
 0001:00003eac       ??_C@_08BDDNDBMJ@VMT_DUMP?$AA@ 10004eac     flags.obj
 0001:00003eb8       ??_C@_07OJCLGDHJ@VE_READ?$AA@ 10004eb8     flags.obj
 0001:00003ec0       ??_C@_08JIBCCIDC@VE_CLOSE?$AA@ 10004ec0     flags.obj
 0001:00003ecc       ??_C@_0M@FEFKOOMJ@VE_GOTFOCUS?$AA@ 10004ecc     flags.obj
 0001:00003ed8       ??_C@_0N@ICHCAKIB@VE_KILLFOCUS?$AA@ 10004ed8     flags.obj
 0001:00003ee8       ??_C@_07BLBPFFLB@EE_READ?$AA@ 10004ee8     flags.obj
 0001:00003ef0       ??_C@_07KJGPGPOC@EE_SAVE?$AA@ 10004ef0     flags.obj
 0001:00003ef8       ??_C@_09NPOPIKMK@EE_REDRAW?$AA@ 10004ef8     flags.obj
 0001:00003f04       ??_C@_08NFPFGIG@EE_CLOSE?$AA@ 10004f04     flags.obj
 0001:00003f10       ??_C@_0M@CPNMNBMF@EE_GOTFOCUS?$AA@ 10004f10     flags.obj
 0001:00003f1c       ??_C@_0N@ILLPMAJF@EE_KILLFOCUS?$AA@ 10004f1c     flags.obj
 0001:00003f2c       ??_C@_09MIOGFFI@EE_CHANGE?$AA@ 10004f2c     flags.obj
 0001:00003f38       ??_C@_0P@MBHAHBBG@DE_DLGPROCINIT?$AA@ 10004f38     flags.obj
 0001:00003f48       ??_C@_0BC@BMFEJAMO@DE_DEFDLGPROCINIT?$AA@ 10004f48     flags.obj
 0001:00003f5c       ??_C@_0O@ICBCOJCG@DE_DLGPROCEND?$AA@ 10004f5c     flags.obj
 0001:00003f6c       ??_C@_0BB@MNODJNPE@SE_COMMONSYNCHRO?$AA@ 10004f6c     flags.obj
 0001:00003f80       ??_C@_0N@HKGMPMJE@ESPT_TABSIZE?$AA@ 10004f80     flags.obj
 0001:00003f90       ??_C@_0BA@GOKHPFCK@ESPT_EXPANDTABS?$AA@ 10004f90     flags.obj
 0001:00003fa0       ??_C@_0BA@KOADDMLI@ESPT_AUTOINDENT?$AA@ 10004fa0     flags.obj
 0001:00003fb0       ??_C@_0BF@LPNONOMF@ESPT_CURSORBEYONDEOL?$AA@ 10004fb0     flags.obj
 0001:00003fc8       ??_C@_0BC@OECOCGLJ@ESPT_CHARCODEBASE?$AA@ 10004fc8     flags.obj
 0001:00003fdc       ??_C@_0O@PIAOJINE@ESPT_CODEPAGE?$AA@ 10004fdc     flags.obj
 0001:00003fec       ??_C@_0BG@HAPABMJH@ESPT_SAVEFILEPOSITION?$AA@ 10004fec     flags.obj
 0001:00004004       ??_C@_0O@KCPDJCKC@ESPT_LOCKMODE?$AA@ 10005004     flags.obj
 0001:00004014       ??_C@_0BA@EIGIAOHM@ESPT_SETWORDDIV?$AA@ 10005014     flags.obj
 0001:00004024       ??_C@_0BA@FGEHLJDF@ESPT_GETWORDDIV?$AA@ 10005024     flags.obj
 0001:00004034       ??_C@_0BE@MACJBCFP@ESPT_SHOWWHITESPACE?$AA@ 10005034     flags.obj
 0001:00004048       ??_C@_0M@FICNFPPA@ESPT_SETBOM?$AA@ 10005048     flags.obj
 0001:00004054       ??_C@_09FLEMPKKP@EUR_BEGIN?$AA@ 10005054     flags.obj
 0001:00004060       ??_C@_07DDJDFJCN@EUR_END?$AA@ 10005060     flags.obj
 0001:00004068       ??_C@_08FCONALGE@EUR_UNDO?$AA@ 10005068     flags.obj
 0001:00004074       ??_C@_08DHMMFAHF@EUR_REDO?$AA@ 10005074     flags.obj
 0001:00004080       ??_C@_0O@PKOIFEBO@EXPAND_NOTABS?$AA@ 10005080     flags.obj
 0001:00004090       ??_C@_0P@MLHPCNDM@EXPAND_ALLTABS?$AA@ 10005090     flags.obj
 0001:000040a0       ??_C@_0P@OONGIIBL@EXPAND_NEWTABS?$AA@ 100050a0     flags.obj
 0001:000040b0       ??_C@_0BD@DKHPEOHH@EOPT_EXPANDALLTABS?$AA@ 100050b0     flags.obj
 0001:000040c4       ??_C@_0BG@BOINMDEK@EOPT_PERSISTENTBLOCKS?$AA@ 100050c4     flags.obj
 0001:000040dc       ??_C@_0BG@PIIHHCAN@EOPT_DELREMOVESBLOCKS?$AA@ 100050dc     flags.obj
 0001:000040f4       ??_C@_0BA@KPJEAKBD@EOPT_AUTOINDENT?$AA@ 100050f4     flags.obj
 0001:00004104       ??_C@_0BG@MBPADLG@EOPT_SAVEFILEPOSITION?$AA@ 10005104     flags.obj
 0001:0000411c       ??_C@_0BI@PFHCGCAI@EOPT_AUTODETECTCODEPAGE?$AA@ 1000511c     flags.obj
 0001:00004134       ??_C@_0BF@IMCOEIAL@EOPT_CURSORBEYONDEOL?$AA@ 10005134     flags.obj
 0001:0000414c       ??_C@_0BH@CJPAGGLC@EOPT_EXPANDONLYNEWTABS?$AA@ 1000514c     flags.obj
 0001:00004164       ??_C@_0BE@DDKCDJDC@EOPT_SHOWWHITESPACE?$AA@ 10005164     flags.obj
 0001:00004178       ??_C@_08HMMLONBH@EOPT_BOM?$AA@ 10005178     flags.obj
 0001:00004184       ??_C@_0BD@CLLAKGOA@EOPT_SHOWLINEBREAK?$AA@ 10005184     flags.obj
 0001:00004198       ??_C@_0BC@JCJEPKEC@EOPT_SHOWTITLEBAR?$AA@ 10005198     flags.obj
 0001:000041ac       ??_C@_0BA@KPGMOBKI@EOPT_SHOWKEYBAR?$AA@ 100051ac     flags.obj
 0001:000041bc       ??_C@_0BD@EFCFEAD@EOPT_SHOWSCROLLBAR?$AA@ 100051bc     flags.obj
 0001:000041d0       ??_C@_0L@BJCBJJNB@BTYPE_NONE?$AA@ 100051d0     flags.obj
 0001:000041dc       ??_C@_0N@OPHHGFPF@BTYPE_STREAM?$AA@ 100051dc     flags.obj
 0001:000041ec       ??_C@_0N@EMEGNPLI@BTYPE_COLUMN?$AA@ 100051ec     flags.obj
 0001:000041fc       ??_C@_0BB@BNPDAPGB@ECSTATE_MODIFIED?$AA@ 100051fc     flags.obj
 0001:00004210       ??_C@_0O@GBBGHDFM@ECSTATE_SAVED?$AA@ 10005210     flags.obj
 0001:00004220       ??_C@_0P@BECIAJAM@ECSTATE_LOCKED?$AA@ 10005220     flags.obj
 0001:00004230       ??_C@_0P@DOBJCNIG@ECTYPE_CHANGED?$AA@ 10005230     flags.obj
 0001:00004240       ??_C@_0N@MDEFMEEA@ECTYPE_ADDED?$AA@ 10005240     flags.obj
 0001:00004250       ??_C@_0P@NMOJJPOB@ECTYPE_DELETED?$AA@ 10005250     flags.obj
 0001:00004260       ??_C@_08HHHKLJPB@PLT_PATH?$AA@ 10005260     flags.obj
 0001:0000426c       ??_C@_08KBAMIIFB@PFM_GUID?$AA@ 1000526c     flags.obj
 0001:00004278       ??_C@_0P@KKEMMPNI@PFM_MODULENAME?$AA@ 10005278     flags.obj
 0001:00004288       ??_C@_09BOODOHKD@FFT_PANEL?$AA@ 10005288     flags.obj
 0001:00004294       ??_C@_0N@GMEDAGNH@FFT_FINDFILE?$AA@ 10005294     flags.obj
 0001:000042a4       ??_C@_08KKCPIPGP@FFT_COPY?$AA@ 100052a4     flags.obj
 0001:000042b0       ??_C@_0L@EKPDMFDD@FFT_SELECT?$AA@ 100052b0     flags.obj
 0001:000042bc       ??_C@_0L@LGPEDLLD@FFT_CUSTOM?$AA@ 100052bc     flags.obj
 0001:000042c8       ??_C@_0M@OIOMMFOE@FST_UNKNOWN?$AA@ 100052c8     flags.obj
 0001:000042d4       ??_C@_0L@GGGOEGKJ@FST_SUBKEY?$AA@ 100052d4     flags.obj
 0001:000042e0       ??_C@_09LFEEAJIC@FST_QWORD?$AA@ 100052e0     flags.obj
 0001:000042ec       ??_C@_0L@LPMPBKDL@FST_STRING?$AA@ 100052ec     flags.obj
 0001:000042f8       ??_C@_08EJJJCLIG@FST_DATA?$AA@ 100052f8     flags.obj
 0001:00004304       ??_C@_09OBBBBFPE@FSSF_ROOT?$AA@ 10005304     flags.obj
 0001:00004310       ??_C@_0BB@HDKCPBIO@FSSF_HISTORY_CMD?$AA@ 10005310     flags.obj
 0001:00004324       ??_C@_0BE@BLPOFODL@FSSF_HISTORY_FOLDER?$AA@ 10005324     flags.obj
 0001:00004338       ??_C@_0BC@NJCJCCNH@FSSF_HISTORY_VIEW?$AA@ 10005338     flags.obj
 0001:0000434c       ??_C@_0BC@CODELNPP@FSSF_HISTORY_EDIT?$AA@ 1000534c     flags.obj
 0001:00004360       ??_C@_0BG@IFGEMJIF@FSSF_HISTORY_EXTERNAL?$AA@ 10005360     flags.obj
 0001:00004378       ??_C@_0BG@DGAKDKFK@FSSF_FOLDERSHORTCUT_0?$AA@ 10005378     flags.obj
 0001:00004390       ??_C@_0BG@CPBBALBL@FSSF_FOLDERSHORTCUT_1?$AA@ 10005390     flags.obj
 0001:000043a8       ??_C@_0BG@EDMFINI@FSSF_FOLDERSHORTCUT_2?$AA@ 100053a8     flags.obj
 0001:000043c0       ??_C@_0BG@BNCHGJJJ@FSSF_FOLDERSHORTCUT_3?$AA@ 100053c0     flags.obj
 0001:000043d8       ??_C@_0BG@FCGGPPFO@FSSF_FOLDERSHORTCUT_4?$AA@ 100053d8     flags.obj
 0001:000043f0       ??_C@_0BG@ELHNMOBP@FSSF_FOLDERSHORTCUT_5?$AA@ 100053f0     flags.obj
 0001:00004408       ??_C@_0BG@GAFAJNNM@FSSF_FOLDERSHORTCUT_6?$AA@ 10005408     flags.obj
 0001:00004420       ??_C@_0BG@HJELKMJN@FSSF_FOLDERSHORTCUT_7?$AA@ 10005420     flags.obj
 0001:00004438       ??_C@_0BG@PONDLAFC@FSSF_FOLDERSHORTCUT_8?$AA@ 10005438     flags.obj
 0001:00004450       ??_C@_0BG@OHMIIBBD@FSSF_FOLDERSHORTCUT_9?$AA@ 10005450     flags.obj
 0001:00004468       ??_C@_0BD@PBIEGEHP@FSSF_CONFIRMATIONS?$AA@ 10005468     flags.obj
 0001:0000447c       ??_C@_0M@PIGDMPJB@FSSF_SYSTEM?$AA@ 1000547c     flags.obj
 0001:00004488       ??_C@_0L@LBFNJGFB@FSSF_PANEL?$AA@ 10005488     flags.obj
 0001:00004494       ??_C@_0M@KJLIHDEL@FSSF_EDITOR?$AA@ 10005494     flags.obj
 0001:000044a0       ??_C@_0M@KEMGKEOF@FSSF_SCREEN?$AA@ 100054a0     flags.obj
 0001:000044ac       ??_C@_0M@CBDJLJIE@FSSF_DIALOG?$AA@ 100054ac     flags.obj
 0001:000044b8       ??_C@_0P@OCDADNBF@FSSF_INTERFACE?$AA@ 100054b8     flags.obj
 0001:000044c8       ??_C@_0BB@GBBEBNKE@FSSF_PANELLAYOUT?$AA@ 100054c8     flags.obj
 0001:000044dc       ??_C@_0M@JCGHGLJF@PSL_ROAMING?$AA@ 100054dc     flags.obj
 0001:000044e8       ??_C@_09EDBNDHCM@PSL_LOCAL?$AA@ 100054e8     flags.obj
 0001:000044f4       ??_C@_07BPEFOPGM@FCT_ANY?$AA@ 100054f4     flags.obj
 0001:000044fc       ??_C@_0L@CDAEILNM@FCT_STREAM?$AA@ 100054fc     flags.obj
 0001:00004508       ??_C@_0L@IADFDBJB@FCT_COLUMN?$AA@ 10005508     flags.obj
 0001:00004514       ??_C@_0O@KJFMBLFE@LINK_HARDLINK?$AA@ 10005514     flags.obj
 0001:00004524       ??_C@_0O@OOAFIIDA@LINK_JUNCTION?$AA@ 10005524     flags.obj
 0001:00004534       ??_C@_0O@FIAPLKLH@LINK_VOLMOUNT?$AA@ 10005534     flags.obj
 0001:00004544       ??_C@_0BB@JDBEPJDK@LINK_SYMLINKFILE?$AA@ 10005544     flags.obj
 0001:00004558       ??_C@_0BA@GFPIOFMG@LINK_SYMLINKDIR?$AA@ 10005558     flags.obj
 0001:00004568       ??_C@_0N@PJENIJFN@LINK_SYMLINK?$AA@ 10005568     flags.obj
 0001:00004578       ??_C@_08HNOHKPBK@CPM_FULL?$AA@ 10005578     flags.obj
 0001:00004584       ??_C@_08LAEGFKJE@CPM_REAL?$AA@ 10005584     flags.obj
 0001:00004590       ??_C@_0L@NPJNPCJM@CPM_NATIVE?$AA@ 10005590     flags.obj
 0001:0000459c       ??_C@_0L@NCFOENCC@VS_RELEASE?$AA@ 1000559c     flags.obj
 0001:000045a8       ??_C@_08BDGLHPMJ@VS_ALPHA?$AA@ 100055a8     flags.obj
 0001:000045b4       ??_C@_07OKFPMINB@VS_BETA?$AA@ 100055b4     flags.obj
 0001:000045bc       ??_C@_05MMFLPJEB@VS_RC?$AA@ 100055bc     flags.obj
 0001:000045c4       ??_C@_0BC@OOKLINPG@OPEN_LEFTDISKMENU?$AA@ 100055c4     flags.obj
 0001:000045d8       ??_C@_0BB@CEFDHHLF@OPEN_PLUGINSMENU?$AA@ 100055d8     flags.obj
 0001:000045ec       ??_C@_0O@IEJHJCNB@OPEN_FINDLIST?$AA@ 100055ec     flags.obj
 0001:000045fc       ??_C@_0O@OGDCDPNG@OPEN_SHORTCUT?$AA@ 100055fc     flags.obj
 0001:0000460c       ??_C@_0BB@JHCCMIPF@OPEN_COMMANDLINE?$AA@ 1000560c     flags.obj
 0001:00004620       ??_C@_0M@DMJLHMGM@OPEN_EDITOR?$AA@ 10005620     flags.obj
 0001:0000462c       ??_C@_0M@MOBCONI@OPEN_VIEWER?$AA@ 1000562c     flags.obj
 0001:00004638       ??_C@_0P@LCDNLGDE@OPEN_FILEPANEL?$AA@ 10005638     flags.obj
 0001:00004648       ??_C@_0M@LEBKLGKD@OPEN_DIALOG?$AA@ 10005648     flags.obj
 0001:00004654       ??_C@_0N@CBHPGAKB@OPEN_ANALYSE?$AA@ 10005654     flags.obj
 0001:00004664       ??_C@_0BD@NFNGGFHI@OPEN_RIGHTDISKMENU?$AA@ 10005664     flags.obj
 0001:00004678       ??_C@_0P@FOKOAMLC@OPEN_FROMMACRO?$AA@ 10005678     flags.obj
 0001:00004688       ??_C@_0O@NEDDJIHC@OPEN_LUAMACRO?$AA@ 10005688     flags.obj
 0001:00004698       ??_C@_0P@GBMLNMMI@MCT_MACROPARSE?$AA@ 10005698     flags.obj
 0001:000046a8       ??_C@_0P@GNPFPCF@MCT_LOADMACROS?$AA@ 100056a8     flags.obj
 0001:000046b8       ??_C@_0P@HMDDACMI@MCT_ENUMMACROS?$AA@ 100056b8     flags.obj
 0001:000046c8       ??_C@_0BA@MOCJHMJK@MCT_WRITEMACROS?$AA@ 100056c8     flags.obj
 0001:000046d8       ??_C@_0N@IGJGAHKE@MCT_GETMACRO?$AA@ 100056d8     flags.obj
 0001:000046e8       ??_C@_0BC@NFGGBILF@MCT_RECORDEDMACRO?$AA@ 100056e8     flags.obj
 0001:000046fc       ??_C@_0N@OLCKOJMI@MCT_DELMACRO?$AA@ 100056fc     flags.obj
 0001:0000470c       ??_C@_0BC@NALHIHJ@MCT_RUNSTARTMACRO?$AA@ 1000570c     flags.obj
 0001:00004720       ??_C@_0P@HOMHAEFB@MCT_EXECSTRING?$AA@ 10005720     flags.obj
 0001:00004730       ??_C@_0O@CDBDPKIC@MCT_PANELSORT?$AA@ 10005730     flags.obj
 0001:00004740       ??_C@_0BH@PKKJIOHM@MCT_GETCUSTOMSORTMODES?$AA@ 10005740     flags.obj
 0001:00004758       ??_C@_0N@FOPIOCHO@MCT_ADDMACRO?$AA@ 10005758     flags.obj
 0001:00004768       ??_C@_0N@BHFJFHA@MCT_KEYMACRO?$AA@ 10005768     flags.obj
 0001:00004778       ??_C@_0BB@LPDAOGB@MCT_CANPANELSORT?$AA@ 10005778     flags.obj
 0001:0000478c       ??_C@_0BC@IOECJI@MPRT_NORMALFINISH?$AA@ 1000578c     flags.obj
 0001:000047a0       ??_C@_0BB@PMCBIGCA@MPRT_ERRORFINISH?$AA@ 100057a0     flags.obj
 0001:000047b4       ??_C@_0BA@BCBAEEOI@MPRT_ERRORPARSE?$AA@ 100057b4     flags.obj
 0001:000047c4       ??_C@_09EJDAADCN@MPRT_KEYS?$AA@ 100057c4     flags.obj
 0001:000047d0       ??_C@_0L@GEHHCKFA@MPRT_PRINT?$AA@ 100057d0     flags.obj
 0001:000047dc       ??_C@_0BA@OBIDLEIM@MPRT_PLUGINCALL?$AA@ 100057dc     flags.obj
 0001:000047ec       ??_C@_0BA@EJFFOAMM@MPRT_PLUGINMENU?$AA@ 100057ec     flags.obj
 0001:000047fc       ??_C@_0BC@LEDOPMKI@MPRT_PLUGINCONFIG?$AA@ 100057fc     flags.obj
 0001:00004810       ??_C@_0BD@HHINMPPI@MPRT_PLUGINCOMMAND?$AA@ 10005810     flags.obj
 0001:00004824       ??_C@_0O@IEMNLPAB@MPRT_USERMENU?$AA@ 10005824     flags.obj
 0001:00004834       ??_C@_0BA@GEAFHJNF@MPRT_HASNOMACRO?$AA@ 10005834     flags.obj
 0001:00004844       ??_C@_0BC@PNCKAHJO@FE_CHANGEVIEWMODE?$AA@ 10005844     flags.obj
 0001:00004858       ??_C@_09DENIDBMJ@FE_REDRAW?$AA@ 10005858     flags.obj
 0001:00004864       ??_C@_07CLNPDBLG@FE_IDLE?$AA@ 10005864     flags.obj
 0001:0000486c       ??_C@_08DENCGKED@FE_CLOSE?$AA@ 1000586c     flags.obj
 0001:00004878       ??_C@_08MOMCCKPB@FE_BREAK?$AA@ 10005878     flags.obj
 0001:00004884       ??_C@_0L@LELAIPLL@FE_COMMAND?$AA@ 10005884     flags.obj
 0001:00004890       ??_C@_0M@FIECADDF@FE_GOTFOCUS?$AA@ 10005890     flags.obj
 0001:0000489c       ??_C@_0N@DGHFKMFL@FE_KILLFOCUS?$AA@ 1000589c     flags.obj
 0001:000048ac       ??_C@_0BE@PONEECEM@FE_CHANGESORTPARAMS?$AA@ 100058ac     flags.obj
 0001:000048c0       ??_C@_0M@HNDHDHHO@FCF_FG_4BIT?$AA@ 100058c0     flags.obj
 0001:000048cc       ??_C@_0M@PJHNDJIE@FCF_BG_4BIT?$AA@ 100058cc     flags.obj
 0001:000048d8       ??_C@_0N@HMKJBHOA@FCF_4BITMASK?$AA@ 100058d8     flags.obj
 0001:000048e8       ??_C@_0BB@PJFLJJLD@FCF_RAWATTR_MASK?$AA@ 100058e8     flags.obj
 0001:000048fc       ??_C@_0BC@NKBLNNIA@FCF_EXTENDEDFLAGS?$AA@ 100058fc     flags.obj
 0001:00004910       ??_C@_0M@LFMGCKHG@FCF_FG_BOLD?$AA@ 10005910     flags.obj
 0001:0000491c       ??_C@_0O@FAPDECBF@FCF_FG_ITALIC?$AA@ 1000591c     flags.obj
 0001:0000492c       ??_C@_0BB@NPEFGEGA@FCF_FG_UNDERLINE?$AA@ 1000592c     flags.obj
 0001:00004940       ??_C@_0O@LGBGBIGB@FCF_STYLEMASK?$AA@ 10005940     flags.obj
 0001:00004950       ??_C@_08BKNBBLHK@FCF_NONE?$AA@ 10005950     flags.obj
 0001:0000495c       ??_C@_08FKIDFHCM@CDF_NONE?$AA@ 1000595c     flags.obj
 0001:00004968       ??_C@_0N@ELMEMNDH@FMSG_WARNING?$AA@ 10005968     flags.obj
 0001:00004978       ??_C@_0P@HHIGLJAP@FMSG_ERRORTYPE?$AA@ 10005978     flags.obj
 0001:00004988       ??_C@_0BE@FHOOILPH@FMSG_KEEPBACKGROUND?$AA@ 10005988     flags.obj
 0001:0000499c       ??_C@_0P@KBEMNNEP@FMSG_LEFTALIGN?$AA@ 1000599c     flags.obj
 0001:000049ac       ??_C@_0O@FOIOKDHJ@FMSG_ALLINONE?$AA@ 100059ac     flags.obj
 0001:000049bc       ??_C@_0L@BGALGPOK@FMSG_MB_OK?$AA@ 100059bc     flags.obj
 0001:000049c8       ??_C@_0BB@JGAPGIEP@FMSG_MB_OKCANCEL?$AA@ 100059c8     flags.obj
 0001:000049dc       ??_C@_0BJ@BKJADAHA@FMSG_MB_ABORTRETRYIGNORE?$AA@ 100059dc     flags.obj
 0001:000049f8       ??_C@_0O@GPCAPHCL@FMSG_MB_YESNO?$AA@ 100059f8     flags.obj
 0001:00004a08       ??_C@_0BE@IBNOLCGP@FMSG_MB_YESNOCANCEL?$AA@ 10005a08     flags.obj
 0001:00004a1c       ??_C@_0BE@OCLAIENB@FMSG_MB_RETRYCANCEL?$AA@ 10005a1c     flags.obj
 0001:00004a30       ??_C@_09NEGPLEAH@FMSG_NONE?$AA@ 10005a30     flags.obj
 0001:00004a3c       ??_C@_0N@DHJCDIKM@DIF_BOXCOLOR?$AA@ 10005a3c     flags.obj
 0001:00004a4c       ??_C@_09IAEPIICA@DIF_GROUP?$AA@ 10005a4c     flags.obj
 0001:00004a58       ??_C@_0N@GCKJNBCM@DIF_LEFTTEXT?$AA@ 10005a58     flags.obj
 0001:00004a68       ??_C@_0P@BGPBEDHH@DIF_MOVESELECT?$AA@ 10005a68     flags.obj
 0001:00004a78       ??_C@_0BC@PDKFKKEI@DIF_SHOWAMPERSAND?$AA@ 10005a78     flags.obj
 0001:00004a8c       ??_C@_0BA@BLCOKAAO@DIF_CENTERGROUP?$AA@ 10005a8c     flags.obj
 0001:00004a9c       ??_C@_0P@MKFBJPOB@DIF_NOBRACKETS?$AA@ 10005a9c     flags.obj
 0001:00004aac       ??_C@_0BF@JBCDBJCL@DIF_MANUALADDHISTORY?$AA@ 10005aac     flags.obj
 0001:00004ac4       ??_C@_0O@JKNMBNLA@DIF_SEPARATOR?$AA@ 10005ac4     flags.obj
 0001:00004ad4       ??_C@_0P@CGILDLOA@DIF_SEPARATOR2?$AA@ 10005ad4     flags.obj
 0001:00004ae4       ??_C@_0L@NBPFNGLB@DIF_EDITOR?$AA@ 10005ae4     flags.obj
 0001:00004af0       ??_C@_0BE@PFICAGJF@DIF_LISTNOAMPERSAND?$AA@ 10005af0     flags.obj
 0001:00004b04       ??_C@_0O@FFJNBMAD@DIF_LISTNOBOX?$AA@ 10005b04     flags.obj
 0001:00004b14       ??_C@_0M@IPFBMFDN@DIF_HISTORY?$AA@ 10005b14     flags.obj
 0001:00004b20       ??_C@_0P@EGFAEEDC@DIF_BTNNOCLOSE?$AA@ 10005b20     flags.obj
 0001:00004b30       ??_C@_0P@KOJCCCGB@DIF_CENTERTEXT?$AA@ 10005b30     flags.obj
 0001:00004b40       ??_C@_0BC@ODEMBOPK@DIF_SEPARATORUSER?$AA@ 10005b40     flags.obj
 0001:00004b54       ??_C@_0O@IKJBMPOF@DIF_SETSHIELD?$AA@ 10005b54     flags.obj
 0001:00004b64       ??_C@_0P@EEJEDBLH@DIF_EDITEXPAND?$AA@ 10005b64     flags.obj
 0001:00004b74       ??_C@_0BB@EIMEKEFP@DIF_DROPDOWNLIST?$AA@ 10005b74     flags.obj
 0001:00004b88       ??_C@_0BD@MNGIOLFF@DIF_USELASTHISTORY?$AA@ 10005b88     flags.obj
 0001:00004b9c       ??_C@_0N@MOCGNIKC@DIF_MASKEDIT?$AA@ 10005b9c     flags.obj
 0001:00004bac       ??_C@_0BD@LPDHCLJI@DIF_LISTTRACKMOUSE?$AA@ 10005bac     flags.obj
 0001:00004bc0       ??_C@_0BK@LEFIBDOA@DIF_LISTTRACKMOUSEINFOCUS?$AA@ 10005bc0     flags.obj
 0001:00004bdc       ??_C@_0BC@JNLDMGBD@DIF_SELECTONENTRY?$AA@ 10005bdc     flags.obj
 0001:00004bf0       ??_C@_0L@KKNJDNBK@DIF_3STATE?$AA@ 10005bf0     flags.obj
 0001:00004bfc       ??_C@_0N@GBGHICKO@DIF_EDITPATH?$AA@ 10005bfc     flags.obj
 0001:00004c0c       ??_C@_0BB@NPNALIGO@DIF_LISTWRAPMODE?$AA@ 10005c0c     flags.obj
 0001:00004c20       ??_C@_0BD@MFOKKGGF@DIF_NOAUTOCOMPLETE?$AA@ 10005c20     flags.obj
 0001:00004c34       ??_C@_0BG@MONEJILE@DIF_LISTAUTOHIGHLIGHT?$AA@ 10005c34     flags.obj
 0001:00004c4c       ??_C@_0BA@JNOKLHOL@DIF_LISTNOCLOSE?$AA@ 10005c4c     flags.obj
 0001:00004c5c       ??_C@_0BB@GMKDKOOP@DIF_EDITPATHEXEC?$AA@ 10005c5c     flags.obj
 0001:00004c70       ??_C@_0L@EPNFOPAK@DIF_HIDDEN?$AA@ 10005c70     flags.obj
 0001:00004c7c       ??_C@_0N@KOGKCAKJ@DIF_READONLY?$AA@ 10005c7c     flags.obj
 0001:00004c8c       ??_C@_0M@NLLDINIM@DIF_NOFOCUS?$AA@ 10005c8c     flags.obj
 0001:00004c98       ??_C@_0M@HCFLMDHK@DIF_DISABLE?$AA@ 10005c98     flags.obj
 0001:00004ca4       ??_C@_0BC@CHAAKEJO@DIF_DEFAULTBUTTON?$AA@ 10005ca4     flags.obj
 0001:00004cb8       ??_C@_09LCJIOEMN@DIF_FOCUS?$AA@ 10005cb8     flags.obj
 0001:00004cc4       ??_C@_0O@KJADCBBN@DIF_RIGHTTEXT?$AA@ 10005cc4     flags.obj
 0001:00004cd4       ??_C@_0N@LAEOODAD@DIF_WORDWRAP?$AA@ 10005cd4     flags.obj
 0001:00004ce4       ??_C@_08KFOHCPDE@DIF_NONE?$AA@ 10005ce4     flags.obj
 0001:00004cf0       ??_C@_0N@EDHAFIIL@LIF_SELECTED?$AA@ 10005cf0     flags.obj
 0001:00004d00       ??_C@_0M@BMGIEAIL@LIF_CHECKED?$AA@ 10005d00     flags.obj
 0001:00004d0c       ??_C@_0O@KJIFADIG@LIF_SEPARATOR?$AA@ 10005d0c     flags.obj
 0001:00004d1c       ??_C@_0M@HEFHLFIE@LIF_DISABLE?$AA@ 10005d1c     flags.obj
 0001:00004d28       ??_C@_0L@PKDDGEEG@LIF_GRAYED?$AA@ 10005d28     flags.obj
 0001:00004d34       ??_C@_0L@PFBGAOEP@LIF_HIDDEN?$AA@ 10005d34     flags.obj
 0001:00004d40       ??_C@_0BD@HEPCOIEH@LIF_DELETEUSERDATA?$AA@ 10005d40     flags.obj
 0001:00004d54       ??_C@_08BODPINCM@LIF_NONE?$AA@ 10005d54     flags.obj
 0001:00004d60       ??_C@_0BC@BGAENNBJ@LIFIND_EXACTMATCH?$AA@ 10005d60     flags.obj
 0001:00004d74       ??_C@_0M@FPOGKIGO@LIFIND_NONE?$AA@ 10005d74     flags.obj
 0001:00004d80       ??_C@_0BA@OOIEKCFB@LINFO_SHOWNOBOX?$AA@ 10005d80     flags.obj
 0001:00004d90       ??_C@_0BE@DECCEGNO@LINFO_AUTOHIGHLIGHT?$AA@ 10005d90     flags.obj
 0001:00004da4       ??_C@_0BH@BADLEILJ@LINFO_REVERSEHIGHLIGHT?$AA@ 10005da4     flags.obj
 0001:00004dbc       ??_C@_0P@KLBMHNCG@LINFO_WRAPMODE?$AA@ 10005dbc     flags.obj
 0001:00004dcc       ??_C@_0BE@OHJCOKAE@LINFO_SHOWAMPERSAND?$AA@ 10005dcc     flags.obj
 0001:00004de0       ??_C@_0L@EPACPANF@LINFO_NONE?$AA@ 10005de0     flags.obj
 0001:00004dec       ??_C@_0N@OLGDMHKL@FDLG_WARNING?$AA@ 10005dec     flags.obj
 0001:00004dfc       ??_C@_0BB@DKMEBDJJ@FDLG_SMALLDIALOG?$AA@ 10005dfc     flags.obj
 0001:00004e10       ??_C@_0BC@ONGLDAJN@FDLG_NODRAWSHADOW?$AA@ 10005e10     flags.obj
 0001:00004e24       ??_C@_0BB@NPLEEAKK@FDLG_NODRAWPANEL?$AA@ 10005e24     flags.obj
 0001:00004e38       ??_C@_0BG@GHNOOENB@FDLG_KEEPCONSOLETITLE?$AA@ 10005e38     flags.obj
 0001:00004e50       ??_C@_0O@MKFABCNE@FDLG_NONMODAL?$AA@ 10005e50     flags.obj
 0001:00004e60       ??_C@_09NNFHCBNL@FDLG_NONE?$AA@ 10005e60     flags.obj
 0001:00004e6c       ??_C@_0N@JOOGIBAO@MIF_SELECTED?$AA@ 10005e6c     flags.obj
 0001:00004e7c       ??_C@_0M@IHMNAMOE@MIF_CHECKED?$AA@ 10005e7c     flags.obj
 0001:00004e88       ??_C@_0O@DEIKOCPA@MIF_SEPARATOR?$AA@ 10005e88     flags.obj
 0001:00004e98       ??_C@_0M@OPPCPJOL@MIF_DISABLE?$AA@ 10005e98     flags.obj
 0001:00004ea4       ??_C@_0L@DLLNLLIG@MIF_GRAYED?$AA@ 10005ea4     flags.obj
 0001:00004eb0       ??_C@_0L@DEJINBIP@MIF_HIDDEN?$AA@ 10005eb0     flags.obj
 0001:00004ebc       ??_C@_08JEEJJGP@MIF_NONE?$AA@ 10005ebc     flags.obj
 0001:00004ec8       ??_C@_0BE@FALMPPJK@FMENU_SHOWAMPERSAND?$AA@ 10005ec8     flags.obj
 0001:00004edc       ??_C@_0P@HICDNKDJ@FMENU_WRAPMODE?$AA@ 10005edc     flags.obj
 0001:00004eec       ??_C@_0BE@IDAMFDEA@FMENU_AUTOHIGHLIGHT?$AA@ 10005eec     flags.obj
 0001:00004f00       ??_C@_0BL@OKAIKPMN@FMENU_REVERSEAUTOHIGHLIGHT?$AA@ 10005f00     flags.obj
 0001:00004f1c       ??_C@_0BJ@FCEONOJC@FMENU_CHANGECONSOLETITLE?$AA@ 10005f1c     flags.obj
 0001:00004f38       ??_C@_0L@DGFIEOMD@FMENU_NONE?$AA@ 10005f38     flags.obj
 0001:00004f44       ??_C@_0O@JEAJLDHC@PPIF_SELECTED?$AA@ 10005f44     flags.obj
 0001:00004f54       ??_C@_0BC@LPBDBIOM@PPIF_PROCESSDESCR?$AA@ 10005f54     flags.obj
 0001:00004f68       ??_C@_09OIFMMGNJ@PPIF_NONE?$AA@ 10005f68     flags.obj
 0001:00004f74       ??_C@_0BC@BONLDOOD@PFLAGS_SHOWHIDDEN?$AA@ 10005f74     flags.obj
 0001:00004f88       ??_C@_0BB@BCAJEJEH@PFLAGS_HIGHLIGHT?$AA@ 10005f88     flags.obj
 0001:00004f9c       ??_C@_0BI@BFAFODJ@PFLAGS_REVERSESORTORDER?$AA@ 10005f9c     flags.obj
 0001:00004fb4       ??_C@_0BF@KJNCJPKN@PFLAGS_USESORTGROUPS?$AA@ 10005fb4     flags.obj
 0001:00004fcc       ??_C@_0BF@LBBAIOCD@PFLAGS_SELECTEDFIRST?$AA@ 10005fcc     flags.obj
 0001:00004fe4       ??_C@_0BB@KDANIJNM@PFLAGS_REALNAMES?$AA@ 10005fe4     flags.obj
 0001:00004ff8       ??_C@_0BB@ILEHDKFJ@PFLAGS_PANELLEFT?$AA@ 10005ff8     flags.obj
 0001:0000500c       ??_C@_0BI@EHHAJLOH@PFLAGS_DIRECTORIESFIRST?$AA@ 1000600c     flags.obj
 0001:00005024       ??_C@_0BA@KJEPHDOM@PFLAGS_USECRC32?$AA@ 10006024     flags.obj
 0001:00005034       ??_C@_0O@DBPJGING@PFLAGS_PLUGIN?$AA@ 10006034     flags.obj
 0001:00005044       ??_C@_0P@MLDEBNPK@PFLAGS_VISIBLE?$AA@ 10006044     flags.obj
 0001:00005054       ??_C@_0N@EOFAELOJ@PFLAGS_FOCUS?$AA@ 10006054     flags.obj
 0001:00005064       ??_C@_0BI@EOCCAHFA@PFLAGS_ALTERNATIVENAMES?$AA@ 10006064     flags.obj
 0001:0000507c       ??_C@_0BA@GHMDCHHI@PFLAGS_SHORTCUT?$AA@ 1000607c     flags.obj
 0001:0000508c       ??_C@_0M@NEMAHHGP@PFLAGS_NONE?$AA@ 1000608c     flags.obj
 0001:00005098       ??_C@_0M@IDNADAFL@VF_NONMODAL?$AA@ 10006098     flags.obj
 0001:000050a4       ??_C@_0BB@OCDDPIKL@VF_DELETEONCLOSE?$AA@ 100060a4     flags.obj
 0001:000050b8       ??_C@_0N@LDHALKKM@VF_ENABLE_F6?$AA@ 100060b8     flags.obj
 0001:000050c8       ??_C@_0BC@DLGKMECC@VF_DISABLEHISTORY?$AA@ 100060c8     flags.obj
 0001:000050dc       ??_C@_0BD@DHJCMLFI@VF_IMMEDIATERETURN?$AA@ 100060dc     flags.obj
 0001:000050f0       ??_C@_0BJ@OGNFHEJG@VF_DELETEONLYFILEONCLOSE?$AA@ 100060f0     flags.obj
 0001:0000510c       ??_C@_07CJJFHP@VF_NONE?$AA@ 1000610c     flags.obj
 0001:00005114       ??_C@_0M@PIFGAPFH@EF_NONMODAL?$AA@ 10006114     flags.obj
 0001:00005120       ??_C@_0N@DBHFPBEO@EF_CREATENEW?$AA@ 10006120     flags.obj
 0001:00005130       ??_C@_0N@LKLNHALI@EF_ENABLE_F6?$AA@ 10006130     flags.obj
 0001:00005140       ??_C@_0BC@PPEPEFFI@EF_DISABLEHISTORY?$AA@ 10006140     flags.obj
 0001:00005154       ??_C@_0BB@KGPIDKFC@EF_DELETEONCLOSE?$AA@ 10006154     flags.obj
 0001:00005168       ??_C@_0BD@IHIGHGPL@EF_IMMEDIATERETURN?$AA@ 10006168     flags.obj
 0001:0000517c       ??_C@_0BJ@ILCPOFKL@EF_DELETEONLYFILEONCLOSE?$AA@ 1000617c     flags.obj
 0001:00005198       ??_C@_09IJMPFPLB@EF_LOCKED?$AA@ 10006198     flags.obj
 0001:000051a4       ??_C@_0BC@GFHJGKD@EF_DISABLESAVEPOS?$AA@ 100061a4     flags.obj
 0001:000051b8       ??_C@_0BB@NILAHAFO@EF_OPENMODE_MASK?$AA@ 100061b8     flags.obj
 0001:000051cc       ??_C@_0BC@GAIDEJIA@EF_OPENMODE_QUERY?$AA@ 100061cc     flags.obj
 0001:000051e0       ??_C@_0BG@BFKJJBAG@EF_OPENMODE_NEWIFOPEN?$AA@ 100061e0     flags.obj
 0001:000051f8       ??_C@_0BI@KGOKGPEI@EF_OPENMODE_USEEXISTING?$AA@ 100061f8     flags.obj
 0001:00005210       ??_C@_0BI@EJBKKDJ@EF_OPENMODE_BREAKIFOPEN?$AA@ 10006210     flags.obj
 0001:00005228       ??_C@_0BJ@MOLGCBMH@EF_OPENMODE_RELOADIFOPEN?$AA@ 10006228     flags.obj
 0001:00005244       ??_C@_07MBPCONNA@EN_NONE?$AA@ 10006244     flags.obj
 0001:0000524c       ??_C@_0BC@HHNGCBAM@FHELP_NOSHOWERROR?$AA@ 1000624c     flags.obj
 0001:00005260       ??_C@_0P@GANNLHEJ@FHELP_SELFHELP?$AA@ 10006260     flags.obj
 0001:00005270       ??_C@_0O@FLGGLFLC@FHELP_FARHELP?$AA@ 10006270     flags.obj
 0001:00005280       ??_C@_0BB@KNKDPNI@FHELP_CUSTOMFILE?$AA@ 10006280     flags.obj
 0001:00005294       ??_C@_0BB@IHFFPJJA@FHELP_CUSTOMPATH?$AA@ 10006294     flags.obj
 0001:000052a8       ??_C@_0L@OOIMFPBD@FHELP_GUID?$AA@ 100062a8     flags.obj
 0001:000052b4       ??_C@_0BC@PNPOIHMG@FHELP_USECONTENTS?$AA@ 100062b4     flags.obj
 0001:000052c8       ??_C@_0L@MAGMKNFN@FHELP_NONE?$AA@ 100062c8     flags.obj
 0001:000052d4       ??_C@_0BE@GEGKIINM@KMFLAGS_SILENTCHECK?$AA@ 100062d4     flags.obj
 0001:000052e8       ??_C@_0BM@BBOPLPKC@KMFLAGS_NOSENDKEYSTOPLUGINS?$AA@ 100062e8     flags.obj
 0001:00005304       ??_C@_0BF@PHHPAAOK@KMFLAGS_ENABLEOUTPUT?$AA@ 10006304     flags.obj
 0001:0000531c       ??_C@_0BB@NCECNBPK@KMFLAGS_LANGMASK?$AA@ 1000631c     flags.obj
 0001:00005330       ??_C@_0M@HFBACHCP@KMFLAGS_LUA?$AA@ 10006330     flags.obj
 0001:0000533c       ??_C@_0BD@JHNPMIGP@KMFLAGS_MOONSCRIPT?$AA@ 1000633c     flags.obj
 0001:00005350       ??_C@_0N@GIJCDFJI@KMFLAGS_NONE?$AA@ 10006350     flags.obj
 0001:00005360       ??_C@_0O@GKOLBMFK@AKMFLAGS_NONE?$AA@ 10006360     flags.obj
 0001:00005370       ??_C@_0P@LMBMJIMF@FSETCLR_REDRAW?$AA@ 10006370     flags.obj
 0001:00005380       ??_C@_0N@LCOHPDHN@FSETCLR_NONE?$AA@ 10006380     flags.obj
 0001:00005390       ??_C@_0N@MLMCEKPH@WIF_MODIFIED?$AA@ 10006390     flags.obj
 0001:000053a0       ??_C@_0M@ICPAPCOF@WIF_CURRENT?$AA@ 100063a0     flags.obj
 0001:000053ac       ??_C@_09FPGEBDGO@WIF_MODAL?$AA@ 100063ac     flags.obj
 0001:000053b8       ??_C@_08DAKKFBIA@WIF_NONE?$AA@ 100063b8     flags.obj
 0001:000053c4       ??_C@_0BG@JMJAOELH@VOPT_SAVEFILEPOSITION?$AA@ 100063c4     flags.obj
 0001:000053dc       ??_C@_0BI@NCAHLEBN@VOPT_AUTODETECTCODEPAGE?$AA@ 100063dc     flags.obj
 0001:000053f4       ??_C@_0BC@FGLBHLDI@VOPT_SHOWTITLEBAR?$AA@ 100063f4     flags.obj
 0001:00005408       ??_C@_0BA@GAIDGLME@VOPT_SHOWKEYBAR?$AA@ 10006408     flags.obj
 0001:00005418       ??_C@_0BD@LEEGOJKA@VOPT_SHOWSCROLLBAR?$AA@ 10006418     flags.obj
 0001:0000542c       ??_C@_0P@NEIKPMJJ@VOPT_QUICKVIEW?$AA@ 1000642c     flags.obj
 0001:0000543c       ??_C@_09FIOJMNJ@VOPT_NONE?$AA@ 1000643c     flags.obj
 0001:00005448       ??_C@_0N@ILNDJNNO@VSMFL_REDRAW?$AA@ 10006448     flags.obj
 0001:00005458       ??_C@_0L@DLLCFLOD@VSMFL_NONE?$AA@ 10006458     flags.obj
 0001:00005464       ??_C@_0N@GHEHKHJN@VSP_NOREDRAW?$AA@ 10006464     flags.obj
 0001:00005474       ??_C@_0M@LHNGMHFO@VSP_PERCENT?$AA@ 10006474     flags.obj
 0001:00005480       ??_C@_0N@JGGGCNIP@VSP_RELATIVE?$AA@ 10006480     flags.obj
 0001:00005490       ??_C@_0BA@JKDMJLJG@VSP_NORETNEWPOS?$AA@ 10006490     flags.obj
 0001:000054a0       ??_C@_08MOKEMBNE@VSP_NONE?$AA@ 100064a0     flags.obj
 0001:000054ac       ??_C@_08FAPBJAKB@VMF_WRAP?$AA@ 100064ac     flags.obj
 0001:000054b8       ??_C@_0N@GHBDMLON@VMF_WORDWRAP?$AA@ 100064b8     flags.obj
 0001:000054c8       ??_C@_08KDJLELDJ@VMF_NONE?$AA@ 100064c8     flags.obj
 0001:000054d4       ??_C@_0BB@EDGIEBDF@ECF_TABMARKFIRST?$AA@ 100064d4     flags.obj
 0001:000054e8       ??_C@_0BD@DKGCCJNG@ECF_TABMARKCURRENT?$AA@ 100064e8     flags.obj
 0001:000054fc       ??_C@_0P@BAFEMBAJ@ECF_AUTODELETE?$AA@ 100064fc     flags.obj
 0001:0000550c       ??_C@_08CDFMCHLP@ECF_NONE?$AA@ 1000650c     flags.obj
 0001:00005518       ??_C@_0BA@KNNLMGCA@FIB_ENABLEEMPTY?$AA@ 10006518     flags.obj
 0001:00005528       ??_C@_0N@DLDJCGJI@FIB_PASSWORD?$AA@ 10006528     flags.obj
 0001:00005538       ??_C@_0O@DOHEGELC@FIB_EXPANDENV?$AA@ 10006538     flags.obj
 0001:00005548       ??_C@_0BF@CEMIHIOK@FIB_NOUSELASTHISTORY?$AA@ 10006548     flags.obj
 0001:00005560       ??_C@_0M@KJOJJDIM@FIB_BUTTONS?$AA@ 10006560     flags.obj
 0001:0000556c       ??_C@_0BA@COBBDHNL@FIB_NOAMPERSAND?$AA@ 1000656c     flags.obj
 0001:0000557c       ??_C@_0N@LBOCEEGH@FIB_EDITPATH?$AA@ 1000657c     flags.obj
 0001:0000558c       ??_C@_0BB@DCODFLEL@FIB_EDITPATHEXEC?$AA@ 1000658c     flags.obj
 0001:000055a0       ??_C@_08HPFOCDKB@FIB_NONE?$AA@ 100065a0     flags.obj
 0001:000055ac       ??_C@_0L@NMBLFMBN@FPF_LOADED?$AA@ 100065ac     flags.obj
 0001:000055b8       ??_C@_08GKECKCCJ@FPF_ANSI?$AA@ 100065b8     flags.obj
 0001:000055c4       ??_C@_08OIOFCNLC@FPF_NONE?$AA@ 100065c4     flags.obj
 0001:000055d0       ??_C@_0L@HODJIPGA@PN_CMPNAME?$AA@ 100065d0     flags.obj
 0001:000055dc       ??_C@_0P@KDEENAHJ@PN_CMPNAMELIST?$AA@ 100065dc     flags.obj
 0001:000055ec       ??_C@_0BA@BJCCEIOI@PN_GENERATENAME?$AA@ 100065ec     flags.obj
 0001:000055fc       ??_C@_0N@FEGPCCPJ@PN_CHECKMASK?$AA@ 100065fc     flags.obj
 0001:0000560c       ??_C@_0M@NOOLKEBH@PN_SKIPPATH?$AA@ 1000660c     flags.obj
 0001:00005618       ??_C@_0BE@OPDBOAAE@PN_SHOWERRORMESSAGE?$AA@ 10006618     flags.obj
 0001:0000562c       ??_C@_07PFKJNCJP@PN_NONE?$AA@ 1000662c     flags.obj
 0001:00005634       ??_C@_0BG@GOMJDMCK@XLAT_SWITCHKEYBLAYOUT?$AA@ 10006634     flags.obj
 0001:0000564c       ??_C@_0BE@KOIJDNLA@XLAT_SWITCHKEYBBEEP?$AA@ 1000664c     flags.obj
 0001:00005660       ??_C@_0BH@KBFAFPNA@XLAT_USEKEYBLAYOUTNAME?$AA@ 10006660     flags.obj
 0001:00005678       ??_C@_0BH@IANKLOAC@XLAT_CONVERTALLCMDLINE?$AA@ 10006678     flags.obj
 0001:00005690       ??_C@_09JCNLKBBK@XLAT_NONE?$AA@ 10006690     flags.obj
 0001:0000569c       ??_C@_0N@PJEDCNNJ@FRS_RETUPDIR?$AA@ 1000669c     flags.obj
 0001:000056ac       ??_C@_09GHEPLOHO@FRS_RECUR?$AA@ 100066ac     flags.obj
 0001:000056b8       ??_C@_0BA@JCPHOEAE@FRS_SCANSYMLINK?$AA@ 100066b8     flags.obj
 0001:000056c8       ??_C@_08JPCGJJKG@FRS_NONE?$AA@ 100066c8     flags.obj
 0001:000056d4       ??_C@_0P@LJPBHEIE@MLF_SHOWERRMSG?$AA@ 100066d4     flags.obj
 0001:000056e4       ??_C@_0BF@LMAGFLHF@MLF_DONOTUPDATEPANEL?$AA@ 100066e4     flags.obj
 0001:000056fc       ??_C@_0P@EPFBLPAE@MLF_HOLDTARGET?$AA@ 100066fc     flags.obj
 0001:0000570c       ??_C@_08EBKEJHAL@MLF_NONE?$AA@ 1000670c     flags.obj
 0001:00005718       ??_C@_0M@JDMKDBDH@FFFS_COMMAS?$AA@ 10006718     flags.obj
 0001:00005724       ??_C@_0P@JPMLNBKL@FFFS_FLOATSIZE?$AA@ 10006724     flags.obj
 0001:00005734       ??_C@_0BE@NPKCCEJ@FFFS_SHOWBYTESINDEX?$AA@ 10006734     flags.obj
 0001:00005748       ??_C@_0O@FPIOAIMC@FFFS_ECONOMIC?$AA@ 10006748     flags.obj
 0001:00005758       ??_C@_0O@HFIGPFIH@FFFS_THOUSAND?$AA@ 10006758     flags.obj
 0001:00005768       ??_C@_0BC@LLLANJJO@FFFS_MINSIZEINDEX?$AA@ 10006768     flags.obj
 0001:0000577c       ??_C@_0BH@PEGBPJKE@FFFS_MINSIZEINDEX_MASK?$AA@ 1000677c     flags.obj
 0001:00005794       ??_C@_09PBPAKNEI@FFFS_NONE?$AA@ 10006794     flags.obj
 0001:000057a0       ??_C@_0L@NHEJGKCF@PF_PRELOAD?$AA@ 100067a0     flags.obj
 0001:000057ac       ??_C@_0BB@GCINAIGN@PF_DISABLEPANELS?$AA@ 100067ac     flags.obj
 0001:000057c0       ??_C@_09OENCMPGE@PF_EDITOR?$AA@ 100067c0     flags.obj
 0001:000057cc       ??_C@_09NEKIJNNA@PF_VIEWER?$AA@ 100067cc     flags.obj
 0001:000057d8       ??_C@_0P@MBLBBCNK@PF_FULLCMDLINE?$AA@ 100067d8     flags.obj
 0001:000057e8       ??_C@_09GMFDAFKL@PF_DIALOG?$AA@ 100067e8     flags.obj
 0001:000057f4       ??_C@_07MGEGJMPI@PF_NONE?$AA@ 100067f4     flags.obj
 0001:000057fc       ??_C@_0BD@EGELEIIG@IPLFLAGS_SEPARATOR?$AA@ 100067fc     flags.obj
 0001:00005810       ??_C@_0O@JBNJFHHK@IPLFLAGS_NONE?$AA@ 10006810     flags.obj
 0001:00005820       ??_C@_0BD@KGHJOBGM@PMFLAGS_FULLSCREEN?$AA@ 10006820     flags.obj
 0001:00005834       ??_C@_0BH@GDAAKEMH@PMFLAGS_DETAILEDSTATUS?$AA@ 10006834     flags.obj
 0001:0000584c       ??_C@_0BI@BMHIBDMH@PMFLAGS_ALIGNEXTENSIONS?$AA@ 1000684c     flags.obj
 0001:00005864       ??_C@_0BH@KOFCBJBO@PMFLAGS_CASECONVERSION?$AA@ 10006864     flags.obj
 0001:0000587c       ??_C@_0N@DLFMCMOB@PMFLAGS_NONE?$AA@ 1000687c     flags.obj
 0001:0000588c       ??_C@_0BD@PBMGDJEM@OPIF_DISABLEFILTER?$AA@ 1000688c     flags.obj
 0001:000058a0       ??_C@_0BH@FHBKALPD@OPIF_DISABLESORTGROUPS?$AA@ 100068a0     flags.obj
 0001:000058b8       ??_C@_0BJ@NGLIANCL@OPIF_DISABLEHIGHLIGHTING?$AA@ 100068b8     flags.obj
 0001:000058d4       ??_C@_0N@JANKJMLP@OPIF_ADDDOTS?$AA@ 100068d4     flags.obj
 0001:000058e4       ??_C@_0BC@HOFHNJIG@OPIF_RAWSELECTION?$AA@ 100068e4     flags.obj
 0001:000058f8       ??_C@_0P@OFEDJCO@OPIF_REALNAMES?$AA@ 100068f8     flags.obj
 0001:00005908       ??_C@_0BD@FPGMNAPD@OPIF_SHOWNAMESONLY?$AA@ 10006908     flags.obj
 0001:0000591c       ??_C@_0BJ@NMIFAPJD@OPIF_SHOWRIGHTALIGNNAMES?$AA@ 1000691c     flags.obj
 0001:00005938       ??_C@_0BG@HGPMKHIE@OPIF_SHOWPRESERVECASE?$AA@ 10006938     flags.obj
 0001:00005950       ??_C@_0BE@GJEJHNKJ@OPIF_COMPAREFATTIME?$AA@ 10006950     flags.obj
 0001:00005964       ??_C@_0BB@PELHBPAM@OPIF_EXTERNALGET?$AA@ 10006964     flags.obj
 0001:00005978       ??_C@_0BB@CFFPNDFK@OPIF_EXTERNALPUT?$AA@ 10006978     flags.obj
 0001:0000598c       ??_C@_0BE@LKEMICNM@OPIF_EXTERNALDELETE?$AA@ 1000698c     flags.obj
 0001:000059a0       ??_C@_0BD@JIMJPFEP@OPIF_EXTERNALMKDIR?$AA@ 100069a0     flags.obj
 0001:000059b4       ??_C@_0BJ@CALDMPLF@OPIF_USEATTRHIGHLIGHTING?$AA@ 100069b4     flags.obj
 0001:000059d0       ??_C@_0O@JHHHMHIG@OPIF_USECRC32?$AA@ 100069d0     flags.obj
 0001:000059e0       ??_C@_0BB@PFDFAFHG@OPIF_USEFREESIZE?$AA@ 100069e0     flags.obj
 0001:000059f4       ??_C@_0O@FJPLJDBC@OPIF_SHORTCUT?$AA@ 100069f4     flags.obj
 0001:00005a04       ??_C@_09DOPJBMLM@OPIF_NONE?$AA@ 10006a04     flags.obj
 0001:00005a10       ??_C@_0L@GEHHKNBL@OPM_SILENT?$AA@ 10006a10     flags.obj
 0001:00005a1c       ??_C@_08EKEBOKEP@OPM_FIND?$AA@ 10006a1c     flags.obj
 0001:00005a28       ??_C@_08EHBLNDLO@OPM_VIEW?$AA@ 10006a28     flags.obj
 0001:00005a34       ??_C@_08LAAGEMJG@OPM_EDIT?$AA@ 10006a34     flags.obj
 0001:00005a40       ??_C@_0N@NDGKAFDM@OPM_TOPLEVEL?$AA@ 10006a40     flags.obj
 0001:00005a50       ??_C@_09EBKAPHPA@OPM_DESCR?$AA@ 10006a50     flags.obj
 0001:00005a5c       ??_C@_0O@OPDAGBBE@OPM_QUICKVIEW?$AA@ 10006a5c     flags.obj
 0001:00005a6c       ??_C@_08LCEGJCAC@OPM_PGDN?$AA@ 10006a6c     flags.obj
 0001:00005a78       ??_C@_0N@HKCLLJDG@OPM_COMMANDS?$AA@ 10006a78     flags.obj
 0001:00005a88       ??_C@_08EGEBMPBD@OPM_NONE?$AA@ 10006a88     flags.obj
 0001:00005a94       ??_C@_0M@MIGJPBPE@FOSF_ACTIVE?$AA@ 10006a94     flags.obj
 0001:00005aa0       ??_C@_09FMOOJHDF@FOSF_NONE?$AA@ 10006aa0     flags.obj
 0001:00005aac       ??_C@_09HNBBLIGN@PCIF_NONE?$AA@ 10006aac     flags.obj
 0001:00005ab8       ??_C@_0BA@MAEBFMHC@FOREGROUND_BLUE?$AA@ 10006ab8     flags.obj
 0001:00005ac8       ??_C@_0BB@PDFNMAI@FOREGROUND_GREEN?$AA@ 10006ac8     flags.obj
 0001:00005adc       ??_C@_0P@PBJHCFGA@FOREGROUND_RED?$AA@ 10006adc     flags.obj
 0001:00005aec       ??_C@_0BF@OOGEJCC@FOREGROUND_INTENSITY?$AA@ 10006aec     flags.obj
 0001:00005b04       ??_C@_0BA@PIFINJCK@BACKGROUND_BLUE?$AA@ 10006b04     flags.obj
 0001:00005b14       ??_C@_0BB@GKLNBMEL@BACKGROUND_GREEN?$AA@ 10006b14     flags.obj
 0001:00005b28       ??_C@_0P@DANALJMC@BACKGROUND_RED?$AA@ 10006b28     flags.obj
 0001:00005b38       ??_C@_0BF@NIGKKPCF@BACKGROUND_INTENSITY?$AA@ 10006b38     flags.obj
 0001:00005b50       ??_C@_0N@FEFOEFHG@CTRL_C_EVENT?$AA@ 10006b50     flags.obj
 0001:00005b60       ??_C@_0BB@ELEIIFAE@CTRL_BREAK_EVENT?$AA@ 10006b60     flags.obj
 0001:00005b74       ??_C@_0BB@KMPDMOKK@CTRL_CLOSE_EVENT?$AA@ 10006b74     flags.obj
 0001:00005b88       ??_C@_0BC@MCKCEPAL@CTRL_LOGOFF_EVENT?$AA@ 10006b88     flags.obj
 0001:00005b9c       ??_C@_0BE@BCNEFGKM@CTRL_SHUTDOWN_EVENT?$AA@ 10006b9c     flags.obj
 0001:00005bb0       ??_C@_0BC@BBOPHMOM@ENABLE_LINE_INPUT?$AA@ 10006bb0     flags.obj
 0001:00005bc4       ??_C@_0BC@JPFKLHOC@ENABLE_ECHO_INPUT?$AA@ 10006bc4     flags.obj
 0001:00005bd8       ??_C@_0BH@EHINFMOF@ENABLE_PROCESSED_INPUT?$AA@ 10006bd8     flags.obj
 0001:00005bf0       ??_C@_0BE@BLAHACNB@ENABLE_WINDOW_INPUT?$AA@ 10006bf0     flags.obj
 0001:00005c04       ??_C@_0BD@BJECBJPO@ENABLE_MOUSE_INPUT?$AA@ 10006c04     flags.obj
 0001:00005c18       ??_C@_0BD@KJBPOMPN@ENABLE_INSERT_MODE?$AA@ 10006c18     flags.obj
 0001:00005c2c       ??_C@_0BH@BJKMFKAO@ENABLE_QUICK_EDIT_MODE?$AA@ 10006c2c     flags.obj
 0001:00005c44       ??_C@_0BG@CBCHHIEH@ENABLE_EXTENDED_FLAGS?$AA@ 10006c44     flags.obj
 0001:00005c5c       ??_C@_0BF@PEBFEBKN@ENABLE_AUTO_POSITION?$AA@ 10006c5c     flags.obj
 0001:00005c74       ??_C@_0BI@MHKNPIFM@ENABLE_PROCESSED_OUTPUT?$AA@ 10006c74     flags.obj
 0001:00005c8c       ??_C@_0BK@CDKLKCHJ@ENABLE_WRAP_AT_EOL_OUTPUT?$AA@ 10006c8c     flags.obj
 0001:00005ca8       ??_C@_09JBABGNAE@KEY_EVENT?$AA@ 10006ca8     flags.obj
 0001:00005cb4       ??_C@_0M@CPILDGOO@MOUSE_EVENT?$AA@ 10006cb4     flags.obj
 0001:00005cc0       ??_C@_0BJ@OHDOHJKG@WINDOW_BUFFER_SIZE_EVENT?$AA@ 10006cc0     flags.obj
 0001:00005cdc       ??_C@_0L@MPODFLFH@MENU_EVENT?$AA@ 10006cdc     flags.obj
 0001:00005ce8       ??_C@_0M@LNGHCCGJ@FOCUS_EVENT?$AA@ 10006ce8     flags.obj
 0001:00005cf4       ??_C@_0M@MKBGBFGO@CAPSLOCK_ON?$AA@ 10006cf4     flags.obj
 0001:00005d00       ??_C@_0N@EMEOEKDA@ENHANCED_KEY?$AA@ 10006d00     flags.obj
 0001:00005d10       ??_C@_0BC@GDHABBAP@RIGHT_ALT_PRESSED?$AA@ 10006d10     flags.obj
 0001:00005d24       ??_C@_0BB@MCADLJJO@LEFT_ALT_PRESSED?$AA@ 10006d24     flags.obj
 0001:00005d38       ??_C@_0BD@NEHHNAHO@RIGHT_CTRL_PRESSED?$AA@ 10006d38     flags.obj
 0001:00005d4c       ??_C@_0BC@FDNOAAAE@LEFT_CTRL_PRESSED?$AA@ 10006d4c     flags.obj
 0001:00005d60       ??_C@_0O@OGDFJMBK@SHIFT_PRESSED?$AA@ 10006d60     flags.obj
 0001:00005d70       ??_C@_0L@IMGKKBIM@NUMLOCK_ON?$AA@ 10006d70     flags.obj
 0001:00005d7c       ??_C@_0O@LAHFNPLG@SCROLLLOCK_ON?$AA@ 10006d7c     flags.obj
 0001:00005d8c       ??_C@_0BN@HACKHGAB@FROM_LEFT_1ST_BUTTON_PRESSED?$AA@ 10006d8c     flags.obj
 0001:00005dac       ??_C@_0BJ@JECFAJNJ@RIGHTMOST_BUTTON_PRESSED?$AA@ 10006dac     flags.obj
 0001:00005dc8       ??_C@_0BN@BJCFPKCG@FROM_LEFT_2ND_BUTTON_PRESSED?$AA@ 10006dc8     flags.obj
 0001:00005de8       ??_C@_0BN@PMJNFPGM@FROM_LEFT_3RD_BUTTON_PRESSED?$AA@ 10006de8     flags.obj
 0001:00005e08       ??_C@_0BN@CNMHAAPD@FROM_LEFT_4TH_BUTTON_PRESSED?$AA@ 10006e08     flags.obj
 0001:00005e28       ??_C@_0M@KKBDEELB@MOUSE_MOVED?$AA@ 10006e28     flags.obj
 0001:00005e34       ??_C@_0N@EDCKBGJE@DOUBLE_CLICK?$AA@ 10006e34     flags.obj
 0001:00005e44       ??_C@_0O@GABDOPO@MOUSE_WHEELED?$AA@ 10006e44     flags.obj
 0001:00005e54       ??_C@_0BA@OOKCCMHH@KEY_WOW64_32KEY?$AA@ 10006e54     flags.obj
 0001:00005e64       ??_C@_0BA@DBCPEIGE@KEY_WOW64_64KEY?$AA@ 10006e64     flags.obj
 0001:00008144       ??_C@_06ICDCBJPI@Colors?$AA@ 10009144     keysandcolors.obj
 0001:0000814c       ??_C@_05GALAPKHH@Guids?$AA@ 1000914c     keysandcolors.obj
 0001:000089e0       ??_C@_01EEMJAFIK@?6?$AA@   100099e0     lflua.obj
 0001:000089e4       ??_C@_0BB@BJDGDOHH@cannot?5?$CFs?5?$CFs?3?5?$CFs?$AA@ 100099e4     lflua.obj
 0001:000089f8       ??_C@_03PKPBNCAL@?o?$LL?$LP?$AA@ 100099f8     lflua.obj
 0001:000089fc       ??_C@_06CCPPALKB@?$DNstdin?$AA@ 100099fc     lflua.obj
 0001:00008a04       ??_C@_01EOFPKCAF@?$EA?$AA@ 10009a04     lflua.obj
 0001:00008a08       ??_C@_04PMOCAHAA@open?$AA@ 10009a08     lflua.obj
 0001:00008a10       ??_C@_15JJPIMNBO@?$AAr?$AAb?$AA?$AA@ 10009a10     lflua.obj
 0001:00008a18       ??_C@_06IEGCHAII@reopen?$AA@ 10009a18     lflua.obj
 0001:00008a20       ??_C@_04POLDLDMI@read?$AA@ 10009a20     lflua.obj
 0001:00008a28       ??_C@_02LOCGON@?$AA?$AA?$AA@ 10009a28     lflua.obj
 0001:000092b8       _regex_methods             1000a2b8     lregex.obj
 0001:00009318       _regex_functions           1000a318     lregex.obj
 0001:00009378       ??_C@_04CKFJHKAP@find?$AA@ 1000a378     lregex.obj
 0001:00009380       ??_C@_04GOLEAPFD@gsub?$AA@ 1000a380     lregex.obj
 0001:00009388       ??_C@_05FNONLPDI@match?$AA@ 1000a388     lregex.obj
 0001:00009390       ??_C@_04MGEIEJAD@exec?$AA@ 1000a390     lregex.obj
 0001:00009398       ??_C@_05GFGPIPHI@findW?$AA@ 1000a398     lregex.obj
 0001:000093a0       ??_C@_05HPGHPNC@gsubW?$AA@ 1000a3a0     lregex.obj
 0001:000093a8       ??_C@_06NNKFJOLC@matchW?$AA@ 1000a3a8     lregex.obj
 0001:000093b0       ??_C@_05GMDFNCGA@execW?$AA@ 1000a3b0     lregex.obj
 0001:000093b8       ??_C@_0O@OJAOCNID@bracketscount?$AA@ 1000a3b8     lregex.obj
 0001:000093c8       ??_C@_04BDLIKKMN@__gc?$AA@ 1000a3c8     lregex.obj
 0001:000093d0       ??_C@_06DPFCLDIO@gmatch?$AA@ 1000a3d0     lregex.obj
 0001:000093d8       ??_C@_07PPMFDHAH@gmatchW?$AA@ 1000a3d8     lregex.obj
 0001:000093e0       ??_C@_09KIEPBIJC@far_regex?$AA@ 1000a3e0     lregex.obj
 0001:000093ec       ??_C@_0BO@PBOFMCLL@attempt?5to?5access?5freed?5regex?$AA@ 1000a3ec     lregex.obj
 0001:0000940c       ??_C@_07IHINEPFG@?$CFs?5?$CI?$CFp?$CJ?$AA@ 1000a40c     lregex.obj
 0001:00009414       ??_C@_01KMDKNFGN@?1?$AA@   1000a414     lregex.obj
 0001:00009418       ??_C@_0BE@BBBEAHLK@RECTL_CREATE?5failed?$AA@ 1000a418     lregex.obj
 0001:0000942c       ??_C@_0BL@HEFMPIBG@invalid?5regular?5expression?$AA@ 1000a42c     lregex.obj
 0001:00009448       ??_C@_0BK@JCLHPPNA@cannot?5add?5?$CFd?5stack?5slots?$AA@ 1000a448     lregex.obj
 0001:00009464       ??_C@_0BM@MOHHGMBK@string?5or?5table?5or?5function?$AA@ 1000a464     lregex.obj
 0001:00009480       ??_C@_0CG@IDFLGMFM@replace?5string?3?5invalid?5capture?5@ 1000a480     lregex.obj
 0001:000094a8       ??_C@_0BJ@IMAIDFKH@invalid?5replacement?5type?$AA@ 1000a4a8     lregex.obj
 0001:000094c4       ??_C@_0BE@KPDOHKBE@invalid?5return?5type?$AA@ 1000a4c4     lregex.obj
 0001:000094d8       ??_C@_07NHABFFHN@__index?$AA@ 1000a4d8     lregex.obj
 0001:000094e0       ??_C@_05FGAODPCE@regex?$AA@ 1000a4e0     lregex.obj
 0001:00009d80       ??_C@_0BC@PMGNICBE@MacroPluginReturn?$AA@ 1000ad80     luamacro.obj
 0001:00009d94       ??_C@_02JIEIHMJD@wl?$AA@   1000ad94     luamacro.obj
 0001:00009d98       ??_C@_15PMCGDJNJ@?$AAO?$AAK?$AA?$AA@ 1000ad98     luamacro.obj
 0001:00009da0       ??_C@_1BC@GBFPAMBP@?$AAL?$AAu?$AAa?$AAM?$AAa?$AAc?$AAr?$AAo?$AA?$AA@ 1000ada0     luamacro.obj
 0001:00009db8       ??_C@_1FA@DAFHIDEP@?$AAt?$AAo?$AAo?$AA?5?$AAm?$AAa?$AAn?$AAy?$AA?5?$AAv?$AAa?$AAl?$AAu?$AAe?$AAs?$AA?5?$AAt?$AAo?$AA?5?$AAp?$AAl?$AAa?$AAc?$AAe?$AA?5?$AAo?$AAn?$AAt?$AAo?$AA?5?$AAL?$AAu@ 1000adb8     luamacro.obj
 0001:00009e08       ??_C@_0BN@ICDOMFBB@invalid?5argument?5?$CD?$CFd?5to?5?8?$CFs?8?$AA@ 1000ae08     luamacro.obj
 0001:00009e28       ??_C@_0BB@FCMFBGOM@invalid?5argument?$AA@ 1000ae28     luamacro.obj
 0001:0000a6c0       _usercontrol_methods       1000b6c0     lusercontrol.obj
 0001:0000a6e8       _usercontrol_functions     1000b6e8     lusercontrol.obj
 0001:0000a6f8       ??_C@_05MNDELLDN@__len?$AA@ 1000b6f8     lusercontrol.obj
 0001:0000a700       ??_C@_0L@GADKNKH@__newindex?$AA@ 1000b700     lusercontrol.obj
 0001:0000a70c       ??_C@_0BC@KFJDHEIC@CreateUserControl?$AA@ 1000b70c     lusercontrol.obj
[...]
 0001:0004fd80       __sehtable$??$common_getenv@_W@@YAPA_WQB_W@Z 10050d80     libucrt:getenv.obj
 0001:0004fda0       __sehtable$??$common_dupenv_s@_W@@YAHQAPA_WQAIQB_WHQBDH@Z 10050da0     libucrt:getenv.obj
 0001:0004fdc0       __sehtable$??R<lambda_6e4b09c48022b2350581041d5f6b0c4c>@@QBE@XZ 10050dc0     libucrt:exit.obj
 0001:0004fde0       __sehtable$??$?RV<lambda_03b1d95aef87969028cfba75ccab2455>@@AAV<lambda_6e4b09c48022b2350581041d5f6b0c4c>@@V<lambda_22bdf7517842c4b3e53723af5aa32b9e>@@@?$__crt_seh_guarded_call@X@@QAEX$$QAV<lambda_03b1d95aef87969028cfba75ccab2455>@@AAV<lambda_6e4b09c48022b2350581041d5f6b0c4c>@@$$QAV<lambda_22bdf7517842c4b3e53723af5aa32b9e>@@@Z 10050de0     libucrt:exit.obj
 0001:0004fe00       __sehtable$??$?RV<lambda_7ac4055421038abea736e08bd20712a4>@@AAV<lambda_a10e4b102d4a2c3aac6f4f48bbdf488f>@@V<lambda_1da61822885009acd1bf848af4f9644b>@@@?$__crt_seh_guarded_call@H@@QAEH$$QAV<lambda_7ac4055421038abea736e08bd20712a4>@@AAV<lambda_a10e4b102d4a2c3aac6f4f48bbdf488f>@@$$QAV<lambda_1da61822885009acd1bf848af4f9644b>@@@Z 10050e00     libucrt:onexit.obj
 0001:0004fe20       __sehtable$??$?RV<lambda_69a2805e680e0e292e8ba93315fe43a8>@@AAV<lambda_f03950bc5685219e0bcd2087efbe011e>@@V<lambda_03fcd07e894ec930e3f35da366ca99d6>@@@?$__crt_seh_guarded_call@H@@QAEH$$QAV<lambda_69a2805e680e0e292e8ba93315fe43a8>@@AAV<lambda_f03950bc5685219e0bcd2087efbe011e>@@$$QAV<lambda_03fcd07e894ec930e3f35da366ca99d6>@@@Z 10050e20     libucrt:onexit.obj
 0001:0004fe40       __sehtable$_terminate      10050e40     libucrt:terminate.obj
 0001:0004fe60       __sehtable$??$?RV<lambda_15ade71b0218206bbe3333a0c9b79046>@@AAV<lambda_da44e0f8b0f19ba52fefafb335991732>@@V<lambda_207f2d024fc103971653565357d6cd41>@@@?$__crt_seh_guarded_call@X@@QAEX$$QAV<lambda_15ade71b0218206bbe3333a0c9b79046>@@AAV<lambda_da44e0f8b0f19ba52fefafb335991732>@@$$QAV<lambda_207f2d024fc103971653565357d6cd41>@@@Z 10050e60     libucrt:per_thread_data.obj
 0001:0004fe80       __sehtable$??$?RV<lambda_a7e850c220f1c8d1e6efeecdedd162c6>@@AAV<lambda_46720907175c18b6c9d2717bc0d2d362>@@V<lambda_9048902d66e8d99359bc9897bbb930a8>@@@?$__crt_seh_guarded_call@X@@QAEX$$QAV<lambda_a7e850c220f1c8d1e6efeecdedd162c6>@@AAV<lambda_46720907175c18b6c9d2717bc0d2d362>@@$$QAV<lambda_9048902d66e8d99359bc9897bbb930a8>@@@Z 10050e80     libucrt:per_thread_data.obj
 0001:0004fea0       __sehtable$??$?RV<lambda_38edbb1296d33220d7e4dd0ed76b244a>@@AAV<lambda_5ce1d447e08cb34b2473517608e21441>@@V<lambda_fb385d3da700c9147fc39e65dd577a8c>@@@?$__crt_seh_guarded_call@X@@QAEX$$QAV<lambda_38edbb1296d33220d7e4dd0ed76b244a>@@AAV<lambda_5ce1d447e08cb34b2473517608e21441>@@$$QAV<lambda_fb385d3da700c9147fc39e65dd577a8c>@@@Z 10050ea0     libucrt:per_thread_data.obj
 0001:0004fec0       __sehtable$??$?RV<lambda_6affb1475c98b40b75cdec977db92e3c>@@AAV<lambda_b8d4b9c228a6ecc3f80208dbb4b4a104>@@V<lambda_608742c3c92a14382c1684fc64f96c88>@@@?$__crt_seh_guarded_call@X@@QAEX$$QAV<lambda_6affb1475c98b40b75cdec977db92e3c>@@AAV<lambda_b8d4b9c228a6ecc3f80208dbb4b4a104>@@$$QAV<lambda_608742c3c92a14382c1684fc64f96c88>@@@Z 10050ec0     libucrt:per_thread_data.obj
 0001:0004fee0       __sehtable$??$?RV<lambda_e5124f882df8998aaf41531e079ba474>@@AAV<lambda_3e16ef9562a7dcce91392c22ab16ea36>@@V<lambda_e25ca0880e6ef98be67edffd8c599615>@@@?$__crt_seh_guarded_call@X@@QAEX$$QAV<lambda_e5124f882df8998aaf41531e079ba474>@@AAV<lambda_3e16ef9562a7dcce91392c22ab16ea36>@@$$QAV<lambda_e25ca0880e6ef98be67edffd8c599615>@@@Z 10050ee0     libucrt:wsetlocale.obj
 0001:0004ff00       __sehtable$___acrt_initialize_lowio 10050f00     libucrt:ioinit.obj
 0001:0004ff20       __sehtable$?__acrt_stdio_allocate_stream@@YA?AV__crt_stdio_stream@@XZ 10050f20     libucrt:stream.obj
 0001:0004ff40       __sehtable$??$?RV<lambda_218ce3db14220d0be481dae8ef3383b6>@@AAV<lambda_628dfdc04ba53c8bfc02c9951375f3f5>@@V<lambda_57dc472bd5c9d5f3b2cbca59b8a843ae>@@@?$__crt_seh_guarded_call@H@@QAEH$$QAV<lambda_218ce3db14220d0be481dae8ef3383b6>@@AAV<lambda_628dfdc04ba53c8bfc02c9951375f3f5>@@$$QAV<lambda_57dc472bd5c9d5f3b2cbca59b8a843ae>@@@Z 10050f40     libucrt:close.obj
 0001:0004ff60       __sehtable$_raise          10050f60     libucrt:signal.obj
 0001:0004ff80       __sehtable$??$?RV<lambda_cbab9ec6f41b0180b23cc171c22676b0>@@AAV<lambda_44731a7d0e6d81c3e6aa82d741081786>@@V<lambda_4b292cb8dd18144e164572427af410ab>@@@?$__crt_seh_guarded_call@P6AXH@Z@@QAEP6AXH@Z$$QAV<lambda_cbab9ec6f41b0180b23cc171c22676b0>@@AAV<lambda_44731a7d0e6d81c3e6aa82d741081786>@@$$QAV<lambda_4b292cb8dd18144e164572427af410ab>@@@Z 10050f80     libucrt:signal.obj
 0001:0004ffa0       __sehtable$___set_fpsr_sse2 10050fa0     libucrt:fpctrl.obj
 0001:0004ffc0       __sehtable$__fcloseall     10050fc0     libucrt:closeall.obj
 0001:0004ffe0       __sehtable$__read          10050fe0     libucrt:read.obj
 0001:00050000       __sehtable$??$common_lseek@J@@YAJHJH@Z 10051000     libucrt:lseek.obj
 0001:00050020       __sehtable$??$common_lseek@_J@@YA_JH_JH@Z 10051020     libucrt:lseek.obj
 0001:00050040       __sehtable$__pipe          10051040     libucrt:pipe.obj
 0001:00050068       __sehtable$??$common_fdopen@_W@@YAPAU_iobuf@@HQB_W@Z 10051068     libucrt:fdopen.obj
 0001:00050088       __sehtable$??$?RV<lambda_9e9de3de5fa147e2223d7db92bc10aa6>@@AAV<lambda_38ce7e780aa69e748d6df282ebc68efe>@@V<lambda_8ca6da459f0f6780f1cff60fdc3d00e5>@@@?$__crt_seh_guarded_call@H@@QAEH$$QAV<lambda_9e9de3de5fa147e2223d7db92bc10aa6>@@AAV<lambda_38ce7e780aa69e748d6df282ebc68efe>@@$$QAV<lambda_8ca6da459f0f6780f1cff60fdc3d00e5>@@@Z 10051088     libucrt:commit.obj
 0001:000500a8       __sehtable$__write         100510a8     libucrt:write.obj
 0001:000500c8       __sehtable$??$common_sopen_dispatch@D@@YAHQBDHHHQAHH@Z 100510c8     libucrt:open.obj
 0001:000500e8       __sehtable$??$common_sopen_dispatch@_W@@YAHQB_WHHHQAHH@Z 100510e8     libucrt:open.obj
 0001:00050108       __sehtable$__rmtmp         10051108     libucrt:rmtmp.obj
 0001:00050130       __sehtable$??$?RV<lambda_0d12ecb3bf3ca5a4f1a42c640a7c22e0>@@AAV<lambda_241ee9115c0d92402402ee49b68a53b6>@@V<lambda_c39bc7ceba6248164186568028d32970>@@@?$__crt_seh_guarded_call@_N@@QAE_N$$QAV<lambda_0d12ecb3bf3ca5a4f1a42c640a7c22e0>@@AAV<lambda_241ee9115c0d92402402ee49b68a53b6>@@$$QAV<lambda_c39bc7ceba6248164186568028d32970>@@@Z 10051130     libucrt:spawnv.obj
 0001:00050150       __sehtable$?update_thread_multibyte_data_internal@@YAPAU__crt_multibyte_data@@QAU__acrt_ptd@@QAPAU1@@Z 10051150     libucrt:mbctype.obj
 0001:00050170       __sehtable$??$?RV<lambda_ceb1ee4838e85a9d631eb091e2fbe199>@@AAV<lambda_ae742caa10f662c28703da3d2ea5e57e>@@V<lambda_cd08b5d6af4937fe54fc07d0c9bf6b37>@@@?$__crt_seh_guarded_call@X@@QAEX$$QAV<lambda_ceb1ee4838e85a9d631eb091e2fbe199>@@AAV<lambda_ae742caa10f662c28703da3d2ea5e57e>@@$$QAV<lambda_cd08b5d6af4937fe54fc07d0c9bf6b37>@@@Z 10051170     libucrt:mbctype.obj
 0001:00050190       __sehtable$__query_new_handler 10051190     libucrt:new_handler.obj
 0001:000501b0       __sehtable$___acrt_update_thread_locale_data 100511b0     libucrt:locale_refcounting.obj
 0001:000501d0       __sehtable$__alloc_osfhnd  100511d0     libucrt:osfinfo.obj
 0001:000501f0       __sehtable$___acrt_lowio_ensure_fh_exists 100511f0     libucrt:osfinfo.obj
 0001:00050210       __sehtable$__IsNonwritableInCurrentImage 10051210     LIBCMT:pesect.obj
 0001:00050230       .edata                     10051230     luafar3.exp
 0001:00050258       rgpv                       10051258     luafar3.exp
 0001:00050304       rgszName                   10051304     luafar3.exp
 0001:000503b0       rgwOrd                     100513b0     luafar3.exp
 0001:00050406       szName                     10051406     luafar3.exp
 0001:00050412       $N00001                    10051412     luafar3.exp
 0001:0005041d       $N00002                    1005141d     luafar3.exp
 0001:0005042d       $N00003                    1005142d     luafar3.exp
 0001:0005043b       $N00004                    1005143b     luafar3.exp
 0001:00050446       $N00005                    10051446     luafar3.exp
 0001:00050453       $N00006                    10051453     luafar3.exp
 0001:00050462       $N00007                    10051462     luafar3.exp
 0001:0005046d       $N00008                    1005146d     luafar3.exp
 0001:00050477       $N00009                    10051477     luafar3.exp
 0001:00050482       $N00010                    10051482     luafar3.exp
 0001:00050495       $N00011                    10051495     luafar3.exp
 0001:000504a5       $N00012                    100514a5     luafar3.exp
 0001:000504b7       $N00013                    100514b7     luafar3.exp
 0001:000504cb       $N00014                    100514cb     luafar3.exp
 0001:000504d7       $N00015                    100514d7     luafar3.exp
 0001:000504e6       $N00016                    100514e6     luafar3.exp
 0001:000504f7       $N00017                    100514f7     luafar3.exp
 0001:00050507       $N00018                    10051507     luafar3.exp
 0001:0005051b       $N00019                    1005151b     luafar3.exp
 0001:0005052c       $N00020                    1005152c     luafar3.exp
 0001:00050534       $N00021                    10051534     luafar3.exp
 0001:00050545       $N00022                    10051545     luafar3.exp
 0001:00050556       $N00023                    10051556     luafar3.exp
 0001:00050562       $N00024                    10051562     luafar3.exp
 0001:00050573       $N00025                    10051573     luafar3.exp
 0001:00050584       $N00026                    10051584     luafar3.exp
 0001:0005058f       $N00027                    1005158f     luafar3.exp
 0001:00050597       $N00028                    10051597     luafar3.exp
 0001:000505ae       $N00029                    100515ae     luafar3.exp
 0001:000505c4       $N00030                    100515c4     luafar3.exp
 0001:000505da       $N00031                    100515da     luafar3.exp
 0001:000505f0       $N00032                    100515f0     luafar3.exp
 0001:00050602       $N00033                    10051602     luafar3.exp
 0001:00050615       $N00034                    10051615     luafar3.exp
 0001:0005062a       $N00035                    1005162a     luafar3.exp
 0001:0005063f       $N00036                    1005163f     luafar3.exp
 0001:00050656       $N00037                    10051656     luafar3.exp
 0001:0005066c       $N00038                    1005166c     luafar3.exp
 0001:00050678       $N00039                    10051678     luafar3.exp
 0001:0005068c       $N00040                    1005168c     luafar3.exp
 0001:0005069d       $N00041                    1005169d     luafar3.exp
 0001:000506ad       $N00042                    100516ad     luafar3.exp
 0001:000506bc       $N00043                    100516bc     luafar3.exp
 0002:00000f28       _pageMap                   10052f28     slnunico.obj
 0002:00002628       _groupMap                  10054628     slnunico.obj
 0002:000043d8       _groups                    100563d8     slnunico.obj
 0002:00004610       ?__vcrt_flsindex@@3KA      10056610     libvcruntime:per_thread_data.obj
 0002:00004630       ?errno_no_memory@@3HA      10056630     libucrt:errno.obj
 0002:00004634       ?doserrno_no_memory@@3KA   10056634     libucrt:errno.obj
 0002:000046e4       ?__acrt_flsindex@@3KA      100566e4     libucrt:per_thread_data.obj
 0002:000047e0       ?__DAZ_ENABLED@?1??__set_fpsr_sse2@@9@9 100567e0     libucrt:fpctrl.obj
 0002:000048f0       __mbctypes                 100568f0     libucrt:mbctype.obj
 0002:000049f8       __mbcasemaps               100569f8     libucrt:mbctype.obj
 0002:00004af8       ?__rgctypeflag@@3PADA      10056af8     libucrt:mbctype.obj
 0002:00004b00       ?__rgcode_page_info@@3PAUcode_page_info@@A 10056b00     libucrt:mbctype.obj
 0002:00004e70       ?__dcrt_lowio_console_output_handle@@3PAXA 10056e70     libucrt:initcon.obj
 0002:00004e80       _luaopen_bit               10056e80     service.obj
 0002:00004e84       _luaopen_ffi               10056e84     service.obj
 0002:00004e88       _luaopen_jit               10056e88     service.obj
 0002:00004e90       ?Cookie@?1??XorPointer@@YAPAXPAX@Z@4IB 10056e90     vc_crt_fix_impl.obj
 0002:00004e94       ?$S1@?1??XorPointer@@YAPAXPAX@Z@4IA 10056e94     vc_crt_fix_impl.obj
 0002:00004e98       ?Function@?1??EncodePointerWrapper@@9@4@4Q6GPAXPAX@ZA 10056e98     vc_crt_fix_impl.obj
 0002:00004e9c       ?$S2@?1??EncodePointerWrapper@@9@4@4IA 10056e9c     vc_crt_fix_impl.obj
 0002:00004ea0       ?Function@?1??DecodePointerWrapper@@9@4@4Q6GPAXPAX@ZA 10056ea0     vc_crt_fix_impl.obj
 0002:00004ea4       ?$S3@?1??DecodePointerWrapper@@9@4@4IA 10056ea4     vc_crt_fix_impl.obj
 0002:00004ea8       ?Function@?1??GetModuleHandleExWWrapper@@9@12@4Q6GHKPB_WPAPAUHINSTANCE__@@@ZA 10056ea8     vc_crt_fix_impl.obj
 0002:00004eac       ?$S4@?1??GetModuleHandleExWWrapper@@9@12@4IA 10056eac     vc_crt_fix_impl.obj
 0002:00004eb0       ?Deleter@?1??InitializeSListHead@implementation@slist@@YGXPAT_SLIST_HEADER@@@Z@4Vservice_deleter@23@A 10056eb0     vc_crt_fix_impl.obj
 0002:00004ed0       ?$S5@?1??InitializeSListHead@implementation@slist@@YGXPAT_SLIST_HEADER@@@Z@4IA 10056ed0     vc_crt_fix_impl.obj
 0002:00004ed4       ?Function@?1??InitializeSListHeadWrapper@@9@4@4Q6GXPAT_SLIST_HEADER@@@ZA 10056ed4     vc_crt_fix_impl.obj
 0002:00004ed8       ?$S6@?1??InitializeSListHeadWrapper@@9@4@4IA 10056ed8     vc_crt_fix_impl.obj
 0002:00004edc       ?Function@?1??InterlockedFlushSListWrapper@@9@4@4Q6GPAU_SINGLE_LIST_ENTRY@@PAT_SLIST_HEADER@@@ZA 10056edc     vc_crt_fix_impl.obj
 0002:00004ee0       ?$S7@?1??InterlockedFlushSListWrapper@@9@4@4IA 10056ee0     vc_crt_fix_impl.obj
 0002:00004ee4       ?Function@?1??InterlockedPopEntrySListWrapper@@9@4@4Q6GPAU_SINGLE_LIST_ENTRY@@PAT_SLIST_HEADER@@@ZA 10056ee4     vc_crt_fix_impl.obj
 0002:00004ee8       ?$S8@?1??InterlockedPopEntrySListWrapper@@9@4@4IA 10056ee8     vc_crt_fix_impl.obj
 0002:00004eec       ?Function@?1??InterlockedPushEntrySListWrapper@@9@8@4Q6GPAU_SINGLE_LIST_ENTRY@@PAT_SLIST_HEADER@@PAU2@@ZA 10056eec     vc_crt_fix_impl.obj
 0002:00004ef0       ?$S9@?1??InterlockedPushEntrySListWrapper@@9@8@4IA 10056ef0     vc_crt_fix_impl.obj
 0002:00004ef4       ?Function@?1??InterlockedPushListSListExWrapper@@9@16@4Q6GPAU_SINGLE_LIST_ENTRY@@PAT_SLIST_HEADER@@PAU2@1K@ZA 10056ef4     vc_crt_fix_impl.obj
 0002:00004ef8       ?$S10@?1??InterlockedPushListSListExWrapper@@9@16@4IA 10056ef8     vc_crt_fix_impl.obj
 0002:00004efc       ?Function@?1??RtlFirstEntrySListWrapper@@9@4@4Q6GPAU_SINGLE_LIST_ENTRY@@PAT_SLIST_HEADER@@@ZA 10056efc     vc_crt_fix_impl.obj
 0002:00004f00       ?$S11@?1??RtlFirstEntrySListWrapper@@9@4@4IA 10056f00     vc_crt_fix_impl.obj
 0002:00004f04       ?Function@?1??QueryDepthSListWrapper@@9@4@4Q6GGPAT_SLIST_HEADER@@@ZA 10056f04     vc_crt_fix_impl.obj
 0002:00004f08       ?$S12@?1??QueryDepthSListWrapper@@9@4@4IA 10056f08     vc_crt_fix_impl.obj
 0002:00004f0c       ?Function@?1??GetNumaHighestNodeNumberWrapper@@9@4@4Q6GHPAK@ZA 10056f0c     vc_crt_fix_impl.obj
 0002:00004f10       ?$S13@?1??GetNumaHighestNodeNumberWrapper@@9@4@4IA 10056f10     vc_crt_fix_impl.obj
 0002:00004f14       ?Function@?1??GetLogicalProcessorInformationWrapper@@9@8@4Q6GHPAU_SYSTEM_LOGICAL_PROCESSOR_INFORMATION@@PAK@ZA 10056f14     vc_crt_fix_impl.obj
 0002:00004f18       ?$S14@?1??GetLogicalProcessorInformationWrapper@@9@8@4IA 10056f18     vc_crt_fix_impl.obj
 0002:00004f1c       ?module_local_atexit_table@@3U_onexit_table_t@@A 10056f1c     LIBCMT:utility.obj
 0002:00004f28       ?module_local_at_quick_exit_table@@3U_onexit_table_t@@A 10056f28     LIBCMT:utility.obj
 0002:00004f34       ?module_local_atexit_table_initialized@@3_NA 10056f34     LIBCMT:utility.obj
 0002:00004f40       ?is_initialized_as_dll@@3_NA 10056f40     LIBCMT:utility.obj
 0002:00004f44       ?__proc_attached@@3HA      10056f44     LIBCMT:dll_dllmain.obj
 0002:00004f60       _GS_ExceptionRecord        10056f60     LIBCMT:gs_report.obj
 0002:00004fb0       _GS_ContextRecord          10056fb0     LIBCMT:gs_report.obj
 0002:0000527c       ?__vcrt_startup_thread_ptd@@3U__vcrt_ptd@@A 1005727c     libvcruntime:per_thread_data.obj
 0002:000052a4       ___vcrt_lock_table         100572a4     libvcruntime:locks.obj
 0002:000052bc       ___vcrt_locks_initialized  100572bc     libvcruntime:locks.obj
 0002:000052c0       ?module_handles@@3PAPAUHINSTANCE__@@A 100572c0     libvcruntime:winapi_downlevel.obj
 0002:000052cc       ?encoded_function_pointers@@3PAPAXA 100572cc     libvcruntime:winapi_downlevel.obj
 0002:0000530c       ?heap@@3V_HeapManager@@A   1005730c     libvcruntime:undname.obj
 0002:00005330       ?__idtabsiz@@3IA           10057330     libucrt:popen.obj
 0002:00005334       ?__idpairs@@3PAUprocess_handle_pair@?A0xe43b7539@@A 10057334     libucrt:popen.obj
 0002:00005338       ?narrow_tmpfile_buffer_pointers@@3PAPADA 10057338     libucrt:tmpfile.obj
 0002:00005344       ?wide_tmpfile_buffer_pointers@@3PAPA_WA 10057344     libucrt:tmpfile.obj
 0002:00005350       ?c_termination_complete@@3JA 10057350     libucrt:exit.obj
 0002:00005354       ?thread_local_exit_callback_func@@3P6GXPAXK0@ZA 10057354     libucrt:exit.obj
 0002:00005360       ?program_name@?1???$common_configure_argv@D@@YAHW4_crt_argv_mode@@@Z@4PADA 10057360     libucrt:argv_parsing.obj
 0002:00005490       ?__acrt_invalid_parameter_handler@@3V?$dual_state_global@P6AXPB_W00II@Z@__crt_state_management@@A 10057490     libucrt:invalid_parameter.obj
 0002:00005494       ?enable_percent_n@@3IA     10057494     libucrt:printf_count_output.obj
 0002:000056ac       ?ctrlc_action@@3V?$dual_state_global@P6AXH@Z@__crt_state_management@@A 100576ac     libucrt:signal.obj
 0002:000056b0       ?ctrlbreak_action@@3V?$dual_state_global@P6AXH@Z@__crt_state_management@@A 100576b0     libucrt:signal.obj
 0002:000056b4       ?abort_action@@3V?$dual_state_global@P6AXH@Z@__crt_state_management@@A 100576b4     libucrt:signal.obj
 0002:000056b8       ?term_action@@3V?$dual_state_global@P6AXH@Z@__crt_state_management@@A 100576b8     libucrt:signal.obj
 0002:000056c0       ?module_handles@@3PAPAUHINSTANCE__@@A 100576c0     libucrt:winapi_thunks.obj
 0002:00005710       ?encoded_function_pointers@@3PAPAXA 10057710     libucrt:winapi_thunks.obj
 0002:00005798       ?__acrt_lock_table@@3PAU_RTL_CRITICAL_SECTION@@A 10057798     libucrt:locks.obj
 0002:000058e8       ?__acrt_locks_initialized@@3IA 100578e8     libucrt:locks.obj
 0002:000058fc       ?fSystemSet@@3HA           100578fc     libucrt:mbctype.obj
 0002:00005900       ?initialized@?1??__acrt_initialize_multibyte@@9@4_NA 10057900     libucrt:mbctype.obj
 0002:00005920       ?__acrt_new_handler@@3V?$dual_state_global@P6AHI@Z@__crt_state_management@@A 10057920     libucrt:new_handler.obj
 0002:00005924       ?user_matherr@@3V?$dual_state_global@P6AHPAU_exception@@@Z@__crt_state_management@@A 10057924     libucrt:matherr.obj
 0002:00005928       ?__acrt_global_new_mode@@3V?$dual_state_global@J@__crt_state_management@@A 10057928     libucrt:new_mode.obj
 0002:00005938       ?__acrt_app_type@@3W4_crt_app_type@@A 10057938     libucrt:report_runtime_error.obj
 0002:00005944       __pmatherr_set             10057944     libucrt:libm_error.obj
 0003:00000c22       .idata$6                   10058c22     kernel32:KERNEL32.dll
 0003:00000c3e       .idata$6                   10058c3e     user32:USER32.dll
 0003:00000ce2       .idata$6                   10058ce2     advapi32:ADVAPI32.dll
 0003:00000d14       .idata$6                   10058d14     shell32:SHELL32.dll
 0003:000012ac       .idata$6                   100592ac     lua51:lua51.dll
 0003:000012f8       .idata$6                   100592f8     rpcrt4:RPCRT4.dll
 0004:00000060       $R000000                   1005a060     luafar3.res
