 FarCmds

 Timestamp is 5c3fd6c2 (Thu Jan 17 04:13:38 2019)

 Preferred load address is 10000000

 Start         Length     Name                   Class
 0001:00000000 00000004H .CRT$XCA                CODE
 0001:00000004 00000004H .CRT$XCZ                CODE
 0001:00000008 00000004H .CRT$XIA                CODE
 0001:0000000c 0000000cH .CRT$XIC                CODE
 0001:00000018 00000004H .CRT$XIZ                CODE
 0001:0000001c 00000004H .CRT$XPA                CODE
 0001:00000020 00000008H .CRT$XPX                CODE
 0001:00000028 00000004H .CRT$XPXA               CODE
 0001:0000002c 00000004H .CRT$XPZ                CODE
 0001:00000030 00000004H .CRT$XTA                CODE
 0001:00000034 0000000cH .CRT$XTZ                CODE
 0001:00000038 00000000H .gfids$y                CODE
 0001:00000040 00004fd0H .rdata                  CODE
 0001:00005010 00000130H .rdata$r                CODE
 0001:00005140 0000000cH .rdata$sxdata           CODE
 0001:0000514c 0000029cH .rdata$zzzdbg           CODE
 0001:000053e8 00000004H .rtc$IAA                CODE
 0001:000053ec 00000004H .rtc$IZZ                CODE
 0001:000053f0 00000004H .rtc$TAA                CODE
 0001:000053f4 0000000cH .rtc$TZZ                CODE
 0001:00005400 00010030H .text$mn                CODE
 0001:00015427 00000000H .text$x                 CODE
 0001:00015430 00000040H .text$yd                CODE
 0001:00015470 00000470H .xdata$x                CODE
 0001:000158e0 000000a5H .edata                  CODE
 0002:00000000 00000830H .data                   DATA
 0002:00000830 00000078H .data$r                 DATA
 0002:000008a8 00002068H .bss                    DATA
 0003:00000000 000001acH .idata$5                DATA
 0003:000001ac 00000004H .00cfg                  DATA
 0003:000001b0 00000064H .idata$2                DATA
 0003:00000214 00000014H .idata$3                DATA
 0003:00000228 000001acH .idata$4                DATA
 0003:000003d4 000007b8H .idata$6                DATA
 0004:00000000 00000060H .rsrc$01                DATA
 0004:00000060 00000378H .rsrc$02                DATA

  Address         Publics by Value              Rva+Base       Lib:Object

 0000:00000000       ___guard_fids_count        00000000     <absolute>
 0000:00000000       ___enclave_config          00000000     <absolute>
 0000:00000000       ___guard_longjmp_count     00000000     <absolute>
 0000:00000000       ___guard_longjmp_table     00000000     <absolute>
 0000:00000000       ___guard_iat_table         00000000     <absolute>
 0000:00000000       ___guard_iat_count         00000000     <absolute>
 0000:00000000       ___hybrid_auxiliary_iat    00000000     <absolute>
 0000:00000000       __except_list              00000000     <absolute>
 0000:00000000       ___guard_fids_table        00000000     <absolute>
 0000:00000000       ___hybrid_code_map         00000000     <absolute>
 0000:00000000       ___hybrid_code_map_count   00000000     <absolute>
 0000:00000000       ___dynamic_value_reloc_table 00000000     <absolute>
 0000:00000003       ___safe_se_handler_count   00000003     <absolute>
 0000:00000100       ___guard_flags             00000100     <absolute>
 0000:00000000       ___ImageBase               10000000     <linker-defined>
 0001:00000000       ___xc_a                    10001000     LIBCMT:initializers.obj
 0001:00000004       ___xc_z                    10001004     LIBCMT:initializers.obj
 0001:00000008       ___xi_a                    10001008     LIBCMT:initializers.obj
 0001:0000000c       ___acrt_multibyte_initializer 1000100c     libucrt:multibyte_initializer.obj
 0001:00000010       ___acrt_stdio_initializer  10001010     libucrt:stdio_initializer.obj
 0001:00000014       ___acrt_tran_sse2_initializer 10001014     libucrt:sse2_initializer.obj
 0001:00000018       ___xi_z                    10001018     LIBCMT:initializers.obj
 0001:0000001c       ___xp_a                    1000101c     LIBCMT:initializers.obj
 0001:00000020       ___acrt_locale_terminator  10001020     libucrt:locale_initializer.obj
 0001:00000024       ___dcrt_console_output_terminator 10001024     libucrt:console_output_initializer.obj
 0001:00000028       ___acrt_stdio_terminator   10001028     libucrt:stdio_initializer.obj
 0001:0000002c       ___xp_z                    1000102c     LIBCMT:initializers.obj
 0001:00000030       ___xt_a                    10001030     LIBCMT:initializers.obj
 0001:00000034       ___xt_z                    10001034     LIBCMT:initializers.obj
 0001:00000040       _MainGuid                  10001040     FARCmds.obj
 0001:00000050       _ConfigMenuGuid            10001050     FARCmds.obj
 0001:00000060       _DialogGuid                10001060     FARCmds.obj
 0001:00000070       ??_C@_1BM@IEHCKIMD@?$AAS?$AAh?$AAo?$AAw?$AAC?$AAm?$AAd?$AAO?$AAu?$AAt?$AAp?$AAu?$AAt?$AA?$AA@ 10001070     FARCmds.obj
 0001:0000008c       ??_C@_1BE@EKEFMMPP@?$AAC?$AAa?$AAt?$AAc?$AAh?$AAM?$AAo?$AAd?$AAe?$AA?$AA@ 1000108c     FARCmds.obj
 0001:000000a0       ??_C@_1BM@BMDAMABJ@?$AAV?$AAi?$AAe?$AAw?$AAZ?$AAe?$AAr?$AAo?$AAF?$AAi?$AAl?$AAe?$AAs?$AA?$AA@ 100010a0     FARCmds.obj
 0001:000000bc       ??_C@_1BK@LOJIPNKK@?$AAE?$AAd?$AAi?$AAt?$AAN?$AAe?$AAw?$AAF?$AAi?$AAl?$AAe?$AAs?$AA?$AA@ 100010bc     FARCmds.obj
 0001:000000d8       ??_C@_1BI@BKNCFIOG@?$AAM?$AAa?$AAx?$AAD?$AAa?$AAt?$AAa?$AAS?$AAi?$AAz?$AAe?$AA?$AA@ 100010d8     FARCmds.obj
 0001:000000f0       ??_C@_1BE@KBOCGMKN@?$AAS?$AAe?$AAp?$AAa?$AAr?$AAa?$AAt?$AAo?$AAr?$AA?$AA@ 100010f0     FARCmds.obj
 0001:00000104       ??_7?$DialogItemBinding@UFarDialogItem@@@@6B@ 10001104     FARCmds.obj
 0001:0000010c       ??_7PluginCheckBoxBinding@@6B@ 1000110c     FARCmds.obj
 0001:00000114       ??_7PluginRadioButtonBinding@@6B@ 10001114     FARCmds.obj
 0001:0000011c       ??_7PluginIntEditFieldBinding@@6B@ 1000111c     FARCmds.obj
 0001:00000124       ??_C@_15EFLNJKHH@?$AA?$CF?$AAu?$AA?$AA@ 10001124     FARCmds.obj
 0001:0000012c       ??_7PluginUIntEditFieldBinding@@6B@ 1000112c     FARCmds.obj
 0001:00000134       ??_7?$DialogBuilderBase@UFarDialogItem@@@@6B@ 10001134     FARCmds.obj
 0001:00000158       ??_7PluginDialogBuilder@@6B@ 10001158     FARCmds.obj
 0001:0000017c       ??_C@_11LOCGONAA@?$AA?$AA@ 1000117c     FARCmds.obj
 0001:00000180       ??_C@_1BA@LGNBLCFH@?$AAF?$AAA?$AAR?$AAC?$AAm?$AAd?$AAs?$AA?$AA@ 10001180     FARCmds.obj
 0001:00000190       ??_C@_1EI@IHKPBHMH@?$AAF?$AAA?$AAR?$AA?5?$AAC?$AAo?$AAm?$AAm?$AAa?$AAn?$AAd?$AAs?$AA?5?$AAP?$AAl?$AAu?$AAg?$AAi?$AAn?$AA?5?$AAf?$AAo?$AAr?$AA?5?$AAF?$AAa?$AAr?$AA?5?$AAM?$AAa?$AAn?$AAa@ 10001190     FARCmds.obj
 0001:000001d8       ??_C@_1DE@BGKMIKPD@?$AAE?$AAu?$AAg?$AAe?$AAn?$AAe?$AA?5?$AAR?$AAo?$AAs?$AAh?$AAa?$AAl?$AA?5?$AA?$CG?$AA?5?$AAF?$AAa?$AAr?$AA?5?$AAG?$AAr?$AAo?$AAu?$AAp?$AA?$AA@ 100011d8     FARCmds.obj
 0001:0000020c       ??_C@_13HOIJIPNN@?$AA?5?$AA?$AA@ 1000120c     FARCmds.obj
 0001:00000210       ??_C@_1GC@PBJAIBOO@?$AAv?$AAi?$AAe?$AAw?$AA?3?$AAe?$AAd?$AAi?$AAt?$AA?3?$AAg?$AAo?$AAt?$AAo?$AA?3?$AAc?$AAl?$AAi?$AAp?$AA?3?$AAw?$AAh?$AAe?$AAr?$AAe?$AAi?$AAs?$AA?3?$AAl?$AAi?$AAn?$AAk@ 10001210     FARCmds.obj
 0001:00000274       ??_C@_1O@BJPKKLLM@?$AAC?$AAo?$AAn?$AAf?$AAi?$AAg?$AA?$AA@ 10001274     FARCmds.obj
 0001:00000284       ??_C@_1BE@EKCMLKPN@?$AA?$CF?$AAC?$AAO?$AAM?$AAS?$AAP?$AAE?$AAC?$AA?$CF?$AA?$AA@ 10001284     Mix.obj
 0001:00000298       ??_C@_15BNIPFGCG@?$AA$?$AA?$CK?$AA?$AA@ 10001298     Mix.obj
 0001:000002a0       ??_C@_0BC@KFCLBIA@?$AB?$BE?$AC?$AA?$AA?$AA?$AA?$AA?$MA?$AA?$AA?$AA?$AA?$AA?$AAF?$JL?$AA@ 100012a0     Mix.obj
 0001:000002b4       ??_C@_19BKJMDJK@?$AA?2?$AA?2?$AA?4?$AA?2?$AA?$AA@ 100012b4     OpenCmd.obj
 0001:000002c0       ??_C@_1CE@JKDBMIKG@?$AA?2?$AA?2?$AA?4?$AA?2?$AAP?$AAh?$AAy?$AAs?$AAi?$AAc?$AAa?$AAl?$AAD?$AAr?$AAi?$AAv?$AAe?$AA?$AA@ 100012c0     OpenCmd.obj
 0001:000002e4       ??_C@_1BE@BNONMOPA@?$AA?2?$AA?2?$AA?4?$AA?2?$AAc?$AAd?$AAr?$AAo?$AAm?$AA?$AA@ 100012e4     OpenCmd.obj
 0001:000002f8       ??_C@_13FPGAJAPJ@?$AA?2?$AA?$AA@ 100012f8     OpenCmd.obj
 0001:000002fc       ??_C@_1BA@EIPEFBMB@?$AA?$CF?$AAl?$AAu?$AA?1?$AA?$CF?$AAl?$AAu?$AA?$AA@ 100012fc     OpenCmd.obj
 0001:0000030c       ??_C@_17IJMNDCL@?$AA?$CF?$AAl?$AAu?$AA?$AA@ 1000130c     OpenCmd.obj
 0001:0000031c       ??_C@_1BM@MDBPDFDA@?$AA?$CF?$AAC?$AAO?$AAM?$AAS?$AAP?$AAE?$AAC?$AA?$CF?$AA?5?$AA?1?$AAc?$AA?5?$AA?$AA@ 1000131c     OpenCmd.obj
 0001:00000338       ??_C@_13NEIAEHFG@?$AA?$CC?$AA?$AA@ 10001338     OpenCmd.obj
 0001:0000033c       ??_C@_1BA@IBNPAI@?$AAF?$AAA?$AAR?$AAH?$AAO?$AAM?$AAE?$AA?$AA@ 1000133c     OpenCmd.obj
 0001:0000034c       ??_C@_19IJOJOJIB@?$AAP?$AAA?$AAT?$AAH?$AA?$AA@ 1000134c     OpenCmd.obj
 0001:00000358       ??_C@_1BA@HAHEJCII@?$AAP?$AAA?$AAT?$AAH?$AAE?$AAX?$AAT?$AA?$AA@ 10001358     OpenCmd.obj
 0001:00000368       ??_C@_13PJJBFPED@?$AA?$DL?$AA?$AA@ 10001368     OpenCmd.obj
 0001:00000370       ??_C@_1GK@PPEHOOAL@?$AAS?$AAO?$AAF?$AAT?$AAW?$AAA?$AAR?$AAE?$AA?2?$AAM?$AAi?$AAc?$AAr?$AAo?$AAs?$AAo?$AAf?$AAt?$AA?2?$AAW?$AAi?$AAn?$AAd?$AAo?$AAw?$AAs?$AA?2?$AAC?$AAu?$AAr?$AAr?$AAe@ 10001370     OpenCmd.obj
 0001:000003dc       ??_C@_19JMGCACDF@?$AA?1?$AAM?$AAS?$AAG?$AA?$AA@ 100013dc     OpenCmd.obj
 0001:000003e8       ??_C@_15MDAMMGLB@?$AA?1?$AAN?$AA?$AA@ 100013e8     OpenCmd.obj
 0001:000003f0       ??_C@_15GBHPEJPD@?$AA?1?$AAS?$AA?$AA@ 100013f0     OpenCmd.obj
 0001:000003f8       ??_C@_17KKFGGCGH@?$AAR?$AAU?$AAN?$AA?$AA@ 100013f8     OpenCmd.obj
 0001:00000400       ??_C@_17NMIMIGP@?$AAR?$AAu?$AAn?$AA?$AA@ 10001400     OpenCmd.obj
 0001:00000408       ??_C@_19JHOCBEIE@?$AAV?$AAI?$AAE?$AAW?$AA?$AA@ 10001408     OpenCmd.obj
 0001:00000414       ??_C@_19MJAKNMNK@?$AAV?$AAi?$AAe?$AAw?$AA?$AA@ 10001414     OpenCmd.obj
 0001:00000420       ??_C@_19PEJAKIIO@?$AAC?$AAL?$AAI?$AAP?$AA?$AA@ 10001420     OpenCmd.obj
 0001:0000042c       ??_C@_19KKHIGANA@?$AAC?$AAl?$AAi?$AAp?$AA?$AA@ 1000142c     OpenCmd.obj
 0001:00000438       ??_C@_1BA@NBLHMMII@?$AAW?$AAH?$AAE?$AAR?$AAE?$AAI?$AAS?$AA?$AA@ 10001438     OpenCmd.obj
 0001:00000448       ??_C@_1BA@BCPLKBBA@?$AAW?$AAh?$AAe?$AAr?$AAe?$AAI?$AAs?$AA?$AA@ 10001448     OpenCmd.obj
 0001:00000458       ??_C@_19KFAJFECL@?$AAE?$AAD?$AAI?$AAT?$AA?$AA@ 10001458     OpenCmd.obj
 0001:00000464       ??_C@_19PLOBJMHF@?$AAE?$AAd?$AAi?$AAt?$AA?$AA@ 10001464     OpenCmd.obj
 0001:00000470       ??_C@_19MEMGFJJL@?$AAG?$AAO?$AAT?$AAO?$AA?$AA@ 10001470     OpenCmd.obj
 0001:0000047c       ??_C@_19JKCOJBMF@?$AAG?$AAo?$AAt?$AAo?$AA?$AA@ 1000147c     OpenCmd.obj
 0001:00000488       ??_C@_19NHGGBNEB@?$AAL?$AAI?$AAN?$AAK?$AA?$AA@ 10001488     OpenCmd.obj
 0001:00000494       ??_C@_19IJIONFBP@?$AAL?$AAi?$AAn?$AAk?$AA?$AA@ 10001494     OpenCmd.obj
 0001:000004a0       ??_C@_19LIDMLGEF@?$AAL?$AAO?$AAA?$AAD?$AA?$AA@ 100014a0     OpenCmd.obj
 0001:000004ac       ??_C@_19OGNEHOBL@?$AAL?$AAo?$AAa?$AAd?$AA?$AA@ 100014ac     OpenCmd.obj
 0001:000004b8       ??_C@_1O@PAPHGGOK@?$AAU?$AAN?$AAL?$AAO?$AAA?$AAD?$AA?$AA@ 100014b8     OpenCmd.obj
 0001:000004c8       ??_C@_1O@PJHDHGJM@?$AAU?$AAn?$AAl?$AAo?$AAa?$AAd?$AA?$AA@ 100014c8     OpenCmd.obj
 0001:000004d8       ??_C@_1BC@ENICKDH@?$AAC?$AAo?$AAn?$AAt?$AAe?$AAn?$AAt?$AAs?$AA?$AA@ 100014d8     OpenCmd.obj
 0001:000004f0       __imp__EncodePointer@4     100014f0     vc_crt_fix.obj
 0001:000004f4       __imp__DecodePointer@4     100014f4     vc_crt_fix.obj
 0001:000004f8       __imp__GetModuleHandleExW@12 100014f8     vc_crt_fix.obj
 0001:000004fc       __imp__InitializeSListHead@4 100014fc     vc_crt_fix.obj
 0001:00000500       __imp__InterlockedFlushSList@4 10001500     vc_crt_fix.obj
 0001:00000504       __imp__InterlockedPopEntrySList@4 10001504     vc_crt_fix.obj
 0001:00000508       __imp__InterlockedPushEntrySList@8 10001508     vc_crt_fix.obj
 0001:0000050c       __imp__InterlockedPushListSListEx@16 1000150c     vc_crt_fix.obj
 0001:00000510       __imp__RtlFirstEntrySList@4 10001510     vc_crt_fix.obj
 0001:00000514       __imp__QueryDepthSList@4   10001514     vc_crt_fix.obj
 0001:00000518       __imp__GetNumaHighestNodeNumber@4 10001518     vc_crt_fix.obj
 0001:0000051c       __imp__GetLogicalProcessorInformation@8 1000151c     vc_crt_fix.obj
 0001:00000534       ??_C@_0O@NLDKAIKN@EncodePointer?$AA@ 10001534     vc_crt_fix_impl.obj
 0001:00000544       ??_C@_0O@KBPMFGHI@DecodePointer?$AA@ 10001544     vc_crt_fix_impl.obj
 0001:00000554       ??_C@_0BD@GIGEJCNH@GetModuleHandleExW?$AA@ 10001554     vc_crt_fix_impl.obj
 0001:00000568       ??_C@_0BE@NBEJPEJA@InitializeSListHead?$AA@ 10001568     vc_crt_fix_impl.obj
 0001:0000057c       ??_C@_0BG@PLLPFLHB@InterlockedFlushSList?$AA@ 1000157c     vc_crt_fix_impl.obj
 0001:00000594       ??_C@_0BJ@PNEEKDOK@InterlockedPopEntrySList?$AA@ 10001594     vc_crt_fix_impl.obj
 0001:000005b0       ??_C@_0BK@JFGGAIOA@InterlockedPushEntrySList?$AA@ 100015b0     vc_crt_fix_impl.obj
 0001:000005cc       ??_C@_0BL@FOECAEGO@InterlockedPushListSListEx?$AA@ 100015cc     vc_crt_fix_impl.obj
 0001:000005e8       ??_C@_0BD@FHMMIGCI@RtlFirstEntrySList?$AA@ 100015e8     vc_crt_fix_impl.obj
 0001:000005fc       ??_C@_0BA@FGPHPMJB@QueryDepthSList?$AA@ 100015fc     vc_crt_fix_impl.obj
 0001:0000060c       ??_C@_0BJ@NLNFLAMA@GetNumaHighestNodeNumber?$AA@ 1000160c     vc_crt_fix_impl.obj
 0001:00000628       ??_C@_0BP@KHGALBC@GetLogicalProcessorInformation?$AA@ 10001628     vc_crt_fix_impl.obj
 0001:00000648       _IID_IShellLinkW           10001648     shell32:shguid.obj
 0001:00000658       _IID_IPersistFile          10001658     uuid:objidl_i.obj
 0001:00000668       _CLSID_ShellLink           10001668     uuid:shguids2.obj
 0001:00000678       __pRawDllMain              10001678     LIBCMT:dll_dllmain.obj
 0001:00000678       __pDefaultRawDllMain       10001678     LIBCMT:dll_dllmain.obj
 0001:00000680       ??_7exception@std@@6B@     10001680     LIBCMT:throw_bad_alloc.obj
 0001:00000688       ??_C@_0BC@EOODALEL@Unknown?5exception?$AA@ 10001688     LIBCMT:throw_bad_alloc.obj
 0001:000006a0       ??_7bad_alloc@std@@6B@     100016a0     LIBCMT:throw_bad_alloc.obj
 0001:000006a8       ??_C@_0P@GHFPNOJB@bad?5allocation?$AA@ 100016a8     LIBCMT:throw_bad_alloc.obj
 0001:000006bc       ??_7bad_array_new_length@std@@6B@ 100016bc     LIBCMT:throw_bad_alloc.obj
 0001:000006c4       ??_C@_0BF@KINCDENJ@bad?5array?5new?5length?$AA@ 100016c4     LIBCMT:throw_bad_alloc.obj
 0001:000006e0       ??_7type_info@@6B@         100016e0     LIBCMT:std_type_info_static.obj
 0001:00000718       ??_C@_1DM@KHCHBNEB@?$AAa?$AAp?$AAi?$AA?9?$AAm?$AAs?$AA?9?$AAw?$AAi?$AAn?$AA?9?$AAc?$AAo?$AAr?$AAe?$AA?9?$AAf?$AAi?$AAb?$AAe?$AAr?$AAs?$AA?9?$AAl?$AA1?$AA?9?$AA1?$AA?9?$AA1?$AA?$AA@ 10001718     libvcruntime:winapi_downlevel.obj
 0001:00000754       ??_C@_1DK@LPPGFMPP@?$AAa?$AAp?$AAi?$AA?9?$AAm?$AAs?$AA?9?$AAw?$AAi?$AAn?$AA?9?$AAc?$AAo?$AAr?$AAe?$AA?9?$AAs?$AAy?$AAn?$AAc?$AAh?$AA?9?$AAl?$AA1?$AA?9?$AA2?$AA?9?$AA0?$AA?$AA@ 10001754     libvcruntime:winapi_downlevel.obj
 0001:00000790       ??_C@_1BC@GDMECMAK@?$AAk?$AAe?$AAr?$AAn?$AAe?$AAl?$AA3?$AA2?$AA?$AA@ 10001790     libvcruntime:winapi_downlevel.obj
 0001:000007a4       ??_C@_1BA@PFFKHIOG@?$AAa?$AAp?$AAi?$AA?9?$AAm?$AAs?$AA?9?$AA?$AA@ 100017a4     libvcruntime:winapi_downlevel.obj
 0001:000007b4       ??_C@_1BA@IAIFMGEF@?$AAe?$AAx?$AAt?$AA?9?$AAm?$AAs?$AA?9?$AA?$AA@ 100017b4     libvcruntime:winapi_downlevel.obj
 0001:000007cc       ??_C@_08KNHFBNJ@FlsAlloc?$AA@ 100017cc     libvcruntime:winapi_downlevel.obj
 0001:000007e0       ??_C@_07PEJMOBNF@FlsFree?$AA@ 100017e0     libvcruntime:winapi_downlevel.obj
 0001:000007f0       ??_C@_0M@GDNOONDI@FlsGetValue?$AA@ 100017f0     libvcruntime:winapi_downlevel.obj
 0001:00000804       ??_C@_0M@JCPCPOEF@FlsSetValue?$AA@ 10001804     libvcruntime:winapi_downlevel.obj
 0001:00000818       ??_C@_0BM@HCFOFFN@InitializeCriticalSectionEx?$AA@ 10001818     libvcruntime:winapi_downlevel.obj
 0001:000009d0       ??_C@_08EHJDFFNH@__based?$CI?$AA@ 100019d0     libvcruntime:undname.obj
 0001:000009dc       ??_C@_07KOLFKCDI@__cdecl?$AA@ 100019dc     libvcruntime:undname.obj
 0001:000009e4       ??_C@_08GHMPAG@__pascal?$AA@ 100019e4     libvcruntime:undname.obj
 0001:000009f0       ??_C@_09IFJBGAPI@__stdcall?$AA@ 100019f0     libvcruntime:undname.obj
 0001:000009fc       ??_C@_0L@NPHFGOKO@__thiscall?$AA@ 100019fc     libvcruntime:undname.obj
 0001:00000a08       ??_C@_0L@JMKHOMEK@__fastcall?$AA@ 10001a08     libvcruntime:undname.obj
 0001:00000a14       ??_C@_0N@BCKKPABJ@__vectorcall?$AA@ 10001a14     libvcruntime:undname.obj
 0001:00000a24       ??_C@_09HIJEGCPM@__clrcall?$AA@ 10001a24     libvcruntime:undname.obj
 0001:00000a30       ??_C@_06GHPCKEAG@__eabi?$AA@ 10001a30     libvcruntime:undname.obj
 0001:00000a38       ??_C@_07EECFKIPL@__swift?$AA@ 10001a38     libvcruntime:undname.obj
 0001:00000a40       ??_C@_07JOMMBBKO@__ptr64?$AA@ 10001a40     libvcruntime:undname.obj
 0001:00000a48       ??_C@_0L@PILCLIHE@__restrict?$AA@ 10001a48     libvcruntime:undname.obj
 0001:00000a54       ??_C@_0M@GFIIJFMG@__unaligned?$AA@ 10001a54     libvcruntime:undname.obj
 0001:00000a60       ??_C@_09DHDLOLLB@restrict?$CI?$AA@ 10001a60     libvcruntime:undname.obj
 0001:00000a6a       ??_C@_00CNPNBAHC@?$AA@     10001a6a     libvcruntime:undname.obj
 0001:00000a6c       ??_C@_04NIHEBCM@?5new?$AA@ 10001a6c     libvcruntime:undname.obj
 0001:00000a74       ??_C@_07FPCDHGMM@?5delete?$AA@ 10001a74     libvcruntime:undname.obj
 0001:00000a7c       ??_C@_01NEMOKFLO@?$DN?$AA@ 10001a7c     libvcruntime:undname.obj
 0001:00000a80       ??_C@_02GPIOPFAK@?$DO?$DO?$AA@ 10001a80     libvcruntime:undname.obj
 0001:00000a84       ??_C@_02FODMEDOG@?$DM?$DM?$AA@ 10001a84     libvcruntime:undname.obj
 0001:00000a88       ??_C@_01DCLJPIOD@?$CB?$AA@ 10001a88     libvcruntime:undname.obj
 0001:00000a8c       ??_C@_02EGOFBIJA@?$DN?$DN?$AA@ 10001a8c     libvcruntime:undname.obj
 0001:00000a90       ??_C@_02FDNJECIE@?$CB?$DN?$AA@ 10001a90     libvcruntime:undname.obj
 0001:00000a94       ??_C@_02GPECMEKF@?$FL?$FN?$AA@ 10001a94     libvcruntime:undname.obj
 0001:00000a98       ??_C@_08LHJFAFGD@operator?$AA@ 10001a98     libvcruntime:undname.obj
 0001:00000aa4       ??_C@_02HBOOOICD@?9?$DO?$AA@ 10001aa4     libvcruntime:undname.obj
 0001:00000aa8       ??_C@_01NBENCBCI@?$CK?$AA@ 10001aa8     libvcruntime:undname.obj
 0001:00000aac       ??_C@_02ECNGHCIF@?$CL?$CL?$AA@ 10001aac     libvcruntime:undname.obj
 0001:00000ab0       ??_C@_02BAABKJLB@?9?9?$AA@ 10001ab0     libvcruntime:undname.obj
 0001:00000ab4       ??_C@_01JOAMLHOP@?9?$AA@   10001ab4     libvcruntime:undname.obj
 0001:00000ab8       ??_C@_01MIFGBAGJ@?$CL?$AA@ 10001ab8     libvcruntime:undname.obj
 0001:00000abc       ??_C@_01HNPIGOCE@?$CG?$AA@ 10001abc     libvcruntime:undname.obj
 0001:00000ac0       ??_C@_03MNHNFDLC@?9?$DO?$CK?$AA@ 10001ac0     libvcruntime:undname.obj
 0001:00000ac4       ??_C@_01KMDKNFGN@?1?$AA@   10001ac4     libvcruntime:undname.obj
 0001:00000ac8       ??_C@_01FGNFDNOH@?$CF?$AA@ 10001ac8     libvcruntime:undname.obj
 0001:00000acc       ??_C@_01MNNFJEPP@?$DM?$AA@ 10001acc     libvcruntime:undname.obj
 0001:00000ad0       ??_C@_02EHCHHCKH@?$DM?$DN?$AA@ 10001ad0     libvcruntime:undname.obj
 0001:00000ad4       ??_C@_01PPODPGHN@?$DO?$AA@ 10001ad4     libvcruntime:undname.obj
 0001:00000ad8       ??_C@_02EEKDKGMJ@?$DO?$DN?$AA@ 10001ad8     libvcruntime:undname.obj
 0001:00000adc       ??_C@_01IHBHIGKO@?0?$AA@   10001adc     libvcruntime:undname.obj
 0001:00000ae0       ??_C@_02HCKGKOFO@?$CI?$CJ?$AA@ 10001ae0     libvcruntime:undname.obj
 0001:00000ae4       ??_C@_01PJKLJHI@?$HO?$AA@  10001ae4     libvcruntime:undname.obj
 0001:00000ae8       ??_C@_01JKBOJNNK@?$FO?$AA@ 10001ae8     libvcruntime:undname.obj
 0001:00000aec       ??_C@_01DNKMNLPK@?$HM?$AA@ 10001aec     libvcruntime:undname.obj
 0001:00000af0       ??_C@_02PPKAJPJL@?$CG?$CG?$AA@ 10001af0     libvcruntime:undname.obj
 0001:00000af4       ??_C@_02NONPIBCD@?$HM?$HM?$AA@ 10001af4     libvcruntime:undname.obj
 0001:00000af8       ??_C@_02FPIMKNGF@?$CK?$DN?$AA@ 10001af8     libvcruntime:undname.obj
 0001:00000afc       ??_C@_02FOEOMHFC@?$CL?$DN?$AA@ 10001afc     libvcruntime:undname.obj
 0001:00000b00       ??_C@_02FKMDLLOA@?9?$DN?$AA@ 10001b00     libvcruntime:undname.obj
 0001:00000b04       ??_C@_02FJEHGPIO@?1?$DN?$AA@ 10001b04     libvcruntime:undname.obj
 0001:00000b08       ??_C@_02FENAOKFI@?$CF?$DN?$AA@ 10001b08     libvcruntime:undname.obj
 0001:00000b0c       ??_C@_03IKFCCPFF@?$DO?$DO?$DN?$AA@ 10001b0c     libvcruntime:undname.obj
 0001:00000b10       ??_C@_03CDNPDDLA@?$DM?$DM?$DN?$AA@ 10001b10     libvcruntime:undname.obj
 0001:00000b14       ??_C@_02FGJGFEAB@?$CG?$DN?$AA@ 10001b14     libvcruntime:undname.obj
 0001:00000b18       ??_C@_02DHLNPPGH@?$HM?$DN?$AA@ 10001b18     libvcruntime:undname.obj
 0001:00000b1c       ??_C@_02MHEGNOJ@?$FO?$DN?$AA@ 10001b1c     libvcruntime:undname.obj
 0001:00000b20       ??_C@_09IFPLHPGF@?$GAvftable?8?$AA@ 10001b20     libvcruntime:undname.obj
 0001:00000b2c       ??_C@_09BLBHBJP@?$GAvbtable?8?$AA@ 10001b2c     libvcruntime:undname.obj
 0001:00000b38       ??_C@_07FEEIOKP@?$GAvcall?8?$AA@ 10001b38     libvcruntime:undname.obj
 0001:00000b40       ??_C@_08LLFFHHDJ@?$GAtypeof?8?$AA@ 10001b40     libvcruntime:undname.obj
 0001:00000b4c       ??_C@_0BF@KDPPACIK@?$GAlocal?5static?5guard?8?$AA@ 10001b4c     libvcruntime:undname.obj
 0001:00000b64       ??_C@_08OBABFOLI@?$GAstring?8?$AA@ 10001b64     libvcruntime:undname.obj
 0001:00000b70       ??_C@_0BD@JDLKDPAB@?$GAvbase?5destructor?8?$AA@ 10001b70     libvcruntime:undname.obj
 0001:00000b84       ??_C@_0BN@DEGPLNFK@?$GAvector?5deleting?5destructor?8?$AA@ 10001b84     libvcruntime:undname.obj
 0001:00000ba4       ??_C@_0BO@OBMKPJIG@?$GAdefault?5constructor?5closure?8?$AA@ 10001ba4     libvcruntime:undname.obj
 0001:00000bc4       ??_C@_0BN@IMDCHIKM@?$GAscalar?5deleting?5destructor?8?$AA@ 10001bc4     libvcruntime:undname.obj
 0001:00000be4       ??_C@_0BO@PFGOCPJJ@?$GAvector?5constructor?5iterator?8?$AA@ 10001be4     libvcruntime:undname.obj
 0001:00000c04       ??_C@_0BN@LFPFMEDL@?$GAvector?5destructor?5iterator?8?$AA@ 10001c04     libvcruntime:undname.obj
 0001:00000c24       ??_C@_0CE@IKBNEHA@?$GAvector?5vbase?5constructor?5iterat@ 10001c24     libvcruntime:undname.obj
 0001:00000c48       ??_C@_0BL@NILFHHPC@?$GAvirtual?5displacement?5map?8?$AA@ 10001c48     libvcruntime:undname.obj
 0001:00000c64       ??_C@_0CB@JONCMFFK@?$GAeh?5vector?5constructor?5iterator?8@ 10001c64     libvcruntime:undname.obj
 0001:00000c88       ??_C@_0CA@GCEOPDGL@?$GAeh?5vector?5destructor?5iterator?8?$AA@ 10001c88     libvcruntime:undname.obj
 0001:00000ca8       ??_C@_0CH@OOJPLCPH@?$GAeh?5vector?5vbase?5constructor?5ite@ 10001ca8     libvcruntime:undname.obj
 0001:00000cd0       ??_C@_0BL@LLKPOHJI@?$GAcopy?5constructor?5closure?8?$AA@ 10001cd0     libvcruntime:undname.obj
 0001:00000cec       ??_C@_0BA@KBCDOMBN@?$GAudt?5returning?8?$AA@ 10001cec     libvcruntime:undname.obj
 0001:00000cfc       ??_C@_03KLGMFNMG@?$GAEH?$AA@ 10001cfc     libvcruntime:undname.obj
 0001:00000d00       ??_C@_05KHLCHHI@?$GARTTI?$AA@ 10001d00     libvcruntime:undname.obj
 0001:00000d08       ??_C@_0BA@KKLDJDLB@?$GAlocal?5vftable?8?$AA@ 10001d08     libvcruntime:undname.obj
 0001:00000d18       ??_C@_0CE@IIHCMGGL@?$GAlocal?5vftable?5constructor?5closu@ 10001d18     libvcruntime:undname.obj
 0001:00000d3c       ??_C@_06FHBGPFGH@?5new?$FL?$FN?$AA@ 10001d3c     libvcruntime:undname.obj
 0001:00000d44       ??_C@_09LBNFPBCA@?5delete?$FL?$FN?$AA@ 10001d44     libvcruntime:undname.obj
 0001:00000d50       ??_C@_0P@HJKNJFNN@?$GAomni?5callsig?8?$AA@ 10001d50     libvcruntime:undname.obj
 0001:00000d60       ??_C@_0BL@CNOONJFP@?$GAplacement?5delete?5closure?8?$AA@ 10001d60     libvcruntime:undname.obj
 0001:00000d7c       ??_C@_0BN@CKNJLHMB@?$GAplacement?5delete?$FL?$FN?5closure?8?$AA@ 10001d7c     libvcruntime:undname.obj
 0001:00000d9c       ??_C@_0CG@CFDHKGGD@?$GAmanaged?5vector?5constructor?5iter@ 10001d9c     libvcruntime:undname.obj
 0001:00000dc4       ??_C@_0CF@IMGKMJNO@?$GAmanaged?5vector?5destructor?5itera@ 10001dc4     libvcruntime:undname.obj
 0001:00000dec       ??_C@_0CG@HLDDJMAG@?$GAeh?5vector?5copy?5constructor?5iter@ 10001dec     libvcruntime:undname.obj
 0001:00000e14       ??_C@_0CM@FCBBDIGB@?$GAeh?5vector?5vbase?5copy?5constructo@ 10001e14     libvcruntime:undname.obj
 0001:00000e40       ??_C@_0BL@CLIPGLGB@?$GAdynamic?5initializer?5for?5?8?$AA@ 10001e40     libvcruntime:undname.obj
 0001:00000e5c       ??_C@_0CB@PDBIFEP@?$GAdynamic?5atexit?5destructor?5for?5?8@ 10001e5c     libvcruntime:undname.obj
 0001:00000e80       ??_C@_0CD@CGAJBKEJ@?$GAvector?5copy?5constructor?5iterato@ 10001e80     libvcruntime:undname.obj
 0001:00000ea4       ??_C@_0CJ@GJELGAMM@?$GAvector?5vbase?5copy?5constructor?5i@ 10001ea4     libvcruntime:undname.obj
 0001:00000ed0       ??_C@_0CL@FGIJHLCE@?$GAmanaged?5vector?5copy?5constructor@ 10001ed0     libvcruntime:undname.obj
 0001:00000efc       ??_C@_0BM@PMGGMLDN@?$GAlocal?5static?5thread?5guard?8?$AA@ 10001efc     libvcruntime:undname.obj
 0001:00000f18       ??_C@_0N@BDNMDMOL@operator?5?$CC?$CC?5?$AA@ 10001f18     libvcruntime:undname.obj
 0001:00000f28       ??_C@_0BC@GGEBGALA@operator?5co_await?$AA@ 10001f28     libvcruntime:undname.obj
 0001:00000f3c       ??_C@_0BC@DAFEJGAK@?5Type?5Descriptor?8?$AA@ 10001f3c     libvcruntime:undname.obj
 0001:00000f50       ??_C@_0BM@LDKODKLH@?5Base?5Class?5Descriptor?5at?5?$CI?$AA@ 10001f50     libvcruntime:undname.obj
 0001:00000f6c       ??_C@_0BD@LGICGFMM@?5Base?5Class?5Array?8?$AA@ 10001f6c     libvcruntime:undname.obj
 0001:00000f80       ??_C@_0BN@MECKDCOJ@?5Class?5Hierarchy?5Descriptor?8?$AA@ 10001f80     libvcruntime:undname.obj
 0001:00000fa0       ??_C@_0BK@CFCOFLF@?5Complete?5Object?5Locator?8?$AA@ 10001fa0     libvcruntime:undname.obj
 0001:00000fbc       __pDestructExceptionObject 10001fbc     libvcruntime:ehhelpers.obj
 0001:00000fc0       ___acrt_exception_action_table 10001fc0     libucrt:exception_filter.obj
 0001:00001050       ___acrt_signal_action_table_count 10002050     libucrt:exception_filter.obj
 0001:00001054       ___acrt_signal_action_first_fpe_index 10002054     libucrt:exception_filter.obj
 0001:00001058       ___acrt_signal_action_fpe_count 10002058     libucrt:exception_filter.obj
 0001:0000105c       ??_C@_1BI@BGOHAHKC@?$AAm?$AAs?$AAc?$AAo?$AAr?$AAe?$AAe?$AA?4?$AAd?$AAl?$AAl?$AA?$AA@ 1000205c     libucrt:exit.obj
 0001:00001074       ??_C@_0P@MIGLKIOC@CorExitProcess?$AA@ 10002074     libucrt:exit.obj
 0001:00001268       ??_C@_03KOEHGMDN@Sun?$AA@  10002268     libucrt:nlsdata.obj
 0001:0000126c       ??_C@_03PDAGKDH@Mon?$AA@   1000226c     libucrt:nlsdata.obj
 0001:00001270       ??_C@_03NAGEINEP@Tue?$AA@  10002270     libucrt:nlsdata.obj
 0001:00001274       ??_C@_03MHOMLAJA@Wed?$AA@  10002274     libucrt:nlsdata.obj
 0001:00001278       ??_C@_03IOFIKPDN@Thu?$AA@  10002278     libucrt:nlsdata.obj
 0001:0000127c       ??_C@_03IDIOELNC@Fri?$AA@  1000227c     libucrt:nlsdata.obj
 0001:00001280       ??_C@_03FEFJNEK@Sat?$AA@   10002280     libucrt:nlsdata.obj
 0001:00001284       ??_C@_06OOPIFAJ@Sunday?$AA@ 10002284     libucrt:nlsdata.obj
 0001:0000128c       ??_C@_06JLEDEDGH@Monday?$AA@ 1000228c     libucrt:nlsdata.obj
 0001:00001294       ??_C@_07BAAGCFCM@Tuesday?$AA@ 10002294     libucrt:nlsdata.obj
 0001:0000129c       ??_C@_09DLIGFAKA@Wednesday?$AA@ 1000229c     libucrt:nlsdata.obj
 0001:000012a8       ??_C@_08HACCIKIA@Thursday?$AA@ 100022a8     libucrt:nlsdata.obj
 0001:000012b4       ??_C@_06JECMNKMI@Friday?$AA@ 100022b4     libucrt:nlsdata.obj
 0001:000012bc       ??_C@_08INBOOONO@Saturday?$AA@ 100022bc     libucrt:nlsdata.obj
 0001:000012c8       ??_C@_03JIHJHPIE@Jan?$AA@  100022c8     libucrt:nlsdata.obj
 0001:000012cc       ??_C@_03HJBDCHOM@Feb?$AA@  100022cc     libucrt:nlsdata.obj
 0001:000012d0       ??_C@_03ODNJBKGA@Mar?$AA@  100022d0     libucrt:nlsdata.obj
 0001:000012d4       ??_C@_03LEOLGMJP@Apr?$AA@  100022d4     libucrt:nlsdata.obj
 0001:000012d8       ??_C@_03CNMDKL@May?$AA@    100022d8     libucrt:nlsdata.obj
 0001:000012dc       ??_C@_03IDFGHECI@Jun?$AA@  100022dc     libucrt:nlsdata.obj
 0001:000012e0       ??_C@_03LBGABGKK@Jul?$AA@  100022e0     libucrt:nlsdata.obj
 0001:000012e4       ??_C@_03IFJFEIGA@Aug?$AA@  100022e4     libucrt:nlsdata.obj
 0001:000012e8       ??_C@_03GGCAPAJC@Sep?$AA@  100022e8     libucrt:nlsdata.obj
 0001:000012ec       ??_C@_03BMAOKBAD@Oct?$AA@  100022ec     libucrt:nlsdata.obj
 0001:000012f0       ??_C@_03JPJOFNIA@Nov?$AA@  100022f0     libucrt:nlsdata.obj
 0001:000012f4       ??_C@_03MKABNOCG@Dec?$AA@  100022f4     libucrt:nlsdata.obj
 0001:000012f8       ??_C@_07CGJPFGJA@January?$AA@ 100022f8     libucrt:nlsdata.obj
 0001:00001300       ??_C@_08GNJGEPFN@February?$AA@ 10002300     libucrt:nlsdata.obj
 0001:0000130c       ??_C@_05HPCKOFNC@March?$AA@ 1000230c     libucrt:nlsdata.obj
 0001:00001314       ??_C@_05DMJDNLEJ@April?$AA@ 10002314     libucrt:nlsdata.obj
 0001:0000131c       ??_C@_04CNLMGBGM@June?$AA@ 1000231c     libucrt:nlsdata.obj
 0001:00001324       ??_C@_04MIEPOIFP@July?$AA@ 10002324     libucrt:nlsdata.obj
 0001:0000132c       ??_C@_06LBBHFDDG@August?$AA@ 1000232c     libucrt:nlsdata.obj
 0001:00001334       ??_C@_09BHHEALKD@September?$AA@ 10002334     libucrt:nlsdata.obj
 0001:00001340       ??_C@_07JJNFCEND@October?$AA@ 10002340     libucrt:nlsdata.obj
 0001:00001348       ??_C@_08HCHEGEOA@November?$AA@ 10002348     libucrt:nlsdata.obj
 0001:00001354       ??_C@_08EDHMEBNP@December?$AA@ 10002354     libucrt:nlsdata.obj
 0001:00001360       ??_C@_02DEDBPAFC@AM?$AA@   10002360     libucrt:nlsdata.obj
 0001:00001364       ??_C@_02CJNFDJBF@PM?$AA@   10002364     libucrt:nlsdata.obj
 0001:00001368       ??_C@_08BPBNCDIB@MM?1dd?1yy?$AA@ 10002368     libucrt:nlsdata.obj
 0001:00001374       ??_C@_0BE@CKGJFCPC@dddd?0?5MMMM?5dd?0?5yyyy?$AA@ 10002374     libucrt:nlsdata.obj
 0001:00001388       ??_C@_08JCCMCCIL@HH?3mm?3ss?$AA@ 10002388     libucrt:nlsdata.obj
 0001:00001394       ??_C@_17MBGCMIPB@?$AAS?$AAu?$AAn?$AA?$AA@ 10002394     libucrt:nlsdata.obj
 0001:0000139c       ??_C@_17KBOMKBF@?$AAM?$AAo?$AAn?$AA?$AA@ 1000239c     libucrt:nlsdata.obj
 0001:000013a4       ??_C@_17BMKGEGOJ@?$AAT?$AAu?$AAe?$AA?$AA@ 100023a4     libucrt:nlsdata.obj
 0001:000013ac       ??_C@_17CJEDCEPE@?$AAW?$AAe?$AAd?$AA?$AA@ 100023ac     libucrt:nlsdata.obj
 0001:000013b4       ??_C@_17PDPHAADD@?$AAT?$AAh?$AAu?$AA?$AA@ 100023b4     libucrt:nlsdata.obj
 0001:000013bc       ??_C@_17HFOLPPLP@?$AAF?$AAr?$AAi?$AA?$AA@ 100023bc     libucrt:nlsdata.obj
 0001:000013c4       ??_C@_17GGIBDPIH@?$AAS?$AAa?$AAt?$AA?$AA@ 100023c4     libucrt:nlsdata.obj
 0001:000013cc       ??_C@_1O@IHNHDHPB@?$AAS?$AAu?$AAn?$AAd?$AAa?$AAy?$AA?$AA@ 100023cc     libucrt:nlsdata.obj
 0001:000013dc       ??_C@_1O@MMNBFLIA@?$AAM?$AAo?$AAn?$AAd?$AAa?$AAy?$AA?$AA@ 100023dc     libucrt:nlsdata.obj
 0001:000013ec       ??_C@_1BA@ENFBFFEK@?$AAT?$AAu?$AAe?$AAs?$AAd?$AAa?$AAy?$AA?$AA@ 100023ec     libucrt:nlsdata.obj
 0001:000013fc       ??_C@_1BE@EBOGMDOH@?$AAW?$AAe?$AAd?$AAn?$AAe?$AAs?$AAd?$AAa?$AAy?$AA?$AA@ 100023fc     libucrt:nlsdata.obj
 0001:00001410       ??_C@_1BC@HHMNLIHE@?$AAT?$AAh?$AAu?$AAr?$AAs?$AAd?$AAa?$AAy?$AA?$AA@ 10002410     libucrt:nlsdata.obj
 0001:00001424       ??_C@_1O@PDICJHAG@?$AAF?$AAr?$AAi?$AAd?$AAa?$AAy?$AA?$AA@ 10002424     libucrt:nlsdata.obj
 0001:00001434       ??_C@_1BC@ENMNNPAJ@?$AAS?$AAa?$AAt?$AAu?$AAr?$AAd?$AAa?$AAy?$AA?$AA@ 10002434     libucrt:nlsdata.obj
 0001:00001448       ??_C@_17DKNBKCHM@?$AAJ?$AAa?$AAn?$AA?$AA@ 10002448     libucrt:nlsdata.obj
 0001:00001450       ??_C@_17LMDJEKJN@?$AAF?$AAe?$AAb?$AA?$AA@ 10002450     libucrt:nlsdata.obj
 0001:00001458       ??_C@_17CKNLEDEC@?$AAM?$AAa?$AAr?$AA?$AA@ 10002458     libucrt:nlsdata.obj
 0001:00001460       ??_C@_17LFPOIHDD@?$AAA?$AAp?$AAr?$AA?$AA@ 10002460     libucrt:nlsdata.obj
 0001:00001468       ??_C@_17PNNKMEED@?$AAM?$AAa?$AAy?$AA?$AA@ 10002468     libucrt:nlsdata.obj
 0001:00001470       ??_C@_17KCJGOCPB@?$AAJ?$AAu?$AAn?$AA?$AA@ 10002470     libucrt:nlsdata.obj
 0001:00001478       ??_C@_17IJPCKHK@?$AAJ?$AAu?$AAl?$AA?$AA@ 10002478     libucrt:nlsdata.obj
 0001:00001480       ??_C@_17ICPELBCN@?$AAA?$AAu?$AAg?$AA?$AA@ 10002480     libucrt:nlsdata.obj
 0001:00001488       ??_C@_17HCHCOKMG@?$AAS?$AAe?$AAp?$AA?$AA@ 10002488     libucrt:nlsdata.obj
 0001:00001490       ??_C@_17FNLKOI@?$AAO?$AAc?$AAt?$AA?$AA@ 10002490     libucrt:nlsdata.obj
 0001:00001498       ??_C@_17BBDMLCIG@?$AAN?$AAo?$AAv?$AA?$AA@ 10002498     libucrt:nlsdata.obj
 0001:000014a0       ??_C@_17EGKACKIF@?$AAD?$AAe?$AAc?$AA?$AA@ 100024a0     libucrt:nlsdata.obj
 0001:000014a8       ??_C@_1BA@EFMEIEBA@?$AAJ?$AAa?$AAn?$AAu?$AAa?$AAr?$AAy?$AA?$AA@ 100024a8     libucrt:nlsdata.obj
 0001:000014b8       ??_C@_1BC@JGDDFFAM@?$AAF?$AAe?$AAb?$AAr?$AAu?$AAa?$AAr?$AAy?$AA?$AA@ 100024b8     libucrt:nlsdata.obj
 0001:000014cc       ??_C@_1M@IKEENEDF@?$AAM?$AAa?$AAr?$AAc?$AAh?$AA?$AA@ 100024cc     libucrt:nlsdata.obj
 0001:000014d8       ??_C@_1M@GJNLMHFD@?$AAA?$AAp?$AAr?$AAi?$AAl?$AA?$AA@ 100024d8     libucrt:nlsdata.obj
 0001:000014e4       ??_C@_19EPFLPGAP@?$AAJ?$AAu?$AAn?$AAe?$AA?$AA@ 100024e4     libucrt:nlsdata.obj
 0001:000014f0       ??_C@_19BIFMLPCD@?$AAJ?$AAu?$AAl?$AAy?$AA?$AA@ 100024f0     libucrt:nlsdata.obj
 0001:000014fc       ??_C@_1O@PAHLKOAC@?$AAA?$AAu?$AAg?$AAu?$AAs?$AAt?$AA?$AA@ 100024fc     libucrt:nlsdata.obj
 0001:0000150c       ??_C@_1BE@DKAAMBJL@?$AAS?$AAe?$AAp?$AAt?$AAe?$AAm?$AAb?$AAe?$AAr?$AA?$AA@ 1000250c     libucrt:nlsdata.obj
 0001:00001520       ??_C@_1BA@EPANDLNG@?$AAO?$AAc?$AAt?$AAo?$AAb?$AAe?$AAr?$AA?$AA@ 10002520     libucrt:nlsdata.obj
 0001:00001530       ??_C@_1BC@BGLIFPF@?$AAN?$AAo?$AAv?$AAe?$AAm?$AAb?$AAe?$AAr?$AA?$AA@ 10002530     libucrt:nlsdata.obj
 0001:00001544       ??_C@_1BC@FEMKIFH@?$AAD?$AAe?$AAc?$AAe?$AAm?$AAb?$AAe?$AAr?$AA?$AA@ 10002544     libucrt:nlsdata.obj
 0001:00001558       ??_C@_15ODEHAHHF@?$AAA?$AAM?$AA?$AA@ 10002558     libucrt:nlsdata.obj
 0001:00001560       ??_C@_15CLMNNGEL@?$AAP?$AAM?$AA?$AA@ 10002560     libucrt:nlsdata.obj
 0001:00001568       ??_C@_1BC@IEBCMHCM@?$AAM?$AAM?$AA?1?$AAd?$AAd?$AA?1?$AAy?$AAy?$AA?$AA@ 10002568     libucrt:nlsdata.obj
 0001:0000157c       ??_C@_1CI@KNAKOEBC@?$AAd?$AAd?$AAd?$AAd?$AA?0?$AA?5?$AAM?$AAM?$AAM?$AAM?$AA?5?$AAd?$AAd?$AA?0?$AA?5?$AAy?$AAy?$AAy?$AAy?$AA?$AA@ 1000257c     libucrt:nlsdata.obj
 0001:000015a4       ??_C@_1BC@GDGBMEMK@?$AAH?$AAH?$AA?3?$AAm?$AAm?$AA?3?$AAs?$AAs?$AA?$AA@ 100025a4     libucrt:nlsdata.obj
 0001:000015b8       ??_C@_1M@BMHNFIME@?$AAe?$AAn?$AA?9?$AAU?$AAS?$AA?$AA@ 100025b8     libucrt:nlsdata.obj
 0001:000015c8       ___lc_time_c               100025c8     libucrt:nlsdata.obj
 0001:0000173c       ??_C@_1M@HPNHIDJI@?$AAj?$AAa?$AA?9?$AAJ?$AAP?$AA?$AA@ 1000273c     libucrt:mbctype.obj
 0001:00001748       ??_C@_1M@BIBDDEMK@?$AAz?$AAh?$AA?9?$AAC?$AAN?$AA?$AA@ 10002748     libucrt:mbctype.obj
 0001:00001754       ??_C@_1M@JLOOOEGK@?$AAk?$AAo?$AA?9?$AAK?$AAR?$AA?$AA@ 10002754     libucrt:mbctype.obj
 0001:00001760       ??_C@_1M@CLNBBOPM@?$AAz?$AAh?$AA?9?$AAT?$AAW?$AA?$AA@ 10002760     libucrt:mbctype.obj
 0001:000017c0       ??_C@_1EA@JGEFHKEI@?$AAa?$AAp?$AAi?$AA?9?$AAm?$AAs?$AA?9?$AAw?$AAi?$AAn?$AA?9?$AAc?$AAo?$AAr?$AAe?$AA?9?$AAd?$AAa?$AAt?$AAe?$AAt?$AAi?$AAm?$AAe?$AA?9?$AAl?$AA1?$AA?9?$AA1?$AA?9?$AA1?$AA?$AA@ 100027c0     libucrt:winapi_thunks.obj
 0001:00001800       ??_C@_1DI@IJCEHOCB@?$AAa?$AAp?$AAi?$AA?9?$AAm?$AAs?$AA?9?$AAw?$AAi?$AAn?$AA?9?$AAc?$AAo?$AAr?$AAe?$AA?9?$AAf?$AAi?$AAl?$AAe?$AA?9?$AAl?$AA1?$AA?9?$AA2?$AA?9?$AA2?$AA?$AA@ 10002800     libucrt:winapi_thunks.obj
 0001:00001838       ??_C@_1EI@MPIAOHOC@?$AAa?$AAp?$AAi?$AA?9?$AAm?$AAs?$AA?9?$AAw?$AAi?$AAn?$AA?9?$AAc?$AAo?$AAr?$AAe?$AA?9?$AAl?$AAo?$AAc?$AAa?$AAl?$AAi?$AAz?$AAa?$AAt?$AAi?$AAo?$AAn?$AA?9?$AAl?$AA1?$AA?9@ 10002838     libucrt:winapi_thunks.obj
 0001:00001880       ??_C@_1FK@FPHCKFIE@?$AAa?$AAp?$AAi?$AA?9?$AAm?$AAs?$AA?9?$AAw?$AAi?$AAn?$AA?9?$AAc?$AAo?$AAr?$AAe?$AA?9?$AAl?$AAo?$AAc?$AAa?$AAl?$AAi?$AAz?$AAa?$AAt?$AAi?$AAo?$AAn?$AA?9?$AAo?$AAb?$AAs@ 10002880     libucrt:winapi_thunks.obj
 0001:000018e0       ??_C@_1EM@DILCGIIO@?$AAa?$AAp?$AAi?$AA?9?$AAm?$AAs?$AA?9?$AAw?$AAi?$AAn?$AA?9?$AAc?$AAo?$AAr?$AAe?$AA?9?$AAp?$AAr?$AAo?$AAc?$AAe?$AAs?$AAs?$AAt?$AAh?$AAr?$AAe?$AAa?$AAd?$AAs?$AA?9?$AAl@ 100028e0     libucrt:winapi_thunks.obj
 0001:0000192c       ??_C@_1DM@LNCGDDPN@?$AAa?$AAp?$AAi?$AA?9?$AAm?$AAs?$AA?9?$AAw?$AAi?$AAn?$AA?9?$AAc?$AAo?$AAr?$AAe?$AA?9?$AAs?$AAt?$AAr?$AAi?$AAn?$AAg?$AA?9?$AAl?$AA1?$AA?9?$AA1?$AA?9?$AA0?$AA?$AA@ 1000292c     libucrt:winapi_thunks.obj
 0001:00001968       ??_C@_1DO@FPAPJEMD@?$AAa?$AAp?$AAi?$AA?9?$AAm?$AAs?$AA?9?$AAw?$AAi?$AAn?$AA?9?$AAc?$AAo?$AAr?$AAe?$AA?9?$AAs?$AAy?$AAs?$AAi?$AAn?$AAf?$AAo?$AA?9?$AAl?$AA1?$AA?9?$AA2?$AA?9?$AA1?$AA?$AA@ 10002968     libucrt:winapi_thunks.obj
 0001:000019a8       ??_C@_1DK@NDHNAHIO@?$AAa?$AAp?$AAi?$AA?9?$AAm?$AAs?$AA?9?$AAw?$AAi?$AAn?$AA?9?$AAc?$AAo?$AAr?$AAe?$AA?9?$AAw?$AAi?$AAn?$AAr?$AAt?$AA?9?$AAl?$AA1?$AA?9?$AA1?$AA?9?$AA0?$AA?$AA@ 100029a8     libucrt:winapi_thunks.obj
 0001:000019e4       ??_C@_1DM@KGHDGBCM@?$AAa?$AAp?$AAi?$AA?9?$AAm?$AAs?$AA?9?$AAw?$AAi?$AAn?$AA?9?$AAc?$AAo?$AAr?$AAe?$AA?9?$AAx?$AAs?$AAt?$AAa?$AAt?$AAe?$AA?9?$AAl?$AA2?$AA?9?$AA1?$AA?9?$AA0?$AA?$AA@ 100029e4     libucrt:winapi_thunks.obj
 0001:00001a20       ??_C@_1EO@IJIOEFOH@?$AAa?$AAp?$AAi?$AA?9?$AAm?$AAs?$AA?9?$AAw?$AAi?$AAn?$AA?9?$AAr?$AAt?$AAc?$AAo?$AAr?$AAe?$AA?9?$AAn?$AAt?$AAu?$AAs?$AAe?$AAr?$AA?9?$AAw?$AAi?$AAn?$AAd?$AAo?$AAw?$AA?9@ 10002a20     libucrt:winapi_thunks.obj
 0001:00001a70       ??_C@_1FG@HHGEKANL@?$AAa?$AAp?$AAi?$AA?9?$AAm?$AAs?$AA?9?$AAw?$AAi?$AAn?$AA?9?$AAs?$AAe?$AAc?$AAu?$AAr?$AAi?$AAt?$AAy?$AA?9?$AAs?$AAy?$AAs?$AAt?$AAe?$AAm?$AAf?$AAu?$AAn?$AAc?$AAt?$AAi@ 10002a70     libucrt:winapi_thunks.obj
 0001:00001ac8       ??_C@_1EG@DBIOJECG@?$AAe?$AAx?$AAt?$AA?9?$AAm?$AAs?$AA?9?$AAw?$AAi?$AAn?$AA?9?$AAn?$AAt?$AAu?$AAs?$AAe?$AAr?$AA?9?$AAd?$AAi?$AAa?$AAl?$AAo?$AAg?$AAb?$AAo?$AAx?$AA?9?$AAl?$AA1?$AA?9?$AA1@ 10002ac8     libucrt:winapi_thunks.obj
 0001:00001b10       ??_C@_1EO@FIHMJCLF@?$AAe?$AAx?$AAt?$AA?9?$AAm?$AAs?$AA?9?$AAw?$AAi?$AAn?$AA?9?$AAn?$AAt?$AAu?$AAs?$AAe?$AAr?$AA?9?$AAw?$AAi?$AAn?$AAd?$AAo?$AAw?$AAs?$AAt?$AAa?$AAt?$AAi?$AAo?$AAn?$AA?9@ 10002b10     libucrt:winapi_thunks.obj
 0001:00001b60       ??_C@_1BC@DNHGCMLG@?$AAa?$AAd?$AAv?$AAa?$AAp?$AAi?$AA3?$AA2?$AA?$AA@ 10002b60     libucrt:winapi_thunks.obj
 0001:00001b74       ??_C@_1M@OAIMIKLP@?$AAn?$AAt?$AAd?$AAl?$AAl?$AA?$AA@ 10002b74     libucrt:winapi_thunks.obj
 0001:00001b80       ??_C@_1EG@DPGNFKGC@?$AAa?$AAp?$AAi?$AA?9?$AAm?$AAs?$AA?9?$AAw?$AAi?$AAn?$AA?9?$AAa?$AAp?$AAp?$AAm?$AAo?$AAd?$AAe?$AAl?$AA?9?$AAr?$AAu?$AAn?$AAt?$AAi?$AAm?$AAe?$AA?9?$AAl?$AA1?$AA?9?$AA1@ 10002b80     libucrt:winapi_thunks.obj
 0001:00001bc8       ??_C@_1O@BCCLBEOE@?$AAu?$AAs?$AAe?$AAr?$AA3?$AA2?$AA?$AA@ 10002bc8     libucrt:winapi_thunks.obj
 0001:00001c08       ??_C@_0O@KKBNKAPF@LCMapStringEx?$AA@ 10002c08     libucrt:winapi_thunks.obj
 0001:00001c20       ??_C@_0BB@HBDEELFH@LocaleNameToLCID?$AA@ 10002c20     libucrt:winapi_thunks.obj
 0001:00001c38       ??_C@_0CF@OJOFEIGO@AppPolicyGetProcessTerminationMe@ 10002c38     libucrt:winapi_thunks.obj
 0001:00001c60       ___newctype                10002c60     libucrt:ctype.obj
 0001:00001f60       ___newclmap                10002f60     libucrt:ctype.obj
 0001:000020e0       ___newcumap                100030e0     libucrt:ctype.obj
 0001:00002260       ??_C@_15PJPFLCCM@?$AAu?$AAk?$AA?$AA@ 10003260     libucrt:get_qualified_locale.obj
 0001:00002988       ??_C@_15EMKDOKLE@?$AAa?$AAr?$AA?$AA@ 10003988     libucrt:lcidtoname_downlevel.obj
 0001:00002990       ??_C@_15KNPADPLH@?$AAb?$AAg?$AA?$AA@ 10003990     libucrt:lcidtoname_downlevel.obj
 0001:00002998       ??_C@_15EDMHLDMO@?$AAc?$AAa?$AA?$AA@ 10003998     libucrt:lcidtoname_downlevel.obj
 0001:000029a0       ??_C@_1O@BPEAJADD@?$AAz?$AAh?$AA?9?$AAC?$AAH?$AAS?$AA?$AA@ 100039a0     libucrt:lcidtoname_downlevel.obj
 0001:000029b0       ??_C@_15LJNHCMNK@?$AAc?$AAs?$AA?$AA@ 100039b0     libucrt:lcidtoname_downlevel.obj
 0001:000029b8       ??_C@_15FOMCIDHG@?$AAd?$AAa?$AA?$AA@ 100039b8     libucrt:lcidtoname_downlevel.obj
 0001:000029c0       ??_C@_15NBKABECB@?$AAd?$AAe?$AA?$AA@ 100039c0     libucrt:lcidtoname_downlevel.obj
 0001:000029c8       ??_C@_15GHPEIIAO@?$AAe?$AAl?$AA?$AA@ 100039c8     libucrt:lcidtoname_downlevel.obj
 0001:000029d0       ??_C@_15MNPNEAIF@?$AAe?$AAn?$AA?$AA@ 100039d0     libucrt:lcidtoname_downlevel.obj
 0001:000029d8       ??_C@_15GPIOMPMH@?$AAe?$AAs?$AA?$AA@ 100039d8     libucrt:lcidtoname_downlevel.obj
 0001:000029e0       ??_C@_15NGLOAKJC@?$AAf?$AAi?$AA?$AA@ 100039e0     libucrt:lcidtoname_downlevel.obj
 0001:000029e8       ??_C@_15FBKGNKAM@?$AAf?$AAr?$AA?$AA@ 100039e8     libucrt:lcidtoname_downlevel.obj
 0001:000029f0       ??_C@_15KGGCNEFK@?$AAh?$AAe?$AA?$AA@ 100039f0     libucrt:lcidtoname_downlevel.obj
 0001:000029f8       ??_C@_15PGHLIDMF@?$AAh?$AAu?$AA?$AA@ 100039f8     libucrt:lcidtoname_downlevel.obj
 0001:00002a00       ??_C@_15BIEMAPLM@?$AAi?$AAs?$AA?$AA@ 10003a00     libucrt:lcidtoname_downlevel.obj
 0001:00002a08       ??_C@_15IFJLDHAF@?$AAi?$AAt?$AA?$AA@ 10003a08     libucrt:lcidtoname_downlevel.obj
 0001:00002a10       ??_C@_15GEMIOCAG@?$AAj?$AAa?$AA?$AA@ 10003a10     libucrt:lcidtoname_downlevel.obj
 0001:00002a18       ??_C@_15EPELEGJA@?$AAk?$AAo?$AA?$AA@ 10003a18     libucrt:lcidtoname_downlevel.obj
 0001:00002a20       ??_C@_15NDDHIMN@?$AAn?$AAl?$AA?$AA@ 10003a20     libucrt:lcidtoname_downlevel.obj
 0001:00002a28       ??_C@_15BPIGNHCD@?$AAn?$AAo?$AA?$AA@ 10003a28     libucrt:lcidtoname_downlevel.obj
 0001:00002a30       ??_C@_15DEOPBLCG@?$AAp?$AAl?$AA?$AA@ 10003a30     libucrt:lcidtoname_downlevel.obj
 0001:00002a38       ??_C@_15KBECGEFG@?$AAp?$AAt?$AA?$AA@ 10003a38     libucrt:lcidtoname_downlevel.obj
 0001:00002a40       ??_C@_15GLJCBFMD@?$AAr?$AAo?$AA?$AA@ 10003a40     libucrt:lcidtoname_downlevel.obj
 0001:00002a48       ??_C@_15FEDGKCDI@?$AAr?$AAu?$AA?$AA@ 10003a48     libucrt:lcidtoname_downlevel.obj
 0001:00002a50       ??_C@_15GLKMLLHM@?$AAh?$AAr?$AA?$AA@ 10003a50     libucrt:lcidtoname_downlevel.obj
 0001:00002a58       ??_C@_15CPKMFBDB@?$AAs?$AAk?$AA?$AA@ 10003a58     libucrt:lcidtoname_downlevel.obj
 0001:00002a60       ??_C@_15BAAIOGMK@?$AAs?$AAq?$AA?$AA@ 10003a60     libucrt:lcidtoname_downlevel.obj
 0001:00002a68       ??_C@_15INNPNOHD@?$AAs?$AAv?$AA?$AA@ 10003a68     libucrt:lcidtoname_downlevel.obj
 0001:00002a70       ??_C@_15CABMMOGH@?$AAt?$AAh?$AA?$AA@ 10003a70     libucrt:lcidtoname_downlevel.obj
 0001:00002a78       ??_C@_15BPLIHJJM@?$AAt?$AAr?$AA?$AA@ 10003a78     libucrt:lcidtoname_downlevel.obj
 0001:00002a80       ??_C@_15NEOEKKDJ@?$AAu?$AAr?$AA?$AA@ 10003a80     libucrt:lcidtoname_downlevel.obj
 0001:00002a88       ??_C@_15NFICGAJK@?$AAi?$AAd?$AA?$AA@ 10003a88     libucrt:lcidtoname_downlevel.obj
 0001:00002a90       ??_C@_15HPJPHDM@?$AAb?$AAe?$AA?$AA@ 10003a90     libucrt:lcidtoname_downlevel.obj
 0001:00002a98       ??_C@_15LCHLGJII@?$AAs?$AAl?$AA?$AA@ 10003a98     libucrt:lcidtoname_downlevel.obj
 0001:00002aa0       ??_C@_15PCFJPHHO@?$AAe?$AAt?$AA?$AA@ 10003aa0     libucrt:lcidtoname_downlevel.obj
 0001:00002aa8       ??_C@_15HPFPGODN@?$AAl?$AAv?$AA?$AA@ 10003aa8     libucrt:lcidtoname_downlevel.obj
 0001:00002ab0       ??_C@_15NFFGKGLG@?$AAl?$AAt?$AA?$AA@ 10003ab0     libucrt:lcidtoname_downlevel.obj
 0001:00002ab8       ??_C@_15BDAKCCHN@?$AAf?$AAa?$AA?$AA@ 10003ab8     libucrt:lcidtoname_downlevel.obj
 0001:00002ac0       ??_C@_15NFGIAIAJ@?$AAv?$AAi?$AA?$AA@ 10003ac0     libucrt:lcidtoname_downlevel.obj
 0001:00002ac8       ??_C@_15LMKNDMHN@?$AAh?$AAy?$AA?$AA@ 10003ac8     libucrt:lcidtoname_downlevel.obj
 0001:00002ad0       ??_C@_15IJBHMCFL@?$AAa?$AAz?$AA?$AA@ 10003ad0     libucrt:lcidtoname_downlevel.obj
 0001:00002ad8       ??_C@_15EKOFJABL@?$AAe?$AAu?$AA?$AA@ 10003ad8     libucrt:lcidtoname_downlevel.obj
 0001:00002ae0       ??_C@_15BGHADCNK@?$AAm?$AAk?$AA?$AA@ 10003ae0     libucrt:lcidtoname_downlevel.obj
 0001:00002ae8       ??_C@_15JDNICKHM@?$AAa?$AAf?$AA?$AA@ 10003ae8     libucrt:lcidtoname_downlevel.obj
 0001:00002af0       ??_C@_15KPJEDBKD@?$AAk?$AAa?$AA?$AA@ 10003af0     libucrt:lcidtoname_downlevel.obj
 0001:00002af8       ??_C@_15PDNFFFEO@?$AAf?$AAo?$AA?$AA@ 10003af8     libucrt:lcidtoname_downlevel.obj
 0001:00002b00       ??_C@_15OMLEGLOC@?$AAh?$AAi?$AA?$AA@ 10003b00     libucrt:lcidtoname_downlevel.obj
 0001:00002b08       ??_C@_15IDNNENKK@?$AAm?$AAs?$AA?$AA@ 10003b08     libucrt:lcidtoname_downlevel.obj
 0001:00002b10       ??_C@_15MACJNBMH@?$AAk?$AAk?$AA?$AA@ 10003b10     libucrt:lcidtoname_downlevel.obj
 0001:00002b18       ??_C@_15DKDJEOND@?$AAk?$AAy?$AA?$AA@ 10003b18     libucrt:lcidtoname_downlevel.obj
 0001:00002b20       ??_C@_15DFGDLJBG@?$AAs?$AAw?$AA?$AA@ 10003b20     libucrt:lcidtoname_downlevel.obj
 0001:00002b28       ??_C@_15BBFAICNG@?$AAu?$AAz?$AA?$AA@ 10003b28     libucrt:lcidtoname_downlevel.obj
 0001:00002b30       ??_C@_15DKNDCGEA@?$AAt?$AAt?$AA?$AA@ 10003b30     libucrt:lcidtoname_downlevel.obj
 0001:00002b38       ??_C@_15MGIFMDPL@?$AAp?$AAa?$AA?$AA@ 10003b38     libucrt:lcidtoname_downlevel.obj
 0001:00002b40       ??_C@_15HCNDBBA@?$AAg?$AAu?$AA?$AA@ 10003b40     libucrt:lcidtoname_downlevel.obj
 0001:00002b48       ??_C@_15FNBEIBON@?$AAt?$AAa?$AA?$AA@ 10003b48     libucrt:lcidtoname_downlevel.obj
 0001:00002b50       ??_C@_15NCHGBGLK@?$AAt?$AAe?$AA?$AA@ 10003b50     libucrt:lcidtoname_downlevel.obj
 0001:00002b58       ??_C@_15PHPHCBPF@?$AAk?$AAn?$AA?$AA@ 10003b58     libucrt:lcidtoname_downlevel.obj
 0001:00002b60       ??_C@_15DLGBCKMP@?$AAm?$AAr?$AA?$AA@ 10003b60     libucrt:lcidtoname_downlevel.obj
 0001:00002b68       ??_C@_15EABBLBFF@?$AAs?$AAa?$AA?$AA@ 10003b68     libucrt:lcidtoname_downlevel.obj
 0001:00002b70       ??_C@_15CBKOMCOI@?$AAm?$AAn?$AA?$AA@ 10003b70     libucrt:lcidtoname_downlevel.obj
 0001:00002b78       ??_C@_15CKDMCJAF@?$AAg?$AAl?$AA?$AA@ 10003b78     libucrt:lcidtoname_downlevel.obj
 0001:00002b80       ??_C@_17CNJFBPG@?$AAk?$AAo?$AAk?$AA?$AA@ 10003b80     libucrt:lcidtoname_downlevel.obj
 0001:00002b88       ??_C@_17FFBJICPL@?$AAs?$AAy?$AAr?$AA?$AA@ 10003b88     libucrt:lcidtoname_downlevel.obj
 0001:00002b90       ??_C@_17KPNDCPAF@?$AAd?$AAi?$AAv?$AA?$AA@ 10003b90     libucrt:lcidtoname_downlevel.obj
 0001:00002b98       ??_C@_1M@OKAHONE@?$AAa?$AAr?$AA?9?$AAS?$AAA?$AA?$AA@ 10003b98     libucrt:lcidtoname_downlevel.obj
 0001:00002ba4       ??_C@_1M@FFFIGIGK@?$AAb?$AAg?$AA?9?$AAB?$AAG?$AA?$AA@ 10003ba4     libucrt:lcidtoname_downlevel.obj
 0001:00002bb0       ??_C@_1M@BJNKEDC@?$AAc?$AAa?$AA?9?$AAE?$AAS?$AA?$AA@ 10003bb0     libucrt:lcidtoname_downlevel.obj
 0001:00002bbc       ??_C@_1M@IJJHFJHA@?$AAc?$AAs?$AA?9?$AAC?$AAZ?$AA?$AA@ 10003bbc     libucrt:lcidtoname_downlevel.obj
 0001:00002bc8       ??_C@_1M@CLPEOBGI@?$AAd?$AAa?$AA?9?$AAD?$AAK?$AA?$AA@ 10003bc8     libucrt:lcidtoname_downlevel.obj
 0001:00002bd4       ??_C@_1M@MCMADGCB@?$AAd?$AAe?$AA?9?$AAD?$AAE?$AA?$AA@ 10003bd4     libucrt:lcidtoname_downlevel.obj
 0001:00002be0       ??_C@_1M@OOCKEMAM@?$AAe?$AAl?$AA?9?$AAG?$AAR?$AA?$AA@ 10003be0     libucrt:lcidtoname_downlevel.obj
 0001:00002bec       ??_C@_1M@DDNJFGID@?$AAf?$AAi?$AA?9?$AAF?$AAI?$AA?$AA@ 10003bec     libucrt:lcidtoname_downlevel.obj
 0001:00002bf8       ??_C@_1M@GLIPPMAC@?$AAf?$AAr?$AA?9?$AAF?$AAR?$AA?$AA@ 10003bf8     libucrt:lcidtoname_downlevel.obj
 0001:00002c04       ??_C@_1M@GFMCHPE@?$AAh?$AAe?$AA?9?$AAI?$AAL?$AA?$AA@ 10003c04     libucrt:lcidtoname_downlevel.obj
 0001:00002c10       ??_C@_1M@MHLPGNKM@?$AAh?$AAu?$AA?9?$AAH?$AAU?$AA?$AA@ 10003c10     libucrt:lcidtoname_downlevel.obj
 0001:00002c1c       ??_C@_1M@LPDDNNPN@?$AAi?$AAs?$AA?9?$AAI?$AAS?$AA?$AA@ 10003c1c     libucrt:lcidtoname_downlevel.obj
 0001:00002c28       ??_C@_1M@MADIPODN@?$AAi?$AAt?$AA?9?$AAI?$AAT?$AA?$AA@ 10003c28     libucrt:lcidtoname_downlevel.obj
 0001:00002c34       ??_C@_1M@IHBJJGG@?$AAn?$AAl?$AA?9?$AAN?$AAL?$AA?$AA@ 10003c34     libucrt:lcidtoname_downlevel.obj
 0001:00002c40       ??_C@_1M@EANAGDL@?$AAn?$AAb?$AA?9?$AAN?$AAO?$AA?$AA@ 10003c40     libucrt:lcidtoname_downlevel.obj
 0001:00002c4c       ??_C@_1M@NEIEMEGP@?$AAp?$AAl?$AA?9?$AAP?$AAL?$AA?$AA@ 10003c4c     libucrt:lcidtoname_downlevel.obj
 0001:00002c58       ??_C@_1M@BOCFIGEP@?$AAp?$AAt?$AA?9?$AAB?$AAR?$AA?$AA@ 10003c58     libucrt:lcidtoname_downlevel.obj
 0001:00002c64       ??_C@_1M@IMPFOPBG@?$AAr?$AAo?$AA?9?$AAR?$AAO?$AA?$AA@ 10003c64     libucrt:lcidtoname_downlevel.obj
 0001:00002c70       ??_C@_1M@IDNNEJMM@?$AAr?$AAu?$AA?9?$AAR?$AAU?$AA?$AA@ 10003c70     libucrt:lcidtoname_downlevel.obj
 0001:00002c7c       ??_C@_1M@LILEEOGM@?$AAh?$AAr?$AA?9?$AAH?$AAR?$AA?$AA@ 10003c7c     libucrt:lcidtoname_downlevel.obj
 0001:00002c88       ??_C@_1M@FKIFEHPB@?$AAs?$AAk?$AA?9?$AAS?$AAK?$AA?$AA@ 10003c88     libucrt:lcidtoname_downlevel.obj
 0001:00002c94       ??_C@_1M@LJMAMNPJ@?$AAs?$AAq?$AA?9?$AAA?$AAL?$AA?$AA@ 10003c94     libucrt:lcidtoname_downlevel.obj
 0001:00002ca0       ??_C@_1M@GIAKDKJK@?$AAs?$AAv?$AA?9?$AAS?$AAE?$AA?$AA@ 10003ca0     libucrt:lcidtoname_downlevel.obj
 0001:00002cac       ??_C@_1M@MKJKIKCL@?$AAt?$AAh?$AA?9?$AAT?$AAH?$AA?$AA@ 10003cac     libucrt:lcidtoname_downlevel.obj
 0001:00002cb8       ??_C@_1M@MFLCCMPB@?$AAt?$AAr?$AA?9?$AAT?$AAR?$AA?$AA@ 10003cb8     libucrt:lcidtoname_downlevel.obj
 0001:00002cc4       ??_C@_1M@OIJHDKJN@?$AAu?$AAr?$AA?9?$AAP?$AAK?$AA?$AA@ 10003cc4     libucrt:lcidtoname_downlevel.obj
 0001:00002cd0       ??_C@_1M@LHIPCIEK@?$AAi?$AAd?$AA?9?$AAI?$AAD?$AA?$AA@ 10003cd0     libucrt:lcidtoname_downlevel.obj
 0001:00002cdc       ??_C@_1M@MFMOBGI@?$AAu?$AAk?$AA?9?$AAU?$AAA?$AA?$AA@ 10003cdc     libucrt:lcidtoname_downlevel.obj
 0001:00002ce8       ??_C@_1M@OBGLJIPL@?$AAb?$AAe?$AA?9?$AAB?$AAY?$AA?$AA@ 10003ce8     libucrt:lcidtoname_downlevel.obj
 0001:00002cf4       ??_C@_1M@BCFAJEAD@?$AAs?$AAl?$AA?9?$AAS?$AAI?$AA?$AA@ 10003cf4     libucrt:lcidtoname_downlevel.obj
 0001:00002d00       ??_C@_1M@FKFFEDDN@?$AAe?$AAt?$AA?9?$AAE?$AAE?$AA?$AA@ 10003d00     libucrt:lcidtoname_downlevel.obj
 0001:00002d0c       ??_C@_1M@KGKKAACI@?$AAl?$AAv?$AA?9?$AAL?$AAV?$AA?$AA@ 10003d0c     libucrt:lcidtoname_downlevel.obj
 0001:00002d18       ??_C@_1M@IFGBIJO@?$AAl?$AAt?$AA?9?$AAL?$AAT?$AA?$AA@ 10003d18     libucrt:lcidtoname_downlevel.obj
 0001:00002d24       ??_C@_1M@FGEAHEDM@?$AAf?$AAa?$AA?9?$AAI?$AAR?$AA?$AA@ 10003d24     libucrt:lcidtoname_downlevel.obj
 0001:00002d30       ??_C@_1M@KBMAIBFN@?$AAv?$AAi?$AA?9?$AAV?$AAN?$AA?$AA@ 10003d30     libucrt:lcidtoname_downlevel.obj
 0001:00002d3c       ??_C@_1M@GPCBKDJK@?$AAh?$AAy?$AA?9?$AAA?$AAM?$AA?$AA@ 10003d3c     libucrt:lcidtoname_downlevel.obj
 0001:00002d48       ??_C@_1BG@BECMDDJB@?$AAa?$AAz?$AA?9?$AAA?$AAZ?$AA?9?$AAL?$AAa?$AAt?$AAn?$AA?$AA@ 10003d48     libucrt:lcidtoname_downlevel.obj
 0001:00002d60       ??_C@_1M@MAOFCAEA@?$AAe?$AAu?$AA?9?$AAE?$AAS?$AA?$AA@ 10003d60     libucrt:lcidtoname_downlevel.obj
 0001:00002d6c       ??_C@_1M@IGHABKPI@?$AAm?$AAk?$AA?9?$AAM?$AAK?$AA?$AA@ 10003d6c     libucrt:lcidtoname_downlevel.obj
 0001:00002d78       ??_C@_1M@IAIGNEJG@?$AAt?$AAn?$AA?9?$AAZ?$AAA?$AA?$AA@ 10003d78     libucrt:lcidtoname_downlevel.obj
 0001:00002d84       ??_C@_1M@IIJCOJFA@?$AAx?$AAh?$AA?9?$AAZ?$AAA?$AA?$AA@ 10003d84     libucrt:lcidtoname_downlevel.obj
 0001:00002d90       ??_C@_1M@LGPJHNJH@?$AAz?$AAu?$AA?9?$AAZ?$AAA?$AA?$AA@ 10003d90     libucrt:lcidtoname_downlevel.obj
 0001:00002d9c       ??_C@_1M@HOKAOIO@?$AAa?$AAf?$AA?9?$AAZ?$AAA?$AA?$AA@ 10003d9c     libucrt:lcidtoname_downlevel.obj
 0001:00002da8       ??_C@_1M@DPCLHLIE@?$AAk?$AAa?$AA?9?$AAG?$AAE?$AA?$AA@ 10003da8     libucrt:lcidtoname_downlevel.obj
 0001:00002db4       ??_C@_1M@BLKMHJBI@?$AAf?$AAo?$AA?9?$AAF?$AAO?$AA?$AA@ 10003db4     libucrt:lcidtoname_downlevel.obj
 0001:00002dc0       ??_C@_1M@LGGJAPPB@?$AAh?$AAi?$AA?9?$AAI?$AAN?$AA?$AA@ 10003dc0     libucrt:lcidtoname_downlevel.obj
 0001:00002dcc       ??_C@_1M@FIKPIHFE@?$AAm?$AAt?$AA?9?$AAM?$AAT?$AA?$AA@ 10003dcc     libucrt:lcidtoname_downlevel.obj
 0001:00002dd8       ??_C@_1M@HEGGPBFA@?$AAs?$AAe?$AA?9?$AAN?$AAO?$AA?$AA@ 10003dd8     libucrt:lcidtoname_downlevel.obj
 0001:00002de4       ??_C@_1M@EIBJEEPA@?$AAm?$AAs?$AA?9?$AAM?$AAY?$AA?$AA@ 10003de4     libucrt:lcidtoname_downlevel.obj
 0001:00002df0       ??_C@_1M@FHLBGMPP@?$AAk?$AAk?$AA?9?$AAK?$AAZ?$AA?$AA@ 10003df0     libucrt:lcidtoname_downlevel.obj
 0001:00002dfc       ??_C@_1M@NGJJLCGI@?$AAk?$AAy?$AA?9?$AAK?$AAG?$AA?$AA@ 10003dfc     libucrt:lcidtoname_downlevel.obj
 0001:00002e08       ??_C@_1M@GIENNBFC@?$AAs?$AAw?$AA?9?$AAK?$AAE?$AA?$AA@ 10003e08     libucrt:lcidtoname_downlevel.obj
 0001:00002e14       ??_C@_1BG@NDGMJIMJ@?$AAu?$AAz?$AA?9?$AAU?$AAZ?$AA?9?$AAL?$AAa?$AAt?$AAn?$AA?$AA@ 10003e14     libucrt:lcidtoname_downlevel.obj
 0001:00002e2c       ??_C@_1M@IDCCIHBC@?$AAt?$AAt?$AA?9?$AAR?$AAU?$AA?$AA@ 10003e2c     libucrt:lcidtoname_downlevel.obj
 0001:00002e38       ??_C@_1M@LOICPMOJ@?$AAb?$AAn?$AA?9?$AAI?$AAN?$AA?$AA@ 10003e38     libucrt:lcidtoname_downlevel.obj
 0001:00002e44       ??_C@_1M@KPKKNEAH@?$AAp?$AAa?$AA?9?$AAI?$AAN?$AA?$AA@ 10003e44     libucrt:lcidtoname_downlevel.obj
 0001:00002e50       ??_C@_1M@PJGPPBOG@?$AAg?$AAu?$AA?9?$AAI?$AAN?$AA?$AA@ 10003e50     libucrt:lcidtoname_downlevel.obj
 0001:00002e5c       ??_C@_1M@KMKMOPHI@?$AAt?$AAa?$AA?9?$AAI?$AAN?$AA?$AA@ 10003e5c     libucrt:lcidtoname_downlevel.obj
 0001:00002e68       ??_C@_1M@KFEHEPAC@?$AAt?$AAe?$AA?9?$AAI?$AAN?$AA?$AA@ 10003e68     libucrt:lcidtoname_downlevel.obj
 0001:00002e74       ??_C@_1M@CDCLMGHI@?$AAk?$AAn?$AA?9?$AAI?$AAN?$AA?$AA@ 10003e74     libucrt:lcidtoname_downlevel.obj
 0001:00002e80       ??_C@_1M@MIODLDKF@?$AAm?$AAl?$AA?9?$AAI?$AAN?$AA?$AA@ 10003e80     libucrt:lcidtoname_downlevel.obj
 0001:00002e8c       ??_C@_1M@PBIEACPO@?$AAm?$AAr?$AA?9?$AAI?$AAN?$AA?$AA@ 10003e8c     libucrt:lcidtoname_downlevel.obj
 0001:00002e98       ??_C@_1M@NIDEAGPH@?$AAs?$AAa?$AA?9?$AAI?$AAN?$AA?$AA@ 10003e98     libucrt:lcidtoname_downlevel.obj
 0001:00002ea4       ??_C@_1M@FHIHCBIO@?$AAm?$AAn?$AA?9?$AAM?$AAN?$AA?$AA@ 10003ea4     libucrt:lcidtoname_downlevel.obj
 0001:00002eb0       ??_C@_1M@JAIJPENP@?$AAc?$AAy?$AA?9?$AAG?$AAB?$AA?$AA@ 10003eb0     libucrt:lcidtoname_downlevel.obj
 0001:00002ebc       ??_C@_1M@PHGFBEPN@?$AAg?$AAl?$AA?9?$AAE?$AAS?$AA?$AA@ 10003ebc     libucrt:lcidtoname_downlevel.obj
 0001:00002ec8       ??_C@_1O@KPIPDNCP@?$AAk?$AAo?$AAk?$AA?9?$AAI?$AAN?$AA?$AA@ 10003ec8     libucrt:lcidtoname_downlevel.obj
 0001:00002ed8       ??_C@_1O@KNHJLDJA@?$AAs?$AAy?$AAr?$AA?9?$AAS?$AAY?$AA?$AA@ 10003ed8     libucrt:lcidtoname_downlevel.obj
 0001:00002ee8       ??_C@_1O@MKEKBLAH@?$AAd?$AAi?$AAv?$AA?9?$AAM?$AAV?$AA?$AA@ 10003ee8     libucrt:lcidtoname_downlevel.obj
 0001:00002ef8       ??_C@_1O@OHDCKDDF@?$AAq?$AAu?$AAz?$AA?9?$AAB?$AAO?$AA?$AA@ 10003ef8     libucrt:lcidtoname_downlevel.obj
 0001:00002f08       ??_C@_1M@LEPJNLFD@?$AAn?$AAs?$AA?9?$AAZ?$AAA?$AA?$AA@ 10003f08     libucrt:lcidtoname_downlevel.obj
 0001:00002f14       ??_C@_1M@OMLEIIJB@?$AAm?$AAi?$AA?9?$AAN?$AAZ?$AA?$AA@ 10003f14     libucrt:lcidtoname_downlevel.obj
 0001:00002f20       ??_C@_1M@PMPEAILG@?$AAa?$AAr?$AA?9?$AAI?$AAQ?$AA?$AA@ 10003f20     libucrt:lcidtoname_downlevel.obj
 0001:00002f2c       ??_C@_1M@CNKPNOEE@?$AAd?$AAe?$AA?9?$AAC?$AAH?$AA?$AA@ 10003f2c     libucrt:lcidtoname_downlevel.obj
 0001:00002f38       ??_C@_1M@LKMGMLKO@?$AAe?$AAn?$AA?9?$AAG?$AAB?$AA?$AA@ 10003f38     libucrt:lcidtoname_downlevel.obj
 0001:00002f44       ??_C@_1M@PGKJFFGL@?$AAe?$AAs?$AA?9?$AAM?$AAX?$AA?$AA@ 10003f44     libucrt:lcidtoname_downlevel.obj
 0001:00002f50       ??_C@_1M@DNNANBDC@?$AAf?$AAr?$AA?9?$AAB?$AAE?$AA?$AA@ 10003f50     libucrt:lcidtoname_downlevel.obj
 0001:00002f5c       ??_C@_1M@HLGMDFHM@?$AAi?$AAt?$AA?9?$AAC?$AAH?$AA?$AA@ 10003f5c     libucrt:lcidtoname_downlevel.obj
 0001:00002f68       ??_C@_1M@CLLBGJH@?$AAn?$AAl?$AA?9?$AAB?$AAE?$AA?$AA@ 10003f68     libucrt:lcidtoname_downlevel.obj
 0001:00002f74       ??_C@_1M@BODBOGLF@?$AAn?$AAn?$AA?9?$AAN?$AAO?$AA?$AA@ 10003f74     libucrt:lcidtoname_downlevel.obj
 0001:00002f80       ??_C@_1M@HFFAHKAD@?$AAp?$AAt?$AA?9?$AAP?$AAT?$AA?$AA@ 10003f80     libucrt:lcidtoname_downlevel.obj
 0001:00002f8c       ??_C@_1BG@LNOAKHIE@?$AAs?$AAr?$AA?9?$AAS?$AAP?$AA?9?$AAL?$AAa?$AAt?$AAn?$AA?$AA@ 10003f8c     libucrt:lcidtoname_downlevel.obj
 0001:00002fa4       ??_C@_1M@HBMHBGAK@?$AAs?$AAv?$AA?9?$AAF?$AAI?$AA?$AA@ 10003fa4     libucrt:lcidtoname_downlevel.obj
 0001:00002fb0       ??_C@_1BG@DGCJGJBE@?$AAa?$AAz?$AA?9?$AAA?$AAZ?$AA?9?$AAC?$AAy?$AAr?$AAl?$AA?$AA@ 10003fb0     libucrt:lcidtoname_downlevel.obj
 0001:00002fc8       ??_C@_1M@KEJDAAHB@?$AAs?$AAe?$AA?9?$AAS?$AAE?$AA?$AA@ 10003fc8     libucrt:lcidtoname_downlevel.obj
 0001:00002fd4       ??_C@_1M@HEIBJJAD@?$AAm?$AAs?$AA?9?$AAB?$AAN?$AA?$AA@ 10003fd4     libucrt:lcidtoname_downlevel.obj
 0001:00002fe0       ??_C@_1BG@PBGJMCEM@?$AAu?$AAz?$AA?9?$AAU?$AAZ?$AA?9?$AAC?$AAy?$AAr?$AAl?$AA?$AA@ 10003fe0     libucrt:lcidtoname_downlevel.obj
 0001:00002ff8       ??_C@_1O@LAOBCMDF@?$AAq?$AAu?$AAz?$AA?9?$AAE?$AAC?$AA?$AA@ 10003ff8     libucrt:lcidtoname_downlevel.obj
 0001:00003008       ??_C@_1M@POEEMAIO@?$AAa?$AAr?$AA?9?$AAE?$AAG?$AA?$AA@ 10004008     libucrt:lcidtoname_downlevel.obj
 0001:00003014       ??_C@_1M@EFAKDEDL@?$AAz?$AAh?$AA?9?$AAH?$AAK?$AA?$AA@ 10004014     libucrt:lcidtoname_downlevel.obj
 0001:00003020       ??_C@_1M@HKKIJHGI@?$AAd?$AAe?$AA?9?$AAA?$AAT?$AA?$AA@ 10004020     libucrt:lcidtoname_downlevel.obj
 0001:0000302c       ??_C@_1M@KBFBEHJF@?$AAe?$AAn?$AA?9?$AAA?$AAU?$AA?$AA@ 1000402c     libucrt:lcidtoname_downlevel.obj
 0001:00003038       ??_C@_1M@MNPLFAAH@?$AAe?$AAs?$AA?9?$AAE?$AAS?$AA?$AA@ 10004038     libucrt:lcidtoname_downlevel.obj
 0001:00003044       ??_C@_1M@HJOOJFMA@?$AAf?$AAr?$AA?9?$AAC?$AAA?$AA?$AA@ 10004044     libucrt:lcidtoname_downlevel.obj
 0001:00003050       ??_C@_1BG@JPOFPNAB@?$AAs?$AAr?$AA?9?$AAS?$AAP?$AA?9?$AAC?$AAy?$AAr?$AAl?$AA?$AA@ 10004050     libucrt:lcidtoname_downlevel.obj
 0001:00003068       ??_C@_1M@LNFOCMOB@?$AAs?$AAe?$AA?9?$AAF?$AAI?$AA?$AA@ 10004068     libucrt:lcidtoname_downlevel.obj
 0001:00003074       ??_C@_1O@MGJBOAMB@?$AAq?$AAu?$AAz?$AA?9?$AAP?$AAE?$AA?$AA@ 10004074     libucrt:lcidtoname_downlevel.obj
 0001:00003084       ??_C@_1M@GJINLBOK@?$AAa?$AAr?$AA?9?$AAL?$AAY?$AA?$AA@ 10004084     libucrt:lcidtoname_downlevel.obj
 0001:00003090       ??_C@_1M@GGMNHJNL@?$AAz?$AAh?$AA?9?$AAS?$AAG?$AA?$AA@ 10004090     libucrt:lcidtoname_downlevel.obj
 0001:0000309c       ??_C@_1M@HOIKODND@?$AAd?$AAe?$AA?9?$AAL?$AAU?$AA?$AA@ 1000409c     libucrt:lcidtoname_downlevel.obj
 0001:000030a8       ??_C@_1M@DDOCCGFG@?$AAe?$AAn?$AA?9?$AAC?$AAA?$AA?$AA@ 100040a8     libucrt:lcidtoname_downlevel.obj
 0001:000030b4       ??_C@_1M@BNOEMJLF@?$AAe?$AAs?$AA?9?$AAG?$AAT?$AA?$AA@ 100040b4     libucrt:lcidtoname_downlevel.obj
 0001:000030c0       ??_C@_1M@EOGNKEK@?$AAf?$AAr?$AA?9?$AAC?$AAH?$AA?$AA@ 100040c0     libucrt:lcidtoname_downlevel.obj
 0001:000030cc       ??_C@_1M@FLIDJFHL@?$AAh?$AAr?$AA?9?$AAB?$AAA?$AA?$AA@ 100040cc     libucrt:lcidtoname_downlevel.obj
 0001:000030d8       ??_C@_1O@FMCELNAJ@?$AAs?$AAm?$AAj?$AA?9?$AAN?$AAO?$AA?$AA@ 100040d8     libucrt:lcidtoname_downlevel.obj
 0001:000030e8       ??_C@_1M@JHGLJMGJ@?$AAa?$AAr?$AA?9?$AAD?$AAZ?$AA?$AA@ 100040e8     libucrt:lcidtoname_downlevel.obj
 0001:000030f4       ??_C@_1M@JKKFDCNP@?$AAz?$AAh?$AA?9?$AAM?$AAO?$AA?$AA@ 100040f4     libucrt:lcidtoname_downlevel.obj
 0001:00003100       ??_C@_1M@GEEFALPE@?$AAd?$AAe?$AA?9?$AAL?$AAI?$AA?$AA@ 10004100     libucrt:lcidtoname_downlevel.obj
 0001:0000310c       ??_C@_1M@IGEOFBG@?$AAe?$AAn?$AA?9?$AAN?$AAZ?$AA?$AA@ 1000410c     libucrt:lcidtoname_downlevel.obj
 0001:00003118       ??_C@_1M@KDBONEHP@?$AAe?$AAs?$AA?9?$AAC?$AAR?$AA?$AA@ 10004118     libucrt:lcidtoname_downlevel.obj
 0001:00003124       ??_C@_1M@FHMDOHNN@?$AAf?$AAr?$AA?9?$AAL?$AAU?$AA?$AA@ 10004124     libucrt:lcidtoname_downlevel.obj
 0001:00003130       ??_C@_1BG@NFKKMAFG@?$AAb?$AAs?$AA?9?$AAB?$AAA?$AA?9?$AAL?$AAa?$AAt?$AAn?$AA?$AA@ 10004130     libucrt:lcidtoname_downlevel.obj
 0001:00003148       ??_C@_1O@IMNBEMCI@?$AAs?$AAm?$AAj?$AA?9?$AAS?$AAE?$AA?$AA@ 10004148     libucrt:lcidtoname_downlevel.obj
 0001:00003158       ??_C@_1M@DHHMBNDP@?$AAa?$AAr?$AA?9?$AAM?$AAA?$AA?$AA@ 10004158     libucrt:lcidtoname_downlevel.obj
 0001:00003164       ??_C@_1M@BNBLJCGH@?$AAe?$AAn?$AA?9?$AAI?$AAE?$AA?$AA@ 10004164     libucrt:lcidtoname_downlevel.obj
 0001:00003170       ??_C@_1M@GEPAFMDL@?$AAe?$AAs?$AA?9?$AAP?$AAA?$AA?$AA@ 10004170     libucrt:lcidtoname_downlevel.obj
 0001:0000317c       ??_C@_1M@OJONDMDL@?$AAf?$AAr?$AA?9?$AAM?$AAC?$AA?$AA@ 1000417c     libucrt:lcidtoname_downlevel.obj
 0001:00003188       ??_C@_1BG@OBCNFJB@?$AAs?$AAr?$AA?9?$AAB?$AAA?$AA?9?$AAL?$AAa?$AAt?$AAn?$AA?$AA@ 10004188     libucrt:lcidtoname_downlevel.obj
 0001:000031a0       ??_C@_1O@KEMEEGPO@?$AAs?$AAm?$AAa?$AA?9?$AAN?$AAO?$AA?$AA@ 100041a0     libucrt:lcidtoname_downlevel.obj
 0001:000031b0       ??_C@_1M@ELMGFODK@?$AAa?$AAr?$AA?9?$AAT?$AAN?$AA?$AA@ 100041b0     libucrt:lcidtoname_downlevel.obj
 0001:000031bc       ??_C@_1M@BHDLHFAF@?$AAe?$AAn?$AA?9?$AAZ?$AAA?$AA?$AA@ 100041bc     libucrt:lcidtoname_downlevel.obj
 0001:000031c8       ??_C@_1M@BMGIGLIF@?$AAe?$AAs?$AA?9?$AAD?$AAO?$AA?$AA@ 100041c8     libucrt:lcidtoname_downlevel.obj
 0001:000031d4       ??_C@_1BG@CMBHIPBE@?$AAs?$AAr?$AA?9?$AAB?$AAA?$AA?9?$AAC?$AAy?$AAr?$AAl?$AA?$AA@ 100041d4     libucrt:lcidtoname_downlevel.obj
 0001:000031ec       ??_C@_1O@HEDBLHNP@?$AAs?$AAm?$AAa?$AA?9?$AAS?$AAE?$AA?$AA@ 100041ec     libucrt:lcidtoname_downlevel.obj
 0001:000031fc       ??_C@_1M@DAGCADIM@?$AAa?$AAr?$AA?9?$AAO?$AAM?$AA?$AA@ 100041fc     libucrt:lcidtoname_downlevel.obj
 0001:00003208       ??_C@_1M@FODLMICG@?$AAe?$AAn?$AA?9?$AAJ?$AAM?$AA?$AA@ 10004208     libucrt:lcidtoname_downlevel.obj
 0001:00003214       ??_C@_1M@DNMLCIHB@?$AAe?$AAs?$AA?9?$AAV?$AAE?$AA?$AA@ 10004214     libucrt:lcidtoname_downlevel.obj
 0001:00003220       ??_C@_1O@EOKHMKJK@?$AAs?$AAm?$AAs?$AA?9?$AAF?$AAI?$AA?$AA@ 10004220     libucrt:lcidtoname_downlevel.obj
 0001:00003230       ??_C@_1M@CAFJMKOF@?$AAa?$AAr?$AA?9?$AAY?$AAE?$AA?$AA@ 10004230     libucrt:lcidtoname_downlevel.obj
 0001:0000323c       ??_C@_1M@CBFHIJLI@?$AAe?$AAn?$AA?9?$AAC?$AAB?$AA?$AA@ 1000423c     libucrt:lcidtoname_downlevel.obj
 0001:00003248       ??_C@_1M@BGNFLDN@?$AAe?$AAs?$AA?9?$AAC?$AAO?$AA?$AA@ 10004248     libucrt:lcidtoname_downlevel.obj
 0001:00003254       ??_C@_1O@JMPHMAMC@?$AAs?$AAm?$AAn?$AA?9?$AAF?$AAI?$AA?$AA@ 10004254     libucrt:lcidtoname_downlevel.obj
 0001:00003264       ??_C@_1M@JLANABKE@?$AAa?$AAr?$AA?9?$AAS?$AAY?$AA?$AA@ 10004264     libucrt:lcidtoname_downlevel.obj
 0001:00003270       ??_C@_1M@HPKGCFGN@?$AAe?$AAn?$AA?9?$AAB?$AAZ?$AA?$AA@ 10004270     libucrt:lcidtoname_downlevel.obj
 0001:0000327c       ??_C@_1M@OLJCMLGM@?$AAe?$AAs?$AA?9?$AAP?$AAE?$AA?$AA@ 1000427c     libucrt:lcidtoname_downlevel.obj
 0001:00003288       ??_C@_1M@MKKGFKLE@?$AAa?$AAr?$AA?9?$AAJ?$AAO?$AA?$AA@ 10004288     libucrt:lcidtoname_downlevel.obj
 0001:00003294       ??_C@_1M@EKPGLDNI@?$AAe?$AAn?$AA?9?$AAT?$AAT?$AA?$AA@ 10004294     libucrt:lcidtoname_downlevel.obj
 0001:000032a0       ??_C@_1M@OONGHFHE@?$AAe?$AAs?$AA?9?$AAA?$AAR?$AA?$AA@ 100042a0     libucrt:lcidtoname_downlevel.obj
 0001:000032ac       ??_C@_1M@OOJFGBHE@?$AAa?$AAr?$AA?9?$AAL?$AAB?$AA?$AA@ 100042ac     libucrt:lcidtoname_downlevel.obj
 0001:000032b8       ??_C@_1M@GCEJHNEG@?$AAe?$AAn?$AA?9?$AAZ?$AAW?$AA?$AA@ 100042b8     libucrt:lcidtoname_downlevel.obj
 0001:000032c4       ??_C@_1M@JNOCAHJI@?$AAe?$AAs?$AA?9?$AAE?$AAC?$AA?$AA@ 100042c4     libucrt:lcidtoname_downlevel.obj
 0001:000032d0       ??_C@_1M@JEFHPGGB@?$AAa?$AAr?$AA?9?$AAK?$AAW?$AA?$AA@ 100042d0     libucrt:lcidtoname_downlevel.obj
 0001:000032dc       ??_C@_1M@MLKIBJOJ@?$AAe?$AAn?$AA?9?$AAP?$AAH?$AA?$AA@ 100042dc     libucrt:lcidtoname_downlevel.obj
 0001:000032e8       ??_C@_1M@BDNIPEND@?$AAe?$AAs?$AA?9?$AAC?$AAL?$AA?$AA@ 100042e8     libucrt:lcidtoname_downlevel.obj
 0001:000032f4       ??_C@_1M@MPNMEKBD@?$AAa?$AAr?$AA?9?$AAA?$AAE?$AA?$AA@ 100042f4     libucrt:lcidtoname_downlevel.obj
 0001:00003300       ??_C@_1M@KBJALCPI@?$AAe?$AAs?$AA?9?$AAU?$AAY?$AA?$AA@ 10004300     libucrt:lcidtoname_downlevel.obj
 0001:0000330c       ??_C@_1M@LLCCOAGA@?$AAa?$AAr?$AA?9?$AAB?$AAH?$AA?$AA@ 1000430c     libucrt:lcidtoname_downlevel.obj
 0001:00003318       ??_C@_1M@PBFNCDEL@?$AAe?$AAs?$AA?9?$AAP?$AAY?$AA?$AA@ 10004318     libucrt:lcidtoname_downlevel.obj
 0001:00003324       ??_C@_1M@EDGINPNP@?$AAa?$AAr?$AA?9?$AAQ?$AAA?$AA?$AA@ 10004324     libucrt:lcidtoname_downlevel.obj
 0001:00003330       ??_C@_1M@MKDBIIJI@?$AAe?$AAs?$AA?9?$AAB?$AAO?$AA?$AA@ 10004330     libucrt:lcidtoname_downlevel.obj
 0001:0000333c       ??_C@_1M@CPKKEBLD@?$AAe?$AAs?$AA?9?$AAS?$AAV?$AA?$AA@ 1000433c     libucrt:lcidtoname_downlevel.obj
 0001:00003348       ??_C@_1M@NDBGMMJL@?$AAe?$AAs?$AA?9?$AAH?$AAN?$AA?$AA@ 10004348     libucrt:lcidtoname_downlevel.obj
 0001:00003354       ??_C@_1M@JIJIBHDP@?$AAe?$AAs?$AA?9?$AAN?$AAI?$AA?$AA@ 10004354     libucrt:lcidtoname_downlevel.obj
 0001:00003360       ??_C@_1M@CGFMKEEK@?$AAe?$AAs?$AA?9?$AAP?$AAR?$AA?$AA@ 10004360     libucrt:lcidtoname_downlevel.obj
 0001:0000336c       ??_C@_1O@ICJHKIIK@?$AAz?$AAh?$AA?9?$AAC?$AAH?$AAT?$AA?$AA@ 1000436c     libucrt:lcidtoname_downlevel.obj
 0001:0000337c       ??_C@_15CLNEJCE@?$AAs?$AAr?$AA?$AA@ 1000437c     libucrt:lcidtoname_downlevel.obj
 0001:00003aa8       ??_C@_1M@KAHEKEIG@?$AAa?$AAf?$AA?9?$AAz?$AAa?$AA?$AA@ 10004aa8     libucrt:lcidtoname_downlevel.obj
 0001:00003ab4       ??_C@_1M@GIECOABL@?$AAa?$AAr?$AA?9?$AAa?$AAe?$AA?$AA@ 10004ab4     libucrt:lcidtoname_downlevel.obj
 0001:00003ac0       ??_C@_1M@BMLMEKGI@?$AAa?$AAr?$AA?9?$AAb?$AAh?$AA?$AA@ 10004ac0     libucrt:lcidtoname_downlevel.obj
 0001:00003acc       ??_C@_1M@DAPFDGGB@?$AAa?$AAr?$AA?9?$AAd?$AAz?$AA?$AA@ 10004acc     libucrt:lcidtoname_downlevel.obj
 0001:00003ad8       ??_C@_1M@FJNKGKIG@?$AAa?$AAr?$AA?9?$AAe?$AAg?$AA?$AA@ 10004ad8     libucrt:lcidtoname_downlevel.obj
 0001:00003ae4       ??_C@_1M@FLGKKCLO@?$AAa?$AAr?$AA?9?$AAi?$AAq?$AA?$AA@ 10004ae4     libucrt:lcidtoname_downlevel.obj
 0001:00003af0       ??_C@_1M@GNDIPALM@?$AAa?$AAr?$AA?9?$AAj?$AAo?$AA?$AA@ 10004af0     libucrt:lcidtoname_downlevel.obj
 0001:00003afc       ??_C@_1M@DDMJFMGJ@?$AAa?$AAr?$AA?9?$AAk?$AAw?$AA?$AA@ 10004afc     libucrt:lcidtoname_downlevel.obj
 0001:00003b08       ??_C@_1M@EJALMLHM@?$AAa?$AAr?$AA?9?$AAl?$AAb?$AA?$AA@ 10004b08     libucrt:lcidtoname_downlevel.obj
 0001:00003b14       ??_C@_1M@MOBDBLOC@?$AAa?$AAr?$AA?9?$AAl?$AAy?$AA?$AA@ 10004b14     libucrt:lcidtoname_downlevel.obj
 0001:00003b20       ??_C@_1M@JAOCLHDH@?$AAa?$AAr?$AA?9?$AAm?$AAa?$AA?$AA@ 10004b20     libucrt:lcidtoname_downlevel.obj
 0001:00003b2c       ??_C@_1M@JHPMKJIE@?$AAa?$AAr?$AA?9?$AAo?$AAm?$AA?$AA@ 10004b2c     libucrt:lcidtoname_downlevel.obj
 0001:00003b38       ??_C@_1M@OEPGHFNH@?$AAa?$AAr?$AA?9?$AAq?$AAa?$AA?$AA@ 10004b38     libucrt:lcidtoname_downlevel.obj
 0001:00003b44       ??_C@_1M@KJDONENM@?$AAa?$AAr?$AA?9?$AAs?$AAa?$AA?$AA@ 10004b44     libucrt:lcidtoname_downlevel.obj
 0001:00003b50       ??_C@_1M@DMJDKLKM@?$AAa?$AAr?$AA?9?$AAs?$AAy?$AA?$AA@ 10004b50     libucrt:lcidtoname_downlevel.obj
 0001:00003b5c       ??_C@_1M@OMFIPEDC@?$AAa?$AAr?$AA?9?$AAt?$AAn?$AA?$AA@ 10004b5c     libucrt:lcidtoname_downlevel.obj
 0001:00003b68       ??_C@_1M@IHMHGAON@?$AAa?$AAr?$AA?9?$AAy?$AAe?$AA?$AA@ 10004b68     libucrt:lcidtoname_downlevel.obj
 0001:00003b74       ??_C@_1BG@KDCPGJGB@?$AAa?$AAz?$AA?9?$AAa?$AAz?$AA?9?$AAc?$AAy?$AAr?$AAl?$AA?$AA@ 10004b74     libucrt:lcidtoname_downlevel.obj
 0001:00003b8c       ??_C@_1BG@IBCKDDOE@?$AAa?$AAz?$AA?9?$AAa?$AAz?$AA?9?$AAl?$AAa?$AAt?$AAn?$AA?$AA@ 10004b8c     libucrt:lcidtoname_downlevel.obj
 0001:00003ba4       ??_C@_1M@EGPFDCPD@?$AAb?$AAe?$AA?9?$AAb?$AAy?$AA?$AA@ 10004ba4     libucrt:lcidtoname_downlevel.obj
 0001:00003bb0       ??_C@_1M@PCMGMCGC@?$AAb?$AAg?$AA?9?$AAb?$AAg?$AA?$AA@ 10004bb0     libucrt:lcidtoname_downlevel.obj
 0001:00003bbc       ??_C@_1M@BJBMFGOB@?$AAb?$AAn?$AA?9?$AAi?$AAn?$AA?$AA@ 10004bbc     libucrt:lcidtoname_downlevel.obj
 0001:00003bc8       ??_C@_1BG@EAKMMACD@?$AAb?$AAs?$AA?9?$AAb?$AAa?$AA?9?$AAl?$AAa?$AAt?$AAn?$AA?$AA@ 10004bc8     libucrt:lcidtoname_downlevel.obj
 0001:00003be0       ??_C@_1M@KGADAODK@?$AAc?$AAa?$AA?9?$AAe?$AAs?$AA?$AA@ 10004be0     libucrt:lcidtoname_downlevel.obj
 0001:00003bec       ??_C@_1M@COAJPDHI@?$AAc?$AAs?$AA?9?$AAc?$AAz?$AA?$AA@ 10004bec     libucrt:lcidtoname_downlevel.obj
 0001:00003bf8       ??_C@_1M@DHBHFONH@?$AAc?$AAy?$AA?9?$AAg?$AAb?$AA?$AA@ 10004bf8     libucrt:lcidtoname_downlevel.obj
 0001:00003c04       ??_C@_1M@IMGKELGA@?$AAd?$AAa?$AA?9?$AAd?$AAk?$AA?$AA@ 10004c04     libucrt:lcidtoname_downlevel.obj
 0001:00003c10       ??_C@_1M@NNDGDNGA@?$AAd?$AAe?$AA?9?$AAa?$AAt?$AA?$AA@ 10004c10     libucrt:lcidtoname_downlevel.obj
 0001:00003c1c       ??_C@_1M@IKDBHEEM@?$AAd?$AAe?$AA?9?$AAc?$AAh?$AA?$AA@ 10004c1c     libucrt:lcidtoname_downlevel.obj
 0001:00003c28       ??_C@_1M@GFFOJMCJ@?$AAd?$AAe?$AA?9?$AAd?$AAe?$AA?$AA@ 10004c28     libucrt:lcidtoname_downlevel.obj
 0001:00003c34       ??_C@_1M@MDNLKBPM@?$AAd?$AAe?$AA?9?$AAl?$AAi?$AA?$AA@ 10004c34     libucrt:lcidtoname_downlevel.obj
 0001:00003c40       ??_C@_1M@NJBEEJNL@?$AAd?$AAe?$AA?9?$AAl?$AAu?$AA?$AA@ 10004c40     libucrt:lcidtoname_downlevel.obj
 0001:00003c4c       ??_C@_1O@GNNELBAP@?$AAd?$AAi?$AAv?$AA?9?$AAm?$AAv?$AA?$AA@ 10004c4c     libucrt:lcidtoname_downlevel.obj
 0001:00003c5c       ??_C@_1M@EJLEOGAE@?$AAe?$AAl?$AA?9?$AAg?$AAr?$AA?$AA@ 10004c5c     libucrt:lcidtoname_downlevel.obj
 0001:00003c68       ??_C@_1M@GMPONJN@?$AAe?$AAn?$AA?9?$AAa?$AAu?$AA?$AA@ 10004c68     libucrt:lcidtoname_downlevel.obj
 0001:00003c74       ??_C@_1M@NIDIIPGF@?$AAe?$AAn?$AA?9?$AAb?$AAz?$AA?$AA@ 10004c74     libucrt:lcidtoname_downlevel.obj
 0001:00003c80       ??_C@_1M@JEHMIMFO@?$AAe?$AAn?$AA?9?$AAc?$AAa?$AA?$AA@ 10004c80     libucrt:lcidtoname_downlevel.obj
 0001:00003c8c       ??_C@_1M@IGMJCDLA@?$AAe?$AAn?$AA?9?$AAc?$AAb?$AA?$AA@ 10004c8c     libucrt:lcidtoname_downlevel.obj
 0001:00003c98       ??_C@_1M@BNFIGBKG@?$AAe?$AAn?$AA?9?$AAg?$AAb?$AA?$AA@ 10004c98     libucrt:lcidtoname_downlevel.obj
 0001:00003ca4       ??_C@_1M@LKIFDIGP@?$AAe?$AAn?$AA?9?$AAi?$AAe?$AA?$AA@ 10004ca4     libucrt:lcidtoname_downlevel.obj
 0001:00003cb0       ??_C@_1M@PJKFGCCO@?$AAe?$AAn?$AA?9?$AAj?$AAm?$AA?$AA@ 10004cb0     libucrt:lcidtoname_downlevel.obj
 0001:00003cbc       ??_C@_1M@KPPKEPBO@?$AAe?$AAn?$AA?9?$AAn?$AAz?$AA?$AA@ 10004cbc     libucrt:lcidtoname_downlevel.obj
 0001:00003cc8       ??_C@_1M@GMDGLDOB@?$AAe?$AAn?$AA?9?$AAp?$AAh?$AA?$AA@ 10004cc8     libucrt:lcidtoname_downlevel.obj
 0001:00003cd4       ??_C@_1M@ONGIBJNA@?$AAe?$AAn?$AA?9?$AAt?$AAt?$AA?$AA@ 10004cd4     libucrt:lcidtoname_downlevel.obj
 0001:00003ce0       ??_C@_1M@LLODPCMM@?$AAe?$AAn?$AA?9?$AAu?$AAs?$AA?$AA@ 10004ce0     libucrt:lcidtoname_downlevel.obj
 0001:00003cec       ??_C@_1M@LAKFNPAN@?$AAe?$AAn?$AA?9?$AAz?$AAa?$AA?$AA@ 10004cec     libucrt:lcidtoname_downlevel.obj
 0001:00003cf8       ??_C@_1M@MFNHNHEO@?$AAe?$AAn?$AA?9?$AAz?$AAw?$AA?$AA@ 10004cf8     libucrt:lcidtoname_downlevel.obj
 0001:00003d04       ??_C@_1M@EJEINPHM@?$AAe?$AAs?$AA?9?$AAa?$AAr?$AA?$AA@ 10004d04     libucrt:lcidtoname_downlevel.obj
 0001:00003d10       ??_C@_1M@GNKPCCJA@?$AAe?$AAs?$AA?9?$AAb?$AAo?$AA?$AA@ 10004d10     libucrt:lcidtoname_downlevel.obj
 0001:00003d1c       ??_C@_1M@LEEGFONL@?$AAe?$AAs?$AA?9?$AAc?$AAl?$AA?$AA@ 10004d1c     libucrt:lcidtoname_downlevel.obj
 0001:00003d28       ??_C@_1M@KGPDPBDF@?$AAe?$AAs?$AA?9?$AAc?$AAo?$AA?$AA@ 10004d28     libucrt:lcidtoname_downlevel.obj
 0001:00003d34       ??_C@_1M@EIAHOHH@?$AAe?$AAs?$AA?9?$AAc?$AAr?$AA?$AA@ 10004d34     libucrt:lcidtoname_downlevel.obj
 0001:00003d40       ??_C@_1M@LLPGMBIN@?$AAe?$AAs?$AA?9?$AAd?$AAo?$AA?$AA@ 10004d40     libucrt:lcidtoname_downlevel.obj
 0001:00003d4c       ??_C@_1M@DKHMKNJA@?$AAe?$AAs?$AA?9?$AAe?$AAc?$AA?$AA@ 10004d4c     libucrt:lcidtoname_downlevel.obj
 0001:00003d58       ??_C@_1M@GKGFPKAP@?$AAe?$AAs?$AA?9?$AAe?$AAs?$AA?$AA@ 10004d58     libucrt:lcidtoname_downlevel.obj
 0001:00003d64       ??_C@_1M@LKHKGDLN@?$AAe?$AAs?$AA?9?$AAg?$AAt?$AA?$AA@ 10004d64     libucrt:lcidtoname_downlevel.obj
 0001:00003d70       ??_C@_1M@HEIIGGJD@?$AAe?$AAs?$AA?9?$AAh?$AAn?$AA?$AA@ 10004d70     libucrt:lcidtoname_downlevel.obj
 0001:00003d7c       ??_C@_1M@FBDHPPGD@?$AAe?$AAs?$AA?9?$AAm?$AAx?$AA?$AA@ 10004d7c     libucrt:lcidtoname_downlevel.obj
 0001:00003d88       ??_C@_1M@DPAGLNDH@?$AAe?$AAs?$AA?9?$AAn?$AAi?$AA?$AA@ 10004d88     libucrt:lcidtoname_downlevel.obj
 0001:00003d94       ??_C@_1M@MDGOPGDD@?$AAe?$AAs?$AA?9?$AAp?$AAa?$AA?$AA@ 10004d94     libucrt:lcidtoname_downlevel.obj
 0001:00003da0       ??_C@_1M@EMAMGBGE@?$AAe?$AAs?$AA?9?$AAp?$AAe?$AA?$AA@ 10004da0     libucrt:lcidtoname_downlevel.obj
 0001:00003dac       ??_C@_1M@IBMCAOEC@?$AAe?$AAs?$AA?9?$AAp?$AAr?$AA?$AA@ 10004dac     libucrt:lcidtoname_downlevel.obj
 0001:00003db8       ??_C@_1M@FGMDIJED@?$AAe?$AAs?$AA?9?$AAp?$AAy?$AA?$AA@ 10004db8     libucrt:lcidtoname_downlevel.obj
 0001:00003dc4       ??_C@_1M@IIDEOLLL@?$AAe?$AAs?$AA?9?$AAs?$AAv?$AA?$AA@ 10004dc4     libucrt:lcidtoname_downlevel.obj
 0001:00003dd0       ??_C@_1M@GAOBIPA@?$AAe?$AAs?$AA?9?$AAu?$AAy?$AA?$AA@ 10004dd0     libucrt:lcidtoname_downlevel.obj
 0001:00003ddc       ??_C@_1M@JKFFICHJ@?$AAe?$AAs?$AA?9?$AAv?$AAe?$AA?$AA@ 10004ddc     libucrt:lcidtoname_downlevel.obj
 0001:00003de8       ??_C@_1M@PNMLOJDF@?$AAe?$AAt?$AA?9?$AAe?$AAe?$AA?$AA@ 10004de8     libucrt:lcidtoname_downlevel.obj
 0001:00003df4       ??_C@_1M@GHHLIKEI@?$AAe?$AAu?$AA?9?$AAe?$AAs?$AA?$AA@ 10004df4     libucrt:lcidtoname_downlevel.obj
 0001:00003e00       ??_C@_1M@PBNONODE@?$AAf?$AAa?$AA?9?$AAi?$AAr?$AA?$AA@ 10004e00     libucrt:lcidtoname_downlevel.obj
 0001:00003e0c       ??_C@_1M@JEEHPMIL@?$AAf?$AAi?$AA?9?$AAf?$AAi?$AA?$AA@ 10004e0c     libucrt:lcidtoname_downlevel.obj
 0001:00003e18       ??_C@_1M@LMDCNDBA@?$AAf?$AAo?$AA?9?$AAf?$AAo?$AA?$AA@ 10004e18     libucrt:lcidtoname_downlevel.obj
 0001:00003e24       ??_C@_1M@JKEOHLDK@?$AAf?$AAr?$AA?9?$AAb?$AAe?$AA?$AA@ 10004e24     libucrt:lcidtoname_downlevel.obj
 0001:00003e30       ??_C@_1M@NOHADPMI@?$AAf?$AAr?$AA?9?$AAc?$AAa?$AA?$AA@ 10004e30     libucrt:lcidtoname_downlevel.obj
 0001:00003e3c       ??_C@_1M@KDHIHAEC@?$AAf?$AAr?$AA?9?$AAc?$AAh?$AA?$AA@ 10004e3c     libucrt:lcidtoname_downlevel.obj
 0001:00003e48       ??_C@_1M@MMBBFGAK@?$AAf?$AAr?$AA?9?$AAf?$AAr?$AA?$AA@ 10004e48     libucrt:lcidtoname_downlevel.obj
 0001:00003e54       ??_C@_1M@PAFNENNF@?$AAf?$AAr?$AA?9?$AAl?$AAu?$AA?$AA@ 10004e54     libucrt:lcidtoname_downlevel.obj
 0001:00003e60       ??_C@_1M@EOHDJGDD@?$AAf?$AAr?$AA?9?$AAm?$AAc?$AA?$AA@ 10004e60     libucrt:lcidtoname_downlevel.obj
 0001:00003e6c       ??_C@_1M@FAPLLOPF@?$AAg?$AAl?$AA?9?$AAe?$AAs?$AA?$AA@ 10004e6c     libucrt:lcidtoname_downlevel.obj
 0001:00003e78       ??_C@_1M@FOPBFLOO@?$AAg?$AAu?$AA?9?$AAi?$AAn?$AA?$AA@ 10004e78     libucrt:lcidtoname_downlevel.obj
 0001:00003e84       ??_C@_1M@KBMCINPM@?$AAh?$AAe?$AA?9?$AAi?$AAl?$AA?$AA@ 10004e84     libucrt:lcidtoname_downlevel.obj
 0001:00003e90       ??_C@_1M@BBPHKFPJ@?$AAh?$AAi?$AA?9?$AAi?$AAn?$AA?$AA@ 10004e90     libucrt:lcidtoname_downlevel.obj
 0001:00003e9c       ??_C@_1M@PMBNDPHD@?$AAh?$AAr?$AA?9?$AAb?$AAa?$AA?$AA@ 10004e9c     libucrt:lcidtoname_downlevel.obj
 0001:00003ea8       ??_C@_1M@BPCKOEGE@?$AAh?$AAr?$AA?9?$AAh?$AAr?$AA?$AA@ 10004ea8     libucrt:lcidtoname_downlevel.obj
 0001:00003eb4       ??_C@_1M@GACBMHKE@?$AAh?$AAu?$AA?9?$AAh?$AAu?$AA?$AA@ 10004eb4     libucrt:lcidtoname_downlevel.obj
 0001:00003ec0       ??_C@_1M@MILPAJJC@?$AAh?$AAy?$AA?9?$AAa?$AAm?$AA?$AA@ 10004ec0     libucrt:lcidtoname_downlevel.obj
 0001:00003ecc       ??_C@_1M@BABBICEC@?$AAi?$AAd?$AA?9?$AAi?$AAd?$AA?$AA@ 10004ecc     libucrt:lcidtoname_downlevel.obj
 0001:00003ed8       ??_C@_1M@BIKNHHPF@?$AAi?$AAs?$AA?9?$AAi?$AAs?$AA?$AA@ 10004ed8     libucrt:lcidtoname_downlevel.obj
 0001:00003ee4       ??_C@_1M@NMPCJPHE@?$AAi?$AAt?$AA?9?$AAc?$AAh?$AA?$AA@ 10004ee4     libucrt:lcidtoname_downlevel.obj
 0001:00003ef0       ??_C@_1M@GHKGFEDF@?$AAi?$AAt?$AA?9?$AAi?$AAt?$AA?$AA@ 10004ef0     libucrt:lcidtoname_downlevel.obj
 0001:00003efc       ??_C@_1M@NIEJCJJA@?$AAj?$AAa?$AA?9?$AAj?$AAp?$AA?$AA@ 10004efc     libucrt:lcidtoname_downlevel.obj
 0001:00003f08       ??_C@_1M@JILFNBIM@?$AAk?$AAa?$AA?9?$AAg?$AAe?$AA?$AA@ 10004f08     libucrt:lcidtoname_downlevel.obj
 0001:00003f14       ??_C@_1M@PACPMGPH@?$AAk?$AAk?$AA?9?$AAk?$AAz?$AA?$AA@ 10004f14     libucrt:lcidtoname_downlevel.obj
 0001:00003f20       ??_C@_1M@IELFGMHA@?$AAk?$AAn?$AA?9?$AAi?$AAn?$AA?$AA@ 10004f20     libucrt:lcidtoname_downlevel.obj
 0001:00003f2c       ??_C@_1O@IBBJHCH@?$AAk?$AAo?$AAk?$AA?9?$AAi?$AAn?$AA?$AA@ 10004f2c     libucrt:lcidtoname_downlevel.obj
 0001:00003f3c       ??_C@_1M@DMHAEOGC@?$AAk?$AAo?$AA?9?$AAk?$AAr?$AA?$AA@ 10004f3c     libucrt:lcidtoname_downlevel.obj
 0001:00003f48       ??_C@_1M@HBAHBIGA@?$AAk?$AAy?$AA?9?$AAk?$AAg?$AA?$AA@ 10004f48     libucrt:lcidtoname_downlevel.obj
 0001:00003f54       ??_C@_1M@KPMILCJG@?$AAl?$AAt?$AA?9?$AAl?$AAt?$AA?$AA@ 10004f54     libucrt:lcidtoname_downlevel.obj
 0001:00003f60       ??_C@_1M@BDEKKCA@?$AAl?$AAv?$AA?9?$AAl?$AAv?$AA?$AA@ 10004f60     libucrt:lcidtoname_downlevel.obj
 0001:00003f6c       ??_C@_1M@ELCKCCJJ@?$AAm?$AAi?$AA?9?$AAn?$AAz?$AA?$AA@ 10004f6c     libucrt:lcidtoname_downlevel.obj
 0001:00003f78       ??_C@_1M@CBOOLAPA@?$AAm?$AAk?$AA?9?$AAm?$AAk?$AA?$AA@ 10004f78     libucrt:lcidtoname_downlevel.obj
 0001:00003f84       ??_C@_1M@GPHNBJKN@?$AAm?$AAl?$AA?9?$AAi?$AAn?$AA?$AA@ 10004f84     libucrt:lcidtoname_downlevel.obj
 0001:00003f90       ??_C@_1M@PABJILIG@?$AAm?$AAn?$AA?9?$AAm?$AAn?$AA?$AA@ 10004f90     libucrt:lcidtoname_downlevel.obj
 0001:00003f9c       ??_C@_1M@FGBKKIPG@?$AAm?$AAr?$AA?9?$AAi?$AAn?$AA?$AA@ 10004f9c     libucrt:lcidtoname_downlevel.obj
 0001:00003fa8       ??_C@_1M@NDBPDDAL@?$AAm?$AAs?$AA?9?$AAb?$AAn?$AA?$AA@ 10004fa8     libucrt:lcidtoname_downlevel.obj
 0001:00003fb4       ??_C@_1M@OPIHOOPI@?$AAm?$AAs?$AA?9?$AAm?$AAy?$AA?$AA@ 10004fb4     libucrt:lcidtoname_downlevel.obj
 0001:00003fc0       ??_C@_1M@PPDBCNFM@?$AAm?$AAt?$AA?9?$AAm?$AAt?$AA?$AA@ 10004fc0     libucrt:lcidtoname_downlevel.obj
 0001:00003fcc       ??_C@_1M@KDJDKMDD@?$AAn?$AAb?$AA?9?$AAn?$AAo?$AA?$AA@ 10004fcc     libucrt:lcidtoname_downlevel.obj
 0001:00003fd8       ??_C@_1M@KFCFLMJP@?$AAn?$AAl?$AA?9?$AAb?$AAe?$AA?$AA@ 10004fd8     libucrt:lcidtoname_downlevel.obj
 0001:00003fe4       ??_C@_1M@KPOPDDGO@?$AAn?$AAl?$AA?9?$AAn?$AAl?$AA?$AA@ 10004fe4     libucrt:lcidtoname_downlevel.obj
 0001:00003ff0       ??_C@_1M@LJKPEMLN@?$AAn?$AAn?$AA?9?$AAn?$AAo?$AA?$AA@ 10004ff0     libucrt:lcidtoname_downlevel.obj
 0001:00003ffc       ??_C@_1M@BDGHHBFL@?$AAn?$AAs?$AA?9?$AAz?$AAa?$AA?$AA@ 10004ffc     libucrt:lcidtoname_downlevel.obj
 0001:00004008       ??_C@_1M@IDEHOAP@?$AAp?$AAa?$AA?9?$AAi?$AAn?$AA?$AA@ 10005008     libucrt:lcidtoname_downlevel.obj
 0001:00004014       ??_C@_1M@HDBKGOGH@?$AAp?$AAl?$AA?9?$AAp?$AAl?$AA?$AA@ 10005014     libucrt:lcidtoname_downlevel.obj
 0001:00004020       ??_C@_1M@LJLLCMEH@?$AAp?$AAt?$AA?9?$AAb?$AAr?$AA?$AA@ 10005020     libucrt:lcidtoname_downlevel.obj
 0001:0000402c       ??_C@_1M@NCMONAAL@?$AAp?$AAt?$AA?9?$AAp?$AAt?$AA?$AA@ 1000502c     libucrt:lcidtoname_downlevel.obj
 0001:00004038       ??_C@_1O@EAKMAJDN@?$AAq?$AAu?$AAz?$AA?9?$AAb?$AAo?$AA?$AA@ 10005038     libucrt:lcidtoname_downlevel.obj
 0001:00004048       ??_C@_1O@BHHPIGDN@?$AAq?$AAu?$AAz?$AA?9?$AAe?$AAc?$AA?$AA@ 10005048     libucrt:lcidtoname_downlevel.obj
 0001:00004058       ??_C@_1O@GBAPEKMJ@?$AAq?$AAu?$AAz?$AA?9?$AAp?$AAe?$AA?$AA@ 10005058     libucrt:lcidtoname_downlevel.obj
 0001:00004068       ??_C@_1M@CLGLEFBO@?$AAr?$AAo?$AA?9?$AAr?$AAo?$AA?$AA@ 10005068     libucrt:lcidtoname_downlevel.obj
[...]
 0001:00011e24       ??$common_tcsncpy_s@D@@YAHQADIQBDI@Z 10012e24 f   libucrt:strncpy_s.obj
 0001:00011ee0       $$000000                   10012ee0     libucrt:strpbrk.obj
 0001:00011fae       ?initialize_multibyte@@YAHXZ 10012fae f   libucrt:multibyte_initializer.obj
 0001:00011ffb       ?GetTableIndexFromLocaleName@@YAHPB_W@Z 10012ffb f   libucrt:lcidtoname_downlevel.obj
 0001:0001235f       ??$?RV<lambda_9e9de3de5fa147e2223d7db92bc10aa6>@@AAV<lambda_38ce7e780aa69e748d6df282ebc68efe>@@V<lambda_8ca6da459f0f6780f1cff60fdc3d00e5>@@@?$__crt_seh_guarded_call@H@@QAEH$$QAV<lambda_9e9de3de5fa147e2223d7db92bc10aa6>@@AAV<lambda_38ce7e780aa69e748d6df282ebc68efe>@@$$QAV<lambda_8ca6da459f0f6780f1cff60fdc3d00e5>@@@Z 1001335f f   libucrt:commit.obj
 0001:00012476       ?write_double_translated_ansi_nolock@@YA?AUwrite_result@?A0x17268360@@HQBDI@Z 10013476 f   libucrt:write.obj
 0001:0001263a       ?write_double_translated_unicode_nolock@@YA?AUwrite_result@?A0x17268360@@QBDI@Z 1001363a f   libucrt:write.obj
 0001:000126a7       ?write_requires_double_translation_nolock@@YA_NH@Z 100136a7 f   libucrt:write.obj
 0001:0001271d       ?write_text_ansi_nolock@@YA?AUwrite_result@?A0x17268360@@HQBDI@Z 1001371d f   libucrt:write.obj
 0001:000127fc       ?write_text_utf16le_nolock@@YA?AUwrite_result@?A0x17268360@@HQBDI@Z 100137fc f   libucrt:write.obj
 0001:000128ea       ?write_text_utf8_nolock@@YA?AUwrite_result@?A0x17268360@@HQBDI@Z 100138ea f   libucrt:write.obj
 0001:00012e86       ??$common_lseek_nolock@_J@@YA_JH_JH@Z 10013e86 f   libucrt:lseek.obj
 0001:00013050       $$000000                   10014050     libucrt:log10_impl.obj
 0001:00013160       $$000000                   10014160     libucrt:ceil_pentium4.obj
 0001:00013280       $$000000                   10014280     libucrt:_strnicm.obj
 0001:000132e1       ?__dcrt_lowio_initialize_console_output@@YAXXZ 100142e1 f   libucrt:initcon.obj
 0001:0001338b       ??$?RV<lambda_218ce3db14220d0be481dae8ef3383b6>@@AAV<lambda_628dfdc04ba53c8bfc02c9951375f3f5>@@V<lambda_57dc472bd5c9d5f3b2cbca59b8a843ae>@@@?$__crt_seh_guarded_call@H@@QAEH$$QAV<lambda_218ce3db14220d0be481dae8ef3383b6>@@AAV<lambda_628dfdc04ba53c8bfc02c9951375f3f5>@@$$QAV<lambda_57dc472bd5c9d5f3b2cbca59b8a843ae>@@@Z 1001438b f   libucrt:close.obj
 0001:00013590       $$000000                   10014590     libucrt:log10_pentium4.obj
 0001:00013820       $$000000                   10014820     libucrt:87tran.obj
 0001:00013a20       $$000000                   10014a20     libucrt:87disp.obj
 0001:00013c20       $$000000                   10014c20     libucrt:common.obj
 0001:00013db0       $$000000                   10014db0     libucrt:genexcep.obj
 0001:00014e70       $$000000                   10015e70     LIBCMT:ulldvrm.obj
 0001:00014f10       $$000000                   10015f10     LIBCMT:_sehprolg4gs_.obj
 0001:00014f70       $$000000                   10015f70     LIBCMT:llmul.obj
 0001:00014fb0       $$000000                   10015fb0     LIBCMT:lldvrm.obj
 0001:00015090       $$000000                   10016090     LIBCMT:ullshr.obj
 0001:000150b0       $$000000                   100160b0     LIBCMT:alloca16.obj
 0001:000150e0       $$000000                   100160e0     LIBCMT:llshl.obj
 0001:00015100       $$000000                   10016100     LIBCMT:_ftol2_.obj
 0001:000151c0       $$000000                   100161c0     libvcruntime:strchr.obj
 0001:000152f0       $$000000                   100162f0     libvcruntime:strrchr.obj
 0001:00015430       ??__FDeleter@?1??InitializeSListHead@implementation@slist@@YGXPAT_SLIST_HEADER@@@Z@YAXXZ 10016430 f   vc_crt_fix_impl.obj
 0001:00015470       __sehtable$___scrt_is_nonwritable_in_current_image 10016470     LIBCMT:utility.obj
 0001:00015490       __sehtable$?dllmain_crt_process_attach@@YAHQAUHINSTANCE__@@QAX@Z 10016490     LIBCMT:dll_dllmain.obj
 0001:000154b0       __sehtable$?dllmain_crt_process_detach@@YAH_N@Z 100164b0     LIBCMT:dll_dllmain.obj
 0001:000154d0       __sehtable$?dllmain_dispatch@@YAHQAUHINSTANCE__@@KQAX@Z 100164d0     LIBCMT:dll_dllmain.obj
 0001:00015580       __sehtable$___DestructExceptionObject 10016580     libvcruntime:ehhelpers.obj
 0001:000155a0       __sehtable$__query_new_handler 100165a0     libucrt:new_handler.obj
 0001:000155c0       __sehtable$??R<lambda_6e4b09c48022b2350581041d5f6b0c4c>@@QBE@XZ 100165c0     libucrt:exit.obj
 0001:000155e0       __sehtable$??$?RV<lambda_03b1d95aef87969028cfba75ccab2455>@@AAV<lambda_6e4b09c48022b2350581041d5f6b0c4c>@@V<lambda_22bdf7517842c4b3e53723af5aa32b9e>@@@?$__crt_seh_guarded_call@X@@QAEX$$QAV<lambda_03b1d95aef87969028cfba75ccab2455>@@AAV<lambda_6e4b09c48022b2350581041d5f6b0c4c>@@$$QAV<lambda_22bdf7517842c4b3e53723af5aa32b9e>@@@Z 100165e0     libucrt:exit.obj
 0001:00015600       __sehtable$??$?RV<lambda_7ac4055421038abea736e08bd20712a4>@@AAV<lambda_a10e4b102d4a2c3aac6f4f48bbdf488f>@@V<lambda_1da61822885009acd1bf848af4f9644b>@@@?$__crt_seh_guarded_call@H@@QAEH$$QAV<lambda_7ac4055421038abea736e08bd20712a4>@@AAV<lambda_a10e4b102d4a2c3aac6f4f48bbdf488f>@@$$QAV<lambda_1da61822885009acd1bf848af4f9644b>@@@Z 10016600     libucrt:onexit.obj
 0001:00015620       __sehtable$??$?RV<lambda_69a2805e680e0e292e8ba93315fe43a8>@@AAV<lambda_f03950bc5685219e0bcd2087efbe011e>@@V<lambda_03fcd07e894ec930e3f35da366ca99d6>@@@?$__crt_seh_guarded_call@H@@QAEH$$QAV<lambda_69a2805e680e0e292e8ba93315fe43a8>@@AAV<lambda_f03950bc5685219e0bcd2087efbe011e>@@$$QAV<lambda_03fcd07e894ec930e3f35da366ca99d6>@@@Z 10016620     libucrt:onexit.obj
 0001:00015640       __sehtable$_terminate      10016640     libucrt:terminate.obj
 0001:00015660       __sehtable$??$?RV<lambda_15ade71b0218206bbe3333a0c9b79046>@@AAV<lambda_da44e0f8b0f19ba52fefafb335991732>@@V<lambda_207f2d024fc103971653565357d6cd41>@@@?$__crt_seh_guarded_call@X@@QAEX$$QAV<lambda_15ade71b0218206bbe3333a0c9b79046>@@AAV<lambda_da44e0f8b0f19ba52fefafb335991732>@@$$QAV<lambda_207f2d024fc103971653565357d6cd41>@@@Z 10016660     libucrt:per_thread_data.obj
 0001:00015680       __sehtable$??$?RV<lambda_a7e850c220f1c8d1e6efeecdedd162c6>@@AAV<lambda_46720907175c18b6c9d2717bc0d2d362>@@V<lambda_9048902d66e8d99359bc9897bbb930a8>@@@?$__crt_seh_guarded_call@X@@QAEX$$QAV<lambda_a7e850c220f1c8d1e6efeecdedd162c6>@@AAV<lambda_46720907175c18b6c9d2717bc0d2d362>@@$$QAV<lambda_9048902d66e8d99359bc9897bbb930a8>@@@Z 10016680     libucrt:per_thread_data.obj
 0001:000156a0       __sehtable$??$?RV<lambda_38edbb1296d33220d7e4dd0ed76b244a>@@AAV<lambda_5ce1d447e08cb34b2473517608e21441>@@V<lambda_fb385d3da700c9147fc39e65dd577a8c>@@@?$__crt_seh_guarded_call@X@@QAEX$$QAV<lambda_38edbb1296d33220d7e4dd0ed76b244a>@@AAV<lambda_5ce1d447e08cb34b2473517608e21441>@@$$QAV<lambda_fb385d3da700c9147fc39e65dd577a8c>@@@Z 100166a0     libucrt:per_thread_data.obj
 0001:000156c0       __sehtable$??$?RV<lambda_6affb1475c98b40b75cdec977db92e3c>@@AAV<lambda_b8d4b9c228a6ecc3f80208dbb4b4a104>@@V<lambda_608742c3c92a14382c1684fc64f96c88>@@@?$__crt_seh_guarded_call@X@@QAEX$$QAV<lambda_6affb1475c98b40b75cdec977db92e3c>@@AAV<lambda_b8d4b9c228a6ecc3f80208dbb4b4a104>@@$$QAV<lambda_608742c3c92a14382c1684fc64f96c88>@@@Z 100166c0     libucrt:per_thread_data.obj
 0001:000156e0       __sehtable$??$?RV<lambda_e5124f882df8998aaf41531e079ba474>@@AAV<lambda_3e16ef9562a7dcce91392c22ab16ea36>@@V<lambda_e25ca0880e6ef98be67edffd8c599615>@@@?$__crt_seh_guarded_call@X@@QAEX$$QAV<lambda_e5124f882df8998aaf41531e079ba474>@@AAV<lambda_3e16ef9562a7dcce91392c22ab16ea36>@@$$QAV<lambda_e25ca0880e6ef98be67edffd8c599615>@@@Z 100166e0     libucrt:wsetlocale.obj
 0001:00015700       __sehtable$?update_thread_multibyte_data_internal@@YAPAU__crt_multibyte_data@@QAU__acrt_ptd@@QAPAU1@@Z 10016700     libucrt:mbctype.obj
 0001:00015720       __sehtable$??$?RV<lambda_ceb1ee4838e85a9d631eb091e2fbe199>@@AAV<lambda_ae742caa10f662c28703da3d2ea5e57e>@@V<lambda_cd08b5d6af4937fe54fc07d0c9bf6b37>@@@?$__crt_seh_guarded_call@X@@QAEX$$QAV<lambda_ceb1ee4838e85a9d631eb091e2fbe199>@@AAV<lambda_ae742caa10f662c28703da3d2ea5e57e>@@$$QAV<lambda_cd08b5d6af4937fe54fc07d0c9bf6b37>@@@Z 10016720     libucrt:mbctype.obj
 0001:00015740       __sehtable$___acrt_initialize_lowio 10016740     libucrt:ioinit.obj
 0001:00015760       __sehtable$_raise          10016760     libucrt:signal.obj
 0001:00015780       __sehtable$??$?RV<lambda_cbab9ec6f41b0180b23cc171c22676b0>@@AAV<lambda_44731a7d0e6d81c3e6aa82d741081786>@@V<lambda_4b292cb8dd18144e164572427af410ab>@@@?$__crt_seh_guarded_call@P6AXH@Z@@QAEP6AXH@Z$$QAV<lambda_cbab9ec6f41b0180b23cc171c22676b0>@@AAV<lambda_44731a7d0e6d81c3e6aa82d741081786>@@$$QAV<lambda_4b292cb8dd18144e164572427af410ab>@@@Z 10016780     libucrt:signal.obj
 0001:000157a0       __sehtable$??$?RV<lambda_2866be3712abc81a800a822484c830d8>@@AAV<lambda_39ca0ed439415581b5b15c265174cece>@@V<lambda_2b24c74d71094a6cd0cb82e44167d71b>@@@?$__crt_seh_guarded_call@X@@QAEX$$QAV<lambda_2866be3712abc81a800a822484c830d8>@@AAV<lambda_39ca0ed439415581b5b15c265174cece>@@$$QAV<lambda_2b24c74d71094a6cd0cb82e44167d71b>@@@Z 100167a0     libucrt:fflush.obj
 0001:000157c0       __sehtable$??$?RV<lambda_2cc53f568c5a2bb6f192f930a45d44ea>@@AAV<lambda_ab61a845afdef5b7c387490eaf3616ee>@@V<lambda_c2ffc0b7726aa6be21d5f0026187e748>@@@?$__crt_seh_guarded_call@X@@QAEX$$QAV<lambda_2cc53f568c5a2bb6f192f930a45d44ea>@@AAV<lambda_ab61a845afdef5b7c387490eaf3616ee>@@$$QAV<lambda_c2ffc0b7726aa6be21d5f0026187e748>@@@Z 100167c0     libucrt:fflush.obj
 0001:000157e0       __sehtable$___acrt_update_thread_locale_data 100167e0     libucrt:locale_refcounting.obj
 0001:00015800       __sehtable$___acrt_lowio_ensure_fh_exists 10016800     libucrt:osfinfo.obj
 0001:00015820       __sehtable$??$?RV<lambda_9e9de3de5fa147e2223d7db92bc10aa6>@@AAV<lambda_38ce7e780aa69e748d6df282ebc68efe>@@V<lambda_8ca6da459f0f6780f1cff60fdc3d00e5>@@@?$__crt_seh_guarded_call@H@@QAEH$$QAV<lambda_9e9de3de5fa147e2223d7db92bc10aa6>@@AAV<lambda_38ce7e780aa69e748d6df282ebc68efe>@@$$QAV<lambda_8ca6da459f0f6780f1cff60fdc3d00e5>@@@Z 10016820     libucrt:commit.obj
 0001:00015840       __sehtable$__write         10016840     libucrt:write.obj
 0001:00015860       __sehtable$__fcloseall     10016860     libucrt:closeall.obj
 0001:00015880       __sehtable$_fclose         10016880     libucrt:fclose.obj
 0001:000158a0       __sehtable$??$?RV<lambda_218ce3db14220d0be481dae8ef3383b6>@@AAV<lambda_628dfdc04ba53c8bfc02c9951375f3f5>@@V<lambda_57dc472bd5c9d5f3b2cbca59b8a843ae>@@@?$__crt_seh_guarded_call@H@@QAEH$$QAV<lambda_218ce3db14220d0be481dae8ef3383b6>@@AAV<lambda_628dfdc04ba53c8bfc02c9951375f3f5>@@$$QAV<lambda_57dc472bd5c9d5f3b2cbca59b8a843ae>@@@Z 100168a0     libucrt:close.obj
 0001:000158c0       __sehtable$__IsNonwritableInCurrentImage 100168c0     LIBCMT:pesect.obj
 0001:000158e0       .edata                     100168e0     FarCmds.exp
 0001:00015908       rgpv                       10016908     FarCmds.exp
 0001:0001591c       rgszName                   1001691c     FarCmds.exp
 0001:00015930       rgwOrd                     10016930     FarCmds.exp
 0001:0001593a       szName                     1001693a     FarCmds.exp
 0001:00015946       $N00001                    10016946     FarCmds.exp
 0001:00015951       $N00002                    10016951     FarCmds.exp
 0001:00015960       $N00003                    10016960     FarCmds.exp
 0001:0001596f       $N00004                    1001696f     FarCmds.exp
 0001:00015975       $N00005                    10016975     FarCmds.exp
 0002:00000018       ?PRI@?7??OpenW@@9@4@4UPanelRedrawInfo@@A 10017018     FARCmds.obj
 0002:00000024       ?mode@?1??GetStreamAndMode@@YAXAAPA_WAAH1@Z@4PAU<unnamed-type-mode>@?1??1@YAX011@Z@A 10017024     OpenCmd.obj
 0002:00000040       ?Pref@?7??OpenFromCommandLine@@YAPA_WPB_W@Z@4PAU<unnamed-type-Pref>@?7??1@YAPA_W0@Z@A 10017040     OpenCmd.obj
 0002:000000d0       ?__vcrt_flsindex@@3KA      100170d0     libvcruntime:per_thread_data.obj
 0002:00000100       ?errno_no_memory@@3HA      10017100     libucrt:errno.obj
 0002:00000104       ?doserrno_no_memory@@3KA   10017104     libucrt:errno.obj
 0002:00000110       ?__acrt_flsindex@@3KA      10017110     libucrt:per_thread_data.obj
 0002:000001e0       __mbctypes                 100171e0     libucrt:mbctype.obj
 0002:000002e8       __mbcasemaps               100172e8     libucrt:mbctype.obj
 0002:000003e8       ?__rgctypeflag@@3PADA      100173e8     libucrt:mbctype.obj
 0002:000003f0       ?__rgcode_page_info@@3PAUcode_page_info@@A 100173f0     libucrt:mbctype.obj
 0002:00000810       ?__dcrt_lowio_console_output_handle@@3PAXA 10017810     libucrt:initcon.obj
 0002:00000a10       ?PluginConfigStrings@?1??GetPluginInfoW@@9@4@4PAPB_WA 10017a10     FARCmds.obj
 0002:00000a18       ?farcmdbuf@?1??OpenFromCommandLine@@YAPA_WPB_W@Z@4PA_WA 10017a18     OpenCmd.obj
 0002:00001e6c       ?Cookie@?1??XorPointer@@YAPAXPAX@Z@4IB 10018e6c     vc_crt_fix_impl.obj
 0002:00001e70       ?$S1@?1??XorPointer@@YAPAXPAX@Z@4IA 10018e70     vc_crt_fix_impl.obj
 0002:00001e74       ?Function@?1??EncodePointerWrapper@@9@4@4Q6GPAXPAX@ZA 10018e74     vc_crt_fix_impl.obj
 0002:00001e78       ?$S2@?1??EncodePointerWrapper@@9@4@4IA 10018e78     vc_crt_fix_impl.obj
 0002:00001e7c       ?Function@?1??DecodePointerWrapper@@9@4@4Q6GPAXPAX@ZA 10018e7c     vc_crt_fix_impl.obj
 0002:00001e80       ?$S3@?1??DecodePointerWrapper@@9@4@4IA 10018e80     vc_crt_fix_impl.obj
 0002:00001e84       ?Function@?1??GetModuleHandleExWWrapper@@9@12@4Q6GHKPB_WPAPAUHINSTANCE__@@@ZA 10018e84     vc_crt_fix_impl.obj
 0002:00001e88       ?$S4@?1??GetModuleHandleExWWrapper@@9@12@4IA 10018e88     vc_crt_fix_impl.obj
 0002:00001e8c       ?Deleter@?1??InitializeSListHead@implementation@slist@@YGXPAT_SLIST_HEADER@@@Z@4Vservice_deleter@23@A 10018e8c     vc_crt_fix_impl.obj
 0002:00001eac       ?$S5@?1??InitializeSListHead@implementation@slist@@YGXPAT_SLIST_HEADER@@@Z@4IA 10018eac     vc_crt_fix_impl.obj
 0002:00001eb0       ?Function@?1??InitializeSListHeadWrapper@@9@4@4Q6GXPAT_SLIST_HEADER@@@ZA 10018eb0     vc_crt_fix_impl.obj
 0002:00001eb4       ?$S6@?1??InitializeSListHeadWrapper@@9@4@4IA 10018eb4     vc_crt_fix_impl.obj
 0002:00001eb8       ?Function@?1??InterlockedFlushSListWrapper@@9@4@4Q6GPAU_SINGLE_LIST_ENTRY@@PAT_SLIST_HEADER@@@ZA 10018eb8     vc_crt_fix_impl.obj
 0002:00001ebc       ?$S7@?1??InterlockedFlushSListWrapper@@9@4@4IA 10018ebc     vc_crt_fix_impl.obj
 0002:00001ec0       ?Function@?1??InterlockedPopEntrySListWrapper@@9@4@4Q6GPAU_SINGLE_LIST_ENTRY@@PAT_SLIST_HEADER@@@ZA 10018ec0     vc_crt_fix_impl.obj
 0002:00001ec4       ?$S8@?1??InterlockedPopEntrySListWrapper@@9@4@4IA 10018ec4     vc_crt_fix_impl.obj
 0002:00001ec8       ?Function@?1??InterlockedPushEntrySListWrapper@@9@8@4Q6GPAU_SINGLE_LIST_ENTRY@@PAT_SLIST_HEADER@@PAU2@@ZA 10018ec8     vc_crt_fix_impl.obj
 0002:00001ecc       ?$S9@?1??InterlockedPushEntrySListWrapper@@9@8@4IA 10018ecc     vc_crt_fix_impl.obj
 0002:00001ed0       ?Function@?1??InterlockedPushListSListExWrapper@@9@16@4Q6GPAU_SINGLE_LIST_ENTRY@@PAT_SLIST_HEADER@@PAU2@1K@ZA 10018ed0     vc_crt_fix_impl.obj
 0002:00001ed4       ?$S10@?1??InterlockedPushListSListExWrapper@@9@16@4IA 10018ed4     vc_crt_fix_impl.obj
 0002:00001ed8       ?Function@?1??RtlFirstEntrySListWrapper@@9@4@4Q6GPAU_SINGLE_LIST_ENTRY@@PAT_SLIST_HEADER@@@ZA 10018ed8     vc_crt_fix_impl.obj
 0002:00001edc       ?$S11@?1??RtlFirstEntrySListWrapper@@9@4@4IA 10018edc     vc_crt_fix_impl.obj
 0002:00001ee0       ?Function@?1??QueryDepthSListWrapper@@9@4@4Q6GGPAT_SLIST_HEADER@@@ZA 10018ee0     vc_crt_fix_impl.obj
 0002:00001ee4       ?$S12@?1??QueryDepthSListWrapper@@9@4@4IA 10018ee4     vc_crt_fix_impl.obj
 0002:00001ee8       ?Function@?1??GetNumaHighestNodeNumberWrapper@@9@4@4Q6GHPAK@ZA 10018ee8     vc_crt_fix_impl.obj
 0002:00001eec       ?$S13@?1??GetNumaHighestNodeNumberWrapper@@9@4@4IA 10018eec     vc_crt_fix_impl.obj
 0002:00001ef0       ?Function@?1??GetLogicalProcessorInformationWrapper@@9@8@4Q6GHPAU_SYSTEM_LOGICAL_PROCESSOR_INFORMATION@@PAK@ZA 10018ef0     vc_crt_fix_impl.obj
 0002:00001ef4       ?$S14@?1??GetLogicalProcessorInformationWrapper@@9@8@4IA 10018ef4     vc_crt_fix_impl.obj
 0002:00001ef8       ?module_local_atexit_table@@3U_onexit_table_t@@A 10018ef8     LIBCMT:utility.obj
 0002:00001f04       ?module_local_at_quick_exit_table@@3U_onexit_table_t@@A 10018f04     LIBCMT:utility.obj
 0002:00001f10       ?module_local_atexit_table_initialized@@3_NA 10018f10     LIBCMT:utility.obj
 0002:00001f1c       ?is_initialized_as_dll@@3_NA 10018f1c     LIBCMT:utility.obj
 0002:00001f20       ?__proc_attached@@3HA      10018f20     LIBCMT:dll_dllmain.obj
 0002:00001f48       _GS_ExceptionRecord        10018f48     LIBCMT:gs_report.obj
 0002:00001f98       _GS_ContextRecord          10018f98     LIBCMT:gs_report.obj
 0002:00002264       ?__vcrt_startup_thread_ptd@@3U__vcrt_ptd@@A 10019264     libvcruntime:per_thread_data.obj
 0002:0000228c       ___vcrt_lock_table         1001928c     libvcruntime:locks.obj
 0002:000022a4       ___vcrt_locks_initialized  100192a4     libvcruntime:locks.obj
 0002:000022a8       ?module_handles@@3PAPAUHINSTANCE__@@A 100192a8     libvcruntime:winapi_downlevel.obj
 0002:000022b4       ?encoded_function_pointers@@3PAPAXA 100192b4     libvcruntime:winapi_downlevel.obj
 0002:000022f4       ?heap@@3V_HeapManager@@A   100192f4     libvcruntime:undname.obj
 0002:0000230c       ?__acrt_new_handler@@3V?$dual_state_global@P6AHI@Z@__crt_state_management@@A 1001930c     libucrt:new_handler.obj
 0002:00002310       ?c_termination_complete@@3JA 10019310     libucrt:exit.obj
 0002:00002314       ?thread_local_exit_callback_func@@3P6GXPAXK0@ZA 10019314     libucrt:exit.obj
 0002:00002320       ?program_name@?1???$common_configure_argv@D@@YAHW4_crt_argv_mode@@@Z@4PADA 10019320     libucrt:argv_parsing.obj
 0002:00002450       ?__acrt_invalid_parameter_handler@@3V?$dual_state_global@P6AXPB_W00II@Z@__crt_state_management@@A 10019450     libucrt:invalid_parameter.obj
 0002:00002460       ?__acrt_lock_table@@3PAU_RTL_CRITICAL_SECTION@@A 10019460     libucrt:locks.obj
 0002:000025b0       ?__acrt_locks_initialized@@3IA 100195b0     libucrt:locks.obj
 0002:000025c0       ?fSystemSet@@3HA           100195c0     libucrt:mbctype.obj
 0002:000025c4       ?initialized@?1??__acrt_initialize_multibyte@@9@4_NA 100195c4     libucrt:mbctype.obj
 0002:000025e0       ?module_handles@@3PAPAUHINSTANCE__@@A 100195e0     libucrt:winapi_thunks.obj
 0002:00002630       ?encoded_function_pointers@@3PAPAXA 10019630     libucrt:winapi_thunks.obj
 0002:000028c4       ?ctrlc_action@@3V?$dual_state_global@P6AXH@Z@__crt_state_management@@A 100198c4     libucrt:signal.obj
 0002:000028c8       ?ctrlbreak_action@@3V?$dual_state_global@P6AXH@Z@__crt_state_management@@A 100198c8     libucrt:signal.obj
 0002:000028cc       ?abort_action@@3V?$dual_state_global@P6AXH@Z@__crt_state_management@@A 100198cc     libucrt:signal.obj
 0002:000028d0       ?term_action@@3V?$dual_state_global@P6AXH@Z@__crt_state_management@@A 100198d0     libucrt:signal.obj
 0002:000028d4       ?user_matherr@@3V?$dual_state_global@P6AHPAU_exception@@@Z@__crt_state_management@@A 100198d4     libucrt:matherr.obj
 0002:000028e8       ?__acrt_global_new_mode@@3V?$dual_state_global@J@__crt_state_management@@A 100198e8     libucrt:new_mode.obj
 0002:000028f4       ?__acrt_app_type@@3W4_crt_app_type@@A 100198f4     libucrt:report_runtime_error.obj
 0002:000028fc       __pmatherr_set             100198fc     libucrt:libm_error.obj
 0003:0000074a       .idata$6                   1001a74a     kernel32:KERNEL32.dll
 0003:00000782       .idata$6                   1001a782     user32:USER32.dll
 0003:000007d0       .idata$6                   1001a7d0     advapi32:ADVAPI32.dll
 0003:00000814       .idata$6                   1001a814     ole32:ole32.dll
 0003:00000830       .idata$6                   1001a830     rpcrt4:RPCRT4.dll
 0004:00000060       $R000000                   1001b060     FarCmds.res
