 HlfViewer

 Timestamp is 5c3fd6db (Thu Jan 17 04:14:03 2019)

 Preferred load address is 10000000

 Start         Length     Name                   Class
 0001:00000000 00000004H .CRT$XCA                CODE
 0001:00000004 00000004H .CRT$XCZ                CODE
 0001:00000008 00000004H .CRT$XIA                CODE
 0001:0000000c 0000000cH .CRT$XIC                CODE
 0001:00000018 00000004H .CRT$XIZ                CODE
 0001:0000001c 00000004H .CRT$XPA                CODE
 0001:00000020 00000008H .CRT$XPX                CODE
 0001:00000028 00000004H .CRT$XPXA               CODE
 0001:0000002c 00000004H .CRT$XPZ                CODE
 0001:00000030 00000004H .CRT$XTA                CODE
 0001:00000034 0000000cH .CRT$XTZ                CODE
 0001:00000038 00000000H .gfids$y                CODE
 0001:00000040 00004d20H .rdata                  CODE
 0001:00004d60 00000130H .rdata$r                CODE
 0001:00004e90 0000000cH .rdata$sxdata           CODE
 0001:00004e9c 0000029cH .rdata$zzzdbg           CODE
 0001:00005138 00000004H .rtc$IAA                CODE
 0001:0000513c 00000004H .rtc$IZZ                CODE
 0001:00005140 00000004H .rtc$TAA                CODE
 0001:00005144 0000000cH .rtc$TZZ                CODE
 0001:00005150 0000d4c0H .text$mn                CODE
 0001:00012607 00000000H .text$x                 CODE
 0001:00012610 00000040H .text$yd                CODE
 0001:00012650 00000470H .xdata$x                CODE
 0001:00012ac0 000000c5H .edata                  CODE
 0002:00000000 00000810H .data                   DATA
 0002:00000810 00000078H .data$r                 DATA
 0002:00000888 000018b8H .bss                    DATA
 0003:00000000 00000134H .idata$5                DATA
 0003:00000134 00000004H .00cfg                  DATA
 0003:00000138 00000028H .idata$2                DATA
 0003:00000160 00000014H .idata$3                DATA
 0003:00000174 00000134H .idata$4                DATA
 0003:000002a8 00000574H .idata$6                DATA
 0004:00000000 00000060H .rsrc$01                DATA
 0004:00000060 00000378H .rsrc$02                DATA

  Address         Publics by Value              Rva+Base       Lib:Object

 0000:00000000       ___guard_fids_count        00000000     <absolute>
 0000:00000000       ___enclave_config          00000000     <absolute>
 0000:00000000       ___guard_longjmp_count     00000000     <absolute>
 0000:00000000       ___guard_longjmp_table     00000000     <absolute>
 0000:00000000       __except_list              00000000     <absolute>
 0000:00000000       ___guard_iat_table         00000000     <absolute>
 0000:00000000       ___guard_iat_count         00000000     <absolute>
 0000:00000000       ___hybrid_auxiliary_iat    00000000     <absolute>
 0000:00000000       ___hybrid_code_map         00000000     <absolute>
 0000:00000000       ___guard_fids_table        00000000     <absolute>
 0000:00000000       ___hybrid_code_map_count   00000000     <absolute>
 0000:00000000       ___dynamic_value_reloc_table 00000000     <absolute>
 0000:00000003       ___safe_se_handler_count   00000003     <absolute>
 0000:00000100       ___guard_flags             00000100     <absolute>
 0000:00000000       ___ImageBase               10000000     <linker-defined>
 0001:00000000       ___xc_a                    10001000     LIBCMT:initializers.obj
 0001:00000004       ___xc_z                    10001004     LIBCMT:initializers.obj
 0001:00000008       ___xi_a                    10001008     LIBCMT:initializers.obj
 0001:0000000c       ___acrt_multibyte_initializer 1000100c     libucrt:multibyte_initializer.obj
 0001:00000010       ___acrt_stdio_initializer  10001010     libucrt:stdio_initializer.obj
 0001:00000014       ___acrt_tran_sse2_initializer 10001014     libucrt:sse2_initializer.obj
 0001:00000018       ___xi_z                    10001018     LIBCMT:initializers.obj
 0001:0000001c       ___xp_a                    1000101c     LIBCMT:initializers.obj
 0001:00000020       ___acrt_locale_terminator  10001020     libucrt:locale_initializer.obj
 0001:00000024       ___dcrt_console_output_terminator 10001024     libucrt:console_output_initializer.obj
 0001:00000028       ___acrt_stdio_terminator   10001028     libucrt:stdio_initializer.obj
 0001:0000002c       ___xp_z                    1000102c     LIBCMT:initializers.obj
 0001:00000030       ___xt_a                    10001030     LIBCMT:initializers.obj
 0001:00000034       ___xt_z                    10001034     LIBCMT:initializers.obj
 0001:00000040       _MainGuid                  10001040     HlfViewer.obj
 0001:00000050       _MenuGuid                  10001050     HlfViewer.obj
 0001:00000060       _DialogGuid                10001060     HlfViewer.obj
 0001:00000070       ??_7?$DialogItemBinding@UFarDialogItem@@@@6B@ 10001070     HlfViewer.obj
 0001:00000078       ??_7PluginCheckBoxBinding@@6B@ 10001078     HlfViewer.obj
 0001:00000080       ??_7PluginRadioButtonBinding@@6B@ 10001080     HlfViewer.obj
 0001:00000088       ??_7PluginEditFieldBinding@@6B@ 10001088     HlfViewer.obj
 0001:00000090       ??_7PluginIntEditFieldBinding@@6B@ 10001090     HlfViewer.obj
 0001:00000098       ??_C@_15EFLNJKHH@?$AA?$CF?$AAu?$AA?$AA@ 10001098     HlfViewer.obj
 0001:000000a0       ??_7PluginUIntEditFieldBinding@@6B@ 100010a0     HlfViewer.obj
 0001:000000a8       ??_7?$DialogBuilderBase@UFarDialogItem@@@@6B@ 100010a8     HlfViewer.obj
 0001:000000cc       ??_7PluginDialogBuilder@@6B@ 100010cc     HlfViewer.obj
 0001:000000f0       ??_C@_11LOCGONAA@?$AA?$AA@ 100010f0     HlfViewer.obj
 0001:000000f4       ??_C@_1BE@KLINDABO@?$AAH?$AAl?$AAf?$AAV?$AAi?$AAe?$AAw?$AAe?$AAr?$AA?$AA@ 100010f4     HlfViewer.obj
 0001:00000108       ??_C@_1EA@CONHECGE@?$AAH?$AAl?$AAf?$AA?9?$AAf?$AAi?$AAl?$AAe?$AA?5?$AAV?$AAi?$AAe?$AAw?$AAe?$AAr?$AA?5?$AAf?$AAo?$AAr?$AA?5?$AAF?$AAa?$AAr?$AA?5?$AAM?$AAa?$AAn?$AAa?$AAg?$AAe?$AAr?$AA?$AA@ 10001108     HlfViewer.obj
 0001:00000148       ??_C@_1DE@BGKMIKPD@?$AAE?$AAu?$AAg?$AAe?$AAn?$AAe?$AA?5?$AAR?$AAo?$AAs?$AAh?$AAa?$AAl?$AA?5?$AA?$CG?$AA?5?$AAF?$AAa?$AAr?$AA?5?$AAG?$AAr?$AAo?$AAu?$AAp?$AA?$AA@ 10001148     HlfViewer.obj
 0001:0000017c       ??_C@_13FPGAJAPJ@?$AA?2?$AA?$AA@ 1000117c     HlfViewer.obj
 0001:00000180       ??_C@_1BE@BAOBMOBE@?$AA?$CF?$AAF?$AAA?$AAR?$AAH?$AAO?$AAM?$AAE?$AA?$CF?$AA?$AA@ 10001180     HlfViewer.obj
 0001:00000194       ??_C@_17MEJHPLBO@?$AAc?$AAm?$AAd?$AA?$AA@ 10001194     HlfViewer.obj
 0001:0000019c       ??_C@_17KGEADEDI@?$AAH?$AAL?$AAF?$AA?$AA@ 1000119c     HlfViewer.obj
 0001:000001a4       ??_C@_19CPJEHIBK@?$AA?4?$AAh?$AAl?$AAf?$AA?$AA@ 100011a4     HlfViewer.obj
 0001:000001b0       ??_C@_15JNBOKNOG@?$AA?$AN?$AA?6?$AA?$AA@ 100011b0     HlfViewer.obj
 0001:000001b8       ??_C@_1BG@IOFJDEI@?$AA?4?$AAL?$AAa?$AAn?$AAg?$AAu?$AAa?$AAg?$AAe?$AA?$DN?$AA?$AA@ 100011b8     HlfViewer.obj
 0001:000001d0       ??_C@_1O@BJPKKLLM@?$AAC?$AAo?$AAn?$AAf?$AAi?$AAg?$AA?$AA@ 100011d0     HlfViewer.obj
 0001:000001e0       ??_C@_15NPKLCIOJ@?$AAF?$AA1?$AA?$AA@ 100011e0     HlfViewer.obj
 0001:000001e8       ??_C@_1CG@GFFDAIMK@?$AAP?$AAr?$AAo?$AAc?$AAe?$AAs?$AAs?$AAE?$AAd?$AAi?$AAt?$AAo?$AAr?$AAI?$AAn?$AAp?$AAu?$AAt?$AA?$AA@ 100011e8     HlfViewer.obj
 0001:00000210       ??_C@_1M@PALMNGCF@?$AAS?$AAt?$AAy?$AAl?$AAe?$AA?$AA@ 10001210     HlfViewer.obj
 0001:0000021c       ??_C@_1BE@IHEBLNLC@?$AAE?$AAd?$AAi?$AAt?$AAo?$AAr?$AAK?$AAe?$AAy?$AA?$AA@ 1000121c     HlfViewer.obj
 0001:00000230       ??_C@_1BM@GGPBEDKL@?$AAC?$AAh?$AAe?$AAc?$AAk?$AAM?$AAa?$AAs?$AAk?$AAF?$AAi?$AAl?$AAe?$AA?$AA@ 10001230     HlfViewer.obj
 0001:0000024c       ??_C@_1BC@KGOLMJNA@?$AAM?$AAa?$AAs?$AAk?$AAF?$AAi?$AAl?$AAe?$AA?$AA@ 1000124c     HlfViewer.obj
 0001:00000260       ??_C@_1M@EFMNOFJK@?$AA?$CK?$AA?4?$AAh?$AAl?$AAf?$AA?$AA@ 10001260     HlfViewer.obj
 0001:00000270       __imp__EncodePointer@4     10001270     vc_crt_fix.obj
 0001:00000274       __imp__DecodePointer@4     10001274     vc_crt_fix.obj
 0001:00000278       __imp__GetModuleHandleExW@12 10001278     vc_crt_fix.obj
 0001:0000027c       __imp__InitializeSListHead@4 1000127c     vc_crt_fix.obj
 0001:00000280       __imp__InterlockedFlushSList@4 10001280     vc_crt_fix.obj
 0001:00000284       __imp__InterlockedPopEntrySList@4 10001284     vc_crt_fix.obj
 0001:00000288       __imp__InterlockedPushEntrySList@8 10001288     vc_crt_fix.obj
 0001:0000028c       __imp__InterlockedPushListSListEx@16 1000128c     vc_crt_fix.obj
 0001:00000290       __imp__RtlFirstEntrySList@4 10001290     vc_crt_fix.obj
 0001:00000294       __imp__QueryDepthSList@4   10001294     vc_crt_fix.obj
 0001:00000298       __imp__GetNumaHighestNodeNumber@4 10001298     vc_crt_fix.obj
 0001:0000029c       __imp__GetLogicalProcessorInformation@8 1000129c     vc_crt_fix.obj
 0001:000002b4       ??_C@_0O@NLDKAIKN@EncodePointer?$AA@ 100012b4     vc_crt_fix_impl.obj
 0001:000002c4       ??_C@_0O@KBPMFGHI@DecodePointer?$AA@ 100012c4     vc_crt_fix_impl.obj
 0001:000002d4       ??_C@_0BD@GIGEJCNH@GetModuleHandleExW?$AA@ 100012d4     vc_crt_fix_impl.obj
 0001:000002e8       ??_C@_0BE@NBEJPEJA@InitializeSListHead?$AA@ 100012e8     vc_crt_fix_impl.obj
 0001:000002fc       ??_C@_0BG@PLLPFLHB@InterlockedFlushSList?$AA@ 100012fc     vc_crt_fix_impl.obj
 0001:00000314       ??_C@_0BJ@PNEEKDOK@InterlockedPopEntrySList?$AA@ 10001314     vc_crt_fix_impl.obj
 0001:00000330       ??_C@_0BK@JFGGAIOA@InterlockedPushEntrySList?$AA@ 10001330     vc_crt_fix_impl.obj
 0001:0000034c       ??_C@_0BL@FOECAEGO@InterlockedPushListSListEx?$AA@ 1000134c     vc_crt_fix_impl.obj
 0001:00000368       ??_C@_0BD@FHMMIGCI@RtlFirstEntrySList?$AA@ 10001368     vc_crt_fix_impl.obj
 0001:0000037c       ??_C@_0BA@FGPHPMJB@QueryDepthSList?$AA@ 1000137c     vc_crt_fix_impl.obj
 0001:0000038c       ??_C@_0BJ@NLNFLAMA@GetNumaHighestNodeNumber?$AA@ 1000138c     vc_crt_fix_impl.obj
 0001:000003a8       ??_C@_0BP@KHGALBC@GetLogicalProcessorInformation?$AA@ 100013a8     vc_crt_fix_impl.obj
 0001:000003c8       __pRawDllMain              100013c8     LIBCMT:dll_dllmain.obj
 0001:000003c8       __pDefaultRawDllMain       100013c8     LIBCMT:dll_dllmain.obj
 0001:000003d0       ??_7exception@std@@6B@     100013d0     LIBCMT:throw_bad_alloc.obj
 0001:000003d8       ??_C@_0BC@EOODALEL@Unknown?5exception?$AA@ 100013d8     LIBCMT:throw_bad_alloc.obj
 0001:000003f0       ??_7bad_alloc@std@@6B@     100013f0     LIBCMT:throw_bad_alloc.obj
 0001:000003f8       ??_C@_0P@GHFPNOJB@bad?5allocation?$AA@ 100013f8     LIBCMT:throw_bad_alloc.obj
 0001:0000040c       ??_7bad_array_new_length@std@@6B@ 1000140c     LIBCMT:throw_bad_alloc.obj
 0001:00000414       ??_C@_0BF@KINCDENJ@bad?5array?5new?5length?$AA@ 10001414     LIBCMT:throw_bad_alloc.obj
 0001:00000430       ??_7type_info@@6B@         10001430     LIBCMT:std_type_info_static.obj
 0001:00000468       ??_C@_1DM@KHCHBNEB@?$AAa?$AAp?$AAi?$AA?9?$AAm?$AAs?$AA?9?$AAw?$AAi?$AAn?$AA?9?$AAc?$AAo?$AAr?$AAe?$AA?9?$AAf?$AAi?$AAb?$AAe?$AAr?$AAs?$AA?9?$AAl?$AA1?$AA?9?$AA1?$AA?9?$AA1?$AA?$AA@ 10001468     libvcruntime:winapi_downlevel.obj
 0001:000004a4       ??_C@_1DK@LPPGFMPP@?$AAa?$AAp?$AAi?$AA?9?$AAm?$AAs?$AA?9?$AAw?$AAi?$AAn?$AA?9?$AAc?$AAo?$AAr?$AAe?$AA?9?$AAs?$AAy?$AAn?$AAc?$AAh?$AA?9?$AAl?$AA1?$AA?9?$AA2?$AA?9?$AA0?$AA?$AA@ 100014a4     libvcruntime:winapi_downlevel.obj
 0001:000004e0       ??_C@_1BC@GDMECMAK@?$AAk?$AAe?$AAr?$AAn?$AAe?$AAl?$AA3?$AA2?$AA?$AA@ 100014e0     libvcruntime:winapi_downlevel.obj
 0001:000004f4       ??_C@_1BA@PFFKHIOG@?$AAa?$AAp?$AAi?$AA?9?$AAm?$AAs?$AA?9?$AA?$AA@ 100014f4     libvcruntime:winapi_downlevel.obj
 0001:00000504       ??_C@_1BA@IAIFMGEF@?$AAe?$AAx?$AAt?$AA?9?$AAm?$AAs?$AA?9?$AA?$AA@ 10001504     libvcruntime:winapi_downlevel.obj
 0001:0000051c       ??_C@_08KNHFBNJ@FlsAlloc?$AA@ 1000151c     libvcruntime:winapi_downlevel.obj
 0001:00000530       ??_C@_07PEJMOBNF@FlsFree?$AA@ 10001530     libvcruntime:winapi_downlevel.obj
 0001:00000540       ??_C@_0M@GDNOONDI@FlsGetValue?$AA@ 10001540     libvcruntime:winapi_downlevel.obj
 0001:00000554       ??_C@_0M@JCPCPOEF@FlsSetValue?$AA@ 10001554     libvcruntime:winapi_downlevel.obj
 0001:00000568       ??_C@_0BM@HCFOFFN@InitializeCriticalSectionEx?$AA@ 10001568     libvcruntime:winapi_downlevel.obj
 0001:00000720       ??_C@_08EHJDFFNH@__based?$CI?$AA@ 10001720     libvcruntime:undname.obj
 0001:0000072c       ??_C@_07KOLFKCDI@__cdecl?$AA@ 1000172c     libvcruntime:undname.obj
 0001:00000734       ??_C@_08GHMPAG@__pascal?$AA@ 10001734     libvcruntime:undname.obj
 0001:00000740       ??_C@_09IFJBGAPI@__stdcall?$AA@ 10001740     libvcruntime:undname.obj
 0001:0000074c       ??_C@_0L@NPHFGOKO@__thiscall?$AA@ 1000174c     libvcruntime:undname.obj
 0001:00000758       ??_C@_0L@JMKHOMEK@__fastcall?$AA@ 10001758     libvcruntime:undname.obj
 0001:00000764       ??_C@_0N@BCKKPABJ@__vectorcall?$AA@ 10001764     libvcruntime:undname.obj
 0001:00000774       ??_C@_09HIJEGCPM@__clrcall?$AA@ 10001774     libvcruntime:undname.obj
 0001:00000780       ??_C@_06GHPCKEAG@__eabi?$AA@ 10001780     libvcruntime:undname.obj
 0001:00000788       ??_C@_07EECFKIPL@__swift?$AA@ 10001788     libvcruntime:undname.obj
 0001:00000790       ??_C@_07JOMMBBKO@__ptr64?$AA@ 10001790     libvcruntime:undname.obj
 0001:00000798       ??_C@_0L@PILCLIHE@__restrict?$AA@ 10001798     libvcruntime:undname.obj
 0001:000007a4       ??_C@_0M@GFIIJFMG@__unaligned?$AA@ 100017a4     libvcruntime:undname.obj
 0001:000007b0       ??_C@_09DHDLOLLB@restrict?$CI?$AA@ 100017b0     libvcruntime:undname.obj
 0001:000007ba       ??_C@_00CNPNBAHC@?$AA@     100017ba     libvcruntime:undname.obj
 0001:000007bc       ??_C@_04NIHEBCM@?5new?$AA@ 100017bc     libvcruntime:undname.obj
 0001:000007c4       ??_C@_07FPCDHGMM@?5delete?$AA@ 100017c4     libvcruntime:undname.obj
 0001:000007cc       ??_C@_01NEMOKFLO@?$DN?$AA@ 100017cc     libvcruntime:undname.obj
 0001:000007d0       ??_C@_02GPIOPFAK@?$DO?$DO?$AA@ 100017d0     libvcruntime:undname.obj
 0001:000007d4       ??_C@_02FODMEDOG@?$DM?$DM?$AA@ 100017d4     libvcruntime:undname.obj
 0001:000007d8       ??_C@_01DCLJPIOD@?$CB?$AA@ 100017d8     libvcruntime:undname.obj
 0001:000007dc       ??_C@_02EGOFBIJA@?$DN?$DN?$AA@ 100017dc     libvcruntime:undname.obj
 0001:000007e0       ??_C@_02FDNJECIE@?$CB?$DN?$AA@ 100017e0     libvcruntime:undname.obj
 0001:000007e4       ??_C@_02GPECMEKF@?$FL?$FN?$AA@ 100017e4     libvcruntime:undname.obj
 0001:000007e8       ??_C@_08LHJFAFGD@operator?$AA@ 100017e8     libvcruntime:undname.obj
 0001:000007f4       ??_C@_02HBOOOICD@?9?$DO?$AA@ 100017f4     libvcruntime:undname.obj
 0001:000007f8       ??_C@_01NBENCBCI@?$CK?$AA@ 100017f8     libvcruntime:undname.obj
 0001:000007fc       ??_C@_02ECNGHCIF@?$CL?$CL?$AA@ 100017fc     libvcruntime:undname.obj
 0001:00000800       ??_C@_02BAABKJLB@?9?9?$AA@ 10001800     libvcruntime:undname.obj
 0001:00000804       ??_C@_01JOAMLHOP@?9?$AA@   10001804     libvcruntime:undname.obj
 0001:00000808       ??_C@_01MIFGBAGJ@?$CL?$AA@ 10001808     libvcruntime:undname.obj
 0001:0000080c       ??_C@_01HNPIGOCE@?$CG?$AA@ 1000180c     libvcruntime:undname.obj
 0001:00000810       ??_C@_03MNHNFDLC@?9?$DO?$CK?$AA@ 10001810     libvcruntime:undname.obj
 0001:00000814       ??_C@_01KMDKNFGN@?1?$AA@   10001814     libvcruntime:undname.obj
 0001:00000818       ??_C@_01FGNFDNOH@?$CF?$AA@ 10001818     libvcruntime:undname.obj
 0001:0000081c       ??_C@_01MNNFJEPP@?$DM?$AA@ 1000181c     libvcruntime:undname.obj
 0001:00000820       ??_C@_02EHCHHCKH@?$DM?$DN?$AA@ 10001820     libvcruntime:undname.obj
 0001:00000824       ??_C@_01PPODPGHN@?$DO?$AA@ 10001824     libvcruntime:undname.obj
 0001:00000828       ??_C@_02EEKDKGMJ@?$DO?$DN?$AA@ 10001828     libvcruntime:undname.obj
 0001:0000082c       ??_C@_01IHBHIGKO@?0?$AA@   1000182c     libvcruntime:undname.obj
 0001:00000830       ??_C@_02HCKGKOFO@?$CI?$CJ?$AA@ 10001830     libvcruntime:undname.obj
 0001:00000834       ??_C@_01PJKLJHI@?$HO?$AA@  10001834     libvcruntime:undname.obj
 0001:00000838       ??_C@_01JKBOJNNK@?$FO?$AA@ 10001838     libvcruntime:undname.obj
 0001:0000083c       ??_C@_01DNKMNLPK@?$HM?$AA@ 1000183c     libvcruntime:undname.obj
 0001:00000840       ??_C@_02PPKAJPJL@?$CG?$CG?$AA@ 10001840     libvcruntime:undname.obj
 0001:00000844       ??_C@_02NONPIBCD@?$HM?$HM?$AA@ 10001844     libvcruntime:undname.obj
 0001:00000848       ??_C@_02FPIMKNGF@?$CK?$DN?$AA@ 10001848     libvcruntime:undname.obj
 0001:0000084c       ??_C@_02FOEOMHFC@?$CL?$DN?$AA@ 1000184c     libvcruntime:undname.obj
 0001:00000850       ??_C@_02FKMDLLOA@?9?$DN?$AA@ 10001850     libvcruntime:undname.obj
 0001:00000854       ??_C@_02FJEHGPIO@?1?$DN?$AA@ 10001854     libvcruntime:undname.obj
 0001:00000858       ??_C@_02FENAOKFI@?$CF?$DN?$AA@ 10001858     libvcruntime:undname.obj
 0001:0000085c       ??_C@_03IKFCCPFF@?$DO?$DO?$DN?$AA@ 1000185c     libvcruntime:undname.obj
 0001:00000860       ??_C@_03CDNPDDLA@?$DM?$DM?$DN?$AA@ 10001860     libvcruntime:undname.obj
 0001:00000864       ??_C@_02FGJGFEAB@?$CG?$DN?$AA@ 10001864     libvcruntime:undname.obj
 0001:00000868       ??_C@_02DHLNPPGH@?$HM?$DN?$AA@ 10001868     libvcruntime:undname.obj
 0001:0000086c       ??_C@_02MHEGNOJ@?$FO?$DN?$AA@ 1000186c     libvcruntime:undname.obj
 0001:00000870       ??_C@_09IFPLHPGF@?$GAvftable?8?$AA@ 10001870     libvcruntime:undname.obj
 0001:0000087c       ??_C@_09BLBHBJP@?$GAvbtable?8?$AA@ 1000187c     libvcruntime:undname.obj
 0001:00000888       ??_C@_07FEEIOKP@?$GAvcall?8?$AA@ 10001888     libvcruntime:undname.obj
 0001:00000890       ??_C@_08LLFFHHDJ@?$GAtypeof?8?$AA@ 10001890     libvcruntime:undname.obj
 0001:0000089c       ??_C@_0BF@KDPPACIK@?$GAlocal?5static?5guard?8?$AA@ 1000189c     libvcruntime:undname.obj
 0001:000008b4       ??_C@_08OBABFOLI@?$GAstring?8?$AA@ 100018b4     libvcruntime:undname.obj
 0001:000008c0       ??_C@_0BD@JDLKDPAB@?$GAvbase?5destructor?8?$AA@ 100018c0     libvcruntime:undname.obj
 0001:000008d4       ??_C@_0BN@DEGPLNFK@?$GAvector?5deleting?5destructor?8?$AA@ 100018d4     libvcruntime:undname.obj
 0001:000008f4       ??_C@_0BO@OBMKPJIG@?$GAdefault?5constructor?5closure?8?$AA@ 100018f4     libvcruntime:undname.obj
 0001:00000914       ??_C@_0BN@IMDCHIKM@?$GAscalar?5deleting?5destructor?8?$AA@ 10001914     libvcruntime:undname.obj
 0001:00000934       ??_C@_0BO@PFGOCPJJ@?$GAvector?5constructor?5iterator?8?$AA@ 10001934     libvcruntime:undname.obj
 0001:00000954       ??_C@_0BN@LFPFMEDL@?$GAvector?5destructor?5iterator?8?$AA@ 10001954     libvcruntime:undname.obj
 0001:00000974       ??_C@_0CE@IKBNEHA@?$GAvector?5vbase?5constructor?5iterat@ 10001974     libvcruntime:undname.obj
 0001:00000998       ??_C@_0BL@NILFHHPC@?$GAvirtual?5displacement?5map?8?$AA@ 10001998     libvcruntime:undname.obj
 0001:000009b4       ??_C@_0CB@JONCMFFK@?$GAeh?5vector?5constructor?5iterator?8@ 100019b4     libvcruntime:undname.obj
 0001:000009d8       ??_C@_0CA@GCEOPDGL@?$GAeh?5vector?5destructor?5iterator?8?$AA@ 100019d8     libvcruntime:undname.obj
 0001:000009f8       ??_C@_0CH@OOJPLCPH@?$GAeh?5vector?5vbase?5constructor?5ite@ 100019f8     libvcruntime:undname.obj
 0001:00000a20       ??_C@_0BL@LLKPOHJI@?$GAcopy?5constructor?5closure?8?$AA@ 10001a20     libvcruntime:undname.obj
 0001:00000a3c       ??_C@_0BA@KBCDOMBN@?$GAudt?5returning?8?$AA@ 10001a3c     libvcruntime:undname.obj
 0001:00000a4c       ??_C@_03KLGMFNMG@?$GAEH?$AA@ 10001a4c     libvcruntime:undname.obj
 0001:00000a50       ??_C@_05KHLCHHI@?$GARTTI?$AA@ 10001a50     libvcruntime:undname.obj
 0001:00000a58       ??_C@_0BA@KKLDJDLB@?$GAlocal?5vftable?8?$AA@ 10001a58     libvcruntime:undname.obj
 0001:00000a68       ??_C@_0CE@IIHCMGGL@?$GAlocal?5vftable?5constructor?5closu@ 10001a68     libvcruntime:undname.obj
 0001:00000a8c       ??_C@_06FHBGPFGH@?5new?$FL?$FN?$AA@ 10001a8c     libvcruntime:undname.obj
 0001:00000a94       ??_C@_09LBNFPBCA@?5delete?$FL?$FN?$AA@ 10001a94     libvcruntime:undname.obj
 0001:00000aa0       ??_C@_0P@HJKNJFNN@?$GAomni?5callsig?8?$AA@ 10001aa0     libvcruntime:undname.obj
 0001:00000ab0       ??_C@_0BL@CNOONJFP@?$GAplacement?5delete?5closure?8?$AA@ 10001ab0     libvcruntime:undname.obj
 0001:00000acc       ??_C@_0BN@CKNJLHMB@?$GAplacement?5delete?$FL?$FN?5closure?8?$AA@ 10001acc     libvcruntime:undname.obj
 0001:00000aec       ??_C@_0CG@CFDHKGGD@?$GAmanaged?5vector?5constructor?5iter@ 10001aec     libvcruntime:undname.obj
 0001:00000b14       ??_C@_0CF@IMGKMJNO@?$GAmanaged?5vector?5destructor?5itera@ 10001b14     libvcruntime:undname.obj
 0001:00000b3c       ??_C@_0CG@HLDDJMAG@?$GAeh?5vector?5copy?5constructor?5iter@ 10001b3c     libvcruntime:undname.obj
 0001:00000b64       ??_C@_0CM@FCBBDIGB@?$GAeh?5vector?5vbase?5copy?5constructo@ 10001b64     libvcruntime:undname.obj
 0001:00000b90       ??_C@_0BL@CLIPGLGB@?$GAdynamic?5initializer?5for?5?8?$AA@ 10001b90     libvcruntime:undname.obj
 0001:00000bac       ??_C@_0CB@PDBIFEP@?$GAdynamic?5atexit?5destructor?5for?5?8@ 10001bac     libvcruntime:undname.obj
 0001:00000bd0       ??_C@_0CD@CGAJBKEJ@?$GAvector?5copy?5constructor?5iterato@ 10001bd0     libvcruntime:undname.obj
 0001:00000bf4       ??_C@_0CJ@GJELGAMM@?$GAvector?5vbase?5copy?5constructor?5i@ 10001bf4     libvcruntime:undname.obj
 0001:00000c20       ??_C@_0CL@FGIJHLCE@?$GAmanaged?5vector?5copy?5constructor@ 10001c20     libvcruntime:undname.obj
 0001:00000c4c       ??_C@_0BM@PMGGMLDN@?$GAlocal?5static?5thread?5guard?8?$AA@ 10001c4c     libvcruntime:undname.obj
 0001:00000c68       ??_C@_0N@BDNMDMOL@operator?5?$CC?$CC?5?$AA@ 10001c68     libvcruntime:undname.obj
 0001:00000c78       ??_C@_0BC@GGEBGALA@operator?5co_await?$AA@ 10001c78     libvcruntime:undname.obj
 0001:00000c8c       ??_C@_0BC@DAFEJGAK@?5Type?5Descriptor?8?$AA@ 10001c8c     libvcruntime:undname.obj
 0001:00000ca0       ??_C@_0BM@LDKODKLH@?5Base?5Class?5Descriptor?5at?5?$CI?$AA@ 10001ca0     libvcruntime:undname.obj
 0001:00000cbc       ??_C@_0BD@LGICGFMM@?5Base?5Class?5Array?8?$AA@ 10001cbc     libvcruntime:undname.obj
 0001:00000cd0       ??_C@_0BN@MECKDCOJ@?5Class?5Hierarchy?5Descriptor?8?$AA@ 10001cd0     libvcruntime:undname.obj
 0001:00000cf0       ??_C@_0BK@CFCOFLF@?5Complete?5Object?5Locator?8?$AA@ 10001cf0     libvcruntime:undname.obj
 0001:00000d0c       __pDestructExceptionObject 10001d0c     libvcruntime:ehhelpers.obj
 0001:00000d10       ___acrt_exception_action_table 10001d10     libucrt:exception_filter.obj
 0001:00000da0       ___acrt_signal_action_table_count 10001da0     libucrt:exception_filter.obj
 0001:00000da4       ___acrt_signal_action_first_fpe_index 10001da4     libucrt:exception_filter.obj
 0001:00000da8       ___acrt_signal_action_fpe_count 10001da8     libucrt:exception_filter.obj
 0001:00000dac       ??_C@_1BI@BGOHAHKC@?$AAm?$AAs?$AAc?$AAo?$AAr?$AAe?$AAe?$AA?4?$AAd?$AAl?$AAl?$AA?$AA@ 10001dac     libucrt:exit.obj
 0001:00000dc4       ??_C@_0P@MIGLKIOC@CorExitProcess?$AA@ 10001dc4     libucrt:exit.obj
 0001:00000fc8       ??_C@_1M@HPNHIDJI@?$AAj?$AAa?$AA?9?$AAJ?$AAP?$AA?$AA@ 10001fc8     libucrt:mbctype.obj
 0001:00000fd4       ??_C@_1M@BIBDDEMK@?$AAz?$AAh?$AA?9?$AAC?$AAN?$AA?$AA@ 10001fd4     libucrt:mbctype.obj
 0001:00000fe0       ??_C@_1M@JLOOOEGK@?$AAk?$AAo?$AA?9?$AAK?$AAR?$AA?$AA@ 10001fe0     libucrt:mbctype.obj
 0001:00000fec       ??_C@_1M@CLNBBOPM@?$AAz?$AAh?$AA?9?$AAT?$AAW?$AA?$AA@ 10001fec     libucrt:mbctype.obj
 0001:00001048       ??_C@_1EA@JGEFHKEI@?$AAa?$AAp?$AAi?$AA?9?$AAm?$AAs?$AA?9?$AAw?$AAi?$AAn?$AA?9?$AAc?$AAo?$AAr?$AAe?$AA?9?$AAd?$AAa?$AAt?$AAe?$AAt?$AAi?$AAm?$AAe?$AA?9?$AAl?$AA1?$AA?9?$AA1?$AA?9?$AA1?$AA?$AA@ 10002048     libucrt:winapi_thunks.obj
 0001:00001088       ??_C@_1DI@IJCEHOCB@?$AAa?$AAp?$AAi?$AA?9?$AAm?$AAs?$AA?9?$AAw?$AAi?$AAn?$AA?9?$AAc?$AAo?$AAr?$AAe?$AA?9?$AAf?$AAi?$AAl?$AAe?$AA?9?$AAl?$AA1?$AA?9?$AA2?$AA?9?$AA2?$AA?$AA@ 10002088     libucrt:winapi_thunks.obj
 0001:000010c0       ??_C@_1EI@MPIAOHOC@?$AAa?$AAp?$AAi?$AA?9?$AAm?$AAs?$AA?9?$AAw?$AAi?$AAn?$AA?9?$AAc?$AAo?$AAr?$AAe?$AA?9?$AAl?$AAo?$AAc?$AAa?$AAl?$AAi?$AAz?$AAa?$AAt?$AAi?$AAo?$AAn?$AA?9?$AAl?$AA1?$AA?9@ 100020c0     libucrt:winapi_thunks.obj
 0001:00001108       ??_C@_1FK@FPHCKFIE@?$AAa?$AAp?$AAi?$AA?9?$AAm?$AAs?$AA?9?$AAw?$AAi?$AAn?$AA?9?$AAc?$AAo?$AAr?$AAe?$AA?9?$AAl?$AAo?$AAc?$AAa?$AAl?$AAi?$AAz?$AAa?$AAt?$AAi?$AAo?$AAn?$AA?9?$AAo?$AAb?$AAs@ 10002108     libucrt:winapi_thunks.obj
 0001:00001168       ??_C@_1EM@DILCGIIO@?$AAa?$AAp?$AAi?$AA?9?$AAm?$AAs?$AA?9?$AAw?$AAi?$AAn?$AA?9?$AAc?$AAo?$AAr?$AAe?$AA?9?$AAp?$AAr?$AAo?$AAc?$AAe?$AAs?$AAs?$AAt?$AAh?$AAr?$AAe?$AAa?$AAd?$AAs?$AA?9?$AAl@ 10002168     libucrt:winapi_thunks.obj
 0001:000011b4       ??_C@_1DM@LNCGDDPN@?$AAa?$AAp?$AAi?$AA?9?$AAm?$AAs?$AA?9?$AAw?$AAi?$AAn?$AA?9?$AAc?$AAo?$AAr?$AAe?$AA?9?$AAs?$AAt?$AAr?$AAi?$AAn?$AAg?$AA?9?$AAl?$AA1?$AA?9?$AA1?$AA?9?$AA0?$AA?$AA@ 100021b4     libucrt:winapi_thunks.obj
 0001:000011f0       ??_C@_1DO@FPAPJEMD@?$AAa?$AAp?$AAi?$AA?9?$AAm?$AAs?$AA?9?$AAw?$AAi?$AAn?$AA?9?$AAc?$AAo?$AAr?$AAe?$AA?9?$AAs?$AAy?$AAs?$AAi?$AAn?$AAf?$AAo?$AA?9?$AAl?$AA1?$AA?9?$AA2?$AA?9?$AA1?$AA?$AA@ 100021f0     libucrt:winapi_thunks.obj
 0001:00001230       ??_C@_1DK@NDHNAHIO@?$AAa?$AAp?$AAi?$AA?9?$AAm?$AAs?$AA?9?$AAw?$AAi?$AAn?$AA?9?$AAc?$AAo?$AAr?$AAe?$AA?9?$AAw?$AAi?$AAn?$AAr?$AAt?$AA?9?$AAl?$AA1?$AA?9?$AA1?$AA?9?$AA0?$AA?$AA@ 10002230     libucrt:winapi_thunks.obj
 0001:0000126c       ??_C@_1DM@KGHDGBCM@?$AAa?$AAp?$AAi?$AA?9?$AAm?$AAs?$AA?9?$AAw?$AAi?$AAn?$AA?9?$AAc?$AAo?$AAr?$AAe?$AA?9?$AAx?$AAs?$AAt?$AAa?$AAt?$AAe?$AA?9?$AAl?$AA2?$AA?9?$AA1?$AA?9?$AA0?$AA?$AA@ 1000226c     libucrt:winapi_thunks.obj
 0001:000012a8       ??_C@_1EO@IJIOEFOH@?$AAa?$AAp?$AAi?$AA?9?$AAm?$AAs?$AA?9?$AAw?$AAi?$AAn?$AA?9?$AAr?$AAt?$AAc?$AAo?$AAr?$AAe?$AA?9?$AAn?$AAt?$AAu?$AAs?$AAe?$AAr?$AA?9?$AAw?$AAi?$AAn?$AAd?$AAo?$AAw?$AA?9@ 100022a8     libucrt:winapi_thunks.obj
 0001:000012f8       ??_C@_1FG@HHGEKANL@?$AAa?$AAp?$AAi?$AA?9?$AAm?$AAs?$AA?9?$AAw?$AAi?$AAn?$AA?9?$AAs?$AAe?$AAc?$AAu?$AAr?$AAi?$AAt?$AAy?$AA?9?$AAs?$AAy?$AAs?$AAt?$AAe?$AAm?$AAf?$AAu?$AAn?$AAc?$AAt?$AAi@ 100022f8     libucrt:winapi_thunks.obj
 0001:00001350       ??_C@_1EG@DBIOJECG@?$AAe?$AAx?$AAt?$AA?9?$AAm?$AAs?$AA?9?$AAw?$AAi?$AAn?$AA?9?$AAn?$AAt?$AAu?$AAs?$AAe?$AAr?$AA?9?$AAd?$AAi?$AAa?$AAl?$AAo?$AAg?$AAb?$AAo?$AAx?$AA?9?$AAl?$AA1?$AA?9?$AA1@ 10002350     libucrt:winapi_thunks.obj
 0001:00001398       ??_C@_1EO@FIHMJCLF@?$AAe?$AAx?$AAt?$AA?9?$AAm?$AAs?$AA?9?$AAw?$AAi?$AAn?$AA?9?$AAn?$AAt?$AAu?$AAs?$AAe?$AAr?$AA?9?$AAw?$AAi?$AAn?$AAd?$AAo?$AAw?$AAs?$AAt?$AAa?$AAt?$AAi?$AAo?$AAn?$AA?9@ 10002398     libucrt:winapi_thunks.obj
 0001:000013e8       ??_C@_1BC@DNHGCMLG@?$AAa?$AAd?$AAv?$AAa?$AAp?$AAi?$AA3?$AA2?$AA?$AA@ 100023e8     libucrt:winapi_thunks.obj
 0001:000013fc       ??_C@_1M@OAIMIKLP@?$AAn?$AAt?$AAd?$AAl?$AAl?$AA?$AA@ 100023fc     libucrt:winapi_thunks.obj
 0001:00001408       ??_C@_1EG@DPGNFKGC@?$AAa?$AAp?$AAi?$AA?9?$AAm?$AAs?$AA?9?$AAw?$AAi?$AAn?$AA?9?$AAa?$AAp?$AAp?$AAm?$AAo?$AAd?$AAe?$AAl?$AA?9?$AAr?$AAu?$AAn?$AAt?$AAi?$AAm?$AAe?$AA?9?$AAl?$AA1?$AA?9?$AA1@ 10002408     libucrt:winapi_thunks.obj
 0001:00001450       ??_C@_1O@BCCLBEOE@?$AAu?$AAs?$AAe?$AAr?$AA3?$AA2?$AA?$AA@ 10002450     libucrt:winapi_thunks.obj
 0001:00001490       ??_C@_0O@KKBNKAPF@LCMapStringEx?$AA@ 10002490     libucrt:winapi_thunks.obj
 0001:000014a8       ??_C@_0BB@HBDEELFH@LocaleNameToLCID?$AA@ 100024a8     libucrt:winapi_thunks.obj
 0001:000014c0       ??_C@_0CF@OJOFEIGO@AppPolicyGetProcessTerminationMe@ 100024c0     libucrt:winapi_thunks.obj
 0001:000014e8       ??_C@_03KOEHGMDN@Sun?$AA@  100024e8     libucrt:nlsdata.obj
 0001:000014ec       ??_C@_03PDAGKDH@Mon?$AA@   100024ec     libucrt:nlsdata.obj
 0001:000014f0       ??_C@_03NAGEINEP@Tue?$AA@  100024f0     libucrt:nlsdata.obj
 0001:000014f4       ??_C@_03MHOMLAJA@Wed?$AA@  100024f4     libucrt:nlsdata.obj
 0001:000014f8       ??_C@_03IOFIKPDN@Thu?$AA@  100024f8     libucrt:nlsdata.obj
 0001:000014fc       ??_C@_03IDIOELNC@Fri?$AA@  100024fc     libucrt:nlsdata.obj
 0001:00001500       ??_C@_03FEFJNEK@Sat?$AA@   10002500     libucrt:nlsdata.obj
 0001:00001504       ??_C@_06OOPIFAJ@Sunday?$AA@ 10002504     libucrt:nlsdata.obj
 0001:0000150c       ??_C@_06JLEDEDGH@Monday?$AA@ 1000250c     libucrt:nlsdata.obj
 0001:00001514       ??_C@_07BAAGCFCM@Tuesday?$AA@ 10002514     libucrt:nlsdata.obj
 0001:0000151c       ??_C@_09DLIGFAKA@Wednesday?$AA@ 1000251c     libucrt:nlsdata.obj
 0001:00001528       ??_C@_08HACCIKIA@Thursday?$AA@ 10002528     libucrt:nlsdata.obj
 0001:00001534       ??_C@_06JECMNKMI@Friday?$AA@ 10002534     libucrt:nlsdata.obj
 0001:0000153c       ??_C@_08INBOOONO@Saturday?$AA@ 1000253c     libucrt:nlsdata.obj
 0001:00001548       ??_C@_03JIHJHPIE@Jan?$AA@  10002548     libucrt:nlsdata.obj
 0001:0000154c       ??_C@_03HJBDCHOM@Feb?$AA@  1000254c     libucrt:nlsdata.obj
 0001:00001550       ??_C@_03ODNJBKGA@Mar?$AA@  10002550     libucrt:nlsdata.obj
 0001:00001554       ??_C@_03LEOLGMJP@Apr?$AA@  10002554     libucrt:nlsdata.obj
 0001:00001558       ??_C@_03CNMDKL@May?$AA@    10002558     libucrt:nlsdata.obj
 0001:0000155c       ??_C@_03IDFGHECI@Jun?$AA@  1000255c     libucrt:nlsdata.obj
 0001:00001560       ??_C@_03LBGABGKK@Jul?$AA@  10002560     libucrt:nlsdata.obj
 0001:00001564       ??_C@_03IFJFEIGA@Aug?$AA@  10002564     libucrt:nlsdata.obj
 0001:00001568       ??_C@_03GGCAPAJC@Sep?$AA@  10002568     libucrt:nlsdata.obj
 0001:0000156c       ??_C@_03BMAOKBAD@Oct?$AA@  1000256c     libucrt:nlsdata.obj
 0001:00001570       ??_C@_03JPJOFNIA@Nov?$AA@  10002570     libucrt:nlsdata.obj
 0001:00001574       ??_C@_03MKABNOCG@Dec?$AA@  10002574     libucrt:nlsdata.obj
 0001:00001578       ??_C@_07CGJPFGJA@January?$AA@ 10002578     libucrt:nlsdata.obj
 0001:00001580       ??_C@_08GNJGEPFN@February?$AA@ 10002580     libucrt:nlsdata.obj
 0001:0000158c       ??_C@_05HPCKOFNC@March?$AA@ 1000258c     libucrt:nlsdata.obj
 0001:00001594       ??_C@_05DMJDNLEJ@April?$AA@ 10002594     libucrt:nlsdata.obj
 0001:0000159c       ??_C@_04CNLMGBGM@June?$AA@ 1000259c     libucrt:nlsdata.obj
 0001:000015a4       ??_C@_04MIEPOIFP@July?$AA@ 100025a4     libucrt:nlsdata.obj
 0001:000015ac       ??_C@_06LBBHFDDG@August?$AA@ 100025ac     libucrt:nlsdata.obj
 0001:000015b4       ??_C@_09BHHEALKD@September?$AA@ 100025b4     libucrt:nlsdata.obj
 0001:000015c0       ??_C@_07JJNFCEND@October?$AA@ 100025c0     libucrt:nlsdata.obj
 0001:000015c8       ??_C@_08HCHEGEOA@November?$AA@ 100025c8     libucrt:nlsdata.obj
 0001:000015d4       ??_C@_08EDHMEBNP@December?$AA@ 100025d4     libucrt:nlsdata.obj
 0001:000015e0       ??_C@_02DEDBPAFC@AM?$AA@   100025e0     libucrt:nlsdata.obj
 0001:000015e4       ??_C@_02CJNFDJBF@PM?$AA@   100025e4     libucrt:nlsdata.obj
 0001:000015e8       ??_C@_08BPBNCDIB@MM?1dd?1yy?$AA@ 100025e8     libucrt:nlsdata.obj
 0001:000015f4       ??_C@_0BE@CKGJFCPC@dddd?0?5MMMM?5dd?0?5yyyy?$AA@ 100025f4     libucrt:nlsdata.obj
 0001:00001608       ??_C@_08JCCMCCIL@HH?3mm?3ss?$AA@ 10002608     libucrt:nlsdata.obj
 0001:00001614       ??_C@_17MBGCMIPB@?$AAS?$AAu?$AAn?$AA?$AA@ 10002614     libucrt:nlsdata.obj
 0001:0000161c       ??_C@_17KBOMKBF@?$AAM?$AAo?$AAn?$AA?$AA@ 1000261c     libucrt:nlsdata.obj
 0001:00001624       ??_C@_17BMKGEGOJ@?$AAT?$AAu?$AAe?$AA?$AA@ 10002624     libucrt:nlsdata.obj
 0001:0000162c       ??_C@_17CJEDCEPE@?$AAW?$AAe?$AAd?$AA?$AA@ 1000262c     libucrt:nlsdata.obj
 0001:00001634       ??_C@_17PDPHAADD@?$AAT?$AAh?$AAu?$AA?$AA@ 10002634     libucrt:nlsdata.obj
 0001:0000163c       ??_C@_17HFOLPPLP@?$AAF?$AAr?$AAi?$AA?$AA@ 1000263c     libucrt:nlsdata.obj
 0001:00001644       ??_C@_17GGIBDPIH@?$AAS?$AAa?$AAt?$AA?$AA@ 10002644     libucrt:nlsdata.obj
 0001:0000164c       ??_C@_1O@IHNHDHPB@?$AAS?$AAu?$AAn?$AAd?$AAa?$AAy?$AA?$AA@ 1000264c     libucrt:nlsdata.obj
 0001:0000165c       ??_C@_1O@MMNBFLIA@?$AAM?$AAo?$AAn?$AAd?$AAa?$AAy?$AA?$AA@ 1000265c     libucrt:nlsdata.obj
 0001:0000166c       ??_C@_1BA@ENFBFFEK@?$AAT?$AAu?$AAe?$AAs?$AAd?$AAa?$AAy?$AA?$AA@ 1000266c     libucrt:nlsdata.obj
 0001:0000167c       ??_C@_1BE@EBOGMDOH@?$AAW?$AAe?$AAd?$AAn?$AAe?$AAs?$AAd?$AAa?$AAy?$AA?$AA@ 1000267c     libucrt:nlsdata.obj
 0001:00001690       ??_C@_1BC@HHMNLIHE@?$AAT?$AAh?$AAu?$AAr?$AAs?$AAd?$AAa?$AAy?$AA?$AA@ 10002690     libucrt:nlsdata.obj
 0001:000016a4       ??_C@_1O@PDICJHAG@?$AAF?$AAr?$AAi?$AAd?$AAa?$AAy?$AA?$AA@ 100026a4     libucrt:nlsdata.obj
 0001:000016b4       ??_C@_1BC@ENMNNPAJ@?$AAS?$AAa?$AAt?$AAu?$AAr?$AAd?$AAa?$AAy?$AA?$AA@ 100026b4     libucrt:nlsdata.obj
 0001:000016c8       ??_C@_17DKNBKCHM@?$AAJ?$AAa?$AAn?$AA?$AA@ 100026c8     libucrt:nlsdata.obj
 0001:000016d0       ??_C@_17LMDJEKJN@?$AAF?$AAe?$AAb?$AA?$AA@ 100026d0     libucrt:nlsdata.obj
 0001:000016d8       ??_C@_17CKNLEDEC@?$AAM?$AAa?$AAr?$AA?$AA@ 100026d8     libucrt:nlsdata.obj
 0001:000016e0       ??_C@_17LFPOIHDD@?$AAA?$AAp?$AAr?$AA?$AA@ 100026e0     libucrt:nlsdata.obj
 0001:000016e8       ??_C@_17PNNKMEED@?$AAM?$AAa?$AAy?$AA?$AA@ 100026e8     libucrt:nlsdata.obj
 0001:000016f0       ??_C@_17KCJGOCPB@?$AAJ?$AAu?$AAn?$AA?$AA@ 100026f0     libucrt:nlsdata.obj
 0001:000016f8       ??_C@_17IJPCKHK@?$AAJ?$AAu?$AAl?$AA?$AA@ 100026f8     libucrt:nlsdata.obj
 0001:00001700       ??_C@_17ICPELBCN@?$AAA?$AAu?$AAg?$AA?$AA@ 10002700     libucrt:nlsdata.obj
 0001:00001708       ??_C@_17HCHCOKMG@?$AAS?$AAe?$AAp?$AA?$AA@ 10002708     libucrt:nlsdata.obj
 0001:00001710       ??_C@_17FNLKOI@?$AAO?$AAc?$AAt?$AA?$AA@ 10002710     libucrt:nlsdata.obj
 0001:00001718       ??_C@_17BBDMLCIG@?$AAN?$AAo?$AAv?$AA?$AA@ 10002718     libucrt:nlsdata.obj
 0001:00001720       ??_C@_17EGKACKIF@?$AAD?$AAe?$AAc?$AA?$AA@ 10002720     libucrt:nlsdata.obj
 0001:00001728       ??_C@_1BA@EFMEIEBA@?$AAJ?$AAa?$AAn?$AAu?$AAa?$AAr?$AAy?$AA?$AA@ 10002728     libucrt:nlsdata.obj
 0001:00001738       ??_C@_1BC@JGDDFFAM@?$AAF?$AAe?$AAb?$AAr?$AAu?$AAa?$AAr?$AAy?$AA?$AA@ 10002738     libucrt:nlsdata.obj
 0001:0000174c       ??_C@_1M@IKEENEDF@?$AAM?$AAa?$AAr?$AAc?$AAh?$AA?$AA@ 1000274c     libucrt:nlsdata.obj
 0001:00001758       ??_C@_1M@GJNLMHFD@?$AAA?$AAp?$AAr?$AAi?$AAl?$AA?$AA@ 10002758     libucrt:nlsdata.obj
 0001:00001764       ??_C@_19EPFLPGAP@?$AAJ?$AAu?$AAn?$AAe?$AA?$AA@ 10002764     libucrt:nlsdata.obj
 0001:00001770       ??_C@_19BIFMLPCD@?$AAJ?$AAu?$AAl?$AAy?$AA?$AA@ 10002770     libucrt:nlsdata.obj
 0001:0000177c       ??_C@_1O@PAHLKOAC@?$AAA?$AAu?$AAg?$AAu?$AAs?$AAt?$AA?$AA@ 1000277c     libucrt:nlsdata.obj
 0001:0000178c       ??_C@_1BE@DKAAMBJL@?$AAS?$AAe?$AAp?$AAt?$AAe?$AAm?$AAb?$AAe?$AAr?$AA?$AA@ 1000278c     libucrt:nlsdata.obj
 0001:000017a0       ??_C@_1BA@EPANDLNG@?$AAO?$AAc?$AAt?$AAo?$AAb?$AAe?$AAr?$AA?$AA@ 100027a0     libucrt:nlsdata.obj
 0001:000017b0       ??_C@_1BC@BGLIFPF@?$AAN?$AAo?$AAv?$AAe?$AAm?$AAb?$AAe?$AAr?$AA?$AA@ 100027b0     libucrt:nlsdata.obj
 0001:000017c4       ??_C@_1BC@FEMKIFH@?$AAD?$AAe?$AAc?$AAe?$AAm?$AAb?$AAe?$AAr?$AA?$AA@ 100027c4     libucrt:nlsdata.obj
 0001:000017d8       ??_C@_15ODEHAHHF@?$AAA?$AAM?$AA?$AA@ 100027d8     libucrt:nlsdata.obj
 0001:000017e0       ??_C@_15CLMNNGEL@?$AAP?$AAM?$AA?$AA@ 100027e0     libucrt:nlsdata.obj
 0001:000017e8       ??_C@_1BC@IEBCMHCM@?$AAM?$AAM?$AA?1?$AAd?$AAd?$AA?1?$AAy?$AAy?$AA?$AA@ 100027e8     libucrt:nlsdata.obj
 0001:000017fc       ??_C@_1CI@KNAKOEBC@?$AAd?$AAd?$AAd?$AAd?$AA?0?$AA?5?$AAM?$AAM?$AAM?$AAM?$AA?5?$AAd?$AAd?$AA?0?$AA?5?$AAy?$AAy?$AAy?$AAy?$AA?$AA@ 100027fc     libucrt:nlsdata.obj
 0001:00001824       ??_C@_1BC@GDGBMEMK@?$AAH?$AAH?$AA?3?$AAm?$AAm?$AA?3?$AAs?$AAs?$AA?$AA@ 10002824     libucrt:nlsdata.obj
 0001:00001838       ??_C@_1M@BMHNFIME@?$AAe?$AAn?$AA?9?$AAU?$AAS?$AA?$AA@ 10002838     libucrt:nlsdata.obj
 0001:00001848       ___lc_time_c               10002848     libucrt:nlsdata.obj
 0001:000019b0       ___newctype                100029b0     libucrt:ctype.obj
 0001:00001cb0       ___newclmap                10002cb0     libucrt:ctype.obj
 0001:00001e30       ___newcumap                10002e30     libucrt:ctype.obj
 0001:000026d0       ??_C@_15EMKDOKLE@?$AAa?$AAr?$AA?$AA@ 100036d0     libucrt:lcidtoname_downlevel.obj
 0001:000026d8       ??_C@_15KNPADPLH@?$AAb?$AAg?$AA?$AA@ 100036d8     libucrt:lcidtoname_downlevel.obj
 0001:000026e0       ??_C@_15EDMHLDMO@?$AAc?$AAa?$AA?$AA@ 100036e0     libucrt:lcidtoname_downlevel.obj
 0001:000026e8       ??_C@_1O@BPEAJADD@?$AAz?$AAh?$AA?9?$AAC?$AAH?$AAS?$AA?$AA@ 100036e8     libucrt:lcidtoname_downlevel.obj
 0001:000026f8       ??_C@_15LJNHCMNK@?$AAc?$AAs?$AA?$AA@ 100036f8     libucrt:lcidtoname_downlevel.obj
 0001:00002700       ??_C@_15FOMCIDHG@?$AAd?$AAa?$AA?$AA@ 10003700     libucrt:lcidtoname_downlevel.obj
 0001:00002708       ??_C@_15NBKABECB@?$AAd?$AAe?$AA?$AA@ 10003708     libucrt:lcidtoname_downlevel.obj
 0001:00002710       ??_C@_15GHPEIIAO@?$AAe?$AAl?$AA?$AA@ 10003710     libucrt:lcidtoname_downlevel.obj
 0001:00002718       ??_C@_15MNPNEAIF@?$AAe?$AAn?$AA?$AA@ 10003718     libucrt:lcidtoname_downlevel.obj
 0001:00002720       ??_C@_15GPIOMPMH@?$AAe?$AAs?$AA?$AA@ 10003720     libucrt:lcidtoname_downlevel.obj
 0001:00002728       ??_C@_15NGLOAKJC@?$AAf?$AAi?$AA?$AA@ 10003728     libucrt:lcidtoname_downlevel.obj
 0001:00002730       ??_C@_15FBKGNKAM@?$AAf?$AAr?$AA?$AA@ 10003730     libucrt:lcidtoname_downlevel.obj
 0001:00002738       ??_C@_15KGGCNEFK@?$AAh?$AAe?$AA?$AA@ 10003738     libucrt:lcidtoname_downlevel.obj
 0001:00002740       ??_C@_15PGHLIDMF@?$AAh?$AAu?$AA?$AA@ 10003740     libucrt:lcidtoname_downlevel.obj
 0001:00002748       ??_C@_15BIEMAPLM@?$AAi?$AAs?$AA?$AA@ 10003748     libucrt:lcidtoname_downlevel.obj
 0001:00002750       ??_C@_15IFJLDHAF@?$AAi?$AAt?$AA?$AA@ 10003750     libucrt:lcidtoname_downlevel.obj
 0001:00002758       ??_C@_15GEMIOCAG@?$AAj?$AAa?$AA?$AA@ 10003758     libucrt:lcidtoname_downlevel.obj
 0001:00002760       ??_C@_15EPELEGJA@?$AAk?$AAo?$AA?$AA@ 10003760     libucrt:lcidtoname_downlevel.obj
 0001:00002768       ??_C@_15NDDHIMN@?$AAn?$AAl?$AA?$AA@ 10003768     libucrt:lcidtoname_downlevel.obj
 0001:00002770       ??_C@_15BPIGNHCD@?$AAn?$AAo?$AA?$AA@ 10003770     libucrt:lcidtoname_downlevel.obj
 0001:00002778       ??_C@_15DEOPBLCG@?$AAp?$AAl?$AA?$AA@ 10003778     libucrt:lcidtoname_downlevel.obj
 0001:00002780       ??_C@_15KBECGEFG@?$AAp?$AAt?$AA?$AA@ 10003780     libucrt:lcidtoname_downlevel.obj
 0001:00002788       ??_C@_15GLJCBFMD@?$AAr?$AAo?$AA?$AA@ 10003788     libucrt:lcidtoname_downlevel.obj
 0001:00002790       ??_C@_15FEDGKCDI@?$AAr?$AAu?$AA?$AA@ 10003790     libucrt:lcidtoname_downlevel.obj
 0001:00002798       ??_C@_15GLKMLLHM@?$AAh?$AAr?$AA?$AA@ 10003798     libucrt:lcidtoname_downlevel.obj
 0001:000027a0       ??_C@_15CPKMFBDB@?$AAs?$AAk?$AA?$AA@ 100037a0     libucrt:lcidtoname_downlevel.obj
 0001:000027a8       ??_C@_15BAAIOGMK@?$AAs?$AAq?$AA?$AA@ 100037a8     libucrt:lcidtoname_downlevel.obj
 0001:000027b0       ??_C@_15INNPNOHD@?$AAs?$AAv?$AA?$AA@ 100037b0     libucrt:lcidtoname_downlevel.obj
 0001:000027b8       ??_C@_15CABMMOGH@?$AAt?$AAh?$AA?$AA@ 100037b8     libucrt:lcidtoname_downlevel.obj
 0001:000027c0       ??_C@_15BPLIHJJM@?$AAt?$AAr?$AA?$AA@ 100037c0     libucrt:lcidtoname_downlevel.obj
 0001:000027c8       ??_C@_15NEOEKKDJ@?$AAu?$AAr?$AA?$AA@ 100037c8     libucrt:lcidtoname_downlevel.obj
 0001:000027d0       ??_C@_15NFICGAJK@?$AAi?$AAd?$AA?$AA@ 100037d0     libucrt:lcidtoname_downlevel.obj
 0001:000027d8       ??_C@_15PJPFLCCM@?$AAu?$AAk?$AA?$AA@ 100037d8     libucrt:lcidtoname_downlevel.obj
 0001:000027e0       ??_C@_15HPJPHDM@?$AAb?$AAe?$AA?$AA@ 100037e0     libucrt:lcidtoname_downlevel.obj
 0001:000027e8       ??_C@_15LCHLGJII@?$AAs?$AAl?$AA?$AA@ 100037e8     libucrt:lcidtoname_downlevel.obj
 0001:000027f0       ??_C@_15PCFJPHHO@?$AAe?$AAt?$AA?$AA@ 100037f0     libucrt:lcidtoname_downlevel.obj
 0001:000027f8       ??_C@_15HPFPGODN@?$AAl?$AAv?$AA?$AA@ 100037f8     libucrt:lcidtoname_downlevel.obj
 0001:00002800       ??_C@_15NFFGKGLG@?$AAl?$AAt?$AA?$AA@ 10003800     libucrt:lcidtoname_downlevel.obj
 0001:00002808       ??_C@_15BDAKCCHN@?$AAf?$AAa?$AA?$AA@ 10003808     libucrt:lcidtoname_downlevel.obj
 0001:00002810       ??_C@_15NFGIAIAJ@?$AAv?$AAi?$AA?$AA@ 10003810     libucrt:lcidtoname_downlevel.obj
 0001:00002818       ??_C@_15LMKNDMHN@?$AAh?$AAy?$AA?$AA@ 10003818     libucrt:lcidtoname_downlevel.obj
 0001:00002820       ??_C@_15IJBHMCFL@?$AAa?$AAz?$AA?$AA@ 10003820     libucrt:lcidtoname_downlevel.obj
 0001:00002828       ??_C@_15EKOFJABL@?$AAe?$AAu?$AA?$AA@ 10003828     libucrt:lcidtoname_downlevel.obj
 0001:00002830       ??_C@_15BGHADCNK@?$AAm?$AAk?$AA?$AA@ 10003830     libucrt:lcidtoname_downlevel.obj
 0001:00002838       ??_C@_15JDNICKHM@?$AAa?$AAf?$AA?$AA@ 10003838     libucrt:lcidtoname_downlevel.obj
 0001:00002840       ??_C@_15KPJEDBKD@?$AAk?$AAa?$AA?$AA@ 10003840     libucrt:lcidtoname_downlevel.obj
 0001:00002848       ??_C@_15PDNFFFEO@?$AAf?$AAo?$AA?$AA@ 10003848     libucrt:lcidtoname_downlevel.obj
 0001:00002850       ??_C@_15OMLEGLOC@?$AAh?$AAi?$AA?$AA@ 10003850     libucrt:lcidtoname_downlevel.obj
 0001:00002858       ??_C@_15IDNNENKK@?$AAm?$AAs?$AA?$AA@ 10003858     libucrt:lcidtoname_downlevel.obj
 0001:00002860       ??_C@_15MACJNBMH@?$AAk?$AAk?$AA?$AA@ 10003860     libucrt:lcidtoname_downlevel.obj
 0001:00002868       ??_C@_15DKDJEOND@?$AAk?$AAy?$AA?$AA@ 10003868     libucrt:lcidtoname_downlevel.obj
 0001:00002870       ??_C@_15DFGDLJBG@?$AAs?$AAw?$AA?$AA@ 10003870     libucrt:lcidtoname_downlevel.obj
 0001:00002878       ??_C@_15BBFAICNG@?$AAu?$AAz?$AA?$AA@ 10003878     libucrt:lcidtoname_downlevel.obj
 0001:00002880       ??_C@_15DKNDCGEA@?$AAt?$AAt?$AA?$AA@ 10003880     libucrt:lcidtoname_downlevel.obj
 0001:00002888       ??_C@_15MGIFMDPL@?$AAp?$AAa?$AA?$AA@ 10003888     libucrt:lcidtoname_downlevel.obj
 0001:00002890       ??_C@_15HCNDBBA@?$AAg?$AAu?$AA?$AA@ 10003890     libucrt:lcidtoname_downlevel.obj
 0001:00002898       ??_C@_15FNBEIBON@?$AAt?$AAa?$AA?$AA@ 10003898     libucrt:lcidtoname_downlevel.obj
 0001:000028a0       ??_C@_15NCHGBGLK@?$AAt?$AAe?$AA?$AA@ 100038a0     libucrt:lcidtoname_downlevel.obj
 0001:000028a8       ??_C@_15PHPHCBPF@?$AAk?$AAn?$AA?$AA@ 100038a8     libucrt:lcidtoname_downlevel.obj
 0001:000028b0       ??_C@_15DLGBCKMP@?$AAm?$AAr?$AA?$AA@ 100038b0     libucrt:lcidtoname_downlevel.obj
 0001:000028b8       ??_C@_15EABBLBFF@?$AAs?$AAa?$AA?$AA@ 100038b8     libucrt:lcidtoname_downlevel.obj
 0001:000028c0       ??_C@_15CBKOMCOI@?$AAm?$AAn?$AA?$AA@ 100038c0     libucrt:lcidtoname_downlevel.obj
 0001:000028c8       ??_C@_15CKDMCJAF@?$AAg?$AAl?$AA?$AA@ 100038c8     libucrt:lcidtoname_downlevel.obj
 0001:000028d0       ??_C@_17CNJFBPG@?$AAk?$AAo?$AAk?$AA?$AA@ 100038d0     libucrt:lcidtoname_downlevel.obj
 0001:000028d8       ??_C@_17FFBJICPL@?$AAs?$AAy?$AAr?$AA?$AA@ 100038d8     libucrt:lcidtoname_downlevel.obj
 0001:000028e0       ??_C@_17KPNDCPAF@?$AAd?$AAi?$AAv?$AA?$AA@ 100038e0     libucrt:lcidtoname_downlevel.obj
 0001:000028e8       ??_C@_1M@OKAHONE@?$AAa?$AAr?$AA?9?$AAS?$AAA?$AA?$AA@ 100038e8     libucrt:lcidtoname_downlevel.obj
 0001:000028f4       ??_C@_1M@FFFIGIGK@?$AAb?$AAg?$AA?9?$AAB?$AAG?$AA?$AA@ 100038f4     libucrt:lcidtoname_downlevel.obj
 0001:00002900       ??_C@_1M@BJNKEDC@?$AAc?$AAa?$AA?9?$AAE?$AAS?$AA?$AA@ 10003900     libucrt:lcidtoname_downlevel.obj
 0001:0000290c       ??_C@_1M@IJJHFJHA@?$AAc?$AAs?$AA?9?$AAC?$AAZ?$AA?$AA@ 1000390c     libucrt:lcidtoname_downlevel.obj
 0001:00002918       ??_C@_1M@CLPEOBGI@?$AAd?$AAa?$AA?9?$AAD?$AAK?$AA?$AA@ 10003918     libucrt:lcidtoname_downlevel.obj
 0001:00002924       ??_C@_1M@MCMADGCB@?$AAd?$AAe?$AA?9?$AAD?$AAE?$AA?$AA@ 10003924     libucrt:lcidtoname_downlevel.obj
 0001:00002930       ??_C@_1M@OOCKEMAM@?$AAe?$AAl?$AA?9?$AAG?$AAR?$AA?$AA@ 10003930     libucrt:lcidtoname_downlevel.obj
 0001:0000293c       ??_C@_1M@DDNJFGID@?$AAf?$AAi?$AA?9?$AAF?$AAI?$AA?$AA@ 1000393c     libucrt:lcidtoname_downlevel.obj
 0001:00002948       ??_C@_1M@GLIPPMAC@?$AAf?$AAr?$AA?9?$AAF?$AAR?$AA?$AA@ 10003948     libucrt:lcidtoname_downlevel.obj
 0001:00002954       ??_C@_1M@GFMCHPE@?$AAh?$AAe?$AA?9?$AAI?$AAL?$AA?$AA@ 10003954     libucrt:lcidtoname_downlevel.obj
 0001:00002960       ??_C@_1M@MHLPGNKM@?$AAh?$AAu?$AA?9?$AAH?$AAU?$AA?$AA@ 10003960     libucrt:lcidtoname_downlevel.obj
 0001:0000296c       ??_C@_1M@LPDDNNPN@?$AAi?$AAs?$AA?9?$AAI?$AAS?$AA?$AA@ 1000396c     libucrt:lcidtoname_downlevel.obj
 0001:00002978       ??_C@_1M@MADIPODN@?$AAi?$AAt?$AA?9?$AAI?$AAT?$AA?$AA@ 10003978     libucrt:lcidtoname_downlevel.obj
 0001:00002984       ??_C@_1M@IHBJJGG@?$AAn?$AAl?$AA?9?$AAN?$AAL?$AA?$AA@ 10003984     libucrt:lcidtoname_downlevel.obj
 0001:00002990       ??_C@_1M@EANAGDL@?$AAn?$AAb?$AA?9?$AAN?$AAO?$AA?$AA@ 10003990     libucrt:lcidtoname_downlevel.obj
 0001:0000299c       ??_C@_1M@NEIEMEGP@?$AAp?$AAl?$AA?9?$AAP?$AAL?$AA?$AA@ 1000399c     libucrt:lcidtoname_downlevel.obj
 0001:000029a8       ??_C@_1M@BOCFIGEP@?$AAp?$AAt?$AA?9?$AAB?$AAR?$AA?$AA@ 100039a8     libucrt:lcidtoname_downlevel.obj
 0001:000029b4       ??_C@_1M@IMPFOPBG@?$AAr?$AAo?$AA?9?$AAR?$AAO?$AA?$AA@ 100039b4     libucrt:lcidtoname_downlevel.obj
 0001:000029c0       ??_C@_1M@IDNNEJMM@?$AAr?$AAu?$AA?9?$AAR?$AAU?$AA?$AA@ 100039c0     libucrt:lcidtoname_downlevel.obj
 0001:000029cc       ??_C@_1M@LILEEOGM@?$AAh?$AAr?$AA?9?$AAH?$AAR?$AA?$AA@ 100039cc     libucrt:lcidtoname_downlevel.obj
 0001:000029d8       ??_C@_1M@FKIFEHPB@?$AAs?$AAk?$AA?9?$AAS?$AAK?$AA?$AA@ 100039d8     libucrt:lcidtoname_downlevel.obj
 0001:000029e4       ??_C@_1M@LJMAMNPJ@?$AAs?$AAq?$AA?9?$AAA?$AAL?$AA?$AA@ 100039e4     libucrt:lcidtoname_downlevel.obj
 0001:000029f0       ??_C@_1M@GIAKDKJK@?$AAs?$AAv?$AA?9?$AAS?$AAE?$AA?$AA@ 100039f0     libucrt:lcidtoname_downlevel.obj
 0001:000029fc       ??_C@_1M@MKJKIKCL@?$AAt?$AAh?$AA?9?$AAT?$AAH?$AA?$AA@ 100039fc     libucrt:lcidtoname_downlevel.obj
 0001:00002a08       ??_C@_1M@MFLCCMPB@?$AAt?$AAr?$AA?9?$AAT?$AAR?$AA?$AA@ 10003a08     libucrt:lcidtoname_downlevel.obj
 0001:00002a14       ??_C@_1M@OIJHDKJN@?$AAu?$AAr?$AA?9?$AAP?$AAK?$AA?$AA@ 10003a14     libucrt:lcidtoname_downlevel.obj
 0001:00002a20       ??_C@_1M@LHIPCIEK@?$AAi?$AAd?$AA?9?$AAI?$AAD?$AA?$AA@ 10003a20     libucrt:lcidtoname_downlevel.obj
 0001:00002a2c       ??_C@_1M@MFMOBGI@?$AAu?$AAk?$AA?9?$AAU?$AAA?$AA?$AA@ 10003a2c     libucrt:lcidtoname_downlevel.obj
 0001:00002a38       ??_C@_1M@OBGLJIPL@?$AAb?$AAe?$AA?9?$AAB?$AAY?$AA?$AA@ 10003a38     libucrt:lcidtoname_downlevel.obj
 0001:00002a44       ??_C@_1M@BCFAJEAD@?$AAs?$AAl?$AA?9?$AAS?$AAI?$AA?$AA@ 10003a44     libucrt:lcidtoname_downlevel.obj
 0001:00002a50       ??_C@_1M@FKFFEDDN@?$AAe?$AAt?$AA?9?$AAE?$AAE?$AA?$AA@ 10003a50     libucrt:lcidtoname_downlevel.obj
 0001:00002a5c       ??_C@_1M@KGKKAACI@?$AAl?$AAv?$AA?9?$AAL?$AAV?$AA?$AA@ 10003a5c     libucrt:lcidtoname_downlevel.obj
 0001:00002a68       ??_C@_1M@IFGBIJO@?$AAl?$AAt?$AA?9?$AAL?$AAT?$AA?$AA@ 10003a68     libucrt:lcidtoname_downlevel.obj
 0001:00002a74       ??_C@_1M@FGEAHEDM@?$AAf?$AAa?$AA?9?$AAI?$AAR?$AA?$AA@ 10003a74     libucrt:lcidtoname_downlevel.obj
 0001:00002a80       ??_C@_1M@KBMAIBFN@?$AAv?$AAi?$AA?9?$AAV?$AAN?$AA?$AA@ 10003a80     libucrt:lcidtoname_downlevel.obj
 0001:00002a8c       ??_C@_1M@GPCBKDJK@?$AAh?$AAy?$AA?9?$AAA?$AAM?$AA?$AA@ 10003a8c     libucrt:lcidtoname_downlevel.obj
 0001:00002a98       ??_C@_1BG@BECMDDJB@?$AAa?$AAz?$AA?9?$AAA?$AAZ?$AA?9?$AAL?$AAa?$AAt?$AAn?$AA?$AA@ 10003a98     libucrt:lcidtoname_downlevel.obj
 0001:00002ab0       ??_C@_1M@MAOFCAEA@?$AAe?$AAu?$AA?9?$AAE?$AAS?$AA?$AA@ 10003ab0     libucrt:lcidtoname_downlevel.obj
 0001:00002abc       ??_C@_1M@IGHABKPI@?$AAm?$AAk?$AA?9?$AAM?$AAK?$AA?$AA@ 10003abc     libucrt:lcidtoname_downlevel.obj
 0001:00002ac8       ??_C@_1M@IAIGNEJG@?$AAt?$AAn?$AA?9?$AAZ?$AAA?$AA?$AA@ 10003ac8     libucrt:lcidtoname_downlevel.obj
 0001:00002ad4       ??_C@_1M@IIJCOJFA@?$AAx?$AAh?$AA?9?$AAZ?$AAA?$AA?$AA@ 10003ad4     libucrt:lcidtoname_downlevel.obj
 0001:00002ae0       ??_C@_1M@LGPJHNJH@?$AAz?$AAu?$AA?9?$AAZ?$AAA?$AA?$AA@ 10003ae0     libucrt:lcidtoname_downlevel.obj
 0001:00002aec       ??_C@_1M@HOKAOIO@?$AAa?$AAf?$AA?9?$AAZ?$AAA?$AA?$AA@ 10003aec     libucrt:lcidtoname_downlevel.obj
 0001:00002af8       ??_C@_1M@DPCLHLIE@?$AAk?$AAa?$AA?9?$AAG?$AAE?$AA?$AA@ 10003af8     libucrt:lcidtoname_downlevel.obj
 0001:00002b04       ??_C@_1M@BLKMHJBI@?$AAf?$AAo?$AA?9?$AAF?$AAO?$AA?$AA@ 10003b04     libucrt:lcidtoname_downlevel.obj
 0001:00002b10       ??_C@_1M@LGGJAPPB@?$AAh?$AAi?$AA?9?$AAI?$AAN?$AA?$AA@ 10003b10     libucrt:lcidtoname_downlevel.obj
 0001:00002b1c       ??_C@_1M@FIKPIHFE@?$AAm?$AAt?$AA?9?$AAM?$AAT?$AA?$AA@ 10003b1c     libucrt:lcidtoname_downlevel.obj
 0001:00002b28       ??_C@_1M@HEGGPBFA@?$AAs?$AAe?$AA?9?$AAN?$AAO?$AA?$AA@ 10003b28     libucrt:lcidtoname_downlevel.obj
 0001:00002b34       ??_C@_1M@EIBJEEPA@?$AAm?$AAs?$AA?9?$AAM?$AAY?$AA?$AA@ 10003b34     libucrt:lcidtoname_downlevel.obj
 0001:00002b40       ??_C@_1M@FHLBGMPP@?$AAk?$AAk?$AA?9?$AAK?$AAZ?$AA?$AA@ 10003b40     libucrt:lcidtoname_downlevel.obj
 0001:00002b4c       ??_C@_1M@NGJJLCGI@?$AAk?$AAy?$AA?9?$AAK?$AAG?$AA?$AA@ 10003b4c     libucrt:lcidtoname_downlevel.obj
 0001:00002b58       ??_C@_1M@GIENNBFC@?$AAs?$AAw?$AA?9?$AAK?$AAE?$AA?$AA@ 10003b58     libucrt:lcidtoname_downlevel.obj
 0001:00002b64       ??_C@_1BG@NDGMJIMJ@?$AAu?$AAz?$AA?9?$AAU?$AAZ?$AA?9?$AAL?$AAa?$AAt?$AAn?$AA?$AA@ 10003b64     libucrt:lcidtoname_downlevel.obj
 0001:00002b7c       ??_C@_1M@IDCCIHBC@?$AAt?$AAt?$AA?9?$AAR?$AAU?$AA?$AA@ 10003b7c     libucrt:lcidtoname_downlevel.obj
 0001:00002b88       ??_C@_1M@LOICPMOJ@?$AAb?$AAn?$AA?9?$AAI?$AAN?$AA?$AA@ 10003b88     libucrt:lcidtoname_downlevel.obj
 0001:00002b94       ??_C@_1M@KPKKNEAH@?$AAp?$AAa?$AA?9?$AAI?$AAN?$AA?$AA@ 10003b94     libucrt:lcidtoname_downlevel.obj
 0001:00002ba0       ??_C@_1M@PJGPPBOG@?$AAg?$AAu?$AA?9?$AAI?$AAN?$AA?$AA@ 10003ba0     libucrt:lcidtoname_downlevel.obj
 0001:00002bac       ??_C@_1M@KMKMOPHI@?$AAt?$AAa?$AA?9?$AAI?$AAN?$AA?$AA@ 10003bac     libucrt:lcidtoname_downlevel.obj
 0001:00002bb8       ??_C@_1M@KFEHEPAC@?$AAt?$AAe?$AA?9?$AAI?$AAN?$AA?$AA@ 10003bb8     libucrt:lcidtoname_downlevel.obj
 0001:00002bc4       ??_C@_1M@CDCLMGHI@?$AAk?$AAn?$AA?9?$AAI?$AAN?$AA?$AA@ 10003bc4     libucrt:lcidtoname_downlevel.obj
 0001:00002bd0       ??_C@_1M@MIODLDKF@?$AAm?$AAl?$AA?9?$AAI?$AAN?$AA?$AA@ 10003bd0     libucrt:lcidtoname_downlevel.obj
 0001:00002bdc       ??_C@_1M@PBIEACPO@?$AAm?$AAr?$AA?9?$AAI?$AAN?$AA?$AA@ 10003bdc     libucrt:lcidtoname_downlevel.obj
 0001:00002be8       ??_C@_1M@NIDEAGPH@?$AAs?$AAa?$AA?9?$AAI?$AAN?$AA?$AA@ 10003be8     libucrt:lcidtoname_downlevel.obj
 0001:00002bf4       ??_C@_1M@FHIHCBIO@?$AAm?$AAn?$AA?9?$AAM?$AAN?$AA?$AA@ 10003bf4     libucrt:lcidtoname_downlevel.obj
 0001:00002c00       ??_C@_1M@JAIJPENP@?$AAc?$AAy?$AA?9?$AAG?$AAB?$AA?$AA@ 10003c00     libucrt:lcidtoname_downlevel.obj
 0001:00002c0c       ??_C@_1M@PHGFBEPN@?$AAg?$AAl?$AA?9?$AAE?$AAS?$AA?$AA@ 10003c0c     libucrt:lcidtoname_downlevel.obj
 0001:00002c18       ??_C@_1O@KPIPDNCP@?$AAk?$AAo?$AAk?$AA?9?$AAI?$AAN?$AA?$AA@ 10003c18     libucrt:lcidtoname_downlevel.obj
 0001:00002c28       ??_C@_1O@KNHJLDJA@?$AAs?$AAy?$AAr?$AA?9?$AAS?$AAY?$AA?$AA@ 10003c28     libucrt:lcidtoname_downlevel.obj
 0001:00002c38       ??_C@_1O@MKEKBLAH@?$AAd?$AAi?$AAv?$AA?9?$AAM?$AAV?$AA?$AA@ 10003c38     libucrt:lcidtoname_downlevel.obj
 0001:00002c48       ??_C@_1O@OHDCKDDF@?$AAq?$AAu?$AAz?$AA?9?$AAB?$AAO?$AA?$AA@ 10003c48     libucrt:lcidtoname_downlevel.obj
 0001:00002c58       ??_C@_1M@LEPJNLFD@?$AAn?$AAs?$AA?9?$AAZ?$AAA?$AA?$AA@ 10003c58     libucrt:lcidtoname_downlevel.obj
 0001:00002c64       ??_C@_1M@OMLEIIJB@?$AAm?$AAi?$AA?9?$AAN?$AAZ?$AA?$AA@ 10003c64     libucrt:lcidtoname_downlevel.obj
 0001:00002c70       ??_C@_1M@PMPEAILG@?$AAa?$AAr?$AA?9?$AAI?$AAQ?$AA?$AA@ 10003c70     libucrt:lcidtoname_downlevel.obj
 0001:00002c7c       ??_C@_1M@CNKPNOEE@?$AAd?$AAe?$AA?9?$AAC?$AAH?$AA?$AA@ 10003c7c     libucrt:lcidtoname_downlevel.obj
 0001:00002c88       ??_C@_1M@LKMGMLKO@?$AAe?$AAn?$AA?9?$AAG?$AAB?$AA?$AA@ 10003c88     libucrt:lcidtoname_downlevel.obj
 0001:00002c94       ??_C@_1M@PGKJFFGL@?$AAe?$AAs?$AA?9?$AAM?$AAX?$AA?$AA@ 10003c94     libucrt:lcidtoname_downlevel.obj
 0001:00002ca0       ??_C@_1M@DNNANBDC@?$AAf?$AAr?$AA?9?$AAB?$AAE?$AA?$AA@ 10003ca0     libucrt:lcidtoname_downlevel.obj
 0001:00002cac       ??_C@_1M@HLGMDFHM@?$AAi?$AAt?$AA?9?$AAC?$AAH?$AA?$AA@ 10003cac     libucrt:lcidtoname_downlevel.obj
 0001:00002cb8       ??_C@_1M@CLLBGJH@?$AAn?$AAl?$AA?9?$AAB?$AAE?$AA?$AA@ 10003cb8     libucrt:lcidtoname_downlevel.obj
 0001:00002cc4       ??_C@_1M@BODBOGLF@?$AAn?$AAn?$AA?9?$AAN?$AAO?$AA?$AA@ 10003cc4     libucrt:lcidtoname_downlevel.obj
 0001:00002cd0       ??_C@_1M@HFFAHKAD@?$AAp?$AAt?$AA?9?$AAP?$AAT?$AA?$AA@ 10003cd0     libucrt:lcidtoname_downlevel.obj
 0001:00002cdc       ??_C@_1BG@LNOAKHIE@?$AAs?$AAr?$AA?9?$AAS?$AAP?$AA?9?$AAL?$AAa?$AAt?$AAn?$AA?$AA@ 10003cdc     libucrt:lcidtoname_downlevel.obj
 0001:00002cf4       ??_C@_1M@HBMHBGAK@?$AAs?$AAv?$AA?9?$AAF?$AAI?$AA?$AA@ 10003cf4     libucrt:lcidtoname_downlevel.obj
 0001:00002d00       ??_C@_1BG@DGCJGJBE@?$AAa?$AAz?$AA?9?$AAA?$AAZ?$AA?9?$AAC?$AAy?$AAr?$AAl?$AA?$AA@ 10003d00     libucrt:lcidtoname_downlevel.obj
 0001:00002d18       ??_C@_1M@KEJDAAHB@?$AAs?$AAe?$AA?9?$AAS?$AAE?$AA?$AA@ 10003d18     libucrt:lcidtoname_downlevel.obj
 0001:00002d24       ??_C@_1M@HEIBJJAD@?$AAm?$AAs?$AA?9?$AAB?$AAN?$AA?$AA@ 10003d24     libucrt:lcidtoname_downlevel.obj
 0001:00002d30       ??_C@_1BG@PBGJMCEM@?$AAu?$AAz?$AA?9?$AAU?$AAZ?$AA?9?$AAC?$AAy?$AAr?$AAl?$AA?$AA@ 10003d30     libucrt:lcidtoname_downlevel.obj
 0001:00002d48       ??_C@_1O@LAOBCMDF@?$AAq?$AAu?$AAz?$AA?9?$AAE?$AAC?$AA?$AA@ 10003d48     libucrt:lcidtoname_downlevel.obj
 0001:00002d58       ??_C@_1M@POEEMAIO@?$AAa?$AAr?$AA?9?$AAE?$AAG?$AA?$AA@ 10003d58     libucrt:lcidtoname_downlevel.obj
 0001:00002d64       ??_C@_1M@EFAKDEDL@?$AAz?$AAh?$AA?9?$AAH?$AAK?$AA?$AA@ 10003d64     libucrt:lcidtoname_downlevel.obj
 0001:00002d70       ??_C@_1M@HKKIJHGI@?$AAd?$AAe?$AA?9?$AAA?$AAT?$AA?$AA@ 10003d70     libucrt:lcidtoname_downlevel.obj
 0001:00002d7c       ??_C@_1M@KBFBEHJF@?$AAe?$AAn?$AA?9?$AAA?$AAU?$AA?$AA@ 10003d7c     libucrt:lcidtoname_downlevel.obj
 0001:00002d88       ??_C@_1M@MNPLFAAH@?$AAe?$AAs?$AA?9?$AAE?$AAS?$AA?$AA@ 10003d88     libucrt:lcidtoname_downlevel.obj
 0001:00002d94       ??_C@_1M@HJOOJFMA@?$AAf?$AAr?$AA?9?$AAC?$AAA?$AA?$AA@ 10003d94     libucrt:lcidtoname_downlevel.obj
 0001:00002da0       ??_C@_1BG@JPOFPNAB@?$AAs?$AAr?$AA?9?$AAS?$AAP?$AA?9?$AAC?$AAy?$AAr?$AAl?$AA?$AA@ 10003da0     libucrt:lcidtoname_downlevel.obj
 0001:00002db8       ??_C@_1M@LNFOCMOB@?$AAs?$AAe?$AA?9?$AAF?$AAI?$AA?$AA@ 10003db8     libucrt:lcidtoname_downlevel.obj
 0001:00002dc4       ??_C@_1O@MGJBOAMB@?$AAq?$AAu?$AAz?$AA?9?$AAP?$AAE?$AA?$AA@ 10003dc4     libucrt:lcidtoname_downlevel.obj
 0001:00002dd4       ??_C@_1M@GJINLBOK@?$AAa?$AAr?$AA?9?$AAL?$AAY?$AA?$AA@ 10003dd4     libucrt:lcidtoname_downlevel.obj
 0001:00002de0       ??_C@_1M@GGMNHJNL@?$AAz?$AAh?$AA?9?$AAS?$AAG?$AA?$AA@ 10003de0     libucrt:lcidtoname_downlevel.obj
 0001:00002dec       ??_C@_1M@HOIKODND@?$AAd?$AAe?$AA?9?$AAL?$AAU?$AA?$AA@ 10003dec     libucrt:lcidtoname_downlevel.obj
 0001:00002df8       ??_C@_1M@DDOCCGFG@?$AAe?$AAn?$AA?9?$AAC?$AAA?$AA?$AA@ 10003df8     libucrt:lcidtoname_downlevel.obj
 0001:00002e04       ??_C@_1M@BNOEMJLF@?$AAe?$AAs?$AA?9?$AAG?$AAT?$AA?$AA@ 10003e04     libucrt:lcidtoname_downlevel.obj
 0001:00002e10       ??_C@_1M@EOGNKEK@?$AAf?$AAr?$AA?9?$AAC?$AAH?$AA?$AA@ 10003e10     libucrt:lcidtoname_downlevel.obj
 0001:00002e1c       ??_C@_1M@FLIDJFHL@?$AAh?$AAr?$AA?9?$AAB?$AAA?$AA?$AA@ 10003e1c     libucrt:lcidtoname_downlevel.obj
 0001:00002e28       ??_C@_1O@FMCELNAJ@?$AAs?$AAm?$AAj?$AA?9?$AAN?$AAO?$AA?$AA@ 10003e28     libucrt:lcidtoname_downlevel.obj
 0001:00002e38       ??_C@_1M@JHGLJMGJ@?$AAa?$AAr?$AA?9?$AAD?$AAZ?$AA?$AA@ 10003e38     libucrt:lcidtoname_downlevel.obj
 0001:00002e44       ??_C@_1M@JKKFDCNP@?$AAz?$AAh?$AA?9?$AAM?$AAO?$AA?$AA@ 10003e44     libucrt:lcidtoname_downlevel.obj
 0001:00002e50       ??_C@_1M@GEEFALPE@?$AAd?$AAe?$AA?9?$AAL?$AAI?$AA?$AA@ 10003e50     libucrt:lcidtoname_downlevel.obj
 0001:00002e5c       ??_C@_1M@IGEOFBG@?$AAe?$AAn?$AA?9?$AAN?$AAZ?$AA?$AA@ 10003e5c     libucrt:lcidtoname_downlevel.obj
 0001:00002e68       ??_C@_1M@KDBONEHP@?$AAe?$AAs?$AA?9?$AAC?$AAR?$AA?$AA@ 10003e68     libucrt:lcidtoname_downlevel.obj
 0001:00002e74       ??_C@_1M@FHMDOHNN@?$AAf?$AAr?$AA?9?$AAL?$AAU?$AA?$AA@ 10003e74     libucrt:lcidtoname_downlevel.obj
 0001:00002e80       ??_C@_1BG@NFKKMAFG@?$AAb?$AAs?$AA?9?$AAB?$AAA?$AA?9?$AAL?$AAa?$AAt?$AAn?$AA?$AA@ 10003e80     libucrt:lcidtoname_downlevel.obj
 0001:00002e98       ??_C@_1O@IMNBEMCI@?$AAs?$AAm?$AAj?$AA?9?$AAS?$AAE?$AA?$AA@ 10003e98     libucrt:lcidtoname_downlevel.obj
 0001:00002ea8       ??_C@_1M@DHHMBNDP@?$AAa?$AAr?$AA?9?$AAM?$AAA?$AA?$AA@ 10003ea8     libucrt:lcidtoname_downlevel.obj
 0001:00002eb4       ??_C@_1M@BNBLJCGH@?$AAe?$AAn?$AA?9?$AAI?$AAE?$AA?$AA@ 10003eb4     libucrt:lcidtoname_downlevel.obj
 0001:00002ec0       ??_C@_1M@GEPAFMDL@?$AAe?$AAs?$AA?9?$AAP?$AAA?$AA?$AA@ 10003ec0     libucrt:lcidtoname_downlevel.obj
 0001:00002ecc       ??_C@_1M@OJONDMDL@?$AAf?$AAr?$AA?9?$AAM?$AAC?$AA?$AA@ 10003ecc     libucrt:lcidtoname_downlevel.obj
 0001:00002ed8       ??_C@_1BG@OBCNFJB@?$AAs?$AAr?$AA?9?$AAB?$AAA?$AA?9?$AAL?$AAa?$AAt?$AAn?$AA?$AA@ 10003ed8     libucrt:lcidtoname_downlevel.obj
 0001:00002ef0       ??_C@_1O@KEMEEGPO@?$AAs?$AAm?$AAa?$AA?9?$AAN?$AAO?$AA?$AA@ 10003ef0     libucrt:lcidtoname_downlevel.obj
 0001:00002f00       ??_C@_1M@ELMGFODK@?$AAa?$AAr?$AA?9?$AAT?$AAN?$AA?$AA@ 10003f00     libucrt:lcidtoname_downlevel.obj
 0001:00002f0c       ??_C@_1M@BHDLHFAF@?$AAe?$AAn?$AA?9?$AAZ?$AAA?$AA?$AA@ 10003f0c     libucrt:lcidtoname_downlevel.obj
 0001:00002f18       ??_C@_1M@BMGIGLIF@?$AAe?$AAs?$AA?9?$AAD?$AAO?$AA?$AA@ 10003f18     libucrt:lcidtoname_downlevel.obj
 0001:00002f24       ??_C@_1BG@CMBHIPBE@?$AAs?$AAr?$AA?9?$AAB?$AAA?$AA?9?$AAC?$AAy?$AAr?$AAl?$AA?$AA@ 10003f24     libucrt:lcidtoname_downlevel.obj
 0001:00002f3c       ??_C@_1O@HEDBLHNP@?$AAs?$AAm?$AAa?$AA?9?$AAS?$AAE?$AA?$AA@ 10003f3c     libucrt:lcidtoname_downlevel.obj
 0001:00002f4c       ??_C@_1M@DAGCADIM@?$AAa?$AAr?$AA?9?$AAO?$AAM?$AA?$AA@ 10003f4c     libucrt:lcidtoname_downlevel.obj
 0001:00002f58       ??_C@_1M@FODLMICG@?$AAe?$AAn?$AA?9?$AAJ?$AAM?$AA?$AA@ 10003f58     libucrt:lcidtoname_downlevel.obj
 0001:00002f64       ??_C@_1M@DNMLCIHB@?$AAe?$AAs?$AA?9?$AAV?$AAE?$AA?$AA@ 10003f64     libucrt:lcidtoname_downlevel.obj
 0001:00002f70       ??_C@_1O@EOKHMKJK@?$AAs?$AAm?$AAs?$AA?9?$AAF?$AAI?$AA?$AA@ 10003f70     libucrt:lcidtoname_downlevel.obj
 0001:00002f80       ??_C@_1M@CAFJMKOF@?$AAa?$AAr?$AA?9?$AAY?$AAE?$AA?$AA@ 10003f80     libucrt:lcidtoname_downlevel.obj
 0001:00002f8c       ??_C@_1M@CBFHIJLI@?$AAe?$AAn?$AA?9?$AAC?$AAB?$AA?$AA@ 10003f8c     libucrt:lcidtoname_downlevel.obj
 0001:00002f98       ??_C@_1M@BGNFLDN@?$AAe?$AAs?$AA?9?$AAC?$AAO?$AA?$AA@ 10003f98     libucrt:lcidtoname_downlevel.obj
 0001:00002fa4       ??_C@_1O@JMPHMAMC@?$AAs?$AAm?$AAn?$AA?9?$AAF?$AAI?$AA?$AA@ 10003fa4     libucrt:lcidtoname_downlevel.obj
 0001:00002fb4       ??_C@_1M@JLANABKE@?$AAa?$AAr?$AA?9?$AAS?$AAY?$AA?$AA@ 10003fb4     libucrt:lcidtoname_downlevel.obj
 0001:00002fc0       ??_C@_1M@HPKGCFGN@?$AAe?$AAn?$AA?9?$AAB?$AAZ?$AA?$AA@ 10003fc0     libucrt:lcidtoname_downlevel.obj
 0001:00002fcc       ??_C@_1M@OLJCMLGM@?$AAe?$AAs?$AA?9?$AAP?$AAE?$AA?$AA@ 10003fcc     libucrt:lcidtoname_downlevel.obj
 0001:00002fd8       ??_C@_1M@MKKGFKLE@?$AAa?$AAr?$AA?9?$AAJ?$AAO?$AA?$AA@ 10003fd8     libucrt:lcidtoname_downlevel.obj
 0001:00002fe4       ??_C@_1M@EKPGLDNI@?$AAe?$AAn?$AA?9?$AAT?$AAT?$AA?$AA@ 10003fe4     libucrt:lcidtoname_downlevel.obj
 0001:00002ff0       ??_C@_1M@OONGHFHE@?$AAe?$AAs?$AA?9?$AAA?$AAR?$AA?$AA@ 10003ff0     libucrt:lcidtoname_downlevel.obj
 0001:00002ffc       ??_C@_1M@OOJFGBHE@?$AAa?$AAr?$AA?9?$AAL?$AAB?$AA?$AA@ 10003ffc     libucrt:lcidtoname_downlevel.obj
 0001:00003008       ??_C@_1M@GCEJHNEG@?$AAe?$AAn?$AA?9?$AAZ?$AAW?$AA?$AA@ 10004008     libucrt:lcidtoname_downlevel.obj
 0001:00003014       ??_C@_1M@JNOCAHJI@?$AAe?$AAs?$AA?9?$AAE?$AAC?$AA?$AA@ 10004014     libucrt:lcidtoname_downlevel.obj
 0001:00003020       ??_C@_1M@JEFHPGGB@?$AAa?$AAr?$AA?9?$AAK?$AAW?$AA?$AA@ 10004020     libucrt:lcidtoname_downlevel.obj
 0001:0000302c       ??_C@_1M@MLKIBJOJ@?$AAe?$AAn?$AA?9?$AAP?$AAH?$AA?$AA@ 1000402c     libucrt:lcidtoname_downlevel.obj
 0001:00003038       ??_C@_1M@BDNIPEND@?$AAe?$AAs?$AA?9?$AAC?$AAL?$AA?$AA@ 10004038     libucrt:lcidtoname_downlevel.obj
 0001:00003044       ??_C@_1M@MPNMEKBD@?$AAa?$AAr?$AA?9?$AAA?$AAE?$AA?$AA@ 10004044     libucrt:lcidtoname_downlevel.obj
 0001:00003050       ??_C@_1M@KBJALCPI@?$AAe?$AAs?$AA?9?$AAU?$AAY?$AA?$AA@ 10004050     libucrt:lcidtoname_downlevel.obj
 0001:0000305c       ??_C@_1M@LLCCOAGA@?$AAa?$AAr?$AA?9?$AAB?$AAH?$AA?$AA@ 1000405c     libucrt:lcidtoname_downlevel.obj
 0001:00003068       ??_C@_1M@PBFNCDEL@?$AAe?$AAs?$AA?9?$AAP?$AAY?$AA?$AA@ 10004068     libucrt:lcidtoname_downlevel.obj
 0001:00003074       ??_C@_1M@EDGINPNP@?$AAa?$AAr?$AA?9?$AAQ?$AAA?$AA?$AA@ 10004074     libucrt:lcidtoname_downlevel.obj
 0001:00003080       ??_C@_1M@MKDBIIJI@?$AAe?$AAs?$AA?9?$AAB?$AAO?$AA?$AA@ 10004080     libucrt:lcidtoname_downlevel.obj
 0001:0000308c       ??_C@_1M@CPKKEBLD@?$AAe?$AAs?$AA?9?$AAS?$AAV?$AA?$AA@ 1000408c     libucrt:lcidtoname_downlevel.obj
 0001:00003098       ??_C@_1M@NDBGMMJL@?$AAe?$AAs?$AA?9?$AAH?$AAN?$AA?$AA@ 10004098     libucrt:lcidtoname_downlevel.obj
 0001:000030a4       ??_C@_1M@JIJIBHDP@?$AAe?$AAs?$AA?9?$AAN?$AAI?$AA?$AA@ 100040a4     libucrt:lcidtoname_downlevel.obj
 0001:000030b0       ??_C@_1M@CGFMKEEK@?$AAe?$AAs?$AA?9?$AAP?$AAR?$AA?$AA@ 100040b0     libucrt:lcidtoname_downlevel.obj
 0001:000030bc       ??_C@_1O@ICJHKIIK@?$AAz?$AAh?$AA?9?$AAC?$AAH?$AAT?$AA?$AA@ 100040bc     libucrt:lcidtoname_downlevel.obj
 0001:000030cc       ??_C@_15CLNEJCE@?$AAs?$AAr?$AA?$AA@ 100040cc     libucrt:lcidtoname_downlevel.obj
 0001:000037f8       ??_C@_1M@KAHEKEIG@?$AAa?$AAf?$AA?9?$AAz?$AAa?$AA?$AA@ 100047f8     libucrt:lcidtoname_downlevel.obj
 0001:00003804       ??_C@_1M@GIECOABL@?$AAa?$AAr?$AA?9?$AAa?$AAe?$AA?$AA@ 10004804     libucrt:lcidtoname_downlevel.obj
 0001:00003810       ??_C@_1M@BMLMEKGI@?$AAa?$AAr?$AA?9?$AAb?$AAh?$AA?$AA@ 10004810     libucrt:lcidtoname_downlevel.obj
 0001:0000381c       ??_C@_1M@DAPFDGGB@?$AAa?$AAr?$AA?9?$AAd?$AAz?$AA?$AA@ 1000481c     libucrt:lcidtoname_downlevel.obj
 0001:00003828       ??_C@_1M@FJNKGKIG@?$AAa?$AAr?$AA?9?$AAe?$AAg?$AA?$AA@ 10004828     libucrt:lcidtoname_downlevel.obj
 0001:00003834       ??_C@_1M@FLGKKCLO@?$AAa?$AAr?$AA?9?$AAi?$AAq?$AA?$AA@ 10004834     libucrt:lcidtoname_downlevel.obj
 0001:00003840       ??_C@_1M@GNDIPALM@?$AAa?$AAr?$AA?9?$AAj?$AAo?$AA?$AA@ 10004840     libucrt:lcidtoname_downlevel.obj
 0001:0000384c       ??_C@_1M@DDMJFMGJ@?$AAa?$AAr?$AA?9?$AAk?$AAw?$AA?$AA@ 1000484c     libucrt:lcidtoname_downlevel.obj
 0001:00003858       ??_C@_1M@EJALMLHM@?$AAa?$AAr?$AA?9?$AAl?$AAb?$AA?$AA@ 10004858     libucrt:lcidtoname_downlevel.obj
 0001:00003864       ??_C@_1M@MOBDBLOC@?$AAa?$AAr?$AA?9?$AAl?$AAy?$AA?$AA@ 10004864     libucrt:lcidtoname_downlevel.obj
 0001:00003870       ??_C@_1M@JAOCLHDH@?$AAa?$AAr?$AA?9?$AAm?$AAa?$AA?$AA@ 10004870     libucrt:lcidtoname_downlevel.obj
 0001:0000387c       ??_C@_1M@JHPMKJIE@?$AAa?$AAr?$AA?9?$AAo?$AAm?$AA?$AA@ 1000487c     libucrt:lcidtoname_downlevel.obj
 0001:00003888       ??_C@_1M@OEPGHFNH@?$AAa?$AAr?$AA?9?$AAq?$AAa?$AA?$AA@ 10004888     libucrt:lcidtoname_downlevel.obj
 0001:00003894       ??_C@_1M@KJDONENM@?$AAa?$AAr?$AA?9?$AAs?$AAa?$AA?$AA@ 10004894     libucrt:lcidtoname_downlevel.obj
 0001:000038a0       ??_C@_1M@DMJDKLKM@?$AAa?$AAr?$AA?9?$AAs?$AAy?$AA?$AA@ 100048a0     libucrt:lcidtoname_downlevel.obj
 0001:000038ac       ??_C@_1M@OMFIPEDC@?$AAa?$AAr?$AA?9?$AAt?$AAn?$AA?$AA@ 100048ac     libucrt:lcidtoname_downlevel.obj
 0001:000038b8       ??_C@_1M@IHMHGAON@?$AAa?$AAr?$AA?9?$AAy?$AAe?$AA?$AA@ 100048b8     libucrt:lcidtoname_downlevel.obj
 0001:000038c4       ??_C@_1BG@KDCPGJGB@?$AAa?$AAz?$AA?9?$AAa?$AAz?$AA?9?$AAc?$AAy?$AAr?$AAl?$AA?$AA@ 100048c4     libucrt:lcidtoname_downlevel.obj
 0001:000038dc       ??_C@_1BG@IBCKDDOE@?$AAa?$AAz?$AA?9?$AAa?$AAz?$AA?9?$AAl?$AAa?$AAt?$AAn?$AA?$AA@ 100048dc     libucrt:lcidtoname_downlevel.obj
 0001:000038f4       ??_C@_1M@EGPFDCPD@?$AAb?$AAe?$AA?9?$AAb?$AAy?$AA?$AA@ 100048f4     libucrt:lcidtoname_downlevel.obj
 0001:00003900       ??_C@_1M@PCMGMCGC@?$AAb?$AAg?$AA?9?$AAb?$AAg?$AA?$AA@ 10004900     libucrt:lcidtoname_downlevel.obj
 0001:0000390c       ??_C@_1M@BJBMFGOB@?$AAb?$AAn?$AA?9?$AAi?$AAn?$AA?$AA@ 1000490c     libucrt:lcidtoname_downlevel.obj
 0001:00003918       ??_C@_1BG@EAKMMACD@?$AAb?$AAs?$AA?9?$AAb?$AAa?$AA?9?$AAl?$AAa?$AAt?$AAn?$AA?$AA@ 10004918     libucrt:lcidtoname_downlevel.obj
 0001:00003930       ??_C@_1M@KGADAODK@?$AAc?$AAa?$AA?9?$AAe?$AAs?$AA?$AA@ 10004930     libucrt:lcidtoname_downlevel.obj
 0001:0000393c       ??_C@_1M@COAJPDHI@?$AAc?$AAs?$AA?9?$AAc?$AAz?$AA?$AA@ 1000493c     libucrt:lcidtoname_downlevel.obj
 0001:00003948       ??_C@_1M@DHBHFONH@?$AAc?$AAy?$AA?9?$AAg?$AAb?$AA?$AA@ 10004948     libucrt:lcidtoname_downlevel.obj
 0001:00003954       ??_C@_1M@IMGKELGA@?$AAd?$AAa?$AA?9?$AAd?$AAk?$AA?$AA@ 10004954     libucrt:lcidtoname_downlevel.obj
 0001:00003960       ??_C@_1M@NNDGDNGA@?$AAd?$AAe?$AA?9?$AAa?$AAt?$AA?$AA@ 10004960     libucrt:lcidtoname_downlevel.obj
 0001:0000396c       ??_C@_1M@IKDBHEEM@?$AAd?$AAe?$AA?9?$AAc?$AAh?$AA?$AA@ 1000496c     libucrt:lcidtoname_downlevel.obj
 0001:00003978       ??_C@_1M@GFFOJMCJ@?$AAd?$AAe?$AA?9?$AAd?$AAe?$AA?$AA@ 10004978     libucrt:lcidtoname_downlevel.obj
 0001:00003984       ??_C@_1M@MDNLKBPM@?$AAd?$AAe?$AA?9?$AAl?$AAi?$AA?$AA@ 10004984     libucrt:lcidtoname_downlevel.obj
 0001:00003990       ??_C@_1M@NJBEEJNL@?$AAd?$AAe?$AA?9?$AAl?$AAu?$AA?$AA@ 10004990     libucrt:lcidtoname_downlevel.obj
 0001:0000399c       ??_C@_1O@GNNELBAP@?$AAd?$AAi?$AAv?$AA?9?$AAm?$AAv?$AA?$AA@ 1000499c     libucrt:lcidtoname_downlevel.obj
 0001:000039ac       ??_C@_1M@EJLEOGAE@?$AAe?$AAl?$AA?9?$AAg?$AAr?$AA?$AA@ 100049ac     libucrt:lcidtoname_downlevel.obj
 0001:000039b8       ??_C@_1M@GMPONJN@?$AAe?$AAn?$AA?9?$AAa?$AAu?$AA?$AA@ 100049b8     libucrt:lcidtoname_downlevel.obj
 0001:000039c4       ??_C@_1M@NIDIIPGF@?$AAe?$AAn?$AA?9?$AAb?$AAz?$AA?$AA@ 100049c4     libucrt:lcidtoname_downlevel.obj
 0001:000039d0       ??_C@_1M@JEHMIMFO@?$AAe?$AAn?$AA?9?$AAc?$AAa?$AA?$AA@ 100049d0     libucrt:lcidtoname_downlevel.obj
 0001:000039dc       ??_C@_1M@IGMJCDLA@?$AAe?$AAn?$AA?9?$AAc?$AAb?$AA?$AA@ 100049dc     libucrt:lcidtoname_downlevel.obj
 0001:000039e8       ??_C@_1M@BNFIGBKG@?$AAe?$AAn?$AA?9?$AAg?$AAb?$AA?$AA@ 100049e8     libucrt:lcidtoname_downlevel.obj
 0001:000039f4       ??_C@_1M@LKIFDIGP@?$AAe?$AAn?$AA?9?$AAi?$AAe?$AA?$AA@ 100049f4     libucrt:lcidtoname_downlevel.obj
 0001:00003a00       ??_C@_1M@PJKFGCCO@?$AAe?$AAn?$AA?9?$AAj?$AAm?$AA?$AA@ 10004a00     libucrt:lcidtoname_downlevel.obj
 0001:00003a0c       ??_C@_1M@KPPKEPBO@?$AAe?$AAn?$AA?9?$AAn?$AAz?$AA?$AA@ 10004a0c     libucrt:lcidtoname_downlevel.obj
 0001:00003a18       ??_C@_1M@GMDGLDOB@?$AAe?$AAn?$AA?9?$AAp?$AAh?$AA?$AA@ 10004a18     libucrt:lcidtoname_downlevel.obj
 0001:00003a24       ??_C@_1M@ONGIBJNA@?$AAe?$AAn?$AA?9?$AAt?$AAt?$AA?$AA@ 10004a24     libucrt:lcidtoname_downlevel.obj
 0001:00003a30       ??_C@_1M@LLODPCMM@?$AAe?$AAn?$AA?9?$AAu?$AAs?$AA?$AA@ 10004a30     libucrt:lcidtoname_downlevel.obj
 0001:00003a3c       ??_C@_1M@LAKFNPAN@?$AAe?$AAn?$AA?9?$AAz?$AAa?$AA?$AA@ 10004a3c     libucrt:lcidtoname_downlevel.obj
 0001:00003a48       ??_C@_1M@MFNHNHEO@?$AAe?$AAn?$AA?9?$AAz?$AAw?$AA?$AA@ 10004a48     libucrt:lcidtoname_downlevel.obj
 0001:00003a54       ??_C@_1M@EJEINPHM@?$AAe?$AAs?$AA?9?$AAa?$AAr?$AA?$AA@ 10004a54     libucrt:lcidtoname_downlevel.obj
 0001:00003a60       ??_C@_1M@GNKPCCJA@?$AAe?$AAs?$AA?9?$AAb?$AAo?$AA?$AA@ 10004a60     libucrt:lcidtoname_downlevel.obj
 0001:00003a6c       ??_C@_1M@LEEGFONL@?$AAe?$AAs?$AA?9?$AAc?$AAl?$AA?$AA@ 10004a6c     libucrt:lcidtoname_downlevel.obj
 0001:00003a78       ??_C@_1M@KGPDPBDF@?$AAe?$AAs?$AA?9?$AAc?$AAo?$AA?$AA@ 10004a78     libucrt:lcidtoname_downlevel.obj
 0001:00003a84       ??_C@_1M@EIAHOHH@?$AAe?$AAs?$AA?9?$AAc?$AAr?$AA?$AA@ 10004a84     libucrt:lcidtoname_downlevel.obj
 0001:00003a90       ??_C@_1M@LLPGMBIN@?$AAe?$AAs?$AA?9?$AAd?$AAo?$AA?$AA@ 10004a90     libucrt:lcidtoname_downlevel.obj
 0001:00003a9c       ??_C@_1M@DKHMKNJA@?$AAe?$AAs?$AA?9?$AAe?$AAc?$AA?$AA@ 10004a9c     libucrt:lcidtoname_downlevel.obj
 0001:00003aa8       ??_C@_1M@GKGFPKAP@?$AAe?$AAs?$AA?9?$AAe?$AAs?$AA?$AA@ 10004aa8     libucrt:lcidtoname_downlevel.obj
 0001:00003ab4       ??_C@_1M@LKHKGDLN@?$AAe?$AAs?$AA?9?$AAg?$AAt?$AA?$AA@ 10004ab4     libucrt:lcidtoname_downlevel.obj
 0001:00003ac0       ??_C@_1M@HEIIGGJD@?$AAe?$AAs?$AA?9?$AAh?$AAn?$AA?$AA@ 10004ac0     libucrt:lcidtoname_downlevel.obj
 0001:00003acc       ??_C@_1M@FBDHPPGD@?$AAe?$AAs?$AA?9?$AAm?$AAx?$AA?$AA@ 10004acc     libucrt:lcidtoname_downlevel.obj
 0001:00003ad8       ??_C@_1M@DPAGLNDH@?$AAe?$AAs?$AA?9?$AAn?$AAi?$AA?$AA@ 10004ad8     libucrt:lcidtoname_downlevel.obj
 0001:00003ae4       ??_C@_1M@MDGOPGDD@?$AAe?$AAs?$AA?9?$AAp?$AAa?$AA?$AA@ 10004ae4     libucrt:lcidtoname_downlevel.obj
 0001:00003af0       ??_C@_1M@EMAMGBGE@?$AAe?$AAs?$AA?9?$AAp?$AAe?$AA?$AA@ 10004af0     libucrt:lcidtoname_downlevel.obj
 0001:00003afc       ??_C@_1M@IBMCAOEC@?$AAe?$AAs?$AA?9?$AAp?$AAr?$AA?$AA@ 10004afc     libucrt:lcidtoname_downlevel.obj
 0001:00003b08       ??_C@_1M@FGMDIJED@?$AAe?$AAs?$AA?9?$AAp?$AAy?$AA?$AA@ 10004b08     libucrt:lcidtoname_downlevel.obj
 0001:00003b14       ??_C@_1M@IIDEOLLL@?$AAe?$AAs?$AA?9?$AAs?$AAv?$AA?$AA@ 10004b14     libucrt:lcidtoname_downlevel.obj
 0001:00003b20       ??_C@_1M@GAOBIPA@?$AAe?$AAs?$AA?9?$AAu?$AAy?$AA?$AA@ 10004b20     libucrt:lcidtoname_downlevel.obj
 0001:00003b2c       ??_C@_1M@JKFFICHJ@?$AAe?$AAs?$AA?9?$AAv?$AAe?$AA?$AA@ 10004b2c     libucrt:lcidtoname_downlevel.obj
 0001:00003b38       ??_C@_1M@PNMLOJDF@?$AAe?$AAt?$AA?9?$AAe?$AAe?$AA?$AA@ 10004b38     libucrt:lcidtoname_downlevel.obj
 0001:00003b44       ??_C@_1M@GHHLIKEI@?$AAe?$AAu?$AA?9?$AAe?$AAs?$AA?$AA@ 10004b44     libucrt:lcidtoname_downlevel.obj
 0001:00003b50       ??_C@_1M@PBNONODE@?$AAf?$AAa?$AA?9?$AAi?$AAr?$AA?$AA@ 10004b50     libucrt:lcidtoname_downlevel.obj
 0001:00003b5c       ??_C@_1M@JEEHPMIL@?$AAf?$AAi?$AA?9?$AAf?$AAi?$AA?$AA@ 10004b5c     libucrt:lcidtoname_downlevel.obj
 0001:00003b68       ??_C@_1M@LMDCNDBA@?$AAf?$AAo?$AA?9?$AAf?$AAo?$AA?$AA@ 10004b68     libucrt:lcidtoname_downlevel.obj
 0001:00003b74       ??_C@_1M@JKEOHLDK@?$AAf?$AAr?$AA?9?$AAb?$AAe?$AA?$AA@ 10004b74     libucrt:lcidtoname_downlevel.obj
 0001:00003b80       ??_C@_1M@NOHADPMI@?$AAf?$AAr?$AA?9?$AAc?$AAa?$AA?$AA@ 10004b80     libucrt:lcidtoname_downlevel.obj
 0001:00003b8c       ??_C@_1M@KDHIHAEC@?$AAf?$AAr?$AA?9?$AAc?$AAh?$AA?$AA@ 10004b8c     libucrt:lcidtoname_downlevel.obj
 0001:00003b98       ??_C@_1M@MMBBFGAK@?$AAf?$AAr?$AA?9?$AAf?$AAr?$AA?$AA@ 10004b98     libucrt:lcidtoname_downlevel.obj
 0001:00003ba4       ??_C@_1M@PAFNENNF@?$AAf?$AAr?$AA?9?$AAl?$AAu?$AA?$AA@ 10004ba4     libucrt:lcidtoname_downlevel.obj
 0001:00003bb0       ??_C@_1M@EOHDJGDD@?$AAf?$AAr?$AA?9?$AAm?$AAc?$AA?$AA@ 10004bb0     libucrt:lcidtoname_downlevel.obj
 0001:00003bbc       ??_C@_1M@FAPLLOPF@?$AAg?$AAl?$AA?9?$AAe?$AAs?$AA?$AA@ 10004bbc     libucrt:lcidtoname_downlevel.obj
 0001:00003bc8       ??_C@_1M@FOPBFLOO@?$AAg?$AAu?$AA?9?$AAi?$AAn?$AA?$AA@ 10004bc8     libucrt:lcidtoname_downlevel.obj
 0001:00003bd4       ??_C@_1M@KBMCINPM@?$AAh?$AAe?$AA?9?$AAi?$AAl?$AA?$AA@ 10004bd4     libucrt:lcidtoname_downlevel.obj
 0001:00003be0       ??_C@_1M@BBPHKFPJ@?$AAh?$AAi?$AA?9?$AAi?$AAn?$AA?$AA@ 10004be0     libucrt:lcidtoname_downlevel.obj
 0001:00003bec       ??_C@_1M@PMBNDPHD@?$AAh?$AAr?$AA?9?$AAb?$AAa?$AA?$AA@ 10004bec     libucrt:lcidtoname_downlevel.obj
 0001:00003bf8       ??_C@_1M@BPCKOEGE@?$AAh?$AAr?$AA?9?$AAh?$AAr?$AA?$AA@ 10004bf8     libucrt:lcidtoname_downlevel.obj
 0001:00003c04       ??_C@_1M@GACBMHKE@?$AAh?$AAu?$AA?9?$AAh?$AAu?$AA?$AA@ 10004c04     libucrt:lcidtoname_downlevel.obj
 0001:00003c10       ??_C@_1M@MILPAJJC@?$AAh?$AAy?$AA?9?$AAa?$AAm?$AA?$AA@ 10004c10     libucrt:lcidtoname_downlevel.obj
 0001:00003c1c       ??_C@_1M@BABBICEC@?$AAi?$AAd?$AA?9?$AAi?$AAd?$AA?$AA@ 10004c1c     libucrt:lcidtoname_downlevel.obj
 0001:00003c28       ??_C@_1M@BIKNHHPF@?$AAi?$AAs?$AA?9?$AAi?$AAs?$AA?$AA@ 10004c28     libucrt:lcidtoname_downlevel.obj
 0001:00003c34       ??_C@_1M@NMPCJPHE@?$AAi?$AAt?$AA?9?$AAc?$AAh?$AA?$AA@ 10004c34     libucrt:lcidtoname_downlevel.obj
 0001:00003c40       ??_C@_1M@GHKGFEDF@?$AAi?$AAt?$AA?9?$AAi?$AAt?$AA?$AA@ 10004c40     libucrt:lcidtoname_downlevel.obj
 0001:00003c4c       ??_C@_1M@NIEJCJJA@?$AAj?$AAa?$AA?9?$AAj?$AAp?$AA?$AA@ 10004c4c     libucrt:lcidtoname_downlevel.obj
 0001:00003c58       ??_C@_1M@JILFNBIM@?$AAk?$AAa?$AA?9?$AAg?$AAe?$AA?$AA@ 10004c58     libucrt:lcidtoname_downlevel.obj
 0001:00003c64       ??_C@_1M@PACPMGPH@?$AAk?$AAk?$AA?9?$AAk?$AAz?$AA?$AA@ 10004c64     libucrt:lcidtoname_downlevel.obj
 0001:00003c70       ??_C@_1M@IELFGMHA@?$AAk?$AAn?$AA?9?$AAi?$AAn?$AA?$AA@ 10004c70     libucrt:lcidtoname_downlevel.obj
 0001:00003c7c       ??_C@_1O@IBBJHCH@?$AAk?$AAo?$AAk?$AA?9?$AAi?$AAn?$AA?$AA@ 10004c7c     libucrt:lcidtoname_downlevel.obj
 0001:00003c8c       ??_C@_1M@DMHAEOGC@?$AAk?$AAo?$AA?9?$AAk?$AAr?$AA?$AA@ 10004c8c     libucrt:lcidtoname_downlevel.obj
 0001:00003c98       ??_C@_1M@HBAHBIGA@?$AAk?$AAy?$AA?9?$AAk?$AAg?$AA?$AA@ 10004c98     libucrt:lcidtoname_downlevel.obj
 0001:00003ca4       ??_C@_1M@KPMILCJG@?$AAl?$AAt?$AA?9?$AAl?$AAt?$AA?$AA@ 10004ca4     libucrt:lcidtoname_downlevel.obj
 0001:00003cb0       ??_C@_1M@BDEKKCA@?$AAl?$AAv?$AA?9?$AAl?$AAv?$AA?$AA@ 10004cb0     libucrt:lcidtoname_downlevel.obj
 0001:00003cbc       ??_C@_1M@ELCKCCJJ@?$AAm?$AAi?$AA?9?$AAn?$AAz?$AA?$AA@ 10004cbc     libucrt:lcidtoname_downlevel.obj
 0001:00003cc8       ??_C@_1M@CBOOLAPA@?$AAm?$AAk?$AA?9?$AAm?$AAk?$AA?$AA@ 10004cc8     libucrt:lcidtoname_downlevel.obj
 0001:00003cd4       ??_C@_1M@GPHNBJKN@?$AAm?$AAl?$AA?9?$AAi?$AAn?$AA?$AA@ 10004cd4     libucrt:lcidtoname_downlevel.obj
 0001:00003ce0       ??_C@_1M@PABJILIG@?$AAm?$AAn?$AA?9?$AAm?$AAn?$AA?$AA@ 10004ce0     libucrt:lcidtoname_downlevel.obj
 0001:00003cec       ??_C@_1M@FGBKKIPG@?$AAm?$AAr?$AA?9?$AAi?$AAn?$AA?$AA@ 10004cec     libucrt:lcidtoname_downlevel.obj
 0001:00003cf8       ??_C@_1M@NDBPDDAL@?$AAm?$AAs?$AA?9?$AAb?$AAn?$AA?$AA@ 10004cf8     libucrt:lcidtoname_downlevel.obj
 0001:00003d04       ??_C@_1M@OPIHOOPI@?$AAm?$AAs?$AA?9?$AAm?$AAy?$AA?$AA@ 10004d04     libucrt:lcidtoname_downlevel.obj
 0001:00003d10       ??_C@_1M@PPDBCNFM@?$AAm?$AAt?$AA?9?$AAm?$AAt?$AA?$AA@ 10004d10     libucrt:lcidtoname_downlevel.obj
 0001:00003d1c       ??_C@_1M@KDJDKMDD@?$AAn?$AAb?$AA?9?$AAn?$AAo?$AA?$AA@ 10004d1c     libucrt:lcidtoname_downlevel.obj
 0001:00003d28       ??_C@_1M@KFCFLMJP@?$AAn?$AAl?$AA?9?$AAb?$AAe?$AA?$AA@ 10004d28     libucrt:lcidtoname_downlevel.obj
 0001:00003d34       ??_C@_1M@KPOPDDGO@?$AAn?$AAl?$AA?9?$AAn?$AAl?$AA?$AA@ 10004d34     libucrt:lcidtoname_downlevel.obj
 0001:00003d40       ??_C@_1M@LJKPEMLN@?$AAn?$AAn?$AA?9?$AAn?$AAo?$AA?$AA@ 10004d40     libucrt:lcidtoname_downlevel.obj
 0001:00003d4c       ??_C@_1M@BDGHHBFL@?$AAn?$AAs?$AA?9?$AAz?$AAa?$AA?$AA@ 10004d4c     libucrt:lcidtoname_downlevel.obj
 0001:00003d58       ??_C@_1M@IDEHOAP@?$AAp?$AAa?$AA?9?$AAi?$AAn?$AA?$AA@ 10004d58     libucrt:lcidtoname_downlevel.obj
 0001:00003d64       ??_C@_1M@HDBKGOGH@?$AAp?$AAl?$AA?9?$AAp?$AAl?$AA?$AA@ 10004d64     libucrt:lcidtoname_downlevel.obj
 0001:00003d70       ??_C@_1M@LJLLCMEH@?$AAp?$AAt?$AA?9?$AAb?$AAr?$AA?$AA@ 10004d70     libucrt:lcidtoname_downlevel.obj
 0001:00003d7c       ??_C@_1M@NCMONAAL@?$AAp?$AAt?$AA?9?$AAp?$AAt?$AA?$AA@ 10004d7c     libucrt:lcidtoname_downlevel.obj
 0001:00003d88       ??_C@_1O@EAKMAJDN@?$AAq?$AAu?$AAz?$AA?9?$AAb?$AAo?$AA?$AA@ 10004d88     libucrt:lcidtoname_downlevel.obj
 0001:00003d98       ??_C@_1O@BHHPIGDN@?$AAq?$AAu?$AAz?$AA?9?$AAe?$AAc?$AA?$AA@ 10004d98     libucrt:lcidtoname_downlevel.obj
 0001:00003da8       ??_C@_1O@GBAPEKMJ@?$AAq?$AAu?$AAz?$AA?9?$AAp?$AAe?$AA?$AA@ 10004da8     libucrt:lcidtoname_downlevel.obj
 0001:00003db8       ??_C@_1M@CLGLEFBO@?$AAr?$AAo?$AA?9?$AAr?$AAo?$AA?$AA@ 10004db8     libucrt:lcidtoname_downlevel.obj
 0001:00003dc4       ??_C@_1M@CEEDODME@?$AAr?$AAu?$AA?9?$AAr?$AAu?$AA?$AA@ 10004dc4     libucrt:lcidtoname_downlevel.obj
 0001:00003dd0       ??_C@_1M@HPKKKMPP@?$AAs?$AAa?$AA?9?$AAi?$AAn?$AA?$AA@ 10004dd0     libucrt:lcidtoname_downlevel.obj
 0001:00003ddc       ??_C@_1M@BKMAIGOJ@?$AAs?$AAe?$AA?9?$AAf?$AAi?$AA?$AA@ 10004ddc     libucrt:lcidtoname_downlevel.obj
 0001:00003de8       ??_C@_1M@NDPIFLFI@?$AAs?$AAe?$AA?9?$AAn?$AAo?$AA?$AA@ 10004de8     libucrt:lcidtoname_downlevel.obj
 0001:00003df4       ??_C@_1M@DANKKHJ@?$AAs?$AAe?$AA?9?$AAs?$AAe?$AA?$AA@ 10004df4     libucrt:lcidtoname_downlevel.obj
 0001:00003e00       ??_C@_1M@PNBLONPJ@?$AAs?$AAk?$AA?9?$AAs?$AAk?$AA?$AA@ 10004e00     libucrt:lcidtoname_downlevel.obj
 0001:00003e0c       ??_C@_1M@LFMODOAL@?$AAs?$AAl?$AA?9?$AAs?$AAi?$AA?$AA@ 10004e0c     libucrt:lcidtoname_downlevel.obj
 0001:00003e18       ??_C@_1O@DFKOMPG@?$AAs?$AAm?$AAa?$AA?9?$AAn?$AAo?$AA?$AA@ 10004e18     libucrt:lcidtoname_downlevel.obj
 0001:00003e28       ??_C@_1O@NDKPBNNH@?$AAs?$AAm?$AAa?$AA?9?$AAs?$AAe?$AA?$AA@ 10004e28     libucrt:lcidtoname_downlevel.obj
 0001:00003e38       ??_C@_1O@PLLKBHAB@?$AAs?$AAm?$AAj?$AA?9?$AAn?$AAo?$AA?$AA@ 10004e38     libucrt:lcidtoname_downlevel.obj
 0001:00003e48       ??_C@_1O@CLEPOGCA@?$AAs?$AAm?$AAj?$AA?9?$AAs?$AAe?$AA?$AA@ 10004e48     libucrt:lcidtoname_downlevel.obj
 0001:00003e58       ??_C@_1O@DLGJGKMK@?$AAs?$AAm?$AAn?$AA?9?$AAf?$AAi?$AA?$AA@ 10004e58     libucrt:lcidtoname_downlevel.obj
 0001:00003e68       ??_C@_1O@OJDJGAJC@?$AAs?$AAm?$AAs?$AA?9?$AAf?$AAi?$AA?$AA@ 10004e68     libucrt:lcidtoname_downlevel.obj
 0001:00003e78       ??_C@_1M@BOFOGHPB@?$AAs?$AAq?$AA?9?$AAa?$AAl?$AA?$AA@ 10004e78     libucrt:lcidtoname_downlevel.obj
 0001:00003e84       ??_C@_1BG@LJBBIPGB@?$AAs?$AAr?$AA?9?$AAb?$AAa?$AA?9?$AAc?$AAy?$AAr?$AAl?$AA?$AA@ 10004e84     libucrt:lcidtoname_downlevel.obj
 0001:00003e9c       ??_C@_1BG@JLBENFOE@?$AAs?$AAr?$AA?9?$AAb?$AAa?$AA?9?$AAl?$AAa?$AAt?$AAn?$AA?$AA@ 10004e9c     libucrt:lcidtoname_downlevel.obj
 0001:00003eb4       ??_C@_1BG@KODPNHE@?$AAs?$AAr?$AA?9?$AAs?$AAp?$AA?9?$AAc?$AAy?$AAr?$AAl?$AA?$AA@ 10004eb4     libucrt:lcidtoname_downlevel.obj
 0001:00003ecc       ??_C@_1BG@CIOGKHPB@?$AAs?$AAr?$AA?9?$AAs?$AAp?$AA?9?$AAl?$AAa?$AAt?$AAn?$AA?$AA@ 10004ecc     libucrt:lcidtoname_downlevel.obj
 0001:00003ee4       ??_C@_1M@NGFJLMAC@?$AAs?$AAv?$AA?9?$AAf?$AAi?$AA?$AA@ 10004ee4     libucrt:lcidtoname_downlevel.obj
 0001:00003ef0       ??_C@_1M@MPJEJAJC@?$AAs?$AAv?$AA?9?$AAs?$AAe?$AA?$AA@ 10004ef0     libucrt:lcidtoname_downlevel.obj
 0001:00003efc       ??_C@_1M@MPNDHLFK@?$AAs?$AAw?$AA?9?$AAk?$AAe?$AA?$AA@ 10004efc     libucrt:lcidtoname_downlevel.obj
 0001:00003f08       ??_C@_1O@KOHBJJI@?$AAs?$AAy?$AAr?$AA?9?$AAs?$AAy?$AA?$AA@ 10004f08     libucrt:lcidtoname_downlevel.obj
 0001:00003f18       ??_C@_1M@LDCEFHA@?$AAt?$AAa?$AA?9?$AAi?$AAn?$AA?$AA@ 10004f18     libucrt:lcidtoname_downlevel.obj
 0001:00003f24       ??_C@_1M@CNJOFAK@?$AAt?$AAe?$AA?9?$AAi?$AAn?$AA?$AA@ 10004f24     libucrt:lcidtoname_downlevel.obj
 0001:00003f30       ??_C@_1M@GNAECACD@?$AAt?$AAh?$AA?9?$AAt?$AAh?$AA?$AA@ 10004f30     libucrt:lcidtoname_downlevel.obj
 0001:00003f3c       ??_C@_1M@CHBIHOJO@?$AAt?$AAn?$AA?9?$AAz?$AAa?$AA?$AA@ 10004f3c     libucrt:lcidtoname_downlevel.obj
 0001:00003f48       ??_C@_1M@GCCMIGPJ@?$AAt?$AAr?$AA?9?$AAt?$AAr?$AA?$AA@ 10004f48     libucrt:lcidtoname_downlevel.obj
 0001:00003f54       ??_C@_1M@CELMCNBK@?$AAt?$AAt?$AA?9?$AAr?$AAu?$AA?$AA@ 10004f54     libucrt:lcidtoname_downlevel.obj
[...]
 0001:0000f3a5       ?write_double_translated_ansi_nolock@@YA?AUwrite_result@?A0x17268360@@HQBDI@Z 100103a5 f   libucrt:write.obj
 0001:0000f569       ?write_double_translated_unicode_nolock@@YA?AUwrite_result@?A0x17268360@@QBDI@Z 10010569 f   libucrt:write.obj
 0001:0000f5d6       ?write_requires_double_translation_nolock@@YA_NH@Z 100105d6 f   libucrt:write.obj
 0001:0000f64c       ?write_text_ansi_nolock@@YA?AUwrite_result@?A0x17268360@@HQBDI@Z 1001064c f   libucrt:write.obj
 0001:0000f72b       ?write_text_utf16le_nolock@@YA?AUwrite_result@?A0x17268360@@HQBDI@Z 1001072b f   libucrt:write.obj
 0001:0000f819       ?write_text_utf8_nolock@@YA?AUwrite_result@?A0x17268360@@HQBDI@Z 10010819 f   libucrt:write.obj
 0001:0000ff33       ?free_crt_array_internal@@YAXQAPBXI@Z 10010f33 f   libucrt:inittime.obj
 0001:00010071       ??$common_lseek_nolock@_J@@YA_JH_JH@Z 10011071 f   libucrt:lseek.obj
 0001:00010230       $$000000                   10011230     libucrt:log10_impl.obj
 0001:00010340       $$000000                   10011340     libucrt:ceil_pentium4.obj
 0001:00010460       $$000000                   10011460     libucrt:_strnicm.obj
 0001:000104c1       ?__dcrt_lowio_initialize_console_output@@YAXXZ 100114c1 f   libucrt:initcon.obj
 0001:0001056b       ??$?RV<lambda_218ce3db14220d0be481dae8ef3383b6>@@AAV<lambda_628dfdc04ba53c8bfc02c9951375f3f5>@@V<lambda_57dc472bd5c9d5f3b2cbca59b8a843ae>@@@?$__crt_seh_guarded_call@H@@QAEH$$QAV<lambda_218ce3db14220d0be481dae8ef3383b6>@@AAV<lambda_628dfdc04ba53c8bfc02c9951375f3f5>@@$$QAV<lambda_57dc472bd5c9d5f3b2cbca59b8a843ae>@@@Z 1001156b f   libucrt:close.obj
 0001:00010770       $$000000                   10011770     libucrt:log10_pentium4.obj
 0001:00010a00       $$000000                   10011a00     libucrt:87tran.obj
 0001:00010c00       $$000000                   10011c00     libucrt:87disp.obj
 0001:00010e00       $$000000                   10011e00     libucrt:common.obj
 0001:00010f90       $$000000                   10011f90     libucrt:genexcep.obj
 0001:00012050       $$000000                   10013050     LIBCMT:ulldvrm.obj
 0001:000120f0       $$000000                   100130f0     LIBCMT:_sehprolg4gs_.obj
 0001:00012150       $$000000                   10013150     LIBCMT:llmul.obj
 0001:00012190       $$000000                   10013190     LIBCMT:lldvrm.obj
 0001:00012270       $$000000                   10013270     LIBCMT:ullshr.obj
 0001:00012290       $$000000                   10013290     LIBCMT:alloca16.obj
 0001:000122c0       $$000000                   100132c0     LIBCMT:llshl.obj
 0001:000122e0       $$000000                   100132e0     LIBCMT:_ftol2_.obj
 0001:000123a0       $$000000                   100133a0     libvcruntime:strchr.obj
 0001:000124d0       $$000000                   100134d0     libvcruntime:strrchr.obj
 0001:00012610       ??__FDeleter@?1??InitializeSListHead@implementation@slist@@YGXPAT_SLIST_HEADER@@@Z@YAXXZ 10013610 f   vc_crt_fix_impl.obj
 0001:00012650       __sehtable$___scrt_is_nonwritable_in_current_image 10013650     LIBCMT:utility.obj
 0001:00012670       __sehtable$?dllmain_crt_process_attach@@YAHQAUHINSTANCE__@@QAX@Z 10013670     LIBCMT:dll_dllmain.obj
 0001:00012690       __sehtable$?dllmain_crt_process_detach@@YAH_N@Z 10013690     LIBCMT:dll_dllmain.obj
 0001:000126b0       __sehtable$?dllmain_dispatch@@YAHQAUHINSTANCE__@@KQAX@Z 100136b0     LIBCMT:dll_dllmain.obj
 0001:00012760       __sehtable$___DestructExceptionObject 10013760     libvcruntime:ehhelpers.obj
 0001:00012780       __sehtable$__query_new_handler 10013780     libucrt:new_handler.obj
 0001:000127a0       __sehtable$??R<lambda_6e4b09c48022b2350581041d5f6b0c4c>@@QBE@XZ 100137a0     libucrt:exit.obj
 0001:000127c0       __sehtable$??$?RV<lambda_03b1d95aef87969028cfba75ccab2455>@@AAV<lambda_6e4b09c48022b2350581041d5f6b0c4c>@@V<lambda_22bdf7517842c4b3e53723af5aa32b9e>@@@?$__crt_seh_guarded_call@X@@QAEX$$QAV<lambda_03b1d95aef87969028cfba75ccab2455>@@AAV<lambda_6e4b09c48022b2350581041d5f6b0c4c>@@$$QAV<lambda_22bdf7517842c4b3e53723af5aa32b9e>@@@Z 100137c0     libucrt:exit.obj
 0001:000127e0       __sehtable$??$?RV<lambda_7ac4055421038abea736e08bd20712a4>@@AAV<lambda_a10e4b102d4a2c3aac6f4f48bbdf488f>@@V<lambda_1da61822885009acd1bf848af4f9644b>@@@?$__crt_seh_guarded_call@H@@QAEH$$QAV<lambda_7ac4055421038abea736e08bd20712a4>@@AAV<lambda_a10e4b102d4a2c3aac6f4f48bbdf488f>@@$$QAV<lambda_1da61822885009acd1bf848af4f9644b>@@@Z 100137e0     libucrt:onexit.obj
 0001:00012800       __sehtable$??$?RV<lambda_69a2805e680e0e292e8ba93315fe43a8>@@AAV<lambda_f03950bc5685219e0bcd2087efbe011e>@@V<lambda_03fcd07e894ec930e3f35da366ca99d6>@@@?$__crt_seh_guarded_call@H@@QAEH$$QAV<lambda_69a2805e680e0e292e8ba93315fe43a8>@@AAV<lambda_f03950bc5685219e0bcd2087efbe011e>@@$$QAV<lambda_03fcd07e894ec930e3f35da366ca99d6>@@@Z 10013800     libucrt:onexit.obj
 0001:00012820       __sehtable$_terminate      10013820     libucrt:terminate.obj
 0001:00012840       __sehtable$??$?RV<lambda_15ade71b0218206bbe3333a0c9b79046>@@AAV<lambda_da44e0f8b0f19ba52fefafb335991732>@@V<lambda_207f2d024fc103971653565357d6cd41>@@@?$__crt_seh_guarded_call@X@@QAEX$$QAV<lambda_15ade71b0218206bbe3333a0c9b79046>@@AAV<lambda_da44e0f8b0f19ba52fefafb335991732>@@$$QAV<lambda_207f2d024fc103971653565357d6cd41>@@@Z 10013840     libucrt:per_thread_data.obj
 0001:00012860       __sehtable$??$?RV<lambda_a7e850c220f1c8d1e6efeecdedd162c6>@@AAV<lambda_46720907175c18b6c9d2717bc0d2d362>@@V<lambda_9048902d66e8d99359bc9897bbb930a8>@@@?$__crt_seh_guarded_call@X@@QAEX$$QAV<lambda_a7e850c220f1c8d1e6efeecdedd162c6>@@AAV<lambda_46720907175c18b6c9d2717bc0d2d362>@@$$QAV<lambda_9048902d66e8d99359bc9897bbb930a8>@@@Z 10013860     libucrt:per_thread_data.obj
 0001:00012880       __sehtable$??$?RV<lambda_38edbb1296d33220d7e4dd0ed76b244a>@@AAV<lambda_5ce1d447e08cb34b2473517608e21441>@@V<lambda_fb385d3da700c9147fc39e65dd577a8c>@@@?$__crt_seh_guarded_call@X@@QAEX$$QAV<lambda_38edbb1296d33220d7e4dd0ed76b244a>@@AAV<lambda_5ce1d447e08cb34b2473517608e21441>@@$$QAV<lambda_fb385d3da700c9147fc39e65dd577a8c>@@@Z 10013880     libucrt:per_thread_data.obj
 0001:000128a0       __sehtable$??$?RV<lambda_6affb1475c98b40b75cdec977db92e3c>@@AAV<lambda_b8d4b9c228a6ecc3f80208dbb4b4a104>@@V<lambda_608742c3c92a14382c1684fc64f96c88>@@@?$__crt_seh_guarded_call@X@@QAEX$$QAV<lambda_6affb1475c98b40b75cdec977db92e3c>@@AAV<lambda_b8d4b9c228a6ecc3f80208dbb4b4a104>@@$$QAV<lambda_608742c3c92a14382c1684fc64f96c88>@@@Z 100138a0     libucrt:per_thread_data.obj
 0001:000128c0       __sehtable$?update_thread_multibyte_data_internal@@YAPAU__crt_multibyte_data@@QAU__acrt_ptd@@QAPAU1@@Z 100138c0     libucrt:mbctype.obj
 0001:000128e0       __sehtable$??$?RV<lambda_ceb1ee4838e85a9d631eb091e2fbe199>@@AAV<lambda_ae742caa10f662c28703da3d2ea5e57e>@@V<lambda_cd08b5d6af4937fe54fc07d0c9bf6b37>@@@?$__crt_seh_guarded_call@X@@QAEX$$QAV<lambda_ceb1ee4838e85a9d631eb091e2fbe199>@@AAV<lambda_ae742caa10f662c28703da3d2ea5e57e>@@$$QAV<lambda_cd08b5d6af4937fe54fc07d0c9bf6b37>@@@Z 100138e0     libucrt:mbctype.obj
 0001:00012900       __sehtable$___acrt_initialize_lowio 10013900     libucrt:ioinit.obj
 0001:00012920       __sehtable$_raise          10013920     libucrt:signal.obj
 0001:00012940       __sehtable$??$?RV<lambda_cbab9ec6f41b0180b23cc171c22676b0>@@AAV<lambda_44731a7d0e6d81c3e6aa82d741081786>@@V<lambda_4b292cb8dd18144e164572427af410ab>@@@?$__crt_seh_guarded_call@P6AXH@Z@@QAEP6AXH@Z$$QAV<lambda_cbab9ec6f41b0180b23cc171c22676b0>@@AAV<lambda_44731a7d0e6d81c3e6aa82d741081786>@@$$QAV<lambda_4b292cb8dd18144e164572427af410ab>@@@Z 10013940     libucrt:signal.obj
 0001:00012960       __sehtable$??$?RV<lambda_2866be3712abc81a800a822484c830d8>@@AAV<lambda_39ca0ed439415581b5b15c265174cece>@@V<lambda_2b24c74d71094a6cd0cb82e44167d71b>@@@?$__crt_seh_guarded_call@X@@QAEX$$QAV<lambda_2866be3712abc81a800a822484c830d8>@@AAV<lambda_39ca0ed439415581b5b15c265174cece>@@$$QAV<lambda_2b24c74d71094a6cd0cb82e44167d71b>@@@Z 10013960     libucrt:fflush.obj
 0001:00012980       __sehtable$??$?RV<lambda_2cc53f568c5a2bb6f192f930a45d44ea>@@AAV<lambda_ab61a845afdef5b7c387490eaf3616ee>@@V<lambda_c2ffc0b7726aa6be21d5f0026187e748>@@@?$__crt_seh_guarded_call@X@@QAEX$$QAV<lambda_2cc53f568c5a2bb6f192f930a45d44ea>@@AAV<lambda_ab61a845afdef5b7c387490eaf3616ee>@@$$QAV<lambda_c2ffc0b7726aa6be21d5f0026187e748>@@@Z 10013980     libucrt:fflush.obj
 0001:000129a0       __sehtable$??$?RV<lambda_e5124f882df8998aaf41531e079ba474>@@AAV<lambda_3e16ef9562a7dcce91392c22ab16ea36>@@V<lambda_e25ca0880e6ef98be67edffd8c599615>@@@?$__crt_seh_guarded_call@X@@QAEX$$QAV<lambda_e5124f882df8998aaf41531e079ba474>@@AAV<lambda_3e16ef9562a7dcce91392c22ab16ea36>@@$$QAV<lambda_e25ca0880e6ef98be67edffd8c599615>@@@Z 100139a0     libucrt:wsetlocale.obj
 0001:000129c0       __sehtable$___acrt_update_thread_locale_data 100139c0     libucrt:locale_refcounting.obj
 0001:000129e0       __sehtable$___acrt_lowio_ensure_fh_exists 100139e0     libucrt:osfinfo.obj
 0001:00012a00       __sehtable$??$?RV<lambda_9e9de3de5fa147e2223d7db92bc10aa6>@@AAV<lambda_38ce7e780aa69e748d6df282ebc68efe>@@V<lambda_8ca6da459f0f6780f1cff60fdc3d00e5>@@@?$__crt_seh_guarded_call@H@@QAEH$$QAV<lambda_9e9de3de5fa147e2223d7db92bc10aa6>@@AAV<lambda_38ce7e780aa69e748d6df282ebc68efe>@@$$QAV<lambda_8ca6da459f0f6780f1cff60fdc3d00e5>@@@Z 10013a00     libucrt:commit.obj
 0001:00012a20       __sehtable$__write         10013a20     libucrt:write.obj
 0001:00012a40       __sehtable$__fcloseall     10013a40     libucrt:closeall.obj
 0001:00012a60       __sehtable$_fclose         10013a60     libucrt:fclose.obj
 0001:00012a80       __sehtable$??$?RV<lambda_218ce3db14220d0be481dae8ef3383b6>@@AAV<lambda_628dfdc04ba53c8bfc02c9951375f3f5>@@V<lambda_57dc472bd5c9d5f3b2cbca59b8a843ae>@@@?$__crt_seh_guarded_call@H@@QAEH$$QAV<lambda_218ce3db14220d0be481dae8ef3383b6>@@AAV<lambda_628dfdc04ba53c8bfc02c9951375f3f5>@@$$QAV<lambda_57dc472bd5c9d5f3b2cbca59b8a843ae>@@@Z 10013a80     libucrt:close.obj
 0001:00012aa0       __sehtable$__IsNonwritableInCurrentImage 10013aa0     LIBCMT:pesect.obj
 0001:00012ac0       .edata                     10013ac0     HlfViewer.exp
 0001:00012ae8       rgpv                       10013ae8     HlfViewer.exp
 0001:00012b00       rgszName                   10013b00     HlfViewer.exp
 0001:00012b18       rgwOrd                     10013b18     HlfViewer.exp
 0001:00012b24       szName                     10013b24     HlfViewer.exp
 0001:00012b32       $N00001                    10013b32     HlfViewer.exp
 0001:00012b3d       $N00002                    10013b3d     HlfViewer.exp
 0001:00012b4c       $N00003                    10013b4c     HlfViewer.exp
 0001:00012b5b       $N00004                    10013b5b     HlfViewer.exp
 0001:00012b61       $N00005                    10013b61     HlfViewer.exp
 0001:00012b75       $N00006                    10013b75     HlfViewer.exp
 0002:00000000       ?ei@@3UEditorInfo@@A       10014000     HlfViewer.obj
 0002:0000004c       ?egs@@3UEditorGetString@@A 1001404c     HlfViewer.obj
 0002:00000068       ?esp@@3UEditorSetPosition@@A 10014068     HlfViewer.obj
 0002:00000084       ?_DefKey@@3U_INPUT_RECORD@@A 10014084     HlfViewer.obj
 0002:000000c0       ?__vcrt_flsindex@@3KA      100140c0     libvcruntime:per_thread_data.obj
 0002:000000f0       ?__acrt_flsindex@@3KA      100140f0     libucrt:per_thread_data.obj
 0002:000000f4       ?errno_no_memory@@3HA      100140f4     libucrt:errno.obj
 0002:000000f8       ?doserrno_no_memory@@3KA   100140f8     libucrt:errno.obj
 0002:00000100       __mbctypes                 10014100     libucrt:mbctype.obj
 0002:00000208       __mbcasemaps               10014208     libucrt:mbctype.obj
 0002:00000308       ?__rgctypeflag@@3PADA      10014308     libucrt:mbctype.obj
 0002:00000310       ?__rgcode_page_info@@3PAUcode_page_info@@A 10014310     libucrt:mbctype.obj
 0002:000007f0       ?__dcrt_lowio_console_output_handle@@3PAXA 100147f0     libucrt:initcon.obj
 0002:00000888       ?Opt@@3UOptions@@A         10014888     HlfViewer.obj
 0002:00000b30       ?Info@@3UPluginStartupInfo@@A 10014b30     HlfViewer.obj
 0002:00000bb8       ?FSF@@3UFarStandardFunctions@@A 10014bb8     HlfViewer.obj
 0002:00000c80       ?cmdbuf@?BB@??OpenW@@9@4@4PA_WA 10014c80     HlfViewer.obj
 0002:00001480       ?FileName@?BB@??OpenW@@9@4@4PA_WA 10015480     HlfViewer.obj
 0002:00001688       ?ptrTopic@?BB@??OpenW@@9@4@4PA_WA 10015688     HlfViewer.obj
 0002:0000168c       ?ptrName@?BB@??OpenW@@9@4@4PA_WA 1001568c     HlfViewer.obj
 0002:00001690       ?PluginConfigStrings@?1??GetPluginInfoW@@9@4@4PAPB_WA 10015690     HlfViewer.obj
 0002:00001694       ?PluginMenuStrings@?4??GetPluginInfoW@@9@4@4PAPB_WA 10015694     HlfViewer.obj
 0002:0000169c       ?Cookie@?1??XorPointer@@YAPAXPAX@Z@4IB 1001569c     vc_crt_fix_impl.obj
 0002:000016a0       ?$S1@?1??XorPointer@@YAPAXPAX@Z@4IA 100156a0     vc_crt_fix_impl.obj
 0002:000016a4       ?Function@?1??EncodePointerWrapper@@9@4@4Q6GPAXPAX@ZA 100156a4     vc_crt_fix_impl.obj
 0002:000016a8       ?$S2@?1??EncodePointerWrapper@@9@4@4IA 100156a8     vc_crt_fix_impl.obj
 0002:000016ac       ?Function@?1??DecodePointerWrapper@@9@4@4Q6GPAXPAX@ZA 100156ac     vc_crt_fix_impl.obj
 0002:000016b0       ?$S3@?1??DecodePointerWrapper@@9@4@4IA 100156b0     vc_crt_fix_impl.obj
 0002:000016b4       ?Function@?1??GetModuleHandleExWWrapper@@9@12@4Q6GHKPB_WPAPAUHINSTANCE__@@@ZA 100156b4     vc_crt_fix_impl.obj
 0002:000016b8       ?$S4@?1??GetModuleHandleExWWrapper@@9@12@4IA 100156b8     vc_crt_fix_impl.obj
 0002:000016bc       ?Deleter@?1??InitializeSListHead@implementation@slist@@YGXPAT_SLIST_HEADER@@@Z@4Vservice_deleter@23@A 100156bc     vc_crt_fix_impl.obj
 0002:000016dc       ?$S5@?1??InitializeSListHead@implementation@slist@@YGXPAT_SLIST_HEADER@@@Z@4IA 100156dc     vc_crt_fix_impl.obj
 0002:000016e0       ?Function@?1??InitializeSListHeadWrapper@@9@4@4Q6GXPAT_SLIST_HEADER@@@ZA 100156e0     vc_crt_fix_impl.obj
 0002:000016e4       ?$S6@?1??InitializeSListHeadWrapper@@9@4@4IA 100156e4     vc_crt_fix_impl.obj
 0002:000016e8       ?Function@?1??InterlockedFlushSListWrapper@@9@4@4Q6GPAU_SINGLE_LIST_ENTRY@@PAT_SLIST_HEADER@@@ZA 100156e8     vc_crt_fix_impl.obj
 0002:000016ec       ?$S7@?1??InterlockedFlushSListWrapper@@9@4@4IA 100156ec     vc_crt_fix_impl.obj
 0002:000016f0       ?Function@?1??InterlockedPopEntrySListWrapper@@9@4@4Q6GPAU_SINGLE_LIST_ENTRY@@PAT_SLIST_HEADER@@@ZA 100156f0     vc_crt_fix_impl.obj
 0002:000016f4       ?$S8@?1??InterlockedPopEntrySListWrapper@@9@4@4IA 100156f4     vc_crt_fix_impl.obj
 0002:000016f8       ?Function@?1??InterlockedPushEntrySListWrapper@@9@8@4Q6GPAU_SINGLE_LIST_ENTRY@@PAT_SLIST_HEADER@@PAU2@@ZA 100156f8     vc_crt_fix_impl.obj
 0002:000016fc       ?$S9@?1??InterlockedPushEntrySListWrapper@@9@8@4IA 100156fc     vc_crt_fix_impl.obj
 0002:00001700       ?Function@?1??InterlockedPushListSListExWrapper@@9@16@4Q6GPAU_SINGLE_LIST_ENTRY@@PAT_SLIST_HEADER@@PAU2@1K@ZA 10015700     vc_crt_fix_impl.obj
 0002:00001704       ?$S10@?1??InterlockedPushListSListExWrapper@@9@16@4IA 10015704     vc_crt_fix_impl.obj
 0002:00001708       ?Function@?1??RtlFirstEntrySListWrapper@@9@4@4Q6GPAU_SINGLE_LIST_ENTRY@@PAT_SLIST_HEADER@@@ZA 10015708     vc_crt_fix_impl.obj
 0002:0000170c       ?$S11@?1??RtlFirstEntrySListWrapper@@9@4@4IA 1001570c     vc_crt_fix_impl.obj
 0002:00001710       ?Function@?1??QueryDepthSListWrapper@@9@4@4Q6GGPAT_SLIST_HEADER@@@ZA 10015710     vc_crt_fix_impl.obj
 0002:00001714       ?$S12@?1??QueryDepthSListWrapper@@9@4@4IA 10015714     vc_crt_fix_impl.obj
 0002:00001718       ?Function@?1??GetNumaHighestNodeNumberWrapper@@9@4@4Q6GHPAK@ZA 10015718     vc_crt_fix_impl.obj
 0002:0000171c       ?$S13@?1??GetNumaHighestNodeNumberWrapper@@9@4@4IA 1001571c     vc_crt_fix_impl.obj
 0002:00001720       ?Function@?1??GetLogicalProcessorInformationWrapper@@9@8@4Q6GHPAU_SYSTEM_LOGICAL_PROCESSOR_INFORMATION@@PAK@ZA 10015720     vc_crt_fix_impl.obj
 0002:00001724       ?$S14@?1??GetLogicalProcessorInformationWrapper@@9@8@4IA 10015724     vc_crt_fix_impl.obj
 0002:00001728       ?module_local_atexit_table@@3U_onexit_table_t@@A 10015728     LIBCMT:utility.obj
 0002:00001734       ?module_local_at_quick_exit_table@@3U_onexit_table_t@@A 10015734     LIBCMT:utility.obj
 0002:00001740       ?module_local_atexit_table_initialized@@3_NA 10015740     LIBCMT:utility.obj
 0002:0000174c       ?is_initialized_as_dll@@3_NA 1001574c     LIBCMT:utility.obj
 0002:00001750       ?__proc_attached@@3HA      10015750     LIBCMT:dll_dllmain.obj
 0002:00001778       _GS_ExceptionRecord        10015778     LIBCMT:gs_report.obj
 0002:000017c8       _GS_ContextRecord          100157c8     LIBCMT:gs_report.obj
 0002:00001a94       ?__vcrt_startup_thread_ptd@@3U__vcrt_ptd@@A 10015a94     libvcruntime:per_thread_data.obj
 0002:00001abc       ___vcrt_lock_table         10015abc     libvcruntime:locks.obj
 0002:00001ad4       ___vcrt_locks_initialized  10015ad4     libvcruntime:locks.obj
 0002:00001ad8       ?module_handles@@3PAPAUHINSTANCE__@@A 10015ad8     libvcruntime:winapi_downlevel.obj
 0002:00001ae4       ?encoded_function_pointers@@3PAPAXA 10015ae4     libvcruntime:winapi_downlevel.obj
 0002:00001b24       ?heap@@3V_HeapManager@@A   10015b24     libvcruntime:undname.obj
 0002:00001b3c       ?__acrt_new_handler@@3V?$dual_state_global@P6AHI@Z@__crt_state_management@@A 10015b3c     libucrt:new_handler.obj
 0002:00001b40       ?c_termination_complete@@3JA 10015b40     libucrt:exit.obj
 0002:00001b44       ?thread_local_exit_callback_func@@3P6GXPAXK0@ZA 10015b44     libucrt:exit.obj
 0002:00001b50       ?program_name@?1???$common_configure_argv@D@@YAHW4_crt_argv_mode@@@Z@4PADA 10015b50     libucrt:argv_parsing.obj
 0002:00001c80       ?__acrt_lock_table@@3PAU_RTL_CRITICAL_SECTION@@A 10015c80     libucrt:locks.obj
 0002:00001dd0       ?__acrt_locks_initialized@@3IA 10015dd0     libucrt:locks.obj
 0002:00001dd4       ?__acrt_invalid_parameter_handler@@3V?$dual_state_global@P6AXPB_W00II@Z@__crt_state_management@@A 10015dd4     libucrt:invalid_parameter.obj
 0002:00001de4       ?fSystemSet@@3HA           10015de4     libucrt:mbctype.obj
 0002:00001de8       ?initialized@?1??__acrt_initialize_multibyte@@9@4_NA 10015de8     libucrt:mbctype.obj
 0002:00001e08       ?module_handles@@3PAPAUHINSTANCE__@@A 10015e08     libucrt:winapi_thunks.obj
 0002:00001e58       ?encoded_function_pointers@@3PAPAXA 10015e58     libucrt:winapi_thunks.obj
 0002:000020ec       ?ctrlc_action@@3V?$dual_state_global@P6AXH@Z@__crt_state_management@@A 100160ec     libucrt:signal.obj
 0002:000020f0       ?ctrlbreak_action@@3V?$dual_state_global@P6AXH@Z@__crt_state_management@@A 100160f0     libucrt:signal.obj
 0002:000020f4       ?abort_action@@3V?$dual_state_global@P6AXH@Z@__crt_state_management@@A 100160f4     libucrt:signal.obj
 0002:000020f8       ?term_action@@3V?$dual_state_global@P6AXH@Z@__crt_state_management@@A 100160f8     libucrt:signal.obj
 0002:000020fc       ?user_matherr@@3V?$dual_state_global@P6AHPAU_exception@@@Z@__crt_state_management@@A 100160fc     libucrt:matherr.obj
 0002:00002118       ?__acrt_global_new_mode@@3V?$dual_state_global@J@__crt_state_management@@A 10016118     libucrt:new_mode.obj
 0002:00002124       ?__acrt_app_type@@3W4_crt_app_type@@A 10016124     libucrt:report_runtime_error.obj
 0002:0000212c       __pmatherr_set             1001612c     libucrt:libm_error.obj
 0003:0000044a       .idata$6                   1001744a     kernel32:KERNEL32.dll
 0003:0000046a       .idata$6                   1001746a     rpcrt4:RPCRT4.dll
 0004:00000060       $R000000                   10018060     HlfViewer.res
