 AutoWrap

 Timestamp is 5c3fd689 (Thu Jan 17 04:12:41 2019)

 Preferred load address is 10000000

 Start         Length     Name                   Class
 0001:00000000 00000004H .CRT$XCA                CODE
 0001:00000004 00000004H .CRT$XCZ                CODE
 0001:00000008 00000004H .CRT$XIA                CODE
 0001:0000000c 0000000cH .CRT$XIC                CODE
 0001:00000018 00000004H .CRT$XIZ                CODE
 0001:0000001c 00000004H .CRT$XPA                CODE
 0001:00000020 00000008H .CRT$XPX                CODE
 0001:00000028 00000004H .CRT$XPXA               CODE
 0001:0000002c 00000004H .CRT$XPZ                CODE
 0001:00000030 00000004H .CRT$XTA                CODE
 0001:00000034 0000000cH .CRT$XTZ                CODE
 0001:00000038 00000000H .gfids$y                CODE
 0001:00000040 00004e90H .rdata                  CODE
 0001:00004ed0 00000130H .rdata$r                CODE
 0001:00005000 0000000cH .rdata$sxdata           CODE
 0001:0000500c 0000029cH .rdata$zzzdbg           CODE
 0001:000052a8 00000004H .rtc$IAA                CODE
 0001:000052ac 00000004H .rtc$IZZ                CODE
 0001:000052b0 00000004H .rtc$TAA                CODE
 0001:000052b4 0000000cH .rtc$TZZ                CODE
 0001:000052c0 0000c910H .text$mn                CODE
 0001:00011bc7 00000000H .text$x                 CODE
 0001:00011bd0 00000040H .text$yd                CODE
 0001:00011c10 00000470H .xdata$x                CODE
 0001:00012080 000000afH .edata                  CODE
 0002:00000000 00000770H .data                   DATA
 0002:00000770 00000078H .data$r                 DATA
 0002:000007e8 00001408H .bss                    DATA
 0003:00000000 00000114H .idata$5                DATA
 0003:00000114 00000004H .00cfg                  DATA
 0003:00000118 00000014H .idata$2                DATA
 0003:0000012c 00000014H .idata$3                DATA
 0003:00000140 00000114H .idata$4                DATA
 0003:00000254 000004eaH .idata$6                DATA
 0004:00000000 00000060H .rsrc$01                DATA
 0004:00000060 00000370H .rsrc$02                DATA

  Address         Publics by Value              Rva+Base       Lib:Object

 0000:00000000       ___guard_fids_count        00000000     <absolute>
 0000:00000000       ___enclave_config          00000000     <absolute>
 0000:00000000       ___guard_longjmp_count     00000000     <absolute>
 0000:00000000       ___guard_longjmp_table     00000000     <absolute>
 0000:00000000       __except_list              00000000     <absolute>
 0000:00000000       ___guard_iat_table         00000000     <absolute>
 0000:00000000       ___guard_iat_count         00000000     <absolute>
 0000:00000000       ___hybrid_auxiliary_iat    00000000     <absolute>
 0000:00000000       ___hybrid_code_map         00000000     <absolute>
 0000:00000000       ___guard_fids_table        00000000     <absolute>
 0000:00000000       ___hybrid_code_map_count   00000000     <absolute>
 0000:00000000       ___dynamic_value_reloc_table 00000000     <absolute>
 0000:00000003       ___safe_se_handler_count   00000003     <absolute>
 0000:00000100       ___guard_flags             00000100     <absolute>
 0000:00000000       ___ImageBase               10000000     <linker-defined>
 0001:00000000       ___xc_a                    10001000     LIBCMT:initializers.obj
 0001:00000004       ___xc_z                    10001004     LIBCMT:initializers.obj
 0001:00000008       ___xi_a                    10001008     LIBCMT:initializers.obj
 0001:0000000c       ___acrt_multibyte_initializer 1000100c     libucrt:multibyte_initializer.obj
 0001:00000010       ___acrt_stdio_initializer  10001010     libucrt:stdio_initializer.obj
 0001:00000014       ___acrt_tran_sse2_initializer 10001014     libucrt:sse2_initializer.obj
 0001:00000018       ___xi_z                    10001018     LIBCMT:initializers.obj
 0001:0000001c       ___xp_a                    1000101c     LIBCMT:initializers.obj
 0001:00000020       ___acrt_locale_terminator  10001020     libucrt:locale_initializer.obj
 0001:00000024       ___dcrt_console_output_terminator 10001024     libucrt:console_output_initializer.obj
 0001:00000028       ___acrt_stdio_terminator   10001028     libucrt:stdio_initializer.obj
 0001:0000002c       ___xp_z                    1000102c     LIBCMT:initializers.obj
 0001:00000030       ___xt_a                    10001030     LIBCMT:initializers.obj
 0001:00000034       ___xt_z                    10001034     LIBCMT:initializers.obj
 0001:00000040       _MainGuid                  10001040     AutoWrap.obj
 0001:00000050       _MenuGuid                  10001050     AutoWrap.obj
 0001:00000060       _DialogGuid                10001060     AutoWrap.obj
 0001:00000070       ??_7?$DialogItemBinding@UFarDialogItem@@@@6B@ 10001070     AutoWrap.obj
 0001:00000078       ??_7PluginCheckBoxBinding@@6B@ 10001078     AutoWrap.obj
 0001:00000080       ??_7PluginRadioButtonBinding@@6B@ 10001080     AutoWrap.obj
 0001:00000088       ??_7PluginEditFieldBinding@@6B@ 10001088     AutoWrap.obj
 0001:00000090       ??_7PluginIntEditFieldBinding@@6B@ 10001090     AutoWrap.obj
 0001:00000098       ??_C@_15EFLNJKHH@?$AA?$CF?$AAu?$AA?$AA@ 10001098     AutoWrap.obj
 0001:000000a0       ??_7PluginUIntEditFieldBinding@@6B@ 100010a0     AutoWrap.obj
 0001:000000a8       ??_7?$DialogBuilderBase@UFarDialogItem@@@@6B@ 100010a8     AutoWrap.obj
 0001:000000cc       ??_7PluginDialogBuilder@@6B@ 100010cc     AutoWrap.obj
 0001:000000f0       ??_C@_11LOCGONAA@?$AA?$AA@ 100010f0     AutoWrap.obj
 0001:000000f4       ??_C@_1BC@NMCLCAKE@?$AAA?$AAu?$AAt?$AAo?$AAW?$AAr?$AAa?$AAp?$AA?$AA@ 100010f4     AutoWrap.obj
 0001:00000108       ??_C@_1DE@LDAHMEKD@?$AAA?$AAu?$AAt?$AAo?$AA?5?$AAw?$AAr?$AAa?$AAp?$AA?5?$AAf?$AAo?$AAr?$AA?5?$AAF?$AAa?$AAr?$AA?5?$AAM?$AAa?$AAn?$AAa?$AAg?$AAe?$AAr?$AA?$AA@ 10001108     AutoWrap.obj
 0001:0000013c       ??_C@_1DE@BGKMIKPD@?$AAE?$AAu?$AAg?$AAe?$AAn?$AAe?$AA?5?$AAR?$AAo?$AAs?$AAh?$AAa?$AAl?$AA?5?$AA?$CG?$AA?5?$AAF?$AAa?$AAr?$AA?5?$AAG?$AAr?$AAo?$AAu?$AAp?$AA?$AA@ 1000113c     AutoWrap.obj
 0001:00000170       ??_C@_19BFPOADG@?$AAW?$AAr?$AAa?$AAp?$AA?$AA@ 10001170     AutoWrap.obj
 0001:0000017c       ??_C@_1BI@JMKBMFLI@?$AAR?$AAi?$AAg?$AAh?$AAt?$AAM?$AAa?$AAr?$AAg?$AAi?$AAn?$AA?$AA@ 1000117c     AutoWrap.obj
 0001:00000194       ??_C@_17ECHFBE@?$AA?$CK?$AA?4?$AA?$CK?$AA?$AA@ 10001194     AutoWrap.obj
 0001:0000019c       ??_C@_1BE@GBKLIJMP@?$AAF?$AAi?$AAl?$AAe?$AAM?$AAa?$AAs?$AAk?$AAs?$AA?$AA@ 1000119c     AutoWrap.obj
 0001:000001b0       ??_C@_1CC@MHEGACBP@?$AAE?$AAx?$AAc?$AAl?$AAu?$AAd?$AAe?$AAF?$AAi?$AAl?$AAe?$AAM?$AAa?$AAs?$AAk?$AAs?$AA?$AA@ 100011b0     AutoWrap.obj
 0001:000001e0       __imp__EncodePointer@4     100011e0     vc_crt_fix.obj
 0001:000001e4       __imp__DecodePointer@4     100011e4     vc_crt_fix.obj
 0001:000001e8       __imp__GetModuleHandleExW@12 100011e8     vc_crt_fix.obj
 0001:000001ec       __imp__InitializeSListHead@4 100011ec     vc_crt_fix.obj
 0001:000001f0       __imp__InterlockedFlushSList@4 100011f0     vc_crt_fix.obj
 0001:000001f4       __imp__InterlockedPopEntrySList@4 100011f4     vc_crt_fix.obj
 0001:000001f8       __imp__InterlockedPushEntrySList@8 100011f8     vc_crt_fix.obj
 0001:000001fc       __imp__InterlockedPushListSListEx@16 100011fc     vc_crt_fix.obj
 0001:00000200       __imp__RtlFirstEntrySList@4 10001200     vc_crt_fix.obj
 0001:00000204       __imp__QueryDepthSList@4   10001204     vc_crt_fix.obj
 0001:00000208       __imp__GetNumaHighestNodeNumber@4 10001208     vc_crt_fix.obj
 0001:0000020c       __imp__GetLogicalProcessorInformation@8 1000120c     vc_crt_fix.obj
 0001:00000224       ??_C@_0O@NLDKAIKN@EncodePointer?$AA@ 10001224     vc_crt_fix_impl.obj
 0001:00000234       ??_C@_0O@KBPMFGHI@DecodePointer?$AA@ 10001234     vc_crt_fix_impl.obj
 0001:00000244       ??_C@_0BD@GIGEJCNH@GetModuleHandleExW?$AA@ 10001244     vc_crt_fix_impl.obj
 0001:00000258       ??_C@_0BE@NBEJPEJA@InitializeSListHead?$AA@ 10001258     vc_crt_fix_impl.obj
 0001:0000026c       ??_C@_0BG@PLLPFLHB@InterlockedFlushSList?$AA@ 1000126c     vc_crt_fix_impl.obj
 0001:00000284       ??_C@_0BJ@PNEEKDOK@InterlockedPopEntrySList?$AA@ 10001284     vc_crt_fix_impl.obj
 0001:000002a0       ??_C@_0BK@JFGGAIOA@InterlockedPushEntrySList?$AA@ 100012a0     vc_crt_fix_impl.obj
 0001:000002bc       ??_C@_0BL@FOECAEGO@InterlockedPushListSListEx?$AA@ 100012bc     vc_crt_fix_impl.obj
 0001:000002d8       ??_C@_0BD@FHMMIGCI@RtlFirstEntrySList?$AA@ 100012d8     vc_crt_fix_impl.obj
 0001:000002ec       ??_C@_0BA@FGPHPMJB@QueryDepthSList?$AA@ 100012ec     vc_crt_fix_impl.obj
 0001:000002fc       ??_C@_0BJ@NLNFLAMA@GetNumaHighestNodeNumber?$AA@ 100012fc     vc_crt_fix_impl.obj
 0001:00000318       ??_C@_0BP@KHGALBC@GetLogicalProcessorInformation?$AA@ 10001318     vc_crt_fix_impl.obj
 0001:00000338       __pRawDllMain              10001338     LIBCMT:dll_dllmain.obj
 0001:00000338       __pDefaultRawDllMain       10001338     LIBCMT:dll_dllmain.obj
 0001:00000340       ??_7exception@std@@6B@     10001340     LIBCMT:throw_bad_alloc.obj
 0001:00000348       ??_C@_0BC@EOODALEL@Unknown?5exception?$AA@ 10001348     LIBCMT:throw_bad_alloc.obj
 0001:00000360       ??_7bad_alloc@std@@6B@     10001360     LIBCMT:throw_bad_alloc.obj
 0001:00000368       ??_C@_0P@GHFPNOJB@bad?5allocation?$AA@ 10001368     LIBCMT:throw_bad_alloc.obj
 0001:0000037c       ??_7bad_array_new_length@std@@6B@ 1000137c     LIBCMT:throw_bad_alloc.obj
 0001:00000384       ??_C@_0BF@KINCDENJ@bad?5array?5new?5length?$AA@ 10001384     LIBCMT:throw_bad_alloc.obj
 0001:000003a0       ??_7type_info@@6B@         100013a0     LIBCMT:std_type_info_static.obj
 0001:000003d8       ??_C@_1DM@KHCHBNEB@?$AAa?$AAp?$AAi?$AA?9?$AAm?$AAs?$AA?9?$AAw?$AAi?$AAn?$AA?9?$AAc?$AAo?$AAr?$AAe?$AA?9?$AAf?$AAi?$AAb?$AAe?$AAr?$AAs?$AA?9?$AAl?$AA1?$AA?9?$AA1?$AA?9?$AA1?$AA?$AA@ 100013d8     libvcruntime:winapi_downlevel.obj
 0001:00000414       ??_C@_1DK@LPPGFMPP@?$AAa?$AAp?$AAi?$AA?9?$AAm?$AAs?$AA?9?$AAw?$AAi?$AAn?$AA?9?$AAc?$AAo?$AAr?$AAe?$AA?9?$AAs?$AAy?$AAn?$AAc?$AAh?$AA?9?$AAl?$AA1?$AA?9?$AA2?$AA?9?$AA0?$AA?$AA@ 10001414     libvcruntime:winapi_downlevel.obj
 0001:00000450       ??_C@_1BC@GDMECMAK@?$AAk?$AAe?$AAr?$AAn?$AAe?$AAl?$AA3?$AA2?$AA?$AA@ 10001450     libvcruntime:winapi_downlevel.obj
 0001:00000464       ??_C@_1BA@PFFKHIOG@?$AAa?$AAp?$AAi?$AA?9?$AAm?$AAs?$AA?9?$AA?$AA@ 10001464     libvcruntime:winapi_downlevel.obj
 0001:00000474       ??_C@_1BA@IAIFMGEF@?$AAe?$AAx?$AAt?$AA?9?$AAm?$AAs?$AA?9?$AA?$AA@ 10001474     libvcruntime:winapi_downlevel.obj
 0001:0000048c       ??_C@_08KNHFBNJ@FlsAlloc?$AA@ 1000148c     libvcruntime:winapi_downlevel.obj
 0001:000004a0       ??_C@_07PEJMOBNF@FlsFree?$AA@ 100014a0     libvcruntime:winapi_downlevel.obj
 0001:000004b0       ??_C@_0M@GDNOONDI@FlsGetValue?$AA@ 100014b0     libvcruntime:winapi_downlevel.obj
 0001:000004c4       ??_C@_0M@JCPCPOEF@FlsSetValue?$AA@ 100014c4     libvcruntime:winapi_downlevel.obj
 0001:000004d8       ??_C@_0BM@HCFOFFN@InitializeCriticalSectionEx?$AA@ 100014d8     libvcruntime:winapi_downlevel.obj
 0001:00000690       ??_C@_08EHJDFFNH@__based?$CI?$AA@ 10001690     libvcruntime:undname.obj
 0001:0000069c       ??_C@_07KOLFKCDI@__cdecl?$AA@ 1000169c     libvcruntime:undname.obj
 0001:000006a4       ??_C@_08GHMPAG@__pascal?$AA@ 100016a4     libvcruntime:undname.obj
 0001:000006b0       ??_C@_09IFJBGAPI@__stdcall?$AA@ 100016b0     libvcruntime:undname.obj
 0001:000006bc       ??_C@_0L@NPHFGOKO@__thiscall?$AA@ 100016bc     libvcruntime:undname.obj
 0001:000006c8       ??_C@_0L@JMKHOMEK@__fastcall?$AA@ 100016c8     libvcruntime:undname.obj
 0001:000006d4       ??_C@_0N@BCKKPABJ@__vectorcall?$AA@ 100016d4     libvcruntime:undname.obj
 0001:000006e4       ??_C@_09HIJEGCPM@__clrcall?$AA@ 100016e4     libvcruntime:undname.obj
 0001:000006f0       ??_C@_06GHPCKEAG@__eabi?$AA@ 100016f0     libvcruntime:undname.obj
 0001:000006f8       ??_C@_07EECFKIPL@__swift?$AA@ 100016f8     libvcruntime:undname.obj
 0001:00000700       ??_C@_07JOMMBBKO@__ptr64?$AA@ 10001700     libvcruntime:undname.obj
 0001:00000708       ??_C@_0L@PILCLIHE@__restrict?$AA@ 10001708     libvcruntime:undname.obj
 0001:00000714       ??_C@_0M@GFIIJFMG@__unaligned?$AA@ 10001714     libvcruntime:undname.obj
 0001:00000720       ??_C@_09DHDLOLLB@restrict?$CI?$AA@ 10001720     libvcruntime:undname.obj
 0001:0000072a       ??_C@_00CNPNBAHC@?$AA@     1000172a     libvcruntime:undname.obj
 0001:0000072c       ??_C@_04NIHEBCM@?5new?$AA@ 1000172c     libvcruntime:undname.obj
 0001:00000734       ??_C@_07FPCDHGMM@?5delete?$AA@ 10001734     libvcruntime:undname.obj
 0001:0000073c       ??_C@_01NEMOKFLO@?$DN?$AA@ 1000173c     libvcruntime:undname.obj
 0001:00000740       ??_C@_02GPIOPFAK@?$DO?$DO?$AA@ 10001740     libvcruntime:undname.obj
 0001:00000744       ??_C@_02FODMEDOG@?$DM?$DM?$AA@ 10001744     libvcruntime:undname.obj
 0001:00000748       ??_C@_01DCLJPIOD@?$CB?$AA@ 10001748     libvcruntime:undname.obj
 0001:0000074c       ??_C@_02EGOFBIJA@?$DN?$DN?$AA@ 1000174c     libvcruntime:undname.obj
 0001:00000750       ??_C@_02FDNJECIE@?$CB?$DN?$AA@ 10001750     libvcruntime:undname.obj
 0001:00000754       ??_C@_02GPECMEKF@?$FL?$FN?$AA@ 10001754     libvcruntime:undname.obj
 0001:00000758       ??_C@_08LHJFAFGD@operator?$AA@ 10001758     libvcruntime:undname.obj
 0001:00000764       ??_C@_02HBOOOICD@?9?$DO?$AA@ 10001764     libvcruntime:undname.obj
 0001:00000768       ??_C@_01NBENCBCI@?$CK?$AA@ 10001768     libvcruntime:undname.obj
 0001:0000076c       ??_C@_02ECNGHCIF@?$CL?$CL?$AA@ 1000176c     libvcruntime:undname.obj
 0001:00000770       ??_C@_02BAABKJLB@?9?9?$AA@ 10001770     libvcruntime:undname.obj
 0001:00000774       ??_C@_01JOAMLHOP@?9?$AA@   10001774     libvcruntime:undname.obj
 0001:00000778       ??_C@_01MIFGBAGJ@?$CL?$AA@ 10001778     libvcruntime:undname.obj
 0001:0000077c       ??_C@_01HNPIGOCE@?$CG?$AA@ 1000177c     libvcruntime:undname.obj
 0001:00000780       ??_C@_03MNHNFDLC@?9?$DO?$CK?$AA@ 10001780     libvcruntime:undname.obj
 0001:00000784       ??_C@_01KMDKNFGN@?1?$AA@   10001784     libvcruntime:undname.obj
 0001:00000788       ??_C@_01FGNFDNOH@?$CF?$AA@ 10001788     libvcruntime:undname.obj
 0001:0000078c       ??_C@_01MNNFJEPP@?$DM?$AA@ 1000178c     libvcruntime:undname.obj
 0001:00000790       ??_C@_02EHCHHCKH@?$DM?$DN?$AA@ 10001790     libvcruntime:undname.obj
 0001:00000794       ??_C@_01PPODPGHN@?$DO?$AA@ 10001794     libvcruntime:undname.obj
 0001:00000798       ??_C@_02EEKDKGMJ@?$DO?$DN?$AA@ 10001798     libvcruntime:undname.obj
 0001:0000079c       ??_C@_01IHBHIGKO@?0?$AA@   1000179c     libvcruntime:undname.obj
 0001:000007a0       ??_C@_02HCKGKOFO@?$CI?$CJ?$AA@ 100017a0     libvcruntime:undname.obj
 0001:000007a4       ??_C@_01PJKLJHI@?$HO?$AA@  100017a4     libvcruntime:undname.obj
 0001:000007a8       ??_C@_01JKBOJNNK@?$FO?$AA@ 100017a8     libvcruntime:undname.obj
 0001:000007ac       ??_C@_01DNKMNLPK@?$HM?$AA@ 100017ac     libvcruntime:undname.obj
 0001:000007b0       ??_C@_02PPKAJPJL@?$CG?$CG?$AA@ 100017b0     libvcruntime:undname.obj
 0001:000007b4       ??_C@_02NONPIBCD@?$HM?$HM?$AA@ 100017b4     libvcruntime:undname.obj
 0001:000007b8       ??_C@_02FPIMKNGF@?$CK?$DN?$AA@ 100017b8     libvcruntime:undname.obj
 0001:000007bc       ??_C@_02FOEOMHFC@?$CL?$DN?$AA@ 100017bc     libvcruntime:undname.obj
 0001:000007c0       ??_C@_02FKMDLLOA@?9?$DN?$AA@ 100017c0     libvcruntime:undname.obj
 0001:000007c4       ??_C@_02FJEHGPIO@?1?$DN?$AA@ 100017c4     libvcruntime:undname.obj
 0001:000007c8       ??_C@_02FENAOKFI@?$CF?$DN?$AA@ 100017c8     libvcruntime:undname.obj
 0001:000007cc       ??_C@_03IKFCCPFF@?$DO?$DO?$DN?$AA@ 100017cc     libvcruntime:undname.obj
 0001:000007d0       ??_C@_03CDNPDDLA@?$DM?$DM?$DN?$AA@ 100017d0     libvcruntime:undname.obj
 0001:000007d4       ??_C@_02FGJGFEAB@?$CG?$DN?$AA@ 100017d4     libvcruntime:undname.obj
 0001:000007d8       ??_C@_02DHLNPPGH@?$HM?$DN?$AA@ 100017d8     libvcruntime:undname.obj
 0001:000007dc       ??_C@_02MHEGNOJ@?$FO?$DN?$AA@ 100017dc     libvcruntime:undname.obj
 0001:000007e0       ??_C@_09IFPLHPGF@?$GAvftable?8?$AA@ 100017e0     libvcruntime:undname.obj
 0001:000007ec       ??_C@_09BLBHBJP@?$GAvbtable?8?$AA@ 100017ec     libvcruntime:undname.obj
 0001:000007f8       ??_C@_07FEEIOKP@?$GAvcall?8?$AA@ 100017f8     libvcruntime:undname.obj
 0001:00000800       ??_C@_08LLFFHHDJ@?$GAtypeof?8?$AA@ 10001800     libvcruntime:undname.obj
 0001:0000080c       ??_C@_0BF@KDPPACIK@?$GAlocal?5static?5guard?8?$AA@ 1000180c     libvcruntime:undname.obj
 0001:00000824       ??_C@_08OBABFOLI@?$GAstring?8?$AA@ 10001824     libvcruntime:undname.obj
 0001:00000830       ??_C@_0BD@JDLKDPAB@?$GAvbase?5destructor?8?$AA@ 10001830     libvcruntime:undname.obj
 0001:00000844       ??_C@_0BN@DEGPLNFK@?$GAvector?5deleting?5destructor?8?$AA@ 10001844     libvcruntime:undname.obj
 0001:00000864       ??_C@_0BO@OBMKPJIG@?$GAdefault?5constructor?5closure?8?$AA@ 10001864     libvcruntime:undname.obj
 0001:00000884       ??_C@_0BN@IMDCHIKM@?$GAscalar?5deleting?5destructor?8?$AA@ 10001884     libvcruntime:undname.obj
 0001:000008a4       ??_C@_0BO@PFGOCPJJ@?$GAvector?5constructor?5iterator?8?$AA@ 100018a4     libvcruntime:undname.obj
 0001:000008c4       ??_C@_0BN@LFPFMEDL@?$GAvector?5destructor?5iterator?8?$AA@ 100018c4     libvcruntime:undname.obj
 0001:000008e4       ??_C@_0CE@IKBNEHA@?$GAvector?5vbase?5constructor?5iterat@ 100018e4     libvcruntime:undname.obj
 0001:00000908       ??_C@_0BL@NILFHHPC@?$GAvirtual?5displacement?5map?8?$AA@ 10001908     libvcruntime:undname.obj
 0001:00000924       ??_C@_0CB@JONCMFFK@?$GAeh?5vector?5constructor?5iterator?8@ 10001924     libvcruntime:undname.obj
 0001:00000948       ??_C@_0CA@GCEOPDGL@?$GAeh?5vector?5destructor?5iterator?8?$AA@ 10001948     libvcruntime:undname.obj
 0001:00000968       ??_C@_0CH@OOJPLCPH@?$GAeh?5vector?5vbase?5constructor?5ite@ 10001968     libvcruntime:undname.obj
 0001:00000990       ??_C@_0BL@LLKPOHJI@?$GAcopy?5constructor?5closure?8?$AA@ 10001990     libvcruntime:undname.obj
 0001:000009ac       ??_C@_0BA@KBCDOMBN@?$GAudt?5returning?8?$AA@ 100019ac     libvcruntime:undname.obj
 0001:000009bc       ??_C@_03KLGMFNMG@?$GAEH?$AA@ 100019bc     libvcruntime:undname.obj
 0001:000009c0       ??_C@_05KHLCHHI@?$GARTTI?$AA@ 100019c0     libvcruntime:undname.obj
 0001:000009c8       ??_C@_0BA@KKLDJDLB@?$GAlocal?5vftable?8?$AA@ 100019c8     libvcruntime:undname.obj
 0001:000009d8       ??_C@_0CE@IIHCMGGL@?$GAlocal?5vftable?5constructor?5closu@ 100019d8     libvcruntime:undname.obj
 0001:000009fc       ??_C@_06FHBGPFGH@?5new?$FL?$FN?$AA@ 100019fc     libvcruntime:undname.obj
 0001:00000a04       ??_C@_09LBNFPBCA@?5delete?$FL?$FN?$AA@ 10001a04     libvcruntime:undname.obj
 0001:00000a10       ??_C@_0P@HJKNJFNN@?$GAomni?5callsig?8?$AA@ 10001a10     libvcruntime:undname.obj
 0001:00000a20       ??_C@_0BL@CNOONJFP@?$GAplacement?5delete?5closure?8?$AA@ 10001a20     libvcruntime:undname.obj
 0001:00000a3c       ??_C@_0BN@CKNJLHMB@?$GAplacement?5delete?$FL?$FN?5closure?8?$AA@ 10001a3c     libvcruntime:undname.obj
 0001:00000a5c       ??_C@_0CG@CFDHKGGD@?$GAmanaged?5vector?5constructor?5iter@ 10001a5c     libvcruntime:undname.obj
 0001:00000a84       ??_C@_0CF@IMGKMJNO@?$GAmanaged?5vector?5destructor?5itera@ 10001a84     libvcruntime:undname.obj
 0001:00000aac       ??_C@_0CG@HLDDJMAG@?$GAeh?5vector?5copy?5constructor?5iter@ 10001aac     libvcruntime:undname.obj
 0001:00000ad4       ??_C@_0CM@FCBBDIGB@?$GAeh?5vector?5vbase?5copy?5constructo@ 10001ad4     libvcruntime:undname.obj
 0001:00000b00       ??_C@_0BL@CLIPGLGB@?$GAdynamic?5initializer?5for?5?8?$AA@ 10001b00     libvcruntime:undname.obj
 0001:00000b1c       ??_C@_0CB@PDBIFEP@?$GAdynamic?5atexit?5destructor?5for?5?8@ 10001b1c     libvcruntime:undname.obj
 0001:00000b40       ??_C@_0CD@CGAJBKEJ@?$GAvector?5copy?5constructor?5iterato@ 10001b40     libvcruntime:undname.obj
 0001:00000b64       ??_C@_0CJ@GJELGAMM@?$GAvector?5vbase?5copy?5constructor?5i@ 10001b64     libvcruntime:undname.obj
 0001:00000b90       ??_C@_0CL@FGIJHLCE@?$GAmanaged?5vector?5copy?5constructor@ 10001b90     libvcruntime:undname.obj
 0001:00000bbc       ??_C@_0BM@PMGGMLDN@?$GAlocal?5static?5thread?5guard?8?$AA@ 10001bbc     libvcruntime:undname.obj
 0001:00000bd8       ??_C@_0N@BDNMDMOL@operator?5?$CC?$CC?5?$AA@ 10001bd8     libvcruntime:undname.obj
 0001:00000be8       ??_C@_0BC@GGEBGALA@operator?5co_await?$AA@ 10001be8     libvcruntime:undname.obj
 0001:00000bfc       ??_C@_0BC@DAFEJGAK@?5Type?5Descriptor?8?$AA@ 10001bfc     libvcruntime:undname.obj
 0001:00000c10       ??_C@_0BM@LDKODKLH@?5Base?5Class?5Descriptor?5at?5?$CI?$AA@ 10001c10     libvcruntime:undname.obj
 0001:00000c2c       ??_C@_0BD@LGICGFMM@?5Base?5Class?5Array?8?$AA@ 10001c2c     libvcruntime:undname.obj
 0001:00000c40       ??_C@_0BN@MECKDCOJ@?5Class?5Hierarchy?5Descriptor?8?$AA@ 10001c40     libvcruntime:undname.obj
 0001:00000c60       ??_C@_0BK@CFCOFLF@?5Complete?5Object?5Locator?8?$AA@ 10001c60     libvcruntime:undname.obj
 0001:00000c7c       __pDestructExceptionObject 10001c7c     libvcruntime:ehhelpers.obj
 0001:00000c80       ___acrt_exception_action_table 10001c80     libucrt:exception_filter.obj
 0001:00000d10       ___acrt_signal_action_table_count 10001d10     libucrt:exception_filter.obj
 0001:00000d14       ___acrt_signal_action_first_fpe_index 10001d14     libucrt:exception_filter.obj
 0001:00000d18       ___acrt_signal_action_fpe_count 10001d18     libucrt:exception_filter.obj
 0001:00000d1c       ??_C@_1BI@BGOHAHKC@?$AAm?$AAs?$AAc?$AAo?$AAr?$AAe?$AAe?$AA?4?$AAd?$AAl?$AAl?$AA?$AA@ 10001d1c     libucrt:exit.obj
 0001:00000d34       ??_C@_0P@MIGLKIOC@CorExitProcess?$AA@ 10001d34     libucrt:exit.obj
 0001:00000dc8       ??_C@_03KOEHGMDN@Sun?$AA@  10001dc8     libucrt:nlsdata.obj
 0001:00000dcc       ??_C@_03PDAGKDH@Mon?$AA@   10001dcc     libucrt:nlsdata.obj
 0001:00000dd0       ??_C@_03NAGEINEP@Tue?$AA@  10001dd0     libucrt:nlsdata.obj
 0001:00000dd4       ??_C@_03MHOMLAJA@Wed?$AA@  10001dd4     libucrt:nlsdata.obj
 0001:00000dd8       ??_C@_03IOFIKPDN@Thu?$AA@  10001dd8     libucrt:nlsdata.obj
 0001:00000ddc       ??_C@_03IDIOELNC@Fri?$AA@  10001ddc     libucrt:nlsdata.obj
 0001:00000de0       ??_C@_03FEFJNEK@Sat?$AA@   10001de0     libucrt:nlsdata.obj
 0001:00000de4       ??_C@_06OOPIFAJ@Sunday?$AA@ 10001de4     libucrt:nlsdata.obj
 0001:00000dec       ??_C@_06JLEDEDGH@Monday?$AA@ 10001dec     libucrt:nlsdata.obj
 0001:00000df4       ??_C@_07BAAGCFCM@Tuesday?$AA@ 10001df4     libucrt:nlsdata.obj
 0001:00000dfc       ??_C@_09DLIGFAKA@Wednesday?$AA@ 10001dfc     libucrt:nlsdata.obj
 0001:00000e08       ??_C@_08HACCIKIA@Thursday?$AA@ 10001e08     libucrt:nlsdata.obj
 0001:00000e14       ??_C@_06JECMNKMI@Friday?$AA@ 10001e14     libucrt:nlsdata.obj
 0001:00000e1c       ??_C@_08INBOOONO@Saturday?$AA@ 10001e1c     libucrt:nlsdata.obj
 0001:00000e28       ??_C@_03JIHJHPIE@Jan?$AA@  10001e28     libucrt:nlsdata.obj
 0001:00000e2c       ??_C@_03HJBDCHOM@Feb?$AA@  10001e2c     libucrt:nlsdata.obj
 0001:00000e30       ??_C@_03ODNJBKGA@Mar?$AA@  10001e30     libucrt:nlsdata.obj
 0001:00000e34       ??_C@_03LEOLGMJP@Apr?$AA@  10001e34     libucrt:nlsdata.obj
 0001:00000e38       ??_C@_03CNMDKL@May?$AA@    10001e38     libucrt:nlsdata.obj
 0001:00000e3c       ??_C@_03IDFGHECI@Jun?$AA@  10001e3c     libucrt:nlsdata.obj
 0001:00000e40       ??_C@_03LBGABGKK@Jul?$AA@  10001e40     libucrt:nlsdata.obj
 0001:00000e44       ??_C@_03IFJFEIGA@Aug?$AA@  10001e44     libucrt:nlsdata.obj
 0001:00000e48       ??_C@_03GGCAPAJC@Sep?$AA@  10001e48     libucrt:nlsdata.obj
 0001:00000e4c       ??_C@_03BMAOKBAD@Oct?$AA@  10001e4c     libucrt:nlsdata.obj
 0001:00000e50       ??_C@_03JPJOFNIA@Nov?$AA@  10001e50     libucrt:nlsdata.obj
 0001:00000e54       ??_C@_03MKABNOCG@Dec?$AA@  10001e54     libucrt:nlsdata.obj
 0001:00000e58       ??_C@_07CGJPFGJA@January?$AA@ 10001e58     libucrt:nlsdata.obj
 0001:00000e60       ??_C@_08GNJGEPFN@February?$AA@ 10001e60     libucrt:nlsdata.obj
 0001:00000e6c       ??_C@_05HPCKOFNC@March?$AA@ 10001e6c     libucrt:nlsdata.obj
 0001:00000e74       ??_C@_05DMJDNLEJ@April?$AA@ 10001e74     libucrt:nlsdata.obj
 0001:00000e7c       ??_C@_04CNLMGBGM@June?$AA@ 10001e7c     libucrt:nlsdata.obj
 0001:00000e84       ??_C@_04MIEPOIFP@July?$AA@ 10001e84     libucrt:nlsdata.obj
 0001:00000e8c       ??_C@_06LBBHFDDG@August?$AA@ 10001e8c     libucrt:nlsdata.obj
 0001:00000e94       ??_C@_09BHHEALKD@September?$AA@ 10001e94     libucrt:nlsdata.obj
 0001:00000ea0       ??_C@_07JJNFCEND@October?$AA@ 10001ea0     libucrt:nlsdata.obj
 0001:00000ea8       ??_C@_08HCHEGEOA@November?$AA@ 10001ea8     libucrt:nlsdata.obj
 0001:00000eb4       ??_C@_08EDHMEBNP@December?$AA@ 10001eb4     libucrt:nlsdata.obj
 0001:00000ec0       ??_C@_02DEDBPAFC@AM?$AA@   10001ec0     libucrt:nlsdata.obj
 0001:00000ec4       ??_C@_02CJNFDJBF@PM?$AA@   10001ec4     libucrt:nlsdata.obj
 0001:00000ec8       ??_C@_08BPBNCDIB@MM?1dd?1yy?$AA@ 10001ec8     libucrt:nlsdata.obj
 0001:00000ed4       ??_C@_0BE@CKGJFCPC@dddd?0?5MMMM?5dd?0?5yyyy?$AA@ 10001ed4     libucrt:nlsdata.obj
 0001:00000ee8       ??_C@_08JCCMCCIL@HH?3mm?3ss?$AA@ 10001ee8     libucrt:nlsdata.obj
 0001:00000ef4       ??_C@_17MBGCMIPB@?$AAS?$AAu?$AAn?$AA?$AA@ 10001ef4     libucrt:nlsdata.obj
 0001:00000efc       ??_C@_17KBOMKBF@?$AAM?$AAo?$AAn?$AA?$AA@ 10001efc     libucrt:nlsdata.obj
 0001:00000f04       ??_C@_17BMKGEGOJ@?$AAT?$AAu?$AAe?$AA?$AA@ 10001f04     libucrt:nlsdata.obj
 0001:00000f0c       ??_C@_17CJEDCEPE@?$AAW?$AAe?$AAd?$AA?$AA@ 10001f0c     libucrt:nlsdata.obj
 0001:00000f14       ??_C@_17PDPHAADD@?$AAT?$AAh?$AAu?$AA?$AA@ 10001f14     libucrt:nlsdata.obj
 0001:00000f1c       ??_C@_17HFOLPPLP@?$AAF?$AAr?$AAi?$AA?$AA@ 10001f1c     libucrt:nlsdata.obj
 0001:00000f24       ??_C@_17GGIBDPIH@?$AAS?$AAa?$AAt?$AA?$AA@ 10001f24     libucrt:nlsdata.obj
 0001:00000f2c       ??_C@_1O@IHNHDHPB@?$AAS?$AAu?$AAn?$AAd?$AAa?$AAy?$AA?$AA@ 10001f2c     libucrt:nlsdata.obj
 0001:00000f3c       ??_C@_1O@MMNBFLIA@?$AAM?$AAo?$AAn?$AAd?$AAa?$AAy?$AA?$AA@ 10001f3c     libucrt:nlsdata.obj
 0001:00000f4c       ??_C@_1BA@ENFBFFEK@?$AAT?$AAu?$AAe?$AAs?$AAd?$AAa?$AAy?$AA?$AA@ 10001f4c     libucrt:nlsdata.obj
 0001:00000f5c       ??_C@_1BE@EBOGMDOH@?$AAW?$AAe?$AAd?$AAn?$AAe?$AAs?$AAd?$AAa?$AAy?$AA?$AA@ 10001f5c     libucrt:nlsdata.obj
 0001:00000f70       ??_C@_1BC@HHMNLIHE@?$AAT?$AAh?$AAu?$AAr?$AAs?$AAd?$AAa?$AAy?$AA?$AA@ 10001f70     libucrt:nlsdata.obj
 0001:00000f84       ??_C@_1O@PDICJHAG@?$AAF?$AAr?$AAi?$AAd?$AAa?$AAy?$AA?$AA@ 10001f84     libucrt:nlsdata.obj
 0001:00000f94       ??_C@_1BC@ENMNNPAJ@?$AAS?$AAa?$AAt?$AAu?$AAr?$AAd?$AAa?$AAy?$AA?$AA@ 10001f94     libucrt:nlsdata.obj
 0001:00000fa8       ??_C@_17DKNBKCHM@?$AAJ?$AAa?$AAn?$AA?$AA@ 10001fa8     libucrt:nlsdata.obj
 0001:00000fb0       ??_C@_17LMDJEKJN@?$AAF?$AAe?$AAb?$AA?$AA@ 10001fb0     libucrt:nlsdata.obj
 0001:00000fb8       ??_C@_17CKNLEDEC@?$AAM?$AAa?$AAr?$AA?$AA@ 10001fb8     libucrt:nlsdata.obj
 0001:00000fc0       ??_C@_17LFPOIHDD@?$AAA?$AAp?$AAr?$AA?$AA@ 10001fc0     libucrt:nlsdata.obj
 0001:00000fc8       ??_C@_17PNNKMEED@?$AAM?$AAa?$AAy?$AA?$AA@ 10001fc8     libucrt:nlsdata.obj
 0001:00000fd0       ??_C@_17KCJGOCPB@?$AAJ?$AAu?$AAn?$AA?$AA@ 10001fd0     libucrt:nlsdata.obj
 0001:00000fd8       ??_C@_17IJPCKHK@?$AAJ?$AAu?$AAl?$AA?$AA@ 10001fd8     libucrt:nlsdata.obj
 0001:00000fe0       ??_C@_17ICPELBCN@?$AAA?$AAu?$AAg?$AA?$AA@ 10001fe0     libucrt:nlsdata.obj
 0001:00000fe8       ??_C@_17HCHCOKMG@?$AAS?$AAe?$AAp?$AA?$AA@ 10001fe8     libucrt:nlsdata.obj
 0001:00000ff0       ??_C@_17FNLKOI@?$AAO?$AAc?$AAt?$AA?$AA@ 10001ff0     libucrt:nlsdata.obj
 0001:00000ff8       ??_C@_17BBDMLCIG@?$AAN?$AAo?$AAv?$AA?$AA@ 10001ff8     libucrt:nlsdata.obj
 0001:00001000       ??_C@_17EGKACKIF@?$AAD?$AAe?$AAc?$AA?$AA@ 10002000     libucrt:nlsdata.obj
 0001:00001008       ??_C@_1BA@EFMEIEBA@?$AAJ?$AAa?$AAn?$AAu?$AAa?$AAr?$AAy?$AA?$AA@ 10002008     libucrt:nlsdata.obj
 0001:00001018       ??_C@_1BC@JGDDFFAM@?$AAF?$AAe?$AAb?$AAr?$AAu?$AAa?$AAr?$AAy?$AA?$AA@ 10002018     libucrt:nlsdata.obj
 0001:0000102c       ??_C@_1M@IKEENEDF@?$AAM?$AAa?$AAr?$AAc?$AAh?$AA?$AA@ 1000202c     libucrt:nlsdata.obj
 0001:00001038       ??_C@_1M@GJNLMHFD@?$AAA?$AAp?$AAr?$AAi?$AAl?$AA?$AA@ 10002038     libucrt:nlsdata.obj
 0001:00001044       ??_C@_19EPFLPGAP@?$AAJ?$AAu?$AAn?$AAe?$AA?$AA@ 10002044     libucrt:nlsdata.obj
 0001:00001050       ??_C@_19BIFMLPCD@?$AAJ?$AAu?$AAl?$AAy?$AA?$AA@ 10002050     libucrt:nlsdata.obj
 0001:0000105c       ??_C@_1O@PAHLKOAC@?$AAA?$AAu?$AAg?$AAu?$AAs?$AAt?$AA?$AA@ 1000205c     libucrt:nlsdata.obj
 0001:0000106c       ??_C@_1BE@DKAAMBJL@?$AAS?$AAe?$AAp?$AAt?$AAe?$AAm?$AAb?$AAe?$AAr?$AA?$AA@ 1000206c     libucrt:nlsdata.obj
 0001:00001080       ??_C@_1BA@EPANDLNG@?$AAO?$AAc?$AAt?$AAo?$AAb?$AAe?$AAr?$AA?$AA@ 10002080     libucrt:nlsdata.obj
 0001:00001090       ??_C@_1BC@BGLIFPF@?$AAN?$AAo?$AAv?$AAe?$AAm?$AAb?$AAe?$AAr?$AA?$AA@ 10002090     libucrt:nlsdata.obj
 0001:000010a4       ??_C@_1BC@FEMKIFH@?$AAD?$AAe?$AAc?$AAe?$AAm?$AAb?$AAe?$AAr?$AA?$AA@ 100020a4     libucrt:nlsdata.obj
 0001:000010b8       ??_C@_15ODEHAHHF@?$AAA?$AAM?$AA?$AA@ 100020b8     libucrt:nlsdata.obj
 0001:000010c0       ??_C@_15CLMNNGEL@?$AAP?$AAM?$AA?$AA@ 100020c0     libucrt:nlsdata.obj
 0001:000010c8       ??_C@_1BC@IEBCMHCM@?$AAM?$AAM?$AA?1?$AAd?$AAd?$AA?1?$AAy?$AAy?$AA?$AA@ 100020c8     libucrt:nlsdata.obj
 0001:000010dc       ??_C@_1CI@KNAKOEBC@?$AAd?$AAd?$AAd?$AAd?$AA?0?$AA?5?$AAM?$AAM?$AAM?$AAM?$AA?5?$AAd?$AAd?$AA?0?$AA?5?$AAy?$AAy?$AAy?$AAy?$AA?$AA@ 100020dc     libucrt:nlsdata.obj
 0001:00001104       ??_C@_1BC@GDGBMEMK@?$AAH?$AAH?$AA?3?$AAm?$AAm?$AA?3?$AAs?$AAs?$AA?$AA@ 10002104     libucrt:nlsdata.obj
 0001:00001118       ??_C@_1M@BMHNFIME@?$AAe?$AAn?$AA?9?$AAU?$AAS?$AA?$AA@ 10002118     libucrt:nlsdata.obj
 0001:00001128       ___lc_time_c               10002128     libucrt:nlsdata.obj
 0001:00001400       ??_C@_1M@HPNHIDJI@?$AAj?$AAa?$AA?9?$AAJ?$AAP?$AA?$AA@ 10002400     libucrt:mbctype.obj
 0001:0000140c       ??_C@_1M@BIBDDEMK@?$AAz?$AAh?$AA?9?$AAC?$AAN?$AA?$AA@ 1000240c     libucrt:mbctype.obj
 0001:00001418       ??_C@_1M@JLOOOEGK@?$AAk?$AAo?$AA?9?$AAK?$AAR?$AA?$AA@ 10002418     libucrt:mbctype.obj
 0001:00001424       ??_C@_1M@CLNBBOPM@?$AAz?$AAh?$AA?9?$AAT?$AAW?$AA?$AA@ 10002424     libucrt:mbctype.obj
 0001:00001480       ??_C@_1EA@JGEFHKEI@?$AAa?$AAp?$AAi?$AA?9?$AAm?$AAs?$AA?9?$AAw?$AAi?$AAn?$AA?9?$AAc?$AAo?$AAr?$AAe?$AA?9?$AAd?$AAa?$AAt?$AAe?$AAt?$AAi?$AAm?$AAe?$AA?9?$AAl?$AA1?$AA?9?$AA1?$AA?9?$AA1?$AA?$AA@ 10002480     libucrt:winapi_thunks.obj
 0001:000014c0       ??_C@_1DI@IJCEHOCB@?$AAa?$AAp?$AAi?$AA?9?$AAm?$AAs?$AA?9?$AAw?$AAi?$AAn?$AA?9?$AAc?$AAo?$AAr?$AAe?$AA?9?$AAf?$AAi?$AAl?$AAe?$AA?9?$AAl?$AA1?$AA?9?$AA2?$AA?9?$AA2?$AA?$AA@ 100024c0     libucrt:winapi_thunks.obj
 0001:000014f8       ??_C@_1EI@MPIAOHOC@?$AAa?$AAp?$AAi?$AA?9?$AAm?$AAs?$AA?9?$AAw?$AAi?$AAn?$AA?9?$AAc?$AAo?$AAr?$AAe?$AA?9?$AAl?$AAo?$AAc?$AAa?$AAl?$AAi?$AAz?$AAa?$AAt?$AAi?$AAo?$AAn?$AA?9?$AAl?$AA1?$AA?9@ 100024f8     libucrt:winapi_thunks.obj
 0001:00001540       ??_C@_1FK@FPHCKFIE@?$AAa?$AAp?$AAi?$AA?9?$AAm?$AAs?$AA?9?$AAw?$AAi?$AAn?$AA?9?$AAc?$AAo?$AAr?$AAe?$AA?9?$AAl?$AAo?$AAc?$AAa?$AAl?$AAi?$AAz?$AAa?$AAt?$AAi?$AAo?$AAn?$AA?9?$AAo?$AAb?$AAs@ 10002540     libucrt:winapi_thunks.obj
 0001:000015a0       ??_C@_1EM@DILCGIIO@?$AAa?$AAp?$AAi?$AA?9?$AAm?$AAs?$AA?9?$AAw?$AAi?$AAn?$AA?9?$AAc?$AAo?$AAr?$AAe?$AA?9?$AAp?$AAr?$AAo?$AAc?$AAe?$AAs?$AAs?$AAt?$AAh?$AAr?$AAe?$AAa?$AAd?$AAs?$AA?9?$AAl@ 100025a0     libucrt:winapi_thunks.obj
 0001:000015ec       ??_C@_1DM@LNCGDDPN@?$AAa?$AAp?$AAi?$AA?9?$AAm?$AAs?$AA?9?$AAw?$AAi?$AAn?$AA?9?$AAc?$AAo?$AAr?$AAe?$AA?9?$AAs?$AAt?$AAr?$AAi?$AAn?$AAg?$AA?9?$AAl?$AA1?$AA?9?$AA1?$AA?9?$AA0?$AA?$AA@ 100025ec     libucrt:winapi_thunks.obj
 0001:00001628       ??_C@_1DO@FPAPJEMD@?$AAa?$AAp?$AAi?$AA?9?$AAm?$AAs?$AA?9?$AAw?$AAi?$AAn?$AA?9?$AAc?$AAo?$AAr?$AAe?$AA?9?$AAs?$AAy?$AAs?$AAi?$AAn?$AAf?$AAo?$AA?9?$AAl?$AA1?$AA?9?$AA2?$AA?9?$AA1?$AA?$AA@ 10002628     libucrt:winapi_thunks.obj
 0001:00001668       ??_C@_1DK@NDHNAHIO@?$AAa?$AAp?$AAi?$AA?9?$AAm?$AAs?$AA?9?$AAw?$AAi?$AAn?$AA?9?$AAc?$AAo?$AAr?$AAe?$AA?9?$AAw?$AAi?$AAn?$AAr?$AAt?$AA?9?$AAl?$AA1?$AA?9?$AA1?$AA?9?$AA0?$AA?$AA@ 10002668     libucrt:winapi_thunks.obj
 0001:000016a4       ??_C@_1DM@KGHDGBCM@?$AAa?$AAp?$AAi?$AA?9?$AAm?$AAs?$AA?9?$AAw?$AAi?$AAn?$AA?9?$AAc?$AAo?$AAr?$AAe?$AA?9?$AAx?$AAs?$AAt?$AAa?$AAt?$AAe?$AA?9?$AAl?$AA2?$AA?9?$AA1?$AA?9?$AA0?$AA?$AA@ 100026a4     libucrt:winapi_thunks.obj
 0001:000016e0       ??_C@_1EO@IJIOEFOH@?$AAa?$AAp?$AAi?$AA?9?$AAm?$AAs?$AA?9?$AAw?$AAi?$AAn?$AA?9?$AAr?$AAt?$AAc?$AAo?$AAr?$AAe?$AA?9?$AAn?$AAt?$AAu?$AAs?$AAe?$AAr?$AA?9?$AAw?$AAi?$AAn?$AAd?$AAo?$AAw?$AA?9@ 100026e0     libucrt:winapi_thunks.obj
 0001:00001730       ??_C@_1FG@HHGEKANL@?$AAa?$AAp?$AAi?$AA?9?$AAm?$AAs?$AA?9?$AAw?$AAi?$AAn?$AA?9?$AAs?$AAe?$AAc?$AAu?$AAr?$AAi?$AAt?$AAy?$AA?9?$AAs?$AAy?$AAs?$AAt?$AAe?$AAm?$AAf?$AAu?$AAn?$AAc?$AAt?$AAi@ 10002730     libucrt:winapi_thunks.obj
 0001:00001788       ??_C@_1EG@DBIOJECG@?$AAe?$AAx?$AAt?$AA?9?$AAm?$AAs?$AA?9?$AAw?$AAi?$AAn?$AA?9?$AAn?$AAt?$AAu?$AAs?$AAe?$AAr?$AA?9?$AAd?$AAi?$AAa?$AAl?$AAo?$AAg?$AAb?$AAo?$AAx?$AA?9?$AAl?$AA1?$AA?9?$AA1@ 10002788     libucrt:winapi_thunks.obj
 0001:000017d0       ??_C@_1EO@FIHMJCLF@?$AAe?$AAx?$AAt?$AA?9?$AAm?$AAs?$AA?9?$AAw?$AAi?$AAn?$AA?9?$AAn?$AAt?$AAu?$AAs?$AAe?$AAr?$AA?9?$AAw?$AAi?$AAn?$AAd?$AAo?$AAw?$AAs?$AAt?$AAa?$AAt?$AAi?$AAo?$AAn?$AA?9@ 100027d0     libucrt:winapi_thunks.obj
 0001:00001820       ??_C@_1BC@DNHGCMLG@?$AAa?$AAd?$AAv?$AAa?$AAp?$AAi?$AA3?$AA2?$AA?$AA@ 10002820     libucrt:winapi_thunks.obj
 0001:00001834       ??_C@_1M@OAIMIKLP@?$AAn?$AAt?$AAd?$AAl?$AAl?$AA?$AA@ 10002834     libucrt:winapi_thunks.obj
 0001:00001840       ??_C@_1EG@DPGNFKGC@?$AAa?$AAp?$AAi?$AA?9?$AAm?$AAs?$AA?9?$AAw?$AAi?$AAn?$AA?9?$AAa?$AAp?$AAp?$AAm?$AAo?$AAd?$AAe?$AAl?$AA?9?$AAr?$AAu?$AAn?$AAt?$AAi?$AAm?$AAe?$AA?9?$AAl?$AA1?$AA?9?$AA1@ 10002840     libucrt:winapi_thunks.obj
 0001:00001888       ??_C@_1O@BCCLBEOE@?$AAu?$AAs?$AAe?$AAr?$AA3?$AA2?$AA?$AA@ 10002888     libucrt:winapi_thunks.obj
 0001:000018c8       ??_C@_0O@KKBNKAPF@LCMapStringEx?$AA@ 100028c8     libucrt:winapi_thunks.obj
 0001:000018e0       ??_C@_0BB@HBDEELFH@LocaleNameToLCID?$AA@ 100028e0     libucrt:winapi_thunks.obj
 0001:000018f8       ??_C@_0CF@OJOFEIGO@AppPolicyGetProcessTerminationMe@ 100028f8     libucrt:winapi_thunks.obj
 0001:00001920       __wctype                   10002920     libucrt:ctype.obj
 0001:00001b28       ___newctype                10002b28     libucrt:ctype.obj
 0001:00001e28       ___newclmap                10002e28     libucrt:ctype.obj
 0001:00001fa8       ___newcumap                10002fa8     libucrt:ctype.obj
 0001:00002128       ??_C@_15PJPFLCCM@?$AAu?$AAk?$AA?$AA@ 10003128     libucrt:get_qualified_locale.obj
 0001:00002850       ??_C@_15EMKDOKLE@?$AAa?$AAr?$AA?$AA@ 10003850     libucrt:lcidtoname_downlevel.obj
 0001:00002858       ??_C@_15KNPADPLH@?$AAb?$AAg?$AA?$AA@ 10003858     libucrt:lcidtoname_downlevel.obj
 0001:00002860       ??_C@_15EDMHLDMO@?$AAc?$AAa?$AA?$AA@ 10003860     libucrt:lcidtoname_downlevel.obj
 0001:00002868       ??_C@_1O@BPEAJADD@?$AAz?$AAh?$AA?9?$AAC?$AAH?$AAS?$AA?$AA@ 10003868     libucrt:lcidtoname_downlevel.obj
 0001:00002878       ??_C@_15LJNHCMNK@?$AAc?$AAs?$AA?$AA@ 10003878     libucrt:lcidtoname_downlevel.obj
 0001:00002880       ??_C@_15FOMCIDHG@?$AAd?$AAa?$AA?$AA@ 10003880     libucrt:lcidtoname_downlevel.obj
 0001:00002888       ??_C@_15NBKABECB@?$AAd?$AAe?$AA?$AA@ 10003888     libucrt:lcidtoname_downlevel.obj
 0001:00002890       ??_C@_15GHPEIIAO@?$AAe?$AAl?$AA?$AA@ 10003890     libucrt:lcidtoname_downlevel.obj
 0001:00002898       ??_C@_15MNPNEAIF@?$AAe?$AAn?$AA?$AA@ 10003898     libucrt:lcidtoname_downlevel.obj
 0001:000028a0       ??_C@_15GPIOMPMH@?$AAe?$AAs?$AA?$AA@ 100038a0     libucrt:lcidtoname_downlevel.obj
 0001:000028a8       ??_C@_15NGLOAKJC@?$AAf?$AAi?$AA?$AA@ 100038a8     libucrt:lcidtoname_downlevel.obj
 0001:000028b0       ??_C@_15FBKGNKAM@?$AAf?$AAr?$AA?$AA@ 100038b0     libucrt:lcidtoname_downlevel.obj
 0001:000028b8       ??_C@_15KGGCNEFK@?$AAh?$AAe?$AA?$AA@ 100038b8     libucrt:lcidtoname_downlevel.obj
 0001:000028c0       ??_C@_15PGHLIDMF@?$AAh?$AAu?$AA?$AA@ 100038c0     libucrt:lcidtoname_downlevel.obj
 0001:000028c8       ??_C@_15BIEMAPLM@?$AAi?$AAs?$AA?$AA@ 100038c8     libucrt:lcidtoname_downlevel.obj
 0001:000028d0       ??_C@_15IFJLDHAF@?$AAi?$AAt?$AA?$AA@ 100038d0     libucrt:lcidtoname_downlevel.obj
 0001:000028d8       ??_C@_15GEMIOCAG@?$AAj?$AAa?$AA?$AA@ 100038d8     libucrt:lcidtoname_downlevel.obj
 0001:000028e0       ??_C@_15EPELEGJA@?$AAk?$AAo?$AA?$AA@ 100038e0     libucrt:lcidtoname_downlevel.obj
 0001:000028e8       ??_C@_15NDDHIMN@?$AAn?$AAl?$AA?$AA@ 100038e8     libucrt:lcidtoname_downlevel.obj
 0001:000028f0       ??_C@_15BPIGNHCD@?$AAn?$AAo?$AA?$AA@ 100038f0     libucrt:lcidtoname_downlevel.obj
 0001:000028f8       ??_C@_15DEOPBLCG@?$AAp?$AAl?$AA?$AA@ 100038f8     libucrt:lcidtoname_downlevel.obj
 0001:00002900       ??_C@_15KBECGEFG@?$AAp?$AAt?$AA?$AA@ 10003900     libucrt:lcidtoname_downlevel.obj
 0001:00002908       ??_C@_15GLJCBFMD@?$AAr?$AAo?$AA?$AA@ 10003908     libucrt:lcidtoname_downlevel.obj
 0001:00002910       ??_C@_15FEDGKCDI@?$AAr?$AAu?$AA?$AA@ 10003910     libucrt:lcidtoname_downlevel.obj
 0001:00002918       ??_C@_15GLKMLLHM@?$AAh?$AAr?$AA?$AA@ 10003918     libucrt:lcidtoname_downlevel.obj
 0001:00002920       ??_C@_15CPKMFBDB@?$AAs?$AAk?$AA?$AA@ 10003920     libucrt:lcidtoname_downlevel.obj
 0001:00002928       ??_C@_15BAAIOGMK@?$AAs?$AAq?$AA?$AA@ 10003928     libucrt:lcidtoname_downlevel.obj
 0001:00002930       ??_C@_15INNPNOHD@?$AAs?$AAv?$AA?$AA@ 10003930     libucrt:lcidtoname_downlevel.obj
 0001:00002938       ??_C@_15CABMMOGH@?$AAt?$AAh?$AA?$AA@ 10003938     libucrt:lcidtoname_downlevel.obj
 0001:00002940       ??_C@_15BPLIHJJM@?$AAt?$AAr?$AA?$AA@ 10003940     libucrt:lcidtoname_downlevel.obj
 0001:00002948       ??_C@_15NEOEKKDJ@?$AAu?$AAr?$AA?$AA@ 10003948     libucrt:lcidtoname_downlevel.obj
 0001:00002950       ??_C@_15NFICGAJK@?$AAi?$AAd?$AA?$AA@ 10003950     libucrt:lcidtoname_downlevel.obj
 0001:00002958       ??_C@_15HPJPHDM@?$AAb?$AAe?$AA?$AA@ 10003958     libucrt:lcidtoname_downlevel.obj
 0001:00002960       ??_C@_15LCHLGJII@?$AAs?$AAl?$AA?$AA@ 10003960     libucrt:lcidtoname_downlevel.obj
 0001:00002968       ??_C@_15PCFJPHHO@?$AAe?$AAt?$AA?$AA@ 10003968     libucrt:lcidtoname_downlevel.obj
 0001:00002970       ??_C@_15HPFPGODN@?$AAl?$AAv?$AA?$AA@ 10003970     libucrt:lcidtoname_downlevel.obj
 0001:00002978       ??_C@_15NFFGKGLG@?$AAl?$AAt?$AA?$AA@ 10003978     libucrt:lcidtoname_downlevel.obj
 0001:00002980       ??_C@_15BDAKCCHN@?$AAf?$AAa?$AA?$AA@ 10003980     libucrt:lcidtoname_downlevel.obj
 0001:00002988       ??_C@_15NFGIAIAJ@?$AAv?$AAi?$AA?$AA@ 10003988     libucrt:lcidtoname_downlevel.obj
 0001:00002990       ??_C@_15LMKNDMHN@?$AAh?$AAy?$AA?$AA@ 10003990     libucrt:lcidtoname_downlevel.obj
 0001:00002998       ??_C@_15IJBHMCFL@?$AAa?$AAz?$AA?$AA@ 10003998     libucrt:lcidtoname_downlevel.obj
 0001:000029a0       ??_C@_15EKOFJABL@?$AAe?$AAu?$AA?$AA@ 100039a0     libucrt:lcidtoname_downlevel.obj
 0001:000029a8       ??_C@_15BGHADCNK@?$AAm?$AAk?$AA?$AA@ 100039a8     libucrt:lcidtoname_downlevel.obj
 0001:000029b0       ??_C@_15JDNICKHM@?$AAa?$AAf?$AA?$AA@ 100039b0     libucrt:lcidtoname_downlevel.obj
 0001:000029b8       ??_C@_15KPJEDBKD@?$AAk?$AAa?$AA?$AA@ 100039b8     libucrt:lcidtoname_downlevel.obj
 0001:000029c0       ??_C@_15PDNFFFEO@?$AAf?$AAo?$AA?$AA@ 100039c0     libucrt:lcidtoname_downlevel.obj
 0001:000029c8       ??_C@_15OMLEGLOC@?$AAh?$AAi?$AA?$AA@ 100039c8     libucrt:lcidtoname_downlevel.obj
 0001:000029d0       ??_C@_15IDNNENKK@?$AAm?$AAs?$AA?$AA@ 100039d0     libucrt:lcidtoname_downlevel.obj
 0001:000029d8       ??_C@_15MACJNBMH@?$AAk?$AAk?$AA?$AA@ 100039d8     libucrt:lcidtoname_downlevel.obj
 0001:000029e0       ??_C@_15DKDJEOND@?$AAk?$AAy?$AA?$AA@ 100039e0     libucrt:lcidtoname_downlevel.obj
 0001:000029e8       ??_C@_15DFGDLJBG@?$AAs?$AAw?$AA?$AA@ 100039e8     libucrt:lcidtoname_downlevel.obj
 0001:000029f0       ??_C@_15BBFAICNG@?$AAu?$AAz?$AA?$AA@ 100039f0     libucrt:lcidtoname_downlevel.obj
 0001:000029f8       ??_C@_15DKNDCGEA@?$AAt?$AAt?$AA?$AA@ 100039f8     libucrt:lcidtoname_downlevel.obj
 0001:00002a00       ??_C@_15MGIFMDPL@?$AAp?$AAa?$AA?$AA@ 10003a00     libucrt:lcidtoname_downlevel.obj
 0001:00002a08       ??_C@_15HCNDBBA@?$AAg?$AAu?$AA?$AA@ 10003a08     libucrt:lcidtoname_downlevel.obj
 0001:00002a10       ??_C@_15FNBEIBON@?$AAt?$AAa?$AA?$AA@ 10003a10     libucrt:lcidtoname_downlevel.obj
 0001:00002a18       ??_C@_15NCHGBGLK@?$AAt?$AAe?$AA?$AA@ 10003a18     libucrt:lcidtoname_downlevel.obj
 0001:00002a20       ??_C@_15PHPHCBPF@?$AAk?$AAn?$AA?$AA@ 10003a20     libucrt:lcidtoname_downlevel.obj
 0001:00002a28       ??_C@_15DLGBCKMP@?$AAm?$AAr?$AA?$AA@ 10003a28     libucrt:lcidtoname_downlevel.obj
 0001:00002a30       ??_C@_15EABBLBFF@?$AAs?$AAa?$AA?$AA@ 10003a30     libucrt:lcidtoname_downlevel.obj
 0001:00002a38       ??_C@_15CBKOMCOI@?$AAm?$AAn?$AA?$AA@ 10003a38     libucrt:lcidtoname_downlevel.obj
 0001:00002a40       ??_C@_15CKDMCJAF@?$AAg?$AAl?$AA?$AA@ 10003a40     libucrt:lcidtoname_downlevel.obj
 0001:00002a48       ??_C@_17CNJFBPG@?$AAk?$AAo?$AAk?$AA?$AA@ 10003a48     libucrt:lcidtoname_downlevel.obj
 0001:00002a50       ??_C@_17FFBJICPL@?$AAs?$AAy?$AAr?$AA?$AA@ 10003a50     libucrt:lcidtoname_downlevel.obj
 0001:00002a58       ??_C@_17KPNDCPAF@?$AAd?$AAi?$AAv?$AA?$AA@ 10003a58     libucrt:lcidtoname_downlevel.obj
 0001:00002a60       ??_C@_1M@OKAHONE@?$AAa?$AAr?$AA?9?$AAS?$AAA?$AA?$AA@ 10003a60     libucrt:lcidtoname_downlevel.obj
 0001:00002a6c       ??_C@_1M@FFFIGIGK@?$AAb?$AAg?$AA?9?$AAB?$AAG?$AA?$AA@ 10003a6c     libucrt:lcidtoname_downlevel.obj
 0001:00002a78       ??_C@_1M@BJNKEDC@?$AAc?$AAa?$AA?9?$AAE?$AAS?$AA?$AA@ 10003a78     libucrt:lcidtoname_downlevel.obj
 0001:00002a84       ??_C@_1M@IJJHFJHA@?$AAc?$AAs?$AA?9?$AAC?$AAZ?$AA?$AA@ 10003a84     libucrt:lcidtoname_downlevel.obj
 0001:00002a90       ??_C@_1M@CLPEOBGI@?$AAd?$AAa?$AA?9?$AAD?$AAK?$AA?$AA@ 10003a90     libucrt:lcidtoname_downlevel.obj
 0001:00002a9c       ??_C@_1M@MCMADGCB@?$AAd?$AAe?$AA?9?$AAD?$AAE?$AA?$AA@ 10003a9c     libucrt:lcidtoname_downlevel.obj
 0001:00002aa8       ??_C@_1M@OOCKEMAM@?$AAe?$AAl?$AA?9?$AAG?$AAR?$AA?$AA@ 10003aa8     libucrt:lcidtoname_downlevel.obj
 0001:00002ab4       ??_C@_1M@DDNJFGID@?$AAf?$AAi?$AA?9?$AAF?$AAI?$AA?$AA@ 10003ab4     libucrt:lcidtoname_downlevel.obj
 0001:00002ac0       ??_C@_1M@GLIPPMAC@?$AAf?$AAr?$AA?9?$AAF?$AAR?$AA?$AA@ 10003ac0     libucrt:lcidtoname_downlevel.obj
 0001:00002acc       ??_C@_1M@GFMCHPE@?$AAh?$AAe?$AA?9?$AAI?$AAL?$AA?$AA@ 10003acc     libucrt:lcidtoname_downlevel.obj
 0001:00002ad8       ??_C@_1M@MHLPGNKM@?$AAh?$AAu?$AA?9?$AAH?$AAU?$AA?$AA@ 10003ad8     libucrt:lcidtoname_downlevel.obj
 0001:00002ae4       ??_C@_1M@LPDDNNPN@?$AAi?$AAs?$AA?9?$AAI?$AAS?$AA?$AA@ 10003ae4     libucrt:lcidtoname_downlevel.obj
 0001:00002af0       ??_C@_1M@MADIPODN@?$AAi?$AAt?$AA?9?$AAI?$AAT?$AA?$AA@ 10003af0     libucrt:lcidtoname_downlevel.obj
 0001:00002afc       ??_C@_1M@IHBJJGG@?$AAn?$AAl?$AA?9?$AAN?$AAL?$AA?$AA@ 10003afc     libucrt:lcidtoname_downlevel.obj
 0001:00002b08       ??_C@_1M@EANAGDL@?$AAn?$AAb?$AA?9?$AAN?$AAO?$AA?$AA@ 10003b08     libucrt:lcidtoname_downlevel.obj
 0001:00002b14       ??_C@_1M@NEIEMEGP@?$AAp?$AAl?$AA?9?$AAP?$AAL?$AA?$AA@ 10003b14     libucrt:lcidtoname_downlevel.obj
 0001:00002b20       ??_C@_1M@BOCFIGEP@?$AAp?$AAt?$AA?9?$AAB?$AAR?$AA?$AA@ 10003b20     libucrt:lcidtoname_downlevel.obj
 0001:00002b2c       ??_C@_1M@IMPFOPBG@?$AAr?$AAo?$AA?9?$AAR?$AAO?$AA?$AA@ 10003b2c     libucrt:lcidtoname_downlevel.obj
 0001:00002b38       ??_C@_1M@IDNNEJMM@?$AAr?$AAu?$AA?9?$AAR?$AAU?$AA?$AA@ 10003b38     libucrt:lcidtoname_downlevel.obj
 0001:00002b44       ??_C@_1M@LILEEOGM@?$AAh?$AAr?$AA?9?$AAH?$AAR?$AA?$AA@ 10003b44     libucrt:lcidtoname_downlevel.obj
 0001:00002b50       ??_C@_1M@FKIFEHPB@?$AAs?$AAk?$AA?9?$AAS?$AAK?$AA?$AA@ 10003b50     libucrt:lcidtoname_downlevel.obj
 0001:00002b5c       ??_C@_1M@LJMAMNPJ@?$AAs?$AAq?$AA?9?$AAA?$AAL?$AA?$AA@ 10003b5c     libucrt:lcidtoname_downlevel.obj
 0001:00002b68       ??_C@_1M@GIAKDKJK@?$AAs?$AAv?$AA?9?$AAS?$AAE?$AA?$AA@ 10003b68     libucrt:lcidtoname_downlevel.obj
 0001:00002b74       ??_C@_1M@MKJKIKCL@?$AAt?$AAh?$AA?9?$AAT?$AAH?$AA?$AA@ 10003b74     libucrt:lcidtoname_downlevel.obj
 0001:00002b80       ??_C@_1M@MFLCCMPB@?$AAt?$AAr?$AA?9?$AAT?$AAR?$AA?$AA@ 10003b80     libucrt:lcidtoname_downlevel.obj
 0001:00002b8c       ??_C@_1M@OIJHDKJN@?$AAu?$AAr?$AA?9?$AAP?$AAK?$AA?$AA@ 10003b8c     libucrt:lcidtoname_downlevel.obj
 0001:00002b98       ??_C@_1M@LHIPCIEK@?$AAi?$AAd?$AA?9?$AAI?$AAD?$AA?$AA@ 10003b98     libucrt:lcidtoname_downlevel.obj
 0001:00002ba4       ??_C@_1M@MFMOBGI@?$AAu?$AAk?$AA?9?$AAU?$AAA?$AA?$AA@ 10003ba4     libucrt:lcidtoname_downlevel.obj
 0001:00002bb0       ??_C@_1M@OBGLJIPL@?$AAb?$AAe?$AA?9?$AAB?$AAY?$AA?$AA@ 10003bb0     libucrt:lcidtoname_downlevel.obj
 0001:00002bbc       ??_C@_1M@BCFAJEAD@?$AAs?$AAl?$AA?9?$AAS?$AAI?$AA?$AA@ 10003bbc     libucrt:lcidtoname_downlevel.obj
 0001:00002bc8       ??_C@_1M@FKFFEDDN@?$AAe?$AAt?$AA?9?$AAE?$AAE?$AA?$AA@ 10003bc8     libucrt:lcidtoname_downlevel.obj
 0001:00002bd4       ??_C@_1M@KGKKAACI@?$AAl?$AAv?$AA?9?$AAL?$AAV?$AA?$AA@ 10003bd4     libucrt:lcidtoname_downlevel.obj
 0001:00002be0       ??_C@_1M@IFGBIJO@?$AAl?$AAt?$AA?9?$AAL?$AAT?$AA?$AA@ 10003be0     libucrt:lcidtoname_downlevel.obj
 0001:00002bec       ??_C@_1M@FGEAHEDM@?$AAf?$AAa?$AA?9?$AAI?$AAR?$AA?$AA@ 10003bec     libucrt:lcidtoname_downlevel.obj
 0001:00002bf8       ??_C@_1M@KBMAIBFN@?$AAv?$AAi?$AA?9?$AAV?$AAN?$AA?$AA@ 10003bf8     libucrt:lcidtoname_downlevel.obj
 0001:00002c04       ??_C@_1M@GPCBKDJK@?$AAh?$AAy?$AA?9?$AAA?$AAM?$AA?$AA@ 10003c04     libucrt:lcidtoname_downlevel.obj
 0001:00002c10       ??_C@_1BG@BECMDDJB@?$AAa?$AAz?$AA?9?$AAA?$AAZ?$AA?9?$AAL?$AAa?$AAt?$AAn?$AA?$AA@ 10003c10     libucrt:lcidtoname_downlevel.obj
 0001:00002c28       ??_C@_1M@MAOFCAEA@?$AAe?$AAu?$AA?9?$AAE?$AAS?$AA?$AA@ 10003c28     libucrt:lcidtoname_downlevel.obj
 0001:00002c34       ??_C@_1M@IGHABKPI@?$AAm?$AAk?$AA?9?$AAM?$AAK?$AA?$AA@ 10003c34     libucrt:lcidtoname_downlevel.obj
 0001:00002c40       ??_C@_1M@IAIGNEJG@?$AAt?$AAn?$AA?9?$AAZ?$AAA?$AA?$AA@ 10003c40     libucrt:lcidtoname_downlevel.obj
 0001:00002c4c       ??_C@_1M@IIJCOJFA@?$AAx?$AAh?$AA?9?$AAZ?$AAA?$AA?$AA@ 10003c4c     libucrt:lcidtoname_downlevel.obj
 0001:00002c58       ??_C@_1M@LGPJHNJH@?$AAz?$AAu?$AA?9?$AAZ?$AAA?$AA?$AA@ 10003c58     libucrt:lcidtoname_downlevel.obj
 0001:00002c64       ??_C@_1M@HOKAOIO@?$AAa?$AAf?$AA?9?$AAZ?$AAA?$AA?$AA@ 10003c64     libucrt:lcidtoname_downlevel.obj
 0001:00002c70       ??_C@_1M@DPCLHLIE@?$AAk?$AAa?$AA?9?$AAG?$AAE?$AA?$AA@ 10003c70     libucrt:lcidtoname_downlevel.obj
 0001:00002c7c       ??_C@_1M@BLKMHJBI@?$AAf?$AAo?$AA?9?$AAF?$AAO?$AA?$AA@ 10003c7c     libucrt:lcidtoname_downlevel.obj
 0001:00002c88       ??_C@_1M@LGGJAPPB@?$AAh?$AAi?$AA?9?$AAI?$AAN?$AA?$AA@ 10003c88     libucrt:lcidtoname_downlevel.obj
 0001:00002c94       ??_C@_1M@FIKPIHFE@?$AAm?$AAt?$AA?9?$AAM?$AAT?$AA?$AA@ 10003c94     libucrt:lcidtoname_downlevel.obj
 0001:00002ca0       ??_C@_1M@HEGGPBFA@?$AAs?$AAe?$AA?9?$AAN?$AAO?$AA?$AA@ 10003ca0     libucrt:lcidtoname_downlevel.obj
 0001:00002cac       ??_C@_1M@EIBJEEPA@?$AAm?$AAs?$AA?9?$AAM?$AAY?$AA?$AA@ 10003cac     libucrt:lcidtoname_downlevel.obj
 0001:00002cb8       ??_C@_1M@FHLBGMPP@?$AAk?$AAk?$AA?9?$AAK?$AAZ?$AA?$AA@ 10003cb8     libucrt:lcidtoname_downlevel.obj
 0001:00002cc4       ??_C@_1M@NGJJLCGI@?$AAk?$AAy?$AA?9?$AAK?$AAG?$AA?$AA@ 10003cc4     libucrt:lcidtoname_downlevel.obj
 0001:00002cd0       ??_C@_1M@GIENNBFC@?$AAs?$AAw?$AA?9?$AAK?$AAE?$AA?$AA@ 10003cd0     libucrt:lcidtoname_downlevel.obj
 0001:00002cdc       ??_C@_1BG@NDGMJIMJ@?$AAu?$AAz?$AA?9?$AAU?$AAZ?$AA?9?$AAL?$AAa?$AAt?$AAn?$AA?$AA@ 10003cdc     libucrt:lcidtoname_downlevel.obj
 0001:00002cf4       ??_C@_1M@IDCCIHBC@?$AAt?$AAt?$AA?9?$AAR?$AAU?$AA?$AA@ 10003cf4     libucrt:lcidtoname_downlevel.obj
 0001:00002d00       ??_C@_1M@LOICPMOJ@?$AAb?$AAn?$AA?9?$AAI?$AAN?$AA?$AA@ 10003d00     libucrt:lcidtoname_downlevel.obj
 0001:00002d0c       ??_C@_1M@KPKKNEAH@?$AAp?$AAa?$AA?9?$AAI?$AAN?$AA?$AA@ 10003d0c     libucrt:lcidtoname_downlevel.obj
 0001:00002d18       ??_C@_1M@PJGPPBOG@?$AAg?$AAu?$AA?9?$AAI?$AAN?$AA?$AA@ 10003d18     libucrt:lcidtoname_downlevel.obj
 0001:00002d24       ??_C@_1M@KMKMOPHI@?$AAt?$AAa?$AA?9?$AAI?$AAN?$AA?$AA@ 10003d24     libucrt:lcidtoname_downlevel.obj
 0001:00002d30       ??_C@_1M@KFEHEPAC@?$AAt?$AAe?$AA?9?$AAI?$AAN?$AA?$AA@ 10003d30     libucrt:lcidtoname_downlevel.obj
 0001:00002d3c       ??_C@_1M@CDCLMGHI@?$AAk?$AAn?$AA?9?$AAI?$AAN?$AA?$AA@ 10003d3c     libucrt:lcidtoname_downlevel.obj
 0001:00002d48       ??_C@_1M@MIODLDKF@?$AAm?$AAl?$AA?9?$AAI?$AAN?$AA?$AA@ 10003d48     libucrt:lcidtoname_downlevel.obj
 0001:00002d54       ??_C@_1M@PBIEACPO@?$AAm?$AAr?$AA?9?$AAI?$AAN?$AA?$AA@ 10003d54     libucrt:lcidtoname_downlevel.obj
 0001:00002d60       ??_C@_1M@NIDEAGPH@?$AAs?$AAa?$AA?9?$AAI?$AAN?$AA?$AA@ 10003d60     libucrt:lcidtoname_downlevel.obj
 0001:00002d6c       ??_C@_1M@FHIHCBIO@?$AAm?$AAn?$AA?9?$AAM?$AAN?$AA?$AA@ 10003d6c     libucrt:lcidtoname_downlevel.obj
 0001:00002d78       ??_C@_1M@JAIJPENP@?$AAc?$AAy?$AA?9?$AAG?$AAB?$AA?$AA@ 10003d78     libucrt:lcidtoname_downlevel.obj
 0001:00002d84       ??_C@_1M@PHGFBEPN@?$AAg?$AAl?$AA?9?$AAE?$AAS?$AA?$AA@ 10003d84     libucrt:lcidtoname_downlevel.obj
 0001:00002d90       ??_C@_1O@KPIPDNCP@?$AAk?$AAo?$AAk?$AA?9?$AAI?$AAN?$AA?$AA@ 10003d90     libucrt:lcidtoname_downlevel.obj
 0001:00002da0       ??_C@_1O@KNHJLDJA@?$AAs?$AAy?$AAr?$AA?9?$AAS?$AAY?$AA?$AA@ 10003da0     libucrt:lcidtoname_downlevel.obj
 0001:00002db0       ??_C@_1O@MKEKBLAH@?$AAd?$AAi?$AAv?$AA?9?$AAM?$AAV?$AA?$AA@ 10003db0     libucrt:lcidtoname_downlevel.obj
 0001:00002dc0       ??_C@_1O@OHDCKDDF@?$AAq?$AAu?$AAz?$AA?9?$AAB?$AAO?$AA?$AA@ 10003dc0     libucrt:lcidtoname_downlevel.obj
 0001:00002dd0       ??_C@_1M@LEPJNLFD@?$AAn?$AAs?$AA?9?$AAZ?$AAA?$AA?$AA@ 10003dd0     libucrt:lcidtoname_downlevel.obj
 0001:00002ddc       ??_C@_1M@OMLEIIJB@?$AAm?$AAi?$AA?9?$AAN?$AAZ?$AA?$AA@ 10003ddc     libucrt:lcidtoname_downlevel.obj
 0001:00002de8       ??_C@_1M@PMPEAILG@?$AAa?$AAr?$AA?9?$AAI?$AAQ?$AA?$AA@ 10003de8     libucrt:lcidtoname_downlevel.obj
 0001:00002df4       ??_C@_1M@CNKPNOEE@?$AAd?$AAe?$AA?9?$AAC?$AAH?$AA?$AA@ 10003df4     libucrt:lcidtoname_downlevel.obj
 0001:00002e00       ??_C@_1M@LKMGMLKO@?$AAe?$AAn?$AA?9?$AAG?$AAB?$AA?$AA@ 10003e00     libucrt:lcidtoname_downlevel.obj
 0001:00002e0c       ??_C@_1M@PGKJFFGL@?$AAe?$AAs?$AA?9?$AAM?$AAX?$AA?$AA@ 10003e0c     libucrt:lcidtoname_downlevel.obj
 0001:00002e18       ??_C@_1M@DNNANBDC@?$AAf?$AAr?$AA?9?$AAB?$AAE?$AA?$AA@ 10003e18     libucrt:lcidtoname_downlevel.obj
 0001:00002e24       ??_C@_1M@HLGMDFHM@?$AAi?$AAt?$AA?9?$AAC?$AAH?$AA?$AA@ 10003e24     libucrt:lcidtoname_downlevel.obj
 0001:00002e30       ??_C@_1M@CLLBGJH@?$AAn?$AAl?$AA?9?$AAB?$AAE?$AA?$AA@ 10003e30     libucrt:lcidtoname_downlevel.obj
 0001:00002e3c       ??_C@_1M@BODBOGLF@?$AAn?$AAn?$AA?9?$AAN?$AAO?$AA?$AA@ 10003e3c     libucrt:lcidtoname_downlevel.obj
 0001:00002e48       ??_C@_1M@HFFAHKAD@?$AAp?$AAt?$AA?9?$AAP?$AAT?$AA?$AA@ 10003e48     libucrt:lcidtoname_downlevel.obj
 0001:00002e54       ??_C@_1BG@LNOAKHIE@?$AAs?$AAr?$AA?9?$AAS?$AAP?$AA?9?$AAL?$AAa?$AAt?$AAn?$AA?$AA@ 10003e54     libucrt:lcidtoname_downlevel.obj
 0001:00002e6c       ??_C@_1M@HBMHBGAK@?$AAs?$AAv?$AA?9?$AAF?$AAI?$AA?$AA@ 10003e6c     libucrt:lcidtoname_downlevel.obj
 0001:00002e78       ??_C@_1BG@DGCJGJBE@?$AAa?$AAz?$AA?9?$AAA?$AAZ?$AA?9?$AAC?$AAy?$AAr?$AAl?$AA?$AA@ 10003e78     libucrt:lcidtoname_downlevel.obj
 0001:00002e90       ??_C@_1M@KEJDAAHB@?$AAs?$AAe?$AA?9?$AAS?$AAE?$AA?$AA@ 10003e90     libucrt:lcidtoname_downlevel.obj
 0001:00002e9c       ??_C@_1M@HEIBJJAD@?$AAm?$AAs?$AA?9?$AAB?$AAN?$AA?$AA@ 10003e9c     libucrt:lcidtoname_downlevel.obj
 0001:00002ea8       ??_C@_1BG@PBGJMCEM@?$AAu?$AAz?$AA?9?$AAU?$AAZ?$AA?9?$AAC?$AAy?$AAr?$AAl?$AA?$AA@ 10003ea8     libucrt:lcidtoname_downlevel.obj
 0001:00002ec0       ??_C@_1O@LAOBCMDF@?$AAq?$AAu?$AAz?$AA?9?$AAE?$AAC?$AA?$AA@ 10003ec0     libucrt:lcidtoname_downlevel.obj
 0001:00002ed0       ??_C@_1M@POEEMAIO@?$AAa?$AAr?$AA?9?$AAE?$AAG?$AA?$AA@ 10003ed0     libucrt:lcidtoname_downlevel.obj
 0001:00002edc       ??_C@_1M@EFAKDEDL@?$AAz?$AAh?$AA?9?$AAH?$AAK?$AA?$AA@ 10003edc     libucrt:lcidtoname_downlevel.obj
 0001:00002ee8       ??_C@_1M@HKKIJHGI@?$AAd?$AAe?$AA?9?$AAA?$AAT?$AA?$AA@ 10003ee8     libucrt:lcidtoname_downlevel.obj
 0001:00002ef4       ??_C@_1M@KBFBEHJF@?$AAe?$AAn?$AA?9?$AAA?$AAU?$AA?$AA@ 10003ef4     libucrt:lcidtoname_downlevel.obj
 0001:00002f00       ??_C@_1M@MNPLFAAH@?$AAe?$AAs?$AA?9?$AAE?$AAS?$AA?$AA@ 10003f00     libucrt:lcidtoname_downlevel.obj
 0001:00002f0c       ??_C@_1M@HJOOJFMA@?$AAf?$AAr?$AA?9?$AAC?$AAA?$AA?$AA@ 10003f0c     libucrt:lcidtoname_downlevel.obj
 0001:00002f18       ??_C@_1BG@JPOFPNAB@?$AAs?$AAr?$AA?9?$AAS?$AAP?$AA?9?$AAC?$AAy?$AAr?$AAl?$AA?$AA@ 10003f18     libucrt:lcidtoname_downlevel.obj
 0001:00002f30       ??_C@_1M@LNFOCMOB@?$AAs?$AAe?$AA?9?$AAF?$AAI?$AA?$AA@ 10003f30     libucrt:lcidtoname_downlevel.obj
 0001:00002f3c       ??_C@_1O@MGJBOAMB@?$AAq?$AAu?$AAz?$AA?9?$AAP?$AAE?$AA?$AA@ 10003f3c     libucrt:lcidtoname_downlevel.obj
 0001:00002f4c       ??_C@_1M@GJINLBOK@?$AAa?$AAr?$AA?9?$AAL?$AAY?$AA?$AA@ 10003f4c     libucrt:lcidtoname_downlevel.obj
 0001:00002f58       ??_C@_1M@GGMNHJNL@?$AAz?$AAh?$AA?9?$AAS?$AAG?$AA?$AA@ 10003f58     libucrt:lcidtoname_downlevel.obj
 0001:00002f64       ??_C@_1M@HOIKODND@?$AAd?$AAe?$AA?9?$AAL?$AAU?$AA?$AA@ 10003f64     libucrt:lcidtoname_downlevel.obj
 0001:00002f70       ??_C@_1M@DDOCCGFG@?$AAe?$AAn?$AA?9?$AAC?$AAA?$AA?$AA@ 10003f70     libucrt:lcidtoname_downlevel.obj
 0001:00002f7c       ??_C@_1M@BNOEMJLF@?$AAe?$AAs?$AA?9?$AAG?$AAT?$AA?$AA@ 10003f7c     libucrt:lcidtoname_downlevel.obj
 0001:00002f88       ??_C@_1M@EOGNKEK@?$AAf?$AAr?$AA?9?$AAC?$AAH?$AA?$AA@ 10003f88     libucrt:lcidtoname_downlevel.obj
 0001:00002f94       ??_C@_1M@FLIDJFHL@?$AAh?$AAr?$AA?9?$AAB?$AAA?$AA?$AA@ 10003f94     libucrt:lcidtoname_downlevel.obj
 0001:00002fa0       ??_C@_1O@FMCELNAJ@?$AAs?$AAm?$AAj?$AA?9?$AAN?$AAO?$AA?$AA@ 10003fa0     libucrt:lcidtoname_downlevel.obj
 0001:00002fb0       ??_C@_1M@JHGLJMGJ@?$AAa?$AAr?$AA?9?$AAD?$AAZ?$AA?$AA@ 10003fb0     libucrt:lcidtoname_downlevel.obj
 0001:00002fbc       ??_C@_1M@JKKFDCNP@?$AAz?$AAh?$AA?9?$AAM?$AAO?$AA?$AA@ 10003fbc     libucrt:lcidtoname_downlevel.obj
 0001:00002fc8       ??_C@_1M@GEEFALPE@?$AAd?$AAe?$AA?9?$AAL?$AAI?$AA?$AA@ 10003fc8     libucrt:lcidtoname_downlevel.obj
 0001:00002fd4       ??_C@_1M@IGEOFBG@?$AAe?$AAn?$AA?9?$AAN?$AAZ?$AA?$AA@ 10003fd4     libucrt:lcidtoname_downlevel.obj
 0001:00002fe0       ??_C@_1M@KDBONEHP@?$AAe?$AAs?$AA?9?$AAC?$AAR?$AA?$AA@ 10003fe0     libucrt:lcidtoname_downlevel.obj
 0001:00002fec       ??_C@_1M@FHMDOHNN@?$AAf?$AAr?$AA?9?$AAL?$AAU?$AA?$AA@ 10003fec     libucrt:lcidtoname_downlevel.obj
 0001:00002ff8       ??_C@_1BG@NFKKMAFG@?$AAb?$AAs?$AA?9?$AAB?$AAA?$AA?9?$AAL?$AAa?$AAt?$AAn?$AA?$AA@ 10003ff8     libucrt:lcidtoname_downlevel.obj
 0001:00003010       ??_C@_1O@IMNBEMCI@?$AAs?$AAm?$AAj?$AA?9?$AAS?$AAE?$AA?$AA@ 10004010     libucrt:lcidtoname_downlevel.obj
 0001:00003020       ??_C@_1M@DHHMBNDP@?$AAa?$AAr?$AA?9?$AAM?$AAA?$AA?$AA@ 10004020     libucrt:lcidtoname_downlevel.obj
 0001:0000302c       ??_C@_1M@BNBLJCGH@?$AAe?$AAn?$AA?9?$AAI?$AAE?$AA?$AA@ 1000402c     libucrt:lcidtoname_downlevel.obj
 0001:00003038       ??_C@_1M@GEPAFMDL@?$AAe?$AAs?$AA?9?$AAP?$AAA?$AA?$AA@ 10004038     libucrt:lcidtoname_downlevel.obj
 0001:00003044       ??_C@_1M@OJONDMDL@?$AAf?$AAr?$AA?9?$AAM?$AAC?$AA?$AA@ 10004044     libucrt:lcidtoname_downlevel.obj
 0001:00003050       ??_C@_1BG@OBCNFJB@?$AAs?$AAr?$AA?9?$AAB?$AAA?$AA?9?$AAL?$AAa?$AAt?$AAn?$AA?$AA@ 10004050     libucrt:lcidtoname_downlevel.obj
 0001:00003068       ??_C@_1O@KEMEEGPO@?$AAs?$AAm?$AAa?$AA?9?$AAN?$AAO?$AA?$AA@ 10004068     libucrt:lcidtoname_downlevel.obj
 0001:00003078       ??_C@_1M@ELMGFODK@?$AAa?$AAr?$AA?9?$AAT?$AAN?$AA?$AA@ 10004078     libucrt:lcidtoname_downlevel.obj
 0001:00003084       ??_C@_1M@BHDLHFAF@?$AAe?$AAn?$AA?9?$AAZ?$AAA?$AA?$AA@ 10004084     libucrt:lcidtoname_downlevel.obj
 0001:00003090       ??_C@_1M@BMGIGLIF@?$AAe?$AAs?$AA?9?$AAD?$AAO?$AA?$AA@ 10004090     libucrt:lcidtoname_downlevel.obj
 0001:0000309c       ??_C@_1BG@CMBHIPBE@?$AAs?$AAr?$AA?9?$AAB?$AAA?$AA?9?$AAC?$AAy?$AAr?$AAl?$AA?$AA@ 1000409c     libucrt:lcidtoname_downlevel.obj
 0001:000030b4       ??_C@_1O@HEDBLHNP@?$AAs?$AAm?$AAa?$AA?9?$AAS?$AAE?$AA?$AA@ 100040b4     libucrt:lcidtoname_downlevel.obj
 0001:000030c4       ??_C@_1M@DAGCADIM@?$AAa?$AAr?$AA?9?$AAO?$AAM?$AA?$AA@ 100040c4     libucrt:lcidtoname_downlevel.obj
 0001:000030d0       ??_C@_1M@FODLMICG@?$AAe?$AAn?$AA?9?$AAJ?$AAM?$AA?$AA@ 100040d0     libucrt:lcidtoname_downlevel.obj
 0001:000030dc       ??_C@_1M@DNMLCIHB@?$AAe?$AAs?$AA?9?$AAV?$AAE?$AA?$AA@ 100040dc     libucrt:lcidtoname_downlevel.obj
 0001:000030e8       ??_C@_1O@EOKHMKJK@?$AAs?$AAm?$AAs?$AA?9?$AAF?$AAI?$AA?$AA@ 100040e8     libucrt:lcidtoname_downlevel.obj
 0001:000030f8       ??_C@_1M@CAFJMKOF@?$AAa?$AAr?$AA?9?$AAY?$AAE?$AA?$AA@ 100040f8     libucrt:lcidtoname_downlevel.obj
 0001:00003104       ??_C@_1M@CBFHIJLI@?$AAe?$AAn?$AA?9?$AAC?$AAB?$AA?$AA@ 10004104     libucrt:lcidtoname_downlevel.obj
 0001:00003110       ??_C@_1M@BGNFLDN@?$AAe?$AAs?$AA?9?$AAC?$AAO?$AA?$AA@ 10004110     libucrt:lcidtoname_downlevel.obj
 0001:0000311c       ??_C@_1O@JMPHMAMC@?$AAs?$AAm?$AAn?$AA?9?$AAF?$AAI?$AA?$AA@ 1000411c     libucrt:lcidtoname_downlevel.obj
 0001:0000312c       ??_C@_1M@JLANABKE@?$AAa?$AAr?$AA?9?$AAS?$AAY?$AA?$AA@ 1000412c     libucrt:lcidtoname_downlevel.obj
 0001:00003138       ??_C@_1M@HPKGCFGN@?$AAe?$AAn?$AA?9?$AAB?$AAZ?$AA?$AA@ 10004138     libucrt:lcidtoname_downlevel.obj
 0001:00003144       ??_C@_1M@OLJCMLGM@?$AAe?$AAs?$AA?9?$AAP?$AAE?$AA?$AA@ 10004144     libucrt:lcidtoname_downlevel.obj
 0001:00003150       ??_C@_1M@MKKGFKLE@?$AAa?$AAr?$AA?9?$AAJ?$AAO?$AA?$AA@ 10004150     libucrt:lcidtoname_downlevel.obj
 0001:0000315c       ??_C@_1M@EKPGLDNI@?$AAe?$AAn?$AA?9?$AAT?$AAT?$AA?$AA@ 1000415c     libucrt:lcidtoname_downlevel.obj
 0001:00003168       ??_C@_1M@OONGHFHE@?$AAe?$AAs?$AA?9?$AAA?$AAR?$AA?$AA@ 10004168     libucrt:lcidtoname_downlevel.obj
 0001:00003174       ??_C@_1M@OOJFGBHE@?$AAa?$AAr?$AA?9?$AAL?$AAB?$AA?$AA@ 10004174     libucrt:lcidtoname_downlevel.obj
 0001:00003180       ??_C@_1M@GCEJHNEG@?$AAe?$AAn?$AA?9?$AAZ?$AAW?$AA?$AA@ 10004180     libucrt:lcidtoname_downlevel.obj
 0001:0000318c       ??_C@_1M@JNOCAHJI@?$AAe?$AAs?$AA?9?$AAE?$AAC?$AA?$AA@ 1000418c     libucrt:lcidtoname_downlevel.obj
 0001:00003198       ??_C@_1M@JEFHPGGB@?$AAa?$AAr?$AA?9?$AAK?$AAW?$AA?$AA@ 10004198     libucrt:lcidtoname_downlevel.obj
 0001:000031a4       ??_C@_1M@MLKIBJOJ@?$AAe?$AAn?$AA?9?$AAP?$AAH?$AA?$AA@ 100041a4     libucrt:lcidtoname_downlevel.obj
 0001:000031b0       ??_C@_1M@BDNIPEND@?$AAe?$AAs?$AA?9?$AAC?$AAL?$AA?$AA@ 100041b0     libucrt:lcidtoname_downlevel.obj
 0001:000031bc       ??_C@_1M@MPNMEKBD@?$AAa?$AAr?$AA?9?$AAA?$AAE?$AA?$AA@ 100041bc     libucrt:lcidtoname_downlevel.obj
 0001:000031c8       ??_C@_1M@KBJALCPI@?$AAe?$AAs?$AA?9?$AAU?$AAY?$AA?$AA@ 100041c8     libucrt:lcidtoname_downlevel.obj
 0001:000031d4       ??_C@_1M@LLCCOAGA@?$AAa?$AAr?$AA?9?$AAB?$AAH?$AA?$AA@ 100041d4     libucrt:lcidtoname_downlevel.obj
 0001:000031e0       ??_C@_1M@PBFNCDEL@?$AAe?$AAs?$AA?9?$AAP?$AAY?$AA?$AA@ 100041e0     libucrt:lcidtoname_downlevel.obj
 0001:000031ec       ??_C@_1M@EDGINPNP@?$AAa?$AAr?$AA?9?$AAQ?$AAA?$AA?$AA@ 100041ec     libucrt:lcidtoname_downlevel.obj
 0001:000031f8       ??_C@_1M@MKDBIIJI@?$AAe?$AAs?$AA?9?$AAB?$AAO?$AA?$AA@ 100041f8     libucrt:lcidtoname_downlevel.obj
 0001:00003204       ??_C@_1M@CPKKEBLD@?$AAe?$AAs?$AA?9?$AAS?$AAV?$AA?$AA@ 10004204     libucrt:lcidtoname_downlevel.obj
 0001:00003210       ??_C@_1M@NDBGMMJL@?$AAe?$AAs?$AA?9?$AAH?$AAN?$AA?$AA@ 10004210     libucrt:lcidtoname_downlevel.obj
 0001:0000321c       ??_C@_1M@JIJIBHDP@?$AAe?$AAs?$AA?9?$AAN?$AAI?$AA?$AA@ 1000421c     libucrt:lcidtoname_downlevel.obj
 0001:00003228       ??_C@_1M@CGFMKEEK@?$AAe?$AAs?$AA?9?$AAP?$AAR?$AA?$AA@ 10004228     libucrt:lcidtoname_downlevel.obj
 0001:00003234       ??_C@_1O@ICJHKIIK@?$AAz?$AAh?$AA?9?$AAC?$AAH?$AAT?$AA?$AA@ 10004234     libucrt:lcidtoname_downlevel.obj
 0001:00003244       ??_C@_15CLNEJCE@?$AAs?$AAr?$AA?$AA@ 10004244     libucrt:lcidtoname_downlevel.obj
 0001:00003970       ??_C@_1M@KAHEKEIG@?$AAa?$AAf?$AA?9?$AAz?$AAa?$AA?$AA@ 10004970     libucrt:lcidtoname_downlevel.obj
 0001:0000397c       ??_C@_1M@GIECOABL@?$AAa?$AAr?$AA?9?$AAa?$AAe?$AA?$AA@ 1000497c     libucrt:lcidtoname_downlevel.obj
 0001:00003988       ??_C@_1M@BMLMEKGI@?$AAa?$AAr?$AA?9?$AAb?$AAh?$AA?$AA@ 10004988     libucrt:lcidtoname_downlevel.obj
 0001:00003994       ??_C@_1M@DAPFDGGB@?$AAa?$AAr?$AA?9?$AAd?$AAz?$AA?$AA@ 10004994     libucrt:lcidtoname_downlevel.obj
 0001:000039a0       ??_C@_1M@FJNKGKIG@?$AAa?$AAr?$AA?9?$AAe?$AAg?$AA?$AA@ 100049a0     libucrt:lcidtoname_downlevel.obj
 0001:000039ac       ??_C@_1M@FLGKKCLO@?$AAa?$AAr?$AA?9?$AAi?$AAq?$AA?$AA@ 100049ac     libucrt:lcidtoname_downlevel.obj
 0001:000039b8       ??_C@_1M@GNDIPALM@?$AAa?$AAr?$AA?9?$AAj?$AAo?$AA?$AA@ 100049b8     libucrt:lcidtoname_downlevel.obj
 0001:000039c4       ??_C@_1M@DDMJFMGJ@?$AAa?$AAr?$AA?9?$AAk?$AAw?$AA?$AA@ 100049c4     libucrt:lcidtoname_downlevel.obj
 0001:000039d0       ??_C@_1M@EJALMLHM@?$AAa?$AAr?$AA?9?$AAl?$AAb?$AA?$AA@ 100049d0     libucrt:lcidtoname_downlevel.obj
 0001:000039dc       ??_C@_1M@MOBDBLOC@?$AAa?$AAr?$AA?9?$AAl?$AAy?$AA?$AA@ 100049dc     libucrt:lcidtoname_downlevel.obj
 0001:000039e8       ??_C@_1M@JAOCLHDH@?$AAa?$AAr?$AA?9?$AAm?$AAa?$AA?$AA@ 100049e8     libucrt:lcidtoname_downlevel.obj
 0001:000039f4       ??_C@_1M@JHPMKJIE@?$AAa?$AAr?$AA?9?$AAo?$AAm?$AA?$AA@ 100049f4     libucrt:lcidtoname_downlevel.obj
 0001:00003a00       ??_C@_1M@OEPGHFNH@?$AAa?$AAr?$AA?9?$AAq?$AAa?$AA?$AA@ 10004a00     libucrt:lcidtoname_downlevel.obj
 0001:00003a0c       ??_C@_1M@KJDONENM@?$AAa?$AAr?$AA?9?$AAs?$AAa?$AA?$AA@ 10004a0c     libucrt:lcidtoname_downlevel.obj
 0001:00003a18       ??_C@_1M@DMJDKLKM@?$AAa?$AAr?$AA?9?$AAs?$AAy?$AA?$AA@ 10004a18     libucrt:lcidtoname_downlevel.obj
 0001:00003a24       ??_C@_1M@OMFIPEDC@?$AAa?$AAr?$AA?9?$AAt?$AAn?$AA?$AA@ 10004a24     libucrt:lcidtoname_downlevel.obj
 0001:00003a30       ??_C@_1M@IHMHGAON@?$AAa?$AAr?$AA?9?$AAy?$AAe?$AA?$AA@ 10004a30     libucrt:lcidtoname_downlevel.obj
 0001:00003a3c       ??_C@_1BG@KDCPGJGB@?$AAa?$AAz?$AA?9?$AAa?$AAz?$AA?9?$AAc?$AAy?$AAr?$AAl?$AA?$AA@ 10004a3c     libucrt:lcidtoname_downlevel.obj
 0001:00003a54       ??_C@_1BG@IBCKDDOE@?$AAa?$AAz?$AA?9?$AAa?$AAz?$AA?9?$AAl?$AAa?$AAt?$AAn?$AA?$AA@ 10004a54     libucrt:lcidtoname_downlevel.obj
 0001:00003a6c       ??_C@_1M@EGPFDCPD@?$AAb?$AAe?$AA?9?$AAb?$AAy?$AA?$AA@ 10004a6c     libucrt:lcidtoname_downlevel.obj
 0001:00003a78       ??_C@_1M@PCMGMCGC@?$AAb?$AAg?$AA?9?$AAb?$AAg?$AA?$AA@ 10004a78     libucrt:lcidtoname_downlevel.obj
 0001:00003a84       ??_C@_1M@BJBMFGOB@?$AAb?$AAn?$AA?9?$AAi?$AAn?$AA?$AA@ 10004a84     libucrt:lcidtoname_downlevel.obj
 0001:00003a90       ??_C@_1BG@EAKMMACD@?$AAb?$AAs?$AA?9?$AAb?$AAa?$AA?9?$AAl?$AAa?$AAt?$AAn?$AA?$AA@ 10004a90     libucrt:lcidtoname_downlevel.obj
 0001:00003aa8       ??_C@_1M@KGADAODK@?$AAc?$AAa?$AA?9?$AAe?$AAs?$AA?$AA@ 10004aa8     libucrt:lcidtoname_downlevel.obj
 0001:00003ab4       ??_C@_1M@COAJPDHI@?$AAc?$AAs?$AA?9?$AAc?$AAz?$AA?$AA@ 10004ab4     libucrt:lcidtoname_downlevel.obj
 0001:00003ac0       ??_C@_1M@DHBHFONH@?$AAc?$AAy?$AA?9?$AAg?$AAb?$AA?$AA@ 10004ac0     libucrt:lcidtoname_downlevel.obj
 0001:00003acc       ??_C@_1M@IMGKELGA@?$AAd?$AAa?$AA?9?$AAd?$AAk?$AA?$AA@ 10004acc     libucrt:lcidtoname_downlevel.obj
 0001:00003ad8       ??_C@_1M@NNDGDNGA@?$AAd?$AAe?$AA?9?$AAa?$AAt?$AA?$AA@ 10004ad8     libucrt:lcidtoname_downlevel.obj
 0001:00003ae4       ??_C@_1M@IKDBHEEM@?$AAd?$AAe?$AA?9?$AAc?$AAh?$AA?$AA@ 10004ae4     libucrt:lcidtoname_downlevel.obj
 0001:00003af0       ??_C@_1M@GFFOJMCJ@?$AAd?$AAe?$AA?9?$AAd?$AAe?$AA?$AA@ 10004af0     libucrt:lcidtoname_downlevel.obj
 0001:00003afc       ??_C@_1M@MDNLKBPM@?$AAd?$AAe?$AA?9?$AAl?$AAi?$AA?$AA@ 10004afc     libucrt:lcidtoname_downlevel.obj
 0001:00003b08       ??_C@_1M@NJBEEJNL@?$AAd?$AAe?$AA?9?$AAl?$AAu?$AA?$AA@ 10004b08     libucrt:lcidtoname_downlevel.obj
 0001:00003b14       ??_C@_1O@GNNELBAP@?$AAd?$AAi?$AAv?$AA?9?$AAm?$AAv?$AA?$AA@ 10004b14     libucrt:lcidtoname_downlevel.obj
 0001:00003b24       ??_C@_1M@EJLEOGAE@?$AAe?$AAl?$AA?9?$AAg?$AAr?$AA?$AA@ 10004b24     libucrt:lcidtoname_downlevel.obj
 0001:00003b30       ??_C@_1M@GMPONJN@?$AAe?$AAn?$AA?9?$AAa?$AAu?$AA?$AA@ 10004b30     libucrt:lcidtoname_downlevel.obj
 0001:00003b3c       ??_C@_1M@NIDIIPGF@?$AAe?$AAn?$AA?9?$AAb?$AAz?$AA?$AA@ 10004b3c     libucrt:lcidtoname_downlevel.obj
 0001:00003b48       ??_C@_1M@JEHMIMFO@?$AAe?$AAn?$AA?9?$AAc?$AAa?$AA?$AA@ 10004b48     libucrt:lcidtoname_downlevel.obj
 0001:00003b54       ??_C@_1M@IGMJCDLA@?$AAe?$AAn?$AA?9?$AAc?$AAb?$AA?$AA@ 10004b54     libucrt:lcidtoname_downlevel.obj
 0001:00003b60       ??_C@_1M@BNFIGBKG@?$AAe?$AAn?$AA?9?$AAg?$AAb?$AA?$AA@ 10004b60     libucrt:lcidtoname_downlevel.obj
 0001:00003b6c       ??_C@_1M@LKIFDIGP@?$AAe?$AAn?$AA?9?$AAi?$AAe?$AA?$AA@ 10004b6c     libucrt:lcidtoname_downlevel.obj
 0001:00003b78       ??_C@_1M@PJKFGCCO@?$AAe?$AAn?$AA?9?$AAj?$AAm?$AA?$AA@ 10004b78     libucrt:lcidtoname_downlevel.obj
 0001:00003b84       ??_C@_1M@KPPKEPBO@?$AAe?$AAn?$AA?9?$AAn?$AAz?$AA?$AA@ 10004b84     libucrt:lcidtoname_downlevel.obj
 0001:00003b90       ??_C@_1M@GMDGLDOB@?$AAe?$AAn?$AA?9?$AAp?$AAh?$AA?$AA@ 10004b90     libucrt:lcidtoname_downlevel.obj
 0001:00003b9c       ??_C@_1M@ONGIBJNA@?$AAe?$AAn?$AA?9?$AAt?$AAt?$AA?$AA@ 10004b9c     libucrt:lcidtoname_downlevel.obj
 0001:00003ba8       ??_C@_1M@LLODPCMM@?$AAe?$AAn?$AA?9?$AAu?$AAs?$AA?$AA@ 10004ba8     libucrt:lcidtoname_downlevel.obj
 0001:00003bb4       ??_C@_1M@LAKFNPAN@?$AAe?$AAn?$AA?9?$AAz?$AAa?$AA?$AA@ 10004bb4     libucrt:lcidtoname_downlevel.obj
 0001:00003bc0       ??_C@_1M@MFNHNHEO@?$AAe?$AAn?$AA?9?$AAz?$AAw?$AA?$AA@ 10004bc0     libucrt:lcidtoname_downlevel.obj
 0001:00003bcc       ??_C@_1M@EJEINPHM@?$AAe?$AAs?$AA?9?$AAa?$AAr?$AA?$AA@ 10004bcc     libucrt:lcidtoname_downlevel.obj
 0001:00003bd8       ??_C@_1M@GNKPCCJA@?$AAe?$AAs?$AA?9?$AAb?$AAo?$AA?$AA@ 10004bd8     libucrt:lcidtoname_downlevel.obj
 0001:00003be4       ??_C@_1M@LEEGFONL@?$AAe?$AAs?$AA?9?$AAc?$AAl?$AA?$AA@ 10004be4     libucrt:lcidtoname_downlevel.obj
 0001:00003bf0       ??_C@_1M@KGPDPBDF@?$AAe?$AAs?$AA?9?$AAc?$AAo?$AA?$AA@ 10004bf0     libucrt:lcidtoname_downlevel.obj
 0001:00003bfc       ??_C@_1M@EIAHOHH@?$AAe?$AAs?$AA?9?$AAc?$AAr?$AA?$AA@ 10004bfc     libucrt:lcidtoname_downlevel.obj
 0001:00003c08       ??_C@_1M@LLPGMBIN@?$AAe?$AAs?$AA?9?$AAd?$AAo?$AA?$AA@ 10004c08     libucrt:lcidtoname_downlevel.obj
 0001:00003c14       ??_C@_1M@DKHMKNJA@?$AAe?$AAs?$AA?9?$AAe?$AAc?$AA?$AA@ 10004c14     libucrt:lcidtoname_downlevel.obj
 0001:00003c20       ??_C@_1M@GKGFPKAP@?$AAe?$AAs?$AA?9?$AAe?$AAs?$AA?$AA@ 10004c20     libucrt:lcidtoname_downlevel.obj
 0001:00003c2c       ??_C@_1M@LKHKGDLN@?$AAe?$AAs?$AA?9?$AAg?$AAt?$AA?$AA@ 10004c2c     libucrt:lcidtoname_downlevel.obj
 0001:00003c38       ??_C@_1M@HEIIGGJD@?$AAe?$AAs?$AA?9?$AAh?$AAn?$AA?$AA@ 10004c38     libucrt:lcidtoname_downlevel.obj
 0001:00003c44       ??_C@_1M@FBDHPPGD@?$AAe?$AAs?$AA?9?$AAm?$AAx?$AA?$AA@ 10004c44     libucrt:lcidtoname_downlevel.obj
 0001:00003c50       ??_C@_1M@DPAGLNDH@?$AAe?$AAs?$AA?9?$AAn?$AAi?$AA?$AA@ 10004c50     libucrt:lcidtoname_downlevel.obj
 0001:00003c5c       ??_C@_1M@MDGOPGDD@?$AAe?$AAs?$AA?9?$AAp?$AAa?$AA?$AA@ 10004c5c     libucrt:lcidtoname_downlevel.obj
 0001:00003c68       ??_C@_1M@EMAMGBGE@?$AAe?$AAs?$AA?9?$AAp?$AAe?$AA?$AA@ 10004c68     libucrt:lcidtoname_downlevel.obj
 0001:00003c74       ??_C@_1M@IBMCAOEC@?$AAe?$AAs?$AA?9?$AAp?$AAr?$AA?$AA@ 10004c74     libucrt:lcidtoname_downlevel.obj
 0001:00003c80       ??_C@_1M@FGMDIJED@?$AAe?$AAs?$AA?9?$AAp?$AAy?$AA?$AA@ 10004c80     libucrt:lcidtoname_downlevel.obj
 0001:00003c8c       ??_C@_1M@IIDEOLLL@?$AAe?$AAs?$AA?9?$AAs?$AAv?$AA?$AA@ 10004c8c     libucrt:lcidtoname_downlevel.obj
 0001:00003c98       ??_C@_1M@GAOBIPA@?$AAe?$AAs?$AA?9?$AAu?$AAy?$AA?$AA@ 10004c98     libucrt:lcidtoname_downlevel.obj
 0001:00003ca4       ??_C@_1M@JKFFICHJ@?$AAe?$AAs?$AA?9?$AAv?$AAe?$AA?$AA@ 10004ca4     libucrt:lcidtoname_downlevel.obj
 0001:00003cb0       ??_C@_1M@PNMLOJDF@?$AAe?$AAt?$AA?9?$AAe?$AAe?$AA?$AA@ 10004cb0     libucrt:lcidtoname_downlevel.obj
 0001:00003cbc       ??_C@_1M@GHHLIKEI@?$AAe?$AAu?$AA?9?$AAe?$AAs?$AA?$AA@ 10004cbc     libucrt:lcidtoname_downlevel.obj
 0001:00003cc8       ??_C@_1M@PBNONODE@?$AAf?$AAa?$AA?9?$AAi?$AAr?$AA?$AA@ 10004cc8     libucrt:lcidtoname_downlevel.obj
 0001:00003cd4       ??_C@_1M@JEEHPMIL@?$AAf?$AAi?$AA?9?$AAf?$AAi?$AA?$AA@ 10004cd4     libucrt:lcidtoname_downlevel.obj
 0001:00003ce0       ??_C@_1M@LMDCNDBA@?$AAf?$AAo?$AA?9?$AAf?$AAo?$AA?$AA@ 10004ce0     libucrt:lcidtoname_downlevel.obj
 0001:00003cec       ??_C@_1M@JKEOHLDK@?$AAf?$AAr?$AA?9?$AAb?$AAe?$AA?$AA@ 10004cec     libucrt:lcidtoname_downlevel.obj
 0001:00003cf8       ??_C@_1M@NOHADPMI@?$AAf?$AAr?$AA?9?$AAc?$AAa?$AA?$AA@ 10004cf8     libucrt:lcidtoname_downlevel.obj
 0001:00003d04       ??_C@_1M@KDHIHAEC@?$AAf?$AAr?$AA?9?$AAc?$AAh?$AA?$AA@ 10004d04     libucrt:lcidtoname_downlevel.obj
 0001:00003d10       ??_C@_1M@MMBBFGAK@?$AAf?$AAr?$AA?9?$AAf?$AAr?$AA?$AA@ 10004d10     libucrt:lcidtoname_downlevel.obj
 0001:00003d1c       ??_C@_1M@PAFNENNF@?$AAf?$AAr?$AA?9?$AAl?$AAu?$AA?$AA@ 10004d1c     libucrt:lcidtoname_downlevel.obj
 0001:00003d28       ??_C@_1M@EOHDJGDD@?$AAf?$AAr?$AA?9?$AAm?$AAc?$AA?$AA@ 10004d28     libucrt:lcidtoname_downlevel.obj
 0001:00003d34       ??_C@_1M@FAPLLOPF@?$AAg?$AAl?$AA?9?$AAe?$AAs?$AA?$AA@ 10004d34     libucrt:lcidtoname_downlevel.obj
 0001:00003d40       ??_C@_1M@FOPBFLOO@?$AAg?$AAu?$AA?9?$AAi?$AAn?$AA?$AA@ 10004d40     libucrt:lcidtoname_downlevel.obj
 0001:00003d4c       ??_C@_1M@KBMCINPM@?$AAh?$AAe?$AA?9?$AAi?$AAl?$AA?$AA@ 10004d4c     libucrt:lcidtoname_downlevel.obj
 0001:00003d58       ??_C@_1M@BBPHKFPJ@?$AAh?$AAi?$AA?9?$AAi?$AAn?$AA?$AA@ 10004d58     libucrt:lcidtoname_downlevel.obj
 0001:00003d64       ??_C@_1M@PMBNDPHD@?$AAh?$AAr?$AA?9?$AAb?$AAa?$AA?$AA@ 10004d64     libucrt:lcidtoname_downlevel.obj
 0001:00003d70       ??_C@_1M@BPCKOEGE@?$AAh?$AAr?$AA?9?$AAh?$AAr?$AA?$AA@ 10004d70     libucrt:lcidtoname_downlevel.obj
 0001:00003d7c       ??_C@_1M@GACBMHKE@?$AAh?$AAu?$AA?9?$AAh?$AAu?$AA?$AA@ 10004d7c     libucrt:lcidtoname_downlevel.obj
 0001:00003d88       ??_C@_1M@MILPAJJC@?$AAh?$AAy?$AA?9?$AAa?$AAm?$AA?$AA@ 10004d88     libucrt:lcidtoname_downlevel.obj
 0001:00003d94       ??_C@_1M@BABBICEC@?$AAi?$AAd?$AA?9?$AAi?$AAd?$AA?$AA@ 10004d94     libucrt:lcidtoname_downlevel.obj
 0001:00003da0       ??_C@_1M@BIKNHHPF@?$AAi?$AAs?$AA?9?$AAi?$AAs?$AA?$AA@ 10004da0     libucrt:lcidtoname_downlevel.obj
 0001:00003dac       ??_C@_1M@NMPCJPHE@?$AAi?$AAt?$AA?9?$AAc?$AAh?$AA?$AA@ 10004dac     libucrt:lcidtoname_downlevel.obj
 0001:00003db8       ??_C@_1M@GHKGFEDF@?$AAi?$AAt?$AA?9?$AAi?$AAt?$AA?$AA@ 10004db8     libucrt:lcidtoname_downlevel.obj
 0001:00003dc4       ??_C@_1M@NIEJCJJA@?$AAj?$AAa?$AA?9?$AAj?$AAp?$AA?$AA@ 10004dc4     libucrt:lcidtoname_downlevel.obj
 0001:00003dd0       ??_C@_1M@JILFNBIM@?$AAk?$AAa?$AA?9?$AAg?$AAe?$AA?$AA@ 10004dd0     libucrt:lcidtoname_downlevel.obj
 0001:00003ddc       ??_C@_1M@PACPMGPH@?$AAk?$AAk?$AA?9?$AAk?$AAz?$AA?$AA@ 10004ddc     libucrt:lcidtoname_downlevel.obj
 0001:00003de8       ??_C@_1M@IELFGMHA@?$AAk?$AAn?$AA?9?$AAi?$AAn?$AA?$AA@ 10004de8     libucrt:lcidtoname_downlevel.obj
 0001:00003df4       ??_C@_1O@IBBJHCH@?$AAk?$AAo?$AAk?$AA?9?$AAi?$AAn?$AA?$AA@ 10004df4     libucrt:lcidtoname_downlevel.obj
 0001:00003e04       ??_C@_1M@DMHAEOGC@?$AAk?$AAo?$AA?9?$AAk?$AAr?$AA?$AA@ 10004e04     libucrt:lcidtoname_downlevel.obj
 0001:00003e10       ??_C@_1M@HBAHBIGA@?$AAk?$AAy?$AA?9?$AAk?$AAg?$AA?$AA@ 10004e10     libucrt:lcidtoname_downlevel.obj
 0001:00003e1c       ??_C@_1M@KPMILCJG@?$AAl?$AAt?$AA?9?$AAl?$AAt?$AA?$AA@ 10004e1c     libucrt:lcidtoname_downlevel.obj
 0001:00003e28       ??_C@_1M@BDEKKCA@?$AAl?$AAv?$AA?9?$AAl?$AAv?$AA?$AA@ 10004e28     libucrt:lcidtoname_downlevel.obj
 0001:00003e34       ??_C@_1M@ELCKCCJJ@?$AAm?$AAi?$AA?9?$AAn?$AAz?$AA?$AA@ 10004e34     libucrt:lcidtoname_downlevel.obj
 0001:00003e40       ??_C@_1M@CBOOLAPA@?$AAm?$AAk?$AA?9?$AAm?$AAk?$AA?$AA@ 10004e40     libucrt:lcidtoname_downlevel.obj
 0001:00003e4c       ??_C@_1M@GPHNBJKN@?$AAm?$AAl?$AA?9?$AAi?$AAn?$AA?$AA@ 10004e4c     libucrt:lcidtoname_downlevel.obj
 0001:00003e58       ??_C@_1M@PABJILIG@?$AAm?$AAn?$AA?9?$AAm?$AAn?$AA?$AA@ 10004e58     libucrt:lcidtoname_downlevel.obj
 0001:00003e64       ??_C@_1M@FGBKKIPG@?$AAm?$AAr?$AA?9?$AAi?$AAn?$AA?$AA@ 10004e64     libucrt:lcidtoname_downlevel.obj
 0001:00003e70       ??_C@_1M@NDBPDDAL@?$AAm?$AAs?$AA?9?$AAb?$AAn?$AA?$AA@ 10004e70     libucrt:lcidtoname_downlevel.obj
 0001:00003e7c       ??_C@_1M@OPIHOOPI@?$AAm?$AAs?$AA?9?$AAm?$AAy?$AA?$AA@ 10004e7c     libucrt:lcidtoname_downlevel.obj
 0001:00003e88       ??_C@_1M@PPDBCNFM@?$AAm?$AAt?$AA?9?$AAm?$AAt?$AA?$AA@ 10004e88     libucrt:lcidtoname_downlevel.obj
 0001:00003e94       ??_C@_1M@KDJDKMDD@?$AAn?$AAb?$AA?9?$AAn?$AAo?$AA?$AA@ 10004e94     libucrt:lcidtoname_downlevel.obj
 0001:00003ea0       ??_C@_1M@KFCFLMJP@?$AAn?$AAl?$AA?9?$AAb?$AAe?$AA?$AA@ 10004ea0     libucrt:lcidtoname_downlevel.obj
 0001:00003eac       ??_C@_1M@KPOPDDGO@?$AAn?$AAl?$AA?9?$AAn?$AAl?$AA?$AA@ 10004eac     libucrt:lcidtoname_downlevel.obj
 0001:00003eb8       ??_C@_1M@LJKPEMLN@?$AAn?$AAn?$AA?9?$AAn?$AAo?$AA?$AA@ 10004eb8     libucrt:lcidtoname_downlevel.obj
 0001:00003ec4       ??_C@_1M@BDGHHBFL@?$AAn?$AAs?$AA?9?$AAz?$AAa?$AA?$AA@ 10004ec4     libucrt:lcidtoname_downlevel.obj
 0001:00003ed0       ??_C@_1M@IDEHOAP@?$AAp?$AAa?$AA?9?$AAi?$AAn?$AA?$AA@ 10004ed0     libucrt:lcidtoname_downlevel.obj
 0001:00003edc       ??_C@_1M@HDBKGOGH@?$AAp?$AAl?$AA?9?$AAp?$AAl?$AA?$AA@ 10004edc     libucrt:lcidtoname_downlevel.obj
 0001:00003ee8       ??_C@_1M@LJLLCMEH@?$AAp?$AAt?$AA?9?$AAb?$AAr?$AA?$AA@ 10004ee8     libucrt:lcidtoname_downlevel.obj
 0001:00003ef4       ??_C@_1M@NCMONAAL@?$AAp?$AAt?$AA?9?$AAp?$AAt?$AA?$AA@ 10004ef4     libucrt:lcidtoname_downlevel.obj
 0001:00003f00       ??_C@_1O@EAKMAJDN@?$AAq?$AAu?$AAz?$AA?9?$AAb?$AAo?$AA?$AA@ 10004f00     libucrt:lcidtoname_downlevel.obj
 0001:00003f10       ??_C@_1O@BHHPIGDN@?$AAq?$AAu?$AAz?$AA?9?$AAe?$AAc?$AA?$AA@ 10004f10     libucrt:lcidtoname_downlevel.obj
 0001:00003f20       ??_C@_1O@GBAPEKMJ@?$AAq?$AAu?$AAz?$AA?9?$AAp?$AAe?$AA?$AA@ 10004f20     libucrt:lcidtoname_downlevel.obj
 0001:00003f30       ??_C@_1M@CLGLEFBO@?$AAr?$AAo?$AA?9?$AAr?$AAo?$AA?$AA@ 10004f30     libucrt:lcidtoname_downlevel.obj
 0001:00003f3c       ??_C@_1M@CEEDODME@?$AAr?$AAu?$AA?9?$AAr?$AAu?$AA?$AA@ 10004f3c     libucrt:lcidtoname_downlevel.obj
 0001:00003f48       ??_C@_1M@HPKKKMPP@?$AAs?$AAa?$AA?9?$AAi?$AAn?$AA?$AA@ 10004f48     libucrt:lcidtoname_downlevel.obj
 0001:00003f54       ??_C@_1M@BKMAIGOJ@?$AAs?$AAe?$AA?9?$AAf?$AAi?$AA?$AA@ 10004f54     libucrt:lcidtoname_downlevel.obj
 0001:00003f60       ??_C@_1M@NDPIFLFI@?$AAs?$AAe?$AA?9?$AAn?$AAo?$AA?$AA@ 10004f60     libucrt:lcidtoname_downlevel.obj
 0001:00003f6c       ??_C@_1M@DANKKHJ@?$AAs?$AAe?$AA?9?$AAs?$AAe?$AA?$AA@ 10004f6c     libucrt:lcidtoname_downlevel.obj
 0001:00003f78       ??_C@_1M@PNBLONPJ@?$AAs?$AAk?$AA?9?$AAs?$AAk?$AA?$AA@ 10004f78     libucrt:lcidtoname_downlevel.obj
 0001:00003f84       ??_C@_1M@LFMODOAL@?$AAs?$AAl?$AA?9?$AAs?$AAi?$AA?$AA@ 10004f84     libucrt:lcidtoname_downlevel.obj
 0001:00003f90       ??_C@_1O@DFKOMPG@?$AAs?$AAm?$AAa?$AA?9?$AAn?$AAo?$AA?$AA@ 10004f90     libucrt:lcidtoname_downlevel.obj
 0001:00003fa0       ??_C@_1O@NDKPBNNH@?$AAs?$AAm?$AAa?$AA?9?$AAs?$AAe?$AA?$AA@ 10004fa0     libucrt:lcidtoname_downlevel.obj
 0001:00003fb0       ??_C@_1O@PLLKBHAB@?$AAs?$AAm?$AAj?$AA?9?$AAn?$AAo?$AA?$AA@ 10004fb0     libucrt:lcidtoname_downlevel.obj
 0001:00003fc0       ??_C@_1O@CLEPOGCA@?$AAs?$AAm?$AAj?$AA?9?$AAs?$AAe?$AA?$AA@ 10004fc0     libucrt:lcidtoname_downlevel.obj
 0001:00003fd0       ??_C@_1O@DLGJGKMK@?$AAs?$AAm?$AAn?$AA?9?$AAf?$AAi?$AA?$AA@ 10004fd0     libucrt:lcidtoname_downlevel.obj
 0001:00003fe0       ??_C@_1O@OJDJGAJC@?$AAs?$AAm?$AAs?$AA?9?$AAf?$AAi?$AA?$AA@ 10004fe0     libucrt:lcidtoname_downlevel.obj
 0001:00003ff0       ??_C@_1M@BOFOGHPB@?$AAs?$AAq?$AA?9?$AAa?$AAl?$AA?$AA@ 10004ff0     libucrt:lcidtoname_downlevel.obj
 0001:00003ffc       ??_C@_1BG@LJBBIPGB@?$AAs?$AAr?$AA?9?$AAb?$AAa?$AA?9?$AAc?$AAy?$AAr?$AAl?$AA?$AA@ 10004ffc     libucrt:lcidtoname_downlevel.obj
 0001:00004014       ??_C@_1BG@JLBENFOE@?$AAs?$AAr?$AA?9?$AAb?$AAa?$AA?9?$AAl?$AAa?$AAt?$AAn?$AA?$AA@ 10005014     libucrt:lcidtoname_downlevel.obj
 0001:0000402c       ??_C@_1BG@KODPNHE@?$AAs?$AAr?$AA?9?$AAs?$AAp?$AA?9?$AAc?$AAy?$AAr?$AAl?$AA?$AA@ 1000502c     libucrt:lcidtoname_downlevel.obj
 0001:00004044       ??_C@_1BG@CIOGKHPB@?$AAs?$AAr?$AA?9?$AAs?$AAp?$AA?9?$AAl?$AAa?$AAt?$AAn?$AA?$AA@ 10005044     libucrt:lcidtoname_downlevel.obj
 0001:0000405c       ??_C@_1M@NGFJLMAC@?$AAs?$AAv?$AA?9?$AAf?$AAi?$AA?$AA@ 1000505c     libucrt:lcidtoname_downlevel.obj
 0001:00004068       ??_C@_1M@MPJEJAJC@?$AAs?$AAv?$AA?9?$AAs?$AAe?$AA?$AA@ 10005068     libucrt:lcidtoname_downlevel.obj
 0001:00004074       ??_C@_1M@MPNDHLFK@?$AAs?$AAw?$AA?9?$AAk?$AAe?$AA?$AA@ 10005074     libucrt:lcidtoname_downlevel.obj
 0001:00004080       ??_C@_1O@KOHBJJI@?$AAs?$AAy?$AAr?$AA?9?$AAs?$AAy?$AA?$AA@ 10005080     libucrt:lcidtoname_downlevel.obj
 0001:00004090       ??_C@_1M@LDCEFHA@?$AAt?$AAa?$AA?9?$AAi?$AAn?$AA?$AA@ 10005090     libucrt:lcidtoname_downlevel.obj
 0001:0000409c       ??_C@_1M@CNJOFAK@?$AAt?$AAe?$AA?9?$AAi?$AAn?$AA?$AA@ 1000509c     libucrt:lcidtoname_downlevel.obj
 0001:000040a8       ??_C@_1M@GNAECACD@?$AAt?$AAh?$AA?9?$AAt?$AAh?$AA?$AA@ 100050a8     libucrt:lcidtoname_downlevel.obj
 0001:000040b4       ??_C@_1M@CHBIHOJO@?$AAt?$AAn?$AA?9?$AAz?$AAa?$AA?$AA@ 100050b4     libucrt:lcidtoname_downlevel.obj
 0001:000040c0       ??_C@_1M@GCCMIGPJ@?$AAt?$AAr?$AA?9?$AAt?$AAr?$AA?$AA@ 100050c0     libucrt:lcidtoname_downlevel.obj
 0001:000040cc       ??_C@_1M@CELMCNBK@?$AAt?$AAt?$AA?9?$AAr?$AAu?$AA?$AA@ 100050cc     libucrt:lcidtoname_downlevel.obj
 0001:000040d8       ??_C@_1M@KLMCELGA@?$AAu?$AAk?$AA?9?$AAu?$AAa?$AA?$AA@ 100050d8     libucrt:lcidtoname_downlevel.obj
 0001:000040e4       ??_C@_1M@EPAJJAJF@?$AAu?$AAr?$AA?9?$AAp?$AAk?$AA?$AA@ 100050e4     libucrt:lcidtoname_downlevel.obj
 0001:000040f0       ??_C@_1BG@GEGPMCDJ@?$AAu?$AAz?$AA?9?$AAu?$AAz?$AA?9?$AAc?$AAy?$AAr?$AAl?$AA?$AA@ 100050f0     libucrt:lcidtoname_downlevel.obj
 0001:00004108       ??_C@_1BG@EGGKJILM@?$AAu?$AAz?$AA?9?$AAu?$AAz?$AA?9?$AAl?$AAa?$AAt?$AAn?$AA?$AA@ 10005108     libucrt:lcidtoname_downlevel.obj
 0001:00004120       ??_C@_1M@GFOCLFF@?$AAv?$AAi?$AA?9?$AAv?$AAn?$AA?$AA@ 10005120     libucrt:lcidtoname_downlevel.obj
 0001:0000412c       ??_C@_1M@CPAMEDFI@?$AAx?$AAh?$AA?9?$AAz?$AAa?$AA?$AA@ 1000512c     libucrt:lcidtoname_downlevel.obj
 0001:00004138       ??_C@_1O@EBKIFIGN@?$AAz?$AAh?$AA?9?$AAc?$AAh?$AAs?$AA?$AA@ 10005138     libucrt:lcidtoname_downlevel.obj
 0001:00004148       ??_C@_1O@NMHPGANE@?$AAz?$AAh?$AA?9?$AAc?$AAh?$AAt?$AA?$AA@ 10005148     libucrt:lcidtoname_downlevel.obj
[...]
 0001:0000d3ac       ?common_flush_all_should_try_to_flush_stream@@YA_NV__crt_stdio_stream@@QAH@Z 1000e3ac f   libucrt:fflush.obj
 0001:0000d3de       ?is_stream_flushable_or_commitable@@YA_NJ@Z 1000e3de f   libucrt:fflush.obj
 0001:0000dc65       ?free_crt_array_internal@@YAXQAPBXI@Z 1000ec65 f   libucrt:inittime.obj
 0001:0000deb0       ?swap@@YAXPAD0I@Z          1000eeb0 f   libucrt:qsort.obj
 0001:0000e334       ??$common_tcsncpy_s@D@@YAHQADIQBDI@Z 1000f334 f   libucrt:strncpy_s.obj
 0001:0000e3f0       $$000000                   1000f3f0     libucrt:strpbrk.obj
 0001:0000e4be       ?initialize_multibyte@@YAHXZ 1000f4be f   libucrt:multibyte_initializer.obj
 0001:0000e4cd       ?__acrt_LCMapStringA_stat@@YAHPAU__crt_locale_pointers@@PB_WKPBDHPADHHH@Z 1000f4cd f   libucrt:lcmapstringa.obj
 0001:0000e7a5       ?GetTableIndexFromLocaleName@@YAHPB_W@Z 1000f7a5 f   libucrt:lcidtoname_downlevel.obj
 0001:0000eb09       ??$?RV<lambda_9e9de3de5fa147e2223d7db92bc10aa6>@@AAV<lambda_38ce7e780aa69e748d6df282ebc68efe>@@V<lambda_8ca6da459f0f6780f1cff60fdc3d00e5>@@@?$__crt_seh_guarded_call@H@@QAEH$$QAV<lambda_9e9de3de5fa147e2223d7db92bc10aa6>@@AAV<lambda_38ce7e780aa69e748d6df282ebc68efe>@@$$QAV<lambda_8ca6da459f0f6780f1cff60fdc3d00e5>@@@Z 1000fb09 f   libucrt:commit.obj
 0001:0000ec20       ?write_double_translated_ansi_nolock@@YA?AUwrite_result@?A0x17268360@@HQBDI@Z 1000fc20 f   libucrt:write.obj
 0001:0000ede4       ?write_double_translated_unicode_nolock@@YA?AUwrite_result@?A0x17268360@@QBDI@Z 1000fde4 f   libucrt:write.obj
 0001:0000ee51       ?write_requires_double_translation_nolock@@YA_NH@Z 1000fe51 f   libucrt:write.obj
 0001:0000eec7       ?write_text_ansi_nolock@@YA?AUwrite_result@?A0x17268360@@HQBDI@Z 1000fec7 f   libucrt:write.obj
 0001:0000efa6       ?write_text_utf16le_nolock@@YA?AUwrite_result@?A0x17268360@@HQBDI@Z 1000ffa6 f   libucrt:write.obj
 0001:0000f094       ?write_text_utf8_nolock@@YA?AUwrite_result@?A0x17268360@@HQBDI@Z 10010094 f   libucrt:write.obj
 0001:0000f630       ??$common_lseek_nolock@_J@@YA_JH_JH@Z 10010630 f   libucrt:lseek.obj
 0001:0000f7f0       $$000000                   100107f0     libucrt:log10_impl.obj
 0001:0000f900       $$000000                   10010900     libucrt:ceil_pentium4.obj
 0001:0000fa20       $$000000                   10010a20     libucrt:_strnicm.obj
 0001:0000fa81       ?__dcrt_lowio_initialize_console_output@@YAXXZ 10010a81 f   libucrt:initcon.obj
 0001:0000fb2b       ??$?RV<lambda_218ce3db14220d0be481dae8ef3383b6>@@AAV<lambda_628dfdc04ba53c8bfc02c9951375f3f5>@@V<lambda_57dc472bd5c9d5f3b2cbca59b8a843ae>@@@?$__crt_seh_guarded_call@H@@QAEH$$QAV<lambda_218ce3db14220d0be481dae8ef3383b6>@@AAV<lambda_628dfdc04ba53c8bfc02c9951375f3f5>@@$$QAV<lambda_57dc472bd5c9d5f3b2cbca59b8a843ae>@@@Z 10010b2b f   libucrt:close.obj
 0001:0000fd30       $$000000                   10010d30     libucrt:log10_pentium4.obj
 0001:0000ffc0       $$000000                   10010fc0     libucrt:87tran.obj
 0001:000101c0       $$000000                   100111c0     libucrt:87disp.obj
 0001:000103c0       $$000000                   100113c0     libucrt:common.obj
 0001:00010550       $$000000                   10011550     libucrt:genexcep.obj
 0001:00011610       $$000000                   10012610     LIBCMT:ulldvrm.obj
 0001:000116b0       $$000000                   100126b0     LIBCMT:_sehprolg4gs_.obj
 0001:00011710       $$000000                   10012710     LIBCMT:llmul.obj
 0001:00011750       $$000000                   10012750     LIBCMT:lldvrm.obj
 0001:00011830       $$000000                   10012830     LIBCMT:ullshr.obj
 0001:00011850       $$000000                   10012850     LIBCMT:alloca16.obj
 0001:00011880       $$000000                   10012880     LIBCMT:llshl.obj
 0001:000118a0       $$000000                   100128a0     LIBCMT:_ftol2_.obj
 0001:00011960       $$000000                   10012960     libvcruntime:strchr.obj
 0001:00011a90       $$000000                   10012a90     libvcruntime:strrchr.obj
 0001:00011bd0       ??__FDeleter@?1??InitializeSListHead@implementation@slist@@YGXPAT_SLIST_HEADER@@@Z@YAXXZ 10012bd0 f   vc_crt_fix_impl.obj
 0001:00011c10       __sehtable$___scrt_is_nonwritable_in_current_image 10012c10     LIBCMT:utility.obj
 0001:00011c30       __sehtable$?dllmain_crt_process_attach@@YAHQAUHINSTANCE__@@QAX@Z 10012c30     LIBCMT:dll_dllmain.obj
 0001:00011c50       __sehtable$?dllmain_crt_process_detach@@YAH_N@Z 10012c50     LIBCMT:dll_dllmain.obj
 0001:00011c70       __sehtable$?dllmain_dispatch@@YAHQAUHINSTANCE__@@KQAX@Z 10012c70     LIBCMT:dll_dllmain.obj
 0001:00011d20       __sehtable$___DestructExceptionObject 10012d20     libvcruntime:ehhelpers.obj
 0001:00011d40       __sehtable$__query_new_handler 10012d40     libucrt:new_handler.obj
 0001:00011d60       __sehtable$??R<lambda_6e4b09c48022b2350581041d5f6b0c4c>@@QBE@XZ 10012d60     libucrt:exit.obj
 0001:00011d80       __sehtable$??$?RV<lambda_03b1d95aef87969028cfba75ccab2455>@@AAV<lambda_6e4b09c48022b2350581041d5f6b0c4c>@@V<lambda_22bdf7517842c4b3e53723af5aa32b9e>@@@?$__crt_seh_guarded_call@X@@QAEX$$QAV<lambda_03b1d95aef87969028cfba75ccab2455>@@AAV<lambda_6e4b09c48022b2350581041d5f6b0c4c>@@$$QAV<lambda_22bdf7517842c4b3e53723af5aa32b9e>@@@Z 10012d80     libucrt:exit.obj
 0001:00011da0       __sehtable$??$?RV<lambda_7ac4055421038abea736e08bd20712a4>@@AAV<lambda_a10e4b102d4a2c3aac6f4f48bbdf488f>@@V<lambda_1da61822885009acd1bf848af4f9644b>@@@?$__crt_seh_guarded_call@H@@QAEH$$QAV<lambda_7ac4055421038abea736e08bd20712a4>@@AAV<lambda_a10e4b102d4a2c3aac6f4f48bbdf488f>@@$$QAV<lambda_1da61822885009acd1bf848af4f9644b>@@@Z 10012da0     libucrt:onexit.obj
 0001:00011dc0       __sehtable$??$?RV<lambda_69a2805e680e0e292e8ba93315fe43a8>@@AAV<lambda_f03950bc5685219e0bcd2087efbe011e>@@V<lambda_03fcd07e894ec930e3f35da366ca99d6>@@@?$__crt_seh_guarded_call@H@@QAEH$$QAV<lambda_69a2805e680e0e292e8ba93315fe43a8>@@AAV<lambda_f03950bc5685219e0bcd2087efbe011e>@@$$QAV<lambda_03fcd07e894ec930e3f35da366ca99d6>@@@Z 10012dc0     libucrt:onexit.obj
 0001:00011de0       __sehtable$_terminate      10012de0     libucrt:terminate.obj
 0001:00011e00       __sehtable$??$?RV<lambda_15ade71b0218206bbe3333a0c9b79046>@@AAV<lambda_da44e0f8b0f19ba52fefafb335991732>@@V<lambda_207f2d024fc103971653565357d6cd41>@@@?$__crt_seh_guarded_call@X@@QAEX$$QAV<lambda_15ade71b0218206bbe3333a0c9b79046>@@AAV<lambda_da44e0f8b0f19ba52fefafb335991732>@@$$QAV<lambda_207f2d024fc103971653565357d6cd41>@@@Z 10012e00     libucrt:per_thread_data.obj
 0001:00011e20       __sehtable$??$?RV<lambda_a7e850c220f1c8d1e6efeecdedd162c6>@@AAV<lambda_46720907175c18b6c9d2717bc0d2d362>@@V<lambda_9048902d66e8d99359bc9897bbb930a8>@@@?$__crt_seh_guarded_call@X@@QAEX$$QAV<lambda_a7e850c220f1c8d1e6efeecdedd162c6>@@AAV<lambda_46720907175c18b6c9d2717bc0d2d362>@@$$QAV<lambda_9048902d66e8d99359bc9897bbb930a8>@@@Z 10012e20     libucrt:per_thread_data.obj
 0001:00011e40       __sehtable$??$?RV<lambda_38edbb1296d33220d7e4dd0ed76b244a>@@AAV<lambda_5ce1d447e08cb34b2473517608e21441>@@V<lambda_fb385d3da700c9147fc39e65dd577a8c>@@@?$__crt_seh_guarded_call@X@@QAEX$$QAV<lambda_38edbb1296d33220d7e4dd0ed76b244a>@@AAV<lambda_5ce1d447e08cb34b2473517608e21441>@@$$QAV<lambda_fb385d3da700c9147fc39e65dd577a8c>@@@Z 10012e40     libucrt:per_thread_data.obj
 0001:00011e60       __sehtable$??$?RV<lambda_6affb1475c98b40b75cdec977db92e3c>@@AAV<lambda_b8d4b9c228a6ecc3f80208dbb4b4a104>@@V<lambda_608742c3c92a14382c1684fc64f96c88>@@@?$__crt_seh_guarded_call@X@@QAEX$$QAV<lambda_6affb1475c98b40b75cdec977db92e3c>@@AAV<lambda_b8d4b9c228a6ecc3f80208dbb4b4a104>@@$$QAV<lambda_608742c3c92a14382c1684fc64f96c88>@@@Z 10012e60     libucrt:per_thread_data.obj
 0001:00011e80       __sehtable$??$?RV<lambda_e5124f882df8998aaf41531e079ba474>@@AAV<lambda_3e16ef9562a7dcce91392c22ab16ea36>@@V<lambda_e25ca0880e6ef98be67edffd8c599615>@@@?$__crt_seh_guarded_call@X@@QAEX$$QAV<lambda_e5124f882df8998aaf41531e079ba474>@@AAV<lambda_3e16ef9562a7dcce91392c22ab16ea36>@@$$QAV<lambda_e25ca0880e6ef98be67edffd8c599615>@@@Z 10012e80     libucrt:wsetlocale.obj
 0001:00011ea0       __sehtable$?update_thread_multibyte_data_internal@@YAPAU__crt_multibyte_data@@QAU__acrt_ptd@@QAPAU1@@Z 10012ea0     libucrt:mbctype.obj
 0001:00011ec0       __sehtable$??$?RV<lambda_ceb1ee4838e85a9d631eb091e2fbe199>@@AAV<lambda_ae742caa10f662c28703da3d2ea5e57e>@@V<lambda_cd08b5d6af4937fe54fc07d0c9bf6b37>@@@?$__crt_seh_guarded_call@X@@QAEX$$QAV<lambda_ceb1ee4838e85a9d631eb091e2fbe199>@@AAV<lambda_ae742caa10f662c28703da3d2ea5e57e>@@$$QAV<lambda_cd08b5d6af4937fe54fc07d0c9bf6b37>@@@Z 10012ec0     libucrt:mbctype.obj
 0001:00011ee0       __sehtable$___acrt_initialize_lowio 10012ee0     libucrt:ioinit.obj
 0001:00011f00       __sehtable$_raise          10012f00     libucrt:signal.obj
 0001:00011f20       __sehtable$??$?RV<lambda_cbab9ec6f41b0180b23cc171c22676b0>@@AAV<lambda_44731a7d0e6d81c3e6aa82d741081786>@@V<lambda_4b292cb8dd18144e164572427af410ab>@@@?$__crt_seh_guarded_call@P6AXH@Z@@QAEP6AXH@Z$$QAV<lambda_cbab9ec6f41b0180b23cc171c22676b0>@@AAV<lambda_44731a7d0e6d81c3e6aa82d741081786>@@$$QAV<lambda_4b292cb8dd18144e164572427af410ab>@@@Z 10012f20     libucrt:signal.obj
 0001:00011f40       __sehtable$??$?RV<lambda_2866be3712abc81a800a822484c830d8>@@AAV<lambda_39ca0ed439415581b5b15c265174cece>@@V<lambda_2b24c74d71094a6cd0cb82e44167d71b>@@@?$__crt_seh_guarded_call@X@@QAEX$$QAV<lambda_2866be3712abc81a800a822484c830d8>@@AAV<lambda_39ca0ed439415581b5b15c265174cece>@@$$QAV<lambda_2b24c74d71094a6cd0cb82e44167d71b>@@@Z 10012f40     libucrt:fflush.obj
 0001:00011f60       __sehtable$??$?RV<lambda_2cc53f568c5a2bb6f192f930a45d44ea>@@AAV<lambda_ab61a845afdef5b7c387490eaf3616ee>@@V<lambda_c2ffc0b7726aa6be21d5f0026187e748>@@@?$__crt_seh_guarded_call@X@@QAEX$$QAV<lambda_2cc53f568c5a2bb6f192f930a45d44ea>@@AAV<lambda_ab61a845afdef5b7c387490eaf3616ee>@@$$QAV<lambda_c2ffc0b7726aa6be21d5f0026187e748>@@@Z 10012f60     libucrt:fflush.obj
 0001:00011f80       __sehtable$___acrt_update_thread_locale_data 10012f80     libucrt:locale_refcounting.obj
 0001:00011fa0       __sehtable$___acrt_lowio_ensure_fh_exists 10012fa0     libucrt:osfinfo.obj
 0001:00011fc0       __sehtable$??$?RV<lambda_9e9de3de5fa147e2223d7db92bc10aa6>@@AAV<lambda_38ce7e780aa69e748d6df282ebc68efe>@@V<lambda_8ca6da459f0f6780f1cff60fdc3d00e5>@@@?$__crt_seh_guarded_call@H@@QAEH$$QAV<lambda_9e9de3de5fa147e2223d7db92bc10aa6>@@AAV<lambda_38ce7e780aa69e748d6df282ebc68efe>@@$$QAV<lambda_8ca6da459f0f6780f1cff60fdc3d00e5>@@@Z 10012fc0     libucrt:commit.obj
 0001:00011fe0       __sehtable$__write         10012fe0     libucrt:write.obj
 0001:00012000       __sehtable$__fcloseall     10013000     libucrt:closeall.obj
 0001:00012020       __sehtable$_fclose         10013020     libucrt:fclose.obj
 0001:00012040       __sehtable$??$?RV<lambda_218ce3db14220d0be481dae8ef3383b6>@@AAV<lambda_628dfdc04ba53c8bfc02c9951375f3f5>@@V<lambda_57dc472bd5c9d5f3b2cbca59b8a843ae>@@@?$__crt_seh_guarded_call@H@@QAEH$$QAV<lambda_218ce3db14220d0be481dae8ef3383b6>@@AAV<lambda_628dfdc04ba53c8bfc02c9951375f3f5>@@$$QAV<lambda_57dc472bd5c9d5f3b2cbca59b8a843ae>@@@Z 10013040     libucrt:close.obj
 0001:00012060       __sehtable$__IsNonwritableInCurrentImage 10013060     LIBCMT:pesect.obj
 0001:00012080       .edata                     10013080     AutoWrap.exp
 0001:000120a8       rgpv                       100130a8     AutoWrap.exp
 0001:000120bc       rgszName                   100130bc     AutoWrap.exp
 0001:000120d0       rgwOrd                     100130d0     AutoWrap.exp
 0001:000120da       szName                     100130da     AutoWrap.exp
 0001:000120e7       $N00001                    100130e7     AutoWrap.exp
 0001:000120f6       $N00002                    100130f6     AutoWrap.exp
 0001:00012105       $N00003                    10013105     AutoWrap.exp
 0001:0001210b       $N00004                    1001310b     AutoWrap.exp
 0001:0001211f       $N00005                    1001311f     AutoWrap.exp
 0002:00000020       ?__vcrt_flsindex@@3KA      10014020     libvcruntime:per_thread_data.obj
 0002:00000050       ?__acrt_flsindex@@3KA      10014050     libucrt:per_thread_data.obj
 0002:0000011c       ?errno_no_memory@@3HA      1001411c     libucrt:errno.obj
 0002:00000120       ?doserrno_no_memory@@3KA   10014120     libucrt:errno.obj
 0002:00000128       __mbctypes                 10014128     libucrt:mbctype.obj
 0002:00000230       __mbcasemaps               10014230     libucrt:mbctype.obj
 0002:00000330       ?__rgctypeflag@@3PADA      10014330     libucrt:mbctype.obj
 0002:00000338       ?__rgcode_page_info@@3PAUcode_page_info@@A 10014338     libucrt:mbctype.obj
 0002:00000750       ?__dcrt_lowio_console_output_handle@@3PAXA 10014750     libucrt:initcon.obj
 0002:00000ff0       ?Info@@3UPluginStartupInfo@@A 10014ff0     AutoWrap.obj
 0002:00001078       ?FSF@@3UFarStandardFunctions@@A 10015078     AutoWrap.obj
 0002:0000113c       ?PluginMenuStrings@?1??GetPluginInfoW@@9@4@4PAPB_WA 1001513c     AutoWrap.obj
 0002:00001140       ?Reenter@?1??ProcessEditorInputW@@9@4@4HA 10015140     AutoWrap.obj
 0002:00001148       ?Cookie@?1??XorPointer@@YAPAXPAX@Z@4IB 10015148     vc_crt_fix_impl.obj
 0002:0000114c       ?$S1@?1??XorPointer@@YAPAXPAX@Z@4IA 1001514c     vc_crt_fix_impl.obj
 0002:00001150       ?Function@?1??EncodePointerWrapper@@9@4@4Q6GPAXPAX@ZA 10015150     vc_crt_fix_impl.obj
 0002:00001154       ?$S2@?1??EncodePointerWrapper@@9@4@4IA 10015154     vc_crt_fix_impl.obj
 0002:00001158       ?Function@?1??DecodePointerWrapper@@9@4@4Q6GPAXPAX@ZA 10015158     vc_crt_fix_impl.obj
 0002:0000115c       ?$S3@?1??DecodePointerWrapper@@9@4@4IA 1001515c     vc_crt_fix_impl.obj
 0002:00001160       ?Function@?1??GetModuleHandleExWWrapper@@9@12@4Q6GHKPB_WPAPAUHINSTANCE__@@@ZA 10015160     vc_crt_fix_impl.obj
 0002:00001164       ?$S4@?1??GetModuleHandleExWWrapper@@9@12@4IA 10015164     vc_crt_fix_impl.obj
 0002:00001168       ?Deleter@?1??InitializeSListHead@implementation@slist@@YGXPAT_SLIST_HEADER@@@Z@4Vservice_deleter@23@A 10015168     vc_crt_fix_impl.obj
 0002:00001188       ?$S5@?1??InitializeSListHead@implementation@slist@@YGXPAT_SLIST_HEADER@@@Z@4IA 10015188     vc_crt_fix_impl.obj
 0002:0000118c       ?Function@?1??InitializeSListHeadWrapper@@9@4@4Q6GXPAT_SLIST_HEADER@@@ZA 1001518c     vc_crt_fix_impl.obj
 0002:00001190       ?$S6@?1??InitializeSListHeadWrapper@@9@4@4IA 10015190     vc_crt_fix_impl.obj
 0002:00001194       ?Function@?1??InterlockedFlushSListWrapper@@9@4@4Q6GPAU_SINGLE_LIST_ENTRY@@PAT_SLIST_HEADER@@@ZA 10015194     vc_crt_fix_impl.obj
 0002:00001198       ?$S7@?1??InterlockedFlushSListWrapper@@9@4@4IA 10015198     vc_crt_fix_impl.obj
 0002:0000119c       ?Function@?1??InterlockedPopEntrySListWrapper@@9@4@4Q6GPAU_SINGLE_LIST_ENTRY@@PAT_SLIST_HEADER@@@ZA 1001519c     vc_crt_fix_impl.obj
 0002:000011a0       ?$S8@?1??InterlockedPopEntrySListWrapper@@9@4@4IA 100151a0     vc_crt_fix_impl.obj
 0002:000011a4       ?Function@?1??InterlockedPushEntrySListWrapper@@9@8@4Q6GPAU_SINGLE_LIST_ENTRY@@PAT_SLIST_HEADER@@PAU2@@ZA 100151a4     vc_crt_fix_impl.obj
 0002:000011a8       ?$S9@?1??InterlockedPushEntrySListWrapper@@9@8@4IA 100151a8     vc_crt_fix_impl.obj
 0002:000011ac       ?Function@?1??InterlockedPushListSListExWrapper@@9@16@4Q6GPAU_SINGLE_LIST_ENTRY@@PAT_SLIST_HEADER@@PAU2@1K@ZA 100151ac     vc_crt_fix_impl.obj
 0002:000011b0       ?$S10@?1??InterlockedPushListSListExWrapper@@9@16@4IA 100151b0     vc_crt_fix_impl.obj
 0002:000011b4       ?Function@?1??RtlFirstEntrySListWrapper@@9@4@4Q6GPAU_SINGLE_LIST_ENTRY@@PAT_SLIST_HEADER@@@ZA 100151b4     vc_crt_fix_impl.obj
 0002:000011b8       ?$S11@?1??RtlFirstEntrySListWrapper@@9@4@4IA 100151b8     vc_crt_fix_impl.obj
 0002:000011bc       ?Function@?1??QueryDepthSListWrapper@@9@4@4Q6GGPAT_SLIST_HEADER@@@ZA 100151bc     vc_crt_fix_impl.obj
 0002:000011c0       ?$S12@?1??QueryDepthSListWrapper@@9@4@4IA 100151c0     vc_crt_fix_impl.obj
 0002:000011c4       ?Function@?1??GetNumaHighestNodeNumberWrapper@@9@4@4Q6GHPAK@ZA 100151c4     vc_crt_fix_impl.obj
 0002:000011c8       ?$S13@?1??GetNumaHighestNodeNumberWrapper@@9@4@4IA 100151c8     vc_crt_fix_impl.obj
 0002:000011cc       ?Function@?1??GetLogicalProcessorInformationWrapper@@9@8@4Q6GHPAU_SYSTEM_LOGICAL_PROCESSOR_INFORMATION@@PAK@ZA 100151cc     vc_crt_fix_impl.obj
 0002:000011d0       ?$S14@?1??GetLogicalProcessorInformationWrapper@@9@8@4IA 100151d0     vc_crt_fix_impl.obj
 0002:000011d4       ?module_local_atexit_table@@3U_onexit_table_t@@A 100151d4     LIBCMT:utility.obj
 0002:000011e0       ?module_local_at_quick_exit_table@@3U_onexit_table_t@@A 100151e0     LIBCMT:utility.obj
 0002:000011ec       ?module_local_atexit_table_initialized@@3_NA 100151ec     LIBCMT:utility.obj
 0002:000011f8       ?is_initialized_as_dll@@3_NA 100151f8     LIBCMT:utility.obj
 0002:000011fc       ?__proc_attached@@3HA      100151fc     LIBCMT:dll_dllmain.obj
 0002:00001228       _GS_ExceptionRecord        10015228     LIBCMT:gs_report.obj
 0002:00001278       _GS_ContextRecord          10015278     LIBCMT:gs_report.obj
 0002:00001544       ?__vcrt_startup_thread_ptd@@3U__vcrt_ptd@@A 10015544     libvcruntime:per_thread_data.obj
 0002:0000156c       ___vcrt_lock_table         1001556c     libvcruntime:locks.obj
 0002:00001584       ___vcrt_locks_initialized  10015584     libvcruntime:locks.obj
 0002:00001588       ?module_handles@@3PAPAUHINSTANCE__@@A 10015588     libvcruntime:winapi_downlevel.obj
 0002:00001594       ?encoded_function_pointers@@3PAPAXA 10015594     libvcruntime:winapi_downlevel.obj
 0002:000015d4       ?heap@@3V_HeapManager@@A   100155d4     libvcruntime:undname.obj
 0002:000015ec       ?__acrt_new_handler@@3V?$dual_state_global@P6AHI@Z@__crt_state_management@@A 100155ec     libucrt:new_handler.obj
 0002:000015f0       ?c_termination_complete@@3JA 100155f0     libucrt:exit.obj
 0002:000015f4       ?thread_local_exit_callback_func@@3P6GXPAXK0@ZA 100155f4     libucrt:exit.obj
 0002:00001600       ?program_name@?1???$common_configure_argv@D@@YAHW4_crt_argv_mode@@@Z@4PADA 10015600     libucrt:argv_parsing.obj
 0002:00001738       ?__acrt_lock_table@@3PAU_RTL_CRITICAL_SECTION@@A 10015738     libucrt:locks.obj
 0002:00001888       ?__acrt_locks_initialized@@3IA 10015888     libucrt:locks.obj
 0002:0000188c       ?__acrt_invalid_parameter_handler@@3V?$dual_state_global@P6AXPB_W00II@Z@__crt_state_management@@A 1001588c     libucrt:invalid_parameter.obj
 0002:0000189c       ?fSystemSet@@3HA           1001589c     libucrt:mbctype.obj
 0002:000018a0       ?initialized@?1??__acrt_initialize_multibyte@@9@4_NA 100158a0     libucrt:mbctype.obj
 0002:000018c0       ?module_handles@@3PAPAUHINSTANCE__@@A 100158c0     libucrt:winapi_thunks.obj
 0002:00001910       ?encoded_function_pointers@@3PAPAXA 10015910     libucrt:winapi_thunks.obj
 0002:00001ba4       ?ctrlc_action@@3V?$dual_state_global@P6AXH@Z@__crt_state_management@@A 10015ba4     libucrt:signal.obj
 0002:00001ba8       ?ctrlbreak_action@@3V?$dual_state_global@P6AXH@Z@__crt_state_management@@A 10015ba8     libucrt:signal.obj
 0002:00001bac       ?abort_action@@3V?$dual_state_global@P6AXH@Z@__crt_state_management@@A 10015bac     libucrt:signal.obj
 0002:00001bb0       ?term_action@@3V?$dual_state_global@P6AXH@Z@__crt_state_management@@A 10015bb0     libucrt:signal.obj
 0002:00001bb4       ?user_matherr@@3V?$dual_state_global@P6AHPAU_exception@@@Z@__crt_state_management@@A 10015bb4     libucrt:matherr.obj
 0002:00001bd0       ?__acrt_global_new_mode@@3V?$dual_state_global@J@__crt_state_management@@A 10015bd0     libucrt:new_mode.obj
 0002:00001bd4       ?__acrt_app_type@@3W4_crt_app_type@@A 10015bd4     libucrt:report_runtime_error.obj
 0002:00001bdc       __pmatherr_set             10015bdc     libucrt:libm_error.obj
 0003:00000362       .idata$6                   10016362     kernel32:KERNEL32.dll
 0004:00000060       $R000000                   10017060     AutoWrap.res
